
Discarded input sections

 .reginfo       0x00000000       0x18 build/recon/game/common/minfront.cpp.o
 .MIPS.abiflags
                0x00000000       0x18 build/recon/game/common/minfront.cpp.o
 .pdr           0x00000000       0x20 build/recon/game/common/minfront.cpp.o
 .gnu.attributes
                0x00000000       0x10 build/recon/game/common/minfront.cpp.o
 .reginfo       0x00000000       0x18 build/recon/game/psx/fe3dmenu.cpp.o
 .MIPS.abiflags
                0x00000000       0x18 build/recon/game/psx/fe3dmenu.cpp.o
 .pdr           0x00000000       0x60 build/recon/game/psx/fe3dmenu.cpp.o
 .gnu.attributes
                0x00000000       0x10 build/recon/game/psx/fe3dmenu.cpp.o
 .reginfo       0x00000000       0x18 build/recon/frontend/common/feapp.cpp.o
 .MIPS.abiflags
                0x00000000       0x18 build/recon/frontend/common/feapp.cpp.o
 .pdr           0x00000000      0x1e0 build/recon/frontend/common/feapp.cpp.o
 .gnu.attributes
                0x00000000       0x10 build/recon/frontend/common/feapp.cpp.o
 .reginfo       0x00000000       0x18 build/recon/frontend/common/feaudio.cpp.o
 .MIPS.abiflags
                0x00000000       0x18 build/recon/frontend/common/feaudio.cpp.o
 .pdr           0x00000000      0x140 build/recon/frontend/common/feaudio.cpp.o
 .gnu.attributes
                0x00000000       0x10 build/recon/frontend/common/feaudio.cpp.o
 .reginfo       0x00000000       0x18 build/recon/frontend/common/fedialog.cpp.o
 .MIPS.abiflags
                0x00000000       0x18 build/recon/frontend/common/fedialog.cpp.o
 .pdr           0x00000000      0x420 build/recon/frontend/common/fedialog.cpp.o
 .gnu.attributes
                0x00000000       0x10 build/recon/frontend/common/fedialog.cpp.o
 .reginfo       0x00000000       0x18 build/recon/frontend/common/femenuextended.cpp.o
 .MIPS.abiflags
                0x00000000       0x18 build/recon/frontend/common/femenuextended.cpp.o
 .pdr           0x00000000      0x720 build/recon/frontend/common/femenuextended.cpp.o
 .gnu.attributes
                0x00000000       0x10 build/recon/frontend/common/femenuextended.cpp.o
 .reginfo       0x00000000       0x18 build/recon/frontend/common/femenuoptions.cpp.o
 .MIPS.abiflags
                0x00000000       0x18 build/recon/frontend/common/femenuoptions.cpp.o
 .pdr           0x00000000      0xb80 build/recon/frontend/common/femenuoptions.cpp.o
 .gnu.attributes
                0x00000000       0x10 build/recon/frontend/common/femenuoptions.cpp.o
 .reginfo       0x00000000       0x18 build/recon/frontend/common/fetextrender.cpp.o
 .MIPS.abiflags
                0x00000000       0x18 build/recon/frontend/common/fetextrender.cpp.o
 .pdr           0x00000000      0x220 build/recon/frontend/common/fetextrender.cpp.o
 .gnu.attributes
                0x00000000       0x10 build/recon/frontend/common/fetextrender.cpp.o
 .reginfo       0x00000000       0x18 build/recon/frontend/common/fetracks.cpp.o
 .MIPS.abiflags
                0x00000000       0x18 build/recon/frontend/common/fetracks.cpp.o
 .pdr           0x00000000      0x1e0 build/recon/frontend/common/fetracks.cpp.o
 .gnu.attributes
                0x00000000       0x10 build/recon/frontend/common/fetracks.cpp.o
 .reginfo       0x00000000       0x18 build/recon/frontend/common/fecheats.cpp.o
 .MIPS.abiflags
                0x00000000       0x18 build/recon/frontend/common/fecheats.cpp.o
 .pdr           0x00000000      0x140 build/recon/frontend/common/fecheats.cpp.o
 .gnu.attributes
                0x00000000       0x10 build/recon/frontend/common/fecheats.cpp.o
 .reginfo       0x00000000       0x18 build/recon/frontend/common/feinput.cpp.o
 .MIPS.abiflags
                0x00000000       0x18 build/recon/frontend/common/feinput.cpp.o
 .pdr           0x00000000       0x80 build/recon/frontend/common/feinput.cpp.o
 .gnu.attributes
                0x00000000       0x10 build/recon/frontend/common/feinput.cpp.o
 .reginfo       0x00000000       0x18 build/recon/frontend/common/femenu.cpp.o
 .MIPS.abiflags
                0x00000000       0x18 build/recon/frontend/common/femenu.cpp.o
 .pdr           0x00000000      0x920 build/recon/frontend/common/femenu.cpp.o
 .gnu.attributes
                0x00000000       0x10 build/recon/frontend/common/femenu.cpp.o
 .reginfo       0x00000000       0x18 build/recon/frontend/common/fetools.cpp.o
 .MIPS.abiflags
                0x00000000       0x18 build/recon/frontend/common/fetools.cpp.o
 .pdr           0x00000000       0xc0 build/recon/frontend/common/fetools.cpp.o
 .gnu.attributes
                0x00000000       0x10 build/recon/frontend/common/fetools.cpp.o
 .reginfo       0x00000000       0x18 build/recon/frontend/common/front.cpp.o
 .MIPS.abiflags
                0x00000000       0x18 build/recon/frontend/common/front.cpp.o
 .pdr           0x00000000      0x560 build/recon/frontend/common/front.cpp.o
 .gnu.attributes
                0x00000000       0x10 build/recon/frontend/common/front.cpp.o
[...]
Memory Configuration

Name             Origin             Length             Attributes
*default*        0x00000000         0xffffffff

Linker script and memory map

LOAD build/recon/game/common/minfront.cpp.o
LOAD build/recon/game/psx/fe3dmenu.cpp.o
LOAD build/recon/frontend/common/feapp.cpp.o
LOAD build/recon/frontend/common/feaudio.cpp.o
LOAD build/recon/frontend/common/fedialog.cpp.o
LOAD build/recon/frontend/common/femenuextended.cpp.o
LOAD build/recon/frontend/common/femenuoptions.cpp.o
LOAD build/recon/frontend/common/fetextrender.cpp.o
LOAD build/recon/frontend/common/fetracks.cpp.o
LOAD build/recon/frontend/common/fecheats.cpp.o
LOAD build/recon/frontend/common/feinput.cpp.o
LOAD build/recon/frontend/common/femenu.cpp.o
LOAD build/recon/frontend/common/fetools.cpp.o
LOAD build/recon/frontend/common/front.cpp.o
LOAD build/recon/frontend/common/femenudefs.cpp.o
LOAD build/recon/frontend/common/fetourn.cpp.o
LOAD build/recon/frontend/common/femission.cpp.o
LOAD build/recon/frontend/common/fememcard.cpp.o
LOAD build/recon/frontend/common/fecredits.cpp.o
LOAD build/recon/frontend/common/fevideowall.cpp.o
LOAD build/recon/frontend/common/screenmain.cpp.o
LOAD build/recon/frontend/common/screenpinkslips.cpp.o
LOAD build/recon/frontend/common/screenpost.cpp.o
LOAD build/recon/frontend/common/screencarselect.cpp.o
LOAD build/recon/frontend/common/screentournselect.cpp.o
LOAD build/recon/frontend/common/screentrophyroom.cpp.o
LOAD build/recon/frontend/common/screentrophyinfo.cpp.o
LOAD build/recon/frontend/common/screentracks.cpp.o
LOAD build/recon/frontend/common/screentrackinfo.cpp.o
LOAD build/recon/frontend/common/screentrackrecords.cpp.o
LOAD build/recon/frontend/common/screencontroller.cpp.o
LOAD build/recon/frontend/common/screendisplay.cpp.o
LOAD build/recon/frontend/common/screenaudio.cpp.o
LOAD build/recon/frontend/common/screenmemcard.cpp.o
LOAD build/recon/frontend/common/screencongrats.cpp.o
LOAD build/recon/frontend/common/statchk.cpp.o
LOAD build/recon/frontend/common/stattool.cpp.o
LOAD build/recon/frontend/common/screenusername.cpp.o
LOAD build/recon/frontend/common/fefades.cpp.o
LOAD build/recon/frontend/common/felines.cpp.o
LOAD build/recon/frontend/psx/drawshp.cpp.o
LOAD build/recon/frontend/psx/movie.cpp.o
LOAD build/recon/frontend/psx/mmeffect.cpp.o
LOAD build/recon/frontend/psx/psxfront.cpp.o
LOAD build/recon/frontend/psx/fetexture.cpp.o
LOAD build/recon/frontend/psx/memcard.c.o
LOAD build/recon/frontend/psx/mdec.cpp.o
LOAD build/recon/frontend/psx/video.cpp.o
LOAD build/recon/game/common/ai.cpp.o
LOAD build/recon/game/common/aidelaycar.cpp.o
LOAD build/recon/game/common/aihigh.cpp.o
LOAD build/recon/game/common/aih_basicperp.cpp.o
LOAD build/recon/game/common/aih_basiccop.cpp.o
LOAD build/recon/game/common/aih_btccop.cpp.o
LOAD build/recon/game/common/aih_btcperp.cpp.o
LOAD build/recon/game/common/aih_play.cpp.o
LOAD build/recon/game/common/aih_hum.cpp.o
LOAD build/recon/game/common/aih_opp.cpp.o
LOAD build/recon/game/common/aih_cop.cpp.o
LOAD build/recon/game/common/aih_traf.cpp.o
LOAD build/recon/game/common/aicop.cpp.o
LOAD build/recon/game/common/aiinit.cpp.o
LOAD build/recon/game/common/ailife.cpp.o
LOAD build/recon/game/common/aiperson.cpp.o
LOAD build/recon/game/common/aiphysic.cpp.o
LOAD build/recon/game/common/aispeeds.cpp.o
LOAD build/recon/game/common/aiscript.cpp.o
LOAD build/recon/game/common/aistate.cpp.o
LOAD build/recon/game/common/aitriger.cpp.o
LOAD build/recon/game/common/aitune.cpp.o
LOAD build/recon/game/common/AIWORLD.cpp.o
LOAD build/recon/game/common/anim.cpp.o
LOAD build/recon/game/common/audioclc.cpp.o
LOAD build/recon/game/common/audiocmn.cpp.o
LOAD build/recon/game/common/audiomus.cpp.o
LOAD build/recon/game/common/audedit.cpp.o
LOAD build/recon/game/common/audioeng.cpp.o
LOAD build/recon/game/common/audiotrk.cpp.o
LOAD build/recon/game/common/bworld.cpp.o
LOAD build/recon/game/common/bworldSm.cpp.o
LOAD build/recon/game/common/camera.cpp.o
LOAD build/recon/game/common/cars.cpp.o
LOAD build/recon/game/common/chunk.cpp.o
LOAD build/recon/game/common/clock.cpp.o
LOAD build/recon/game/common/collide.cpp.o
LOAD build/recon/game/common/color.cpp.o
LOAD build/recon/game/common/control.cpp.o
LOAD build/recon/game/common/hudpmx.cpp.o
LOAD build/recon/game/common/spchevnt.c.o
LOAD build/recon/game/common/speech.cpp.o
LOAD build/recon/game/common/copspeak.cpp.o
LOAD build/recon/game/common/dashhud.cpp.o
LOAD build/recon/game/common/fastrand.cpp.o
LOAD build/recon/game/common/genericpmx.cpp.o
LOAD build/recon/game/common/gmesetup.cpp.o
LOAD build/recon/game/common/group.cpp.o
LOAD build/recon/game/common/input.cpp.o
LOAD build/recon/game/common/mathnfs.cpp.o
LOAD build/recon/game/common/mpause.cpp.o
LOAD build/recon/game/common/newton.cpp.o
LOAD build/recon/game/common/new.cpp.o
LOAD build/recon/game/common/nfs3.cpp.o
LOAD build/recon/game/common/object.cpp.o
LOAD build/recon/game/common/paths.cpp.o
LOAD build/recon/game/common/pausemenu.cpp.o
LOAD build/recon/game/common/quatern.cpp.o
LOAD build/recon/game/common/r3dcar.cpp.o
LOAD build/recon/game/common/render.cpp.o
LOAD build/recon/game/common/replay.cpp.o
LOAD build/recon/game/common/scene.cpp.o
LOAD build/recon/game/common/schedule.cpp.o
LOAD build/recon/game/common/sim.cpp.o
LOAD build/recon/game/common/simplemem.cpp.o
LOAD build/recon/game/common/simqueue.cpp.o
LOAD build/recon/game/common/souffle.cpp.o
LOAD build/recon/game/common/stats.cpp.o
LOAD build/recon/game/common/textsys.cpp.o
LOAD build/recon/game/common/track.cpp.o
LOAD build/recon/game/common/trgsfx.cpp.o
LOAD build/recon/game/common/udff.cpp.o
LOAD build/recon/game/psx/audio.cpp.o
LOAD build/recon/game/psx/cario.cpp.o
LOAD build/recon/game/psx/draw.cpp.o
LOAD build/recon/game/psx/drawc.cpp.o
LOAD build/recon/game/psx/force.cpp.o
LOAD build/recon/game/psx/font.cpp.o
LOAD build/recon/game/psx/flare.cpp.o
LOAD build/recon/game/psx/hrzsku.cpp.o
LOAD build/recon/game/psx/hud.cpp.o
LOAD build/recon/game/psx/loading.cpp.o
LOAD build/recon/game/psx/night.cpp.o
LOAD build/recon/game/psx/psxcontroller.cpp.o
LOAD build/recon/game/psx/sfx.cpp.o
LOAD build/recon/game/psx/skidmark.cpp.o
LOAD build/recon/game/psx/texture.cpp.o
LOAD build/recon/game/psx/textureprocess.cpp.o
LOAD build/recon/game/psx/trackspec.cpp.o
LOAD build/recon/game/psx/trsproj.cpp.o
LOAD build/recon/game/psx/weather.cpp.o
LOAD build/recon/game/psx/textpix.c.o
LOAD build/recon/game/psx/textpsx.c.o
LOAD build/recon/game/psx/unpack.c.o
LOAD build/recon/syslib/psx/2mbyte/2mbyte.c.o
LOAD build/recon/eaclib/psx/pad.c.o
LOAD build/recon/syslib/psx/libc/C43.c.o
LOAD build/recon/eaclib/psx/eacpsxz/fixdmult.c.o
LOAD build/recon/syslib/psx/libsn/PUREV.c.o
LOAD build/recon/eaclib/psx/eacpsxz/trnspos.c.o
LOAD build/recon/eaclib/psx/eacpsxz/fixddiv.c.o
LOAD build/recon/syslib/psx/libapi/A39.c.o
LOAD build/recon/syslib/psx/libc/SPRINTF.c.o
LOAD build/recon/eaclib/psx/eacpsxz/memstd.c.o
LOAD build/recon/eaclib/psx/eacpsxz/nsync.c.o
LOAD build/recon/syslib/psx/libc/C25.c.o
LOAD build/recon/eaclib/psx/eacpsxz/atanfunc.c.o
LOAD build/recon/eaclib/psx/eacpsxz/nloadpk.c.o
LOAD build/recon/syslib/psx/libc/C23.c.o
LOAD build/recon/syslib/psx/libc/QSORT.c.o
LOAD build/recon/eaclib/psx/eacpsxz/locatbig.c.o
LOAD build/recon/syslib/psx/libc/C36.c.o
LOAD build/recon/eaclib/psx/eacpsxz/blkmov.c.o
LOAD build/recon/eaclib/psx/sndpsxz/sbremove.c.o
LOAD build/recon/eaclib/psx/sndpsxz/splysdef.c.o
LOAD build/recon/eaclib/psx/sndpsxz/span.c.o
LOAD build/recon/eaclib/psx/sndpsxz/svol.c.o
LOAD build/recon/eaclib/psx/eacpsxz/systask.c.o
LOAD build/recon/eaclib/psx/sndpsxz/sstsetpr.c.o
LOAD build/recon/eaclib/psx/sndpsxz/seffect.c.o
LOAD build/recon/eaclib/psx/spchpsxz/spchevnt.c.o
LOAD build/recon/eaclib/psx/eacpsxz/random.c.o
LOAD build/recon/syslib/psx/libc/C21.c.o
LOAD build/recon/eaclib/psx/sndpsxz/sbend.c.o
LOAD build/recon/eaclib/psx/sndpsxz/splay.c.o
LOAD build/recon/eaclib/psx/sndpsxz/sover.c.o
LOAD build/recon/eaclib/psx/sndpsxz/sbhdrsze.c.o
LOAD build/recon/eaclib/psx/sndpsxz/sbhdrcpy.c.o
LOAD build/recon/eaclib/psx/sndpsxz/sdmemlu.c.o
LOAD build/recon/eaclib/psx/sndpsxz/sbadd.c.o
LOAD build/recon/eaclib/psx/sndpsxz/sstop.c.o
LOAD build/recon/eaclib/psx/sndpsxz/spitch.c.o
LOAD build/recon/eaclib/psx/sndpsxz/smasterv.c.o
LOAD build/recon/syslib/psx/libc/A63.c.o
LOAD build/recon/eaclib/psx/sndpsxz/s3dlow.c.o
LOAD build/recon/eaclib/psx/sndpsxz/sstopall.c.o
LOAD build/recon/eaclib/psx/eacpsxz/timer.c.o
LOAD build/recon/eaclib/psx/sndpsxz/sautovol.c.o
LOAD build/recon/eaclib/psx/sndpsxz/sstgetv.c.o
LOAD build/recon/syslib/psx/libcd/TYPE.c.o
LOAD build/recon/eaclib/psx/sndpsxz/sststat.c.o
LOAD build/recon/eaclib/psx/sndpsxz/sstrstat.c.o
LOAD build/recon/eaclib/psx/eacpsxz/wildcard.c.o
LOAD build/recon/eaclib/psx/sndpsxz/sst.c.o
LOAD build/recon/eaclib/psx/sndpsxz/spvoices.c.o
LOAD build/recon/eaclib/psx/sndpsxz/sstsetgl.c.o
LOAD build/recon/eaclib/psx/sndpsxz/sstsetgs.c.o
LOAD build/recon/eaclib/psx/sndpsxz/sstautov.c.o
LOAD build/recon/syslib/psx/libapi/COUNTER.c.o
LOAD build/recon/syslib/psx/libc/C27.c.o
LOAD build/recon/eaclib/psx/sndpsxz/slimits.c.o
LOAD build/recon/eaclib/psx/sndpsxz/sstovrhd.c.o
LOAD build/recon/eaclib/psx/sndpsxz/sstvol.c.o
LOAD build/recon/eaclib/psx/sndpsxz/sserver.c.o
LOAD build/recon/eaclib/psx/eacpsxz/syncfile.c.o
LOAD build/recon/syslib/psx/libc/C42.c.o
LOAD build/recon/syslib/psx/libc/C47.c.o
LOAD build/recon/eaclib/psx/eacpsxz/crossprd.c.o
LOAD build/recon/syslib/psx/libgte/REG13.c.o
LOAD build/recon/eaclib/psx/eacpsxz/fxform.c.o
LOAD build/recon/eaclib/psx/eacpsxz/asinfunc.c.o
LOAD build/recon/eaclib/psx/eacpsxz/isincos.c.o
LOAD build/recon/eaclib/psx/eacpsxz/trnsfrm.c.o
LOAD build/recon/eaclib/psx/eacpsxz/addtimer.c.o
LOAD build/recon/eaclib/psx/eacpsxz/savegp.c.o
LOAD build/recon/eaclib/psx/eacpsxz/fixdsqrt.c.o
LOAD build/recon/syslib/psx/libc/C16.c.o
LOAD build/recon/eaclib/psx/eacpsxz/locatshp.c.o
LOAD build/recon/syslib/psx/libc/C24.c.o
LOAD build/recon/eaclib/psx/spchpsxz/spchbank.c.o
LOAD build/recon/eaclib/psx/spchpsxz/spchinit.c.o
LOAD build/recon/syslib/psx/libmath/FLTSIDF.c.o
LOAD build/recon/syslib/psx/libmath/LTDF2.c.o
LOAD build/recon/eaclib/psx/spchpsxz/spchrand.c.o
LOAD build/recon/eaclib/psx/spchpsxz/spchrslv.c.o
LOAD build/recon/eaclib/psx/eacpsxz/nfile.c.o
LOAD build/recon/eaclib/psx/sndpsxz/stimerem.c.o
LOAD build/recon/eaclib/psx/eacpsxz/fixdinv.c.o
LOAD build/recon/eaclib/psx/eacpsxz/fixdsin.c.o
LOAD build/recon/eaclib/psx/eacpsxz/fixdatan.c.o
LOAD build/recon/syslib/psx/libgpu/SYS.c.o
LOAD build/recon/syslib/psx/libpad/PADENTRY.c.o
LOAD build/recon/eaclib/psx/eacpsxz/matrix.c.o
LOAD build/recon/syslib/psx/libmath/GTDF2.c.o
LOAD build/recon/eaclib/psx/eacpsxz/primate.c.o
LOAD build/recon/eaclib/psx/eacpsxz/movf.c.o
LOAD build/recon/eaclib/psx/eacpsxz/shpsubs.c.o
LOAD build/recon/eaclib/psx/eacpsxz/nasync.c.o
LOAD build/recon/syslib/psx/libetc/VMODE.c.o
LOAD build/recon/eaclib/psx/eacpsxz/blkfill.c.o
LOAD build/recon/eaclib/psx/eacpsxz/sinfunc.c.o
LOAD build/recon/eaclib/psx/eacpsxz/resize.c.o
LOAD build/recon/syslib/psx/libgte/MSC02.c.o
LOAD build/recon/syslib/psx/libgpu/P00.c.o
LOAD build/recon/eaclib/psx/eacpsxz/loadshp.c.o
LOAD build/recon/eaclib/psx/eacpsxz/exit.c.o
LOAD build/recon/eaclib/psx/sndpsxz/ssysinit.c.o
LOAD build/recon/eaclib/psx/sndpsxz/ssysreal.c.o
LOAD build/recon/syslib/psx/libgte/MSC00.c.o
LOAD build/recon/syslib/psx/libgpu/EXT.c.o
LOAD build/recon/syslib/psx/libetc/VSYNC.c.o
LOAD build/recon/syslib/psx/libgte/FGO_01.c.o
LOAD build/recon/syslib/psx/libgte/REG11.c.o
LOAD build/recon/syslib/psx/libgte/FOG_01.c.o
LOAD build/recon/syslib/psx/libetc/INTR.c.o
LOAD build/recon/eaclib/psx/eacpsxz/getm.c.o
LOAD build/recon/eaclib/psx/eacpsxz/textcrnt.c.o
LOAD build/recon/syslib/psx/libgpu/P10.c.o
LOAD build/recon/syslib/psx/libgte/FGO_06.c.o
LOAD build/recon/eaclib/psx/eacpsxz/isqrt.c.o
LOAD build/recon/syslib/psx/libgpu/P19.c.o
LOAD build/recon/syslib/psx/libmath/MULSF3.c.o
LOAD build/recon/syslib/psx/libgpu/P12.c.o
LOAD build/recon/syslib/psx/libgpu/P16.c.o
LOAD build/recon/syslib/psx/libgpu/P18.c.o
LOAD build/recon/syslib/psx/libgpu/P17.c.o
LOAD build/recon/eaclib/psx/eacpsxz/fsincos.c.o
LOAD build/recon/syslib/psx/libgte/COR_02.c.o
LOAD build/recon/syslib/psx/libgte/COR_03.c.o
LOAD build/recon/syslib/psx/libmath/FIXSFSI.c.o
LOAD build/recon/eaclib/psx/eacpsxz/joystkn.c.o
LOAD build/recon/eaclib/psx/eacpsxz/fileroot.c.o
LOAD build/recon/eaclib/psx/eacpsxz/meminit.c.o
LOAD build/recon/eaclib/psx/eacpsxz/inittmr.c.o
LOAD build/recon/syslib/psx/libapi/C68.c.o
LOAD build/recon/eaclib/psx/eacpsxz/shpdepth.c.o
LOAD build/recon/syslib/psx/libgpu/P01.c.o
LOAD build/recon/eaclib/psx/eacpsxz/textfor.c.o
LOAD build/recon/eaclib/psx/eacpsxz/unhuff.c.o
LOAD build/recon/eaclib/psx/eacpsxz/unref.c.o
LOAD build/recon/eaclib/psx/eacpsxz/unbtree.c.o
LOAD build/recon/syslib/psx/libmath/EXTSFDF2.c.o
LOAD build/recon/syslib/psx/libmath/TRUDFSF2.c.o
LOAD build/recon/syslib/psx/libmath/ADDDF3.c.o
LOAD build/recon/syslib/psx/libmath/DIVDF3.c.o
LOAD build/recon/syslib/psx/libc/C26.c.o
LOAD build/recon/eaclib/psx/eacpsxz/nullfunc.c.o
LOAD build/recon/syslib/psx/libgpu/P11.c.o
LOAD build/recon/eaclib/psx/eacpsxz/crc.c.o
LOAD build/recon/syslib/psx/libc/C30.c.o
LOAD build/recon/syslib/psx/libmath/FLTSISF.c.o
LOAD build/recon/syslib/psx/libmath/MULDF3.c.o
LOAD build/recon/syslib/psx/libmath/DIVSF3.c.o
LOAD build/recon/syslib/psx/libmath/FIXDFSI.c.o
LOAD build/recon/eaclib/psx/eacpsxz/vramfxya.c.o
LOAD build/recon/eaclib/psx/eacpsxz/shpclut.c.o
LOAD build/recon/syslib/psx/libgpu/FONT.c.o
LOAD build/recon/syslib/psx/libpress/VLC.c.o
LOAD build/recon/syslib/psx/libcd/cdcont.c.o
LOAD build/recon/syslib/psx/libcd/stcdint.c.o
LOAD build/recon/syslib/psx/libpress/LIBPRESS.c.o
LOAD build/recon/syslib/psx/libcd/streamhelp.c.o
LOAD build/recon/eaclib/psx/eacpsxz/cdfs.c.o
LOAD build/recon/eaclib/psx/sndpsxz/scdvol.c.o
LOAD build/recon/syslib/psx/libmcrd/LIBMCRD.c.o
LOAD build/recon/eaclib/psx/eacpsxz/cluttype.c.o
LOAD build/recon/eaclib/psx/eacpsxz/shptype.c.o
LOAD build/recon/eaclib/psx/eacpsxz/stream.c.o
LOAD build/recon/syslib/psx/libapi/C57.c.o
LOAD build/recon/syslib/psx/libpad/PADPORTD.c.o
LOAD build/recon/syslib/psx/libc/C46.c.o
LOAD build/recon/syslib/psx/libc/MEMMOVE.c.o
LOAD build/recon/eaclib/psx/eacpsxz/threads.c.o
LOAD build/recon/eaclib/psx/eacpsxz/callback.c.o
LOAD build/recon/eaclib/psx/eacpsxz/math64a.c.o
LOAD build/recon/eaclib/psx/eacpsxz/stricmp.c.o
LOAD build/recon/eaclib/psx/sndpsxz/sdata.c.o
LOAD build/recon/eaclib/psx/sndpsxz/sbirmpat.c.o
LOAD build/recon/eaclib/psx/sndpsxz/sbvalid.c.o
LOAD build/recon/eaclib/psx/sndpsxz/salloc.c.o
LOAD build/recon/eaclib/psx/sndpsxz/s3dpos.c.o
LOAD build/recon/eaclib/psx/sndpsxz/spatkey.c.o
LOAD build/recon/eaclib/psx/sndpsxz/slib.c.o
LOAD build/recon/eaclib/psx/sndpsxz/sdriver.c.o
LOAD build/recon/eaclib/psx/sndpsxz/sdfx.c.o
LOAD build/recon/eaclib/psx/sndpsxz/sfxlevel.c.o
LOAD build/recon/eaclib/psx/spchpsxz/spchdata.c.o
LOAD build/recon/eaclib/psx/spchpsxz/spchpick.c.o
LOAD build/recon/eaclib/psx/sndpsxz/sclcptch.c.o
LOAD build/recon/eaclib/psx/sndpsxz/stagpat.c.o
LOAD build/recon/eaclib/psx/sndpsxz/sbdload.c.o
LOAD build/recon/eaclib/psx/sndpsxz/sballoc.c.o
LOAD build/recon/eaclib/psx/sndpsxz/sgetvol.c.o
LOAD build/recon/syslib/psx/libc/C63.c.o
LOAD build/recon/eaclib/psx/sndpsxz/spktplay.c.o
LOAD build/recon/eaclib/psx/sndpsxz/smath64.c.o
LOAD build/recon/eaclib/psx/sndpsxz/sstgetrp.c.o
LOAD build/recon/syslib/psx/libc/C31.c.o
LOAD build/recon/syslib/psx/libc/C38.c.o
LOAD build/recon/eaclib/psx/sndpsxz/spat2hdr.c.o
LOAD build/recon/syslib/psx/libc/MEMCMP.c.o
LOAD build/recon/eaclib/psx/sndpsxz/sdpacket.c.o
LOAD build/recon/eaclib/psx/sndpsxz/ssysserv.c.o
LOAD build/recon/syslib/psx/libmath/DBSHIFTU.c.o
LOAD build/recon/eaclib/psx/sndpsxz/sdtimrem.c.o
LOAD build/recon/syslib/psx/libapi/C73.c.o
LOAD build/recon/syslib/psx/libpad/PADMAIN.c.o
LOAD build/recon/syslib/psx/libpad/PADCMD.c.o
LOAD build/recon/eaclib/psx/eacpsxz/trnsmult.c.o
LOAD build/recon/eaclib/psx/eacpsxz/fastmovf.c.o
LOAD build/recon/eaclib/psx/sndpsxz/smemman.c.o
LOAD build/recon/syslib/psx/libgte/PATCHGTE.c.o
LOAD build/recon/syslib/psx/libetc/INTR_VB.c.o
LOAD build/recon/syslib/psx/libapi/A91.c.o
LOAD build/recon/syslib/psx/libapi/L10.c.o
LOAD build/recon/syslib/psx/libgte/REG03.c.o
LOAD build/recon/syslib/psx/libc/C19.c.o
LOAD build/recon/syslib/psx/libapi/A25.c.o
LOAD build/recon/syslib/psx/libapi/C114.c.o
LOAD build/recon/syslib/psx/libapi/A37.c.o
LOAD build/recon/syslib/psx/libapi/A23.c.o
LOAD build/recon/syslib/psx/libapi/A36.c.o
LOAD build/recon/syslib/psx/libapi/A24.c.o
LOAD build/recon/eaclib/psx/eacpsxz/textcode.c.o
LOAD build/recon/eaclib/psx/eacpsxz/isqrttbl.c.o
LOAD build/recon/syslib/psx/libmath/FERR.c.o
LOAD build/recon/syslib/psx/libgte/COR_01.c.o
LOAD build/recon/syslib/psx/libsn/READ.c.o
LOAD build/recon/syslib/psx/libsn/OPEN.c.o
LOAD build/recon/syslib/psx/libsn/FSINIT.c.o
LOAD build/recon/syslib/psx/libsn/CREAT.c.o
LOAD build/recon/eaclib/psx/eacpsxz/devsys.c.o
LOAD build/recon/syslib/psx/libsn/LSEEK.c.o
LOAD build/recon/syslib/psx/libsn/CLOSE.c.o
LOAD build/recon/syslib/psx/libsn/WRITE.c.o
LOAD build/recon/syslib/psx/libapi/A12.c.o
LOAD build/recon/syslib/psx/libapi/A08.c.o
LOAD build/recon/syslib/psx/libapi/A13.c.o
LOAD build/recon/syslib/psx/libmath/DBSHIFT.c.o
LOAD build/recon/syslib/psx/libmath/MAINASU.c.o
LOAD build/recon/syslib/psx/libmath/ADDMANT.c.o
LOAD build/recon/syslib/psx/libgpu/P09.c.o
LOAD build/recon/syslib/psx/libgpu/P06.c.o
LOAD build/recon/syslib/psx/libcd/drv.c.o
LOAD build/recon/syslib/psx/libds/DSCB.c.o
LOAD build/recon/syslib/psx/libcd/cdread.c.o
LOAD build/recon/syslib/psx/libc/C37.c.o
LOAD build/recon/syslib/psx/libcd/event.c.o
LOAD build/recon/syslib/psx/libc/BSEARCH.c.o
LOAD build/recon/syslib/psx/libcd/toc.c.o
LOAD build/recon/eaclib/psx/sndpsxz/sdcdvol.c.o
LOAD build/recon/syslib/psx/libmcrd/BIOS.c.o
LOAD build/recon/syslib/psx/libmcrd/USERFUNC.c.o
LOAD build/recon/syslib/psx/libcard/C171.c.o
LOAD build/recon/syslib/psx/libcard/CARD.c.o
LOAD build/recon/syslib/psx/libcard/C172.c.o
LOAD build/recon/syslib/psx/libapi/A50.c.o
LOAD build/recon/syslib/psx/libapi/A54.c.o
LOAD build/recon/syslib/psx/libapi/A51.c.o
LOAD build/recon/syslib/psx/libapi/A52.c.o
LOAD build/recon/syslib/psx/libapi/A53.c.o
LOAD build/recon/syslib/psx/libapi/FIRST.c.o
LOAD build/recon/syslib/psx/libapi/A67.c.o
LOAD build/recon/syslib/psx/libapi/A69.c.o
LOAD build/recon/syslib/psx/libapi/A65.c.o
LOAD build/recon/syslib/psx/libcard/A80.c.o
LOAD build/recon/syslib/psx/libcard/A78.c.o
LOAD build/recon/syslib/psx/libpad/PADSEQD.c.o
LOAD build/recon/syslib/psx/libc/C40.c.o
LOAD build/recon/eaclib/psx/sndpsxz/sdmemman.c.o
LOAD build/recon/eaclib/psx/sndpsxz/sdma.c.o
LOAD build/recon/eaclib/psx/sndpsxz/saetodv.c.o
LOAD build/recon/eaclib/psx/sndpsxz/saetolrv.c.o
LOAD build/recon/eaclib/psx/spchpsxz/spchrule.c.o
LOAD build/recon/eaclib/psx/spchpsxz/spchsamp.c.o
LOAD build/recon/eaclib/psx/sndpsxz/sdresolv.c.o
LOAD build/recon/eaclib/psx/sndpsxz/sdplapat.c.o
LOAD build/recon/eaclib/psx/sndpsxz/srrange.c.o
LOAD build/recon/eaclib/psx/sndpsxz/sgettag.c.o
LOAD build/recon/eaclib/psx/sndpsxz/srandom.c.o
LOAD build/recon/eaclib/psx/sndpsxz/sdspuirq.c.o
LOAD build/recon/syslib/psx/libapi/L03.c.o
LOAD build/recon/syslib/psx/libapi/L02.c.o
LOAD build/recon/syslib/psx/libpad/WAITRC2.c.o
LOAD build/recon/syslib/psx/libpad/MCXMAIN.c.o
LOAD build/recon/syslib/psx/libgpu/P34.c.o
LOAD build/recon/syslib/psx/libapi/A07.c.o
LOAD build/recon/syslib/psx/libsn/SNREAD.c.o
LOAD build/recon/syslib/psx/libsn/SNWRITE.c.o
LOAD build/recon/eaclib/psx/sndpsxz/spvtolrv.c.o
LOAD build/recon/syslib/psx/libcard/INIT.c.o
LOAD build/recon/syslib/psx/libcard/CARDINIT.c.o
LOAD build/recon/syslib/psx/libapi/C112.c.o
LOAD build/recon/syslib/psx/libapi/A09.c.o
LOAD build/recon/syslib/psx/libapi/A11.c.o
LOAD build/recon/syslib/psx/libapi/A66.c.o
LOAD build/recon/eaclib/psx/sndpsxz/saelib.c.o
LOAD build/recon/eaclib/psx/sndpsxz/sgetdata.c.o
LOAD build/recon/syslib/psx/libapi/PAD.c.o
LOAD build/recon/syslib/psx/libcard/A74.c.o
LOAD build/recon/syslib/psx/libcard/PATCH.c.o
LOAD build/recon/syslib/psx/libcard/A75.c.o
LOAD build/recon/syslib/psx/libcard/A76.c.o
LOAD build/recon/syslib/psx/libcard/END.c.o
LOAD build/recon/eaclib/psx/sndpsxz/ssine.c.o
LOAD build/recon/frontend/common/fecars.cpp.o
LOAD build/recon/frontend/common/fescreen.cpp.o
LOAD build/recon/game/common/physics.cpp.o
LOAD build/recon/syslib/psx/libcd/iso9660.c.o
LOAD build/recon/syslib/psx/libetc/INTR_DMA.c.o
LOAD build/recon/syslib/psx/libc/CTYPE0.c.o
LOAD build/recon/eaclib/psx/sndpsxz/snddata.c.o
                0x000100ff                        D_100FF = 0x100ff
                0x000c00ff                        D_C00FF = 0xc00ff
                0x01000001                        D_1000001 = 0x1000001
                0x1f800004                        D_1F800004 = 0x1f800004
                0x1f800014                        D_1F800014 = 0x1f800014
                0x1f800034                        D_1F800034 = 0x1f800034
                0x1f800054                        D_1F800054 = 0x1f800054
                0x1f800098                        D_1F800098 = 0x1f800098
                0x1f8000a8                        D_1F8000A8 = 0x1f8000a8
                0x1f8000b8                        D_1F8000B8 = 0x1f8000b8
                0x1f8000c8                        D_1F8000C8 = 0x1f8000c8
                0x80000004                        D_80000004 = 0x80000004
                0x8013e008                        D_8013E008 = 0x8013e008
                0x8013e038                        D_8013E038 = 0x8013e038
                0x8013e068                        D_8013E068 = 0x8013e068
                0x8013e098                        D_8013E098 = 0x8013e098
                0x8013e0c0                        D_8013E0C0 = 0x8013e0c0
                0x8013e0d8                        D_8013E0D8 = 0x8013e0d8
                0x8013e0e8                        D_8013E0E8 = 0x8013e0e8
                0x8013e0f4                        D_8013E0F4 = 0x8013e0f4
                0x8013e2f4                        D_8013E2F4 = 0x8013e2f4
                0x8013e300                        D_8013E300 = 0x8013e300
                0x8013e340                        D_8013E340 = 0x8013e340
                0x8013e384                        D_8013E384 = 0x8013e384
                0x8013e390                        D_8013E390 = 0x8013e390
                0x8013e39c                        D_8013E39C = 0x8013e39c
                0x8013e3b4                        D_8013E3B4 = 0x8013e3b4
                0x8013e3f0                        D_8013E3F0 = 0x8013e3f0
                0x8013e3fc                        D_8013E3FC = 0x8013e3fc
                0x8013e408                        D_8013E408 = 0x8013e408
                0x8013e414                        D_8013E414 = 0x8013e414
                0x8013e450                        D_8013E450 = 0x8013e450
                0x8013e5a0                        D_8013E5A0 = 0x8013e5a0
                0x8013e730                        D_8013E730 = 0x8013e730
                0x8013e850                        D_8013E850 = 0x8013e850
                0x8013e85c                        D_8013E85C = 0x8013e85c
                0x8013e8a0                        D_8013E8A0 = 0x8013e8a0
                0x8013e8a1                        D_8013E8A1 = 0x8013e8a1
                0x8013e8a2                        D_8013E8A2 = 0x8013e8a2
                0x8013e8a4                        D_8013E8A4 = 0x8013e8a4
                0x8013e8c0                        D_8013E8C0 = 0x8013e8c0
                0x8013e8e1                        D_8013E8E1 = 0x8013e8e1
                0x8013e980                        D_8013E980 = 0x8013e980
                0x8013ea88                        gFileDevice = 0x8013ea88
                0x8013ea9c                        D_8013EA9C = 0x8013ea9c
                0x8013eaa0                        D_8013EAA0 = 0x8013eaa0
                0x8013eaa8                        D_8013EAA8 = 0x8013eaa8
                0x8013eaac                        D_8013EAAC = 0x8013eaac
                0x8013eab0                        D_8013EAB0 = 0x8013eab0
                0x8013eaf8                        D_8013EAF8 = 0x8013eaf8
                0x8013ec04                        D_8013EC04 = 0x8013ec04
                0x8013ec08                        D_8013EC08 = 0x8013ec08
                0x8013ec0c                        D_8013EC0C = 0x8013ec0c
                0x80144864                        D_80144864 = 0x80144864
                0x8014487c                        D_8014487C = 0x8014487c
                0x8014487d                        D_8014487D = 0x8014487d
                0x8014487e                        D_8014487E = 0x8014487e
                0x80144880                        D_80144880 = 0x80144880
                0x80144884                        D_80144884 = 0x80144884
                0x80144e58                        D_80144E58 = 0x80144e58
                0x80144e7c                        D_80144E7C = 0x80144e7c
                0x80144e80                        D_80144E80 = 0x80144e80
                0x80144e84                        D_80144E84 = 0x80144e84
                0x80144e88                        D_80144E88 = 0x80144e88
                0x8014647c                        D_8014647C = 0x8014647c
                0x80146cc4                        Cdinfo = 0x80146cc4
                0x80146cd8                        D_80146CD8 = 0x80146cd8
                0x80146ce4                        D_80146CE4 = 0x80146ce4
                0x80146cf8                        D_80146CF8 = 0x80146cf8
                0x80146d00                        D_80146D00 = 0x80146d00
                0x80147500                        D_80147500 = 0x80147500
                0x80147504                        D_80147504 = 0x80147504
                0x80147508                        D_80147508 = 0x80147508
                0x8014750c                        D_8014750C = 0x8014750c
                0x80147510                        D_80147510 = 0x80147510
                0x80147514                        D_80147514 = 0x80147514
                0x80147518                        D_80147518 = 0x80147518
                0x8014751c                        D_8014751C = 0x8014751c
                0x80147520                        D_80147520 = 0x80147520
                0x80147524                        D_80147524 = 0x80147524
                0x80147528                        D_80147528 = 0x80147528
                0x80147558                        D_80147558 = 0x80147558
                0x80147560                        D_80147560 = 0x80147560
                0x80147564                        D_80147564 = 0x80147564
                0x8014756c                        D_8014756C = 0x8014756c
                0x80147570                        D_80147570 = 0x80147570
                0x801475b8                        D_801475B8 = 0x801475b8
                0x80147600                        D_80147600 = 0x80147600
                0x80147870                        D_80147870 = 0x80147870
                0x8014789c                        D_8014789C = 0x8014789c
                0x8014789d                        D_8014789D = 0x8014789d
                0x801478e8                        D_801478E8 = 0x801478e8
                0x801478f4                        D_801478F4 = 0x801478f4
                0x801478f8                        D_801478F8 = 0x801478f8
                0x801478fc                        D_801478FC = 0x801478fc
                0x80147900                        D_80147900 = 0x80147900
                0x8014791a                        D_8014791A = 0x8014791a
                0x8014791c                        D_8014791C = 0x8014791c
                0x80147e28                        D_80147E28 = 0x80147e28
                0x80147e2c                        D_80147E2C = 0x80147e2c
                0x80147e38                        D_80147E38 = 0x80147e38
                0x80148064                        D_80148064 = 0x80148064
                0x80148448                        D_80148448 = 0x80148448
                0x8014857c                        D_8014857C = 0x8014857c
                0x80148580                        D_80148580 = 0x80148580
                0x8014858c                        D_8014858C = 0x8014858c
                0x80148590                        D_80148590 = 0x80148590
                0x8014859c                        D_8014859C = 0x8014859c
                0x80148786                        D_80148786 = 0x80148786
                0x80148788                        D_80148788 = 0x80148788
                0x8014878c                        D_8014878C = 0x8014878c
                0x8014898c                        D_8014898C = 0x8014898c
                0x801489d0                        D_801489D0 = 0x801489d0
                0x801489d4                        D_801489D4 = 0x801489d4
                0x801489e4                        D_801489E4 = 0x801489e4
                0x801489ec                        D_801489EC = 0x801489ec
                0x801489f0                        D_801489F0 = 0x801489f0
                0x801489f4                        D_801489F4 = 0x801489f4
                0x801489f8                        D_801489F8 = 0x801489f8
                0x801489fc                        D_801489FC = 0x801489fc
                0x80148a00                        D_80148A00 = 0x80148a00
                0x80148a04                        D_80148A04 = 0x80148a04
                0x80148a08                        D_80148A08 = 0x80148a08
                0x80148a0c                        D_80148A0C = 0x80148a0c
                0x80148a10                        D_80148A10 = 0x80148a10
                0x80148a14                        D_80148A14 = 0x80148a14
                0x80148a18                        D_80148A18 = 0x80148a18
                0x80148a1c                        D_80148A1C = 0x80148a1c
                0x80148a20                        D_80148A20 = 0x80148a20
                0x80148a24                        D_80148A24 = 0x80148a24
                0x80148a28                        D_80148A28 = 0x80148a28
                0x80148a2c                        D_80148A2C = 0x80148a2c
                0x80148a38                        D_80148A38 = 0x80148a38
                0x80148a6c                        D_80148A6C = 0x80148a6c
                0x80148a7c                        D_80148A7C = 0x80148a7c
                0x80148a84                        D_80148A84 = 0x80148a84
                0x80148b04                        __last_org = 0x80148b04
                0x80148b0c                        D_80148B0C = 0x80148b0c
                0xa000df80                        D_A000DF80 = 0xa000df80
                0xa000dfac                        D_A000DFAC = 0xa000dfac
                0xff9d0001                        D_FF9D0001 = 0xff9d0001

.t0000          0x800128f0       0x48
 build/recon/game/common/minfront.cpp.o(.text)
 .text          0x800128f0       0x48 build/recon/game/common/minfront.cpp.o
                0x800128f0                MinFront_ParseOptions__Fv

.t0001          0x80012938      0x668
 build/recon/game/psx/fe3dmenu.cpp.o(.text)
 .text          0x80012938      0x668 build/recon/game/psx/fe3dmenu.cpp.o
                0x80012938                Fe3D_InitShowroom__Fv
                0x80012ae4                CameraLookAt__FP10matrixtdefP8coorddef
                0x80012bf8                Draw_MenuRenderingView__FP8Car_tObjP13DRender_tViewiiiUliffii

.t0002          0x80012fa0     0x27c0
 build/recon/frontend/common/feapp.cpp.o(.text)
 .text          0x80012fa0     0x27c0 build/recon/frontend/common/feapp.cpp.o
                0x80012fa0                __14tFEApplication
                0x800131c4                ___14tFEApplication
                0x80013234                PerformMenuInitialization__14tFEApplication
                0x8001329c                PerformMenuDestruction__14tFEApplication
                0x80013344                DrawHelpIcons__14tFEApplication
                0x8001373c                Redraw__14tFEApplication
                0x80013d60                UpdateMusic__14tFEApplication
                0x80013e20                SetMenu__14tFEApplicationsP5tMenu
                0x80013f24                SetScreen__14tFEApplicationsP7tScreen
                0x80013f74                DisplayHelp__14tFEApplications
                0x80013f98                FreeHelpShapeCluts__Fv
                0x80014014                RunDemoVideo__14tFEApplication
                0x800142a4                MainLoop__14tFEApplicationP5tMenu
                0x80015430                RunPostGame__14tFEApplication
                0x80015738                RunFrontEnd__14tFEApplication

.t0003          0x80015780      0xa34
 build/recon/frontend/common/feaudio.cpp.o(.text)
 .text          0x80015780      0xa34 build/recon/frontend/common/feaudio.cpp.o
                0x80015780                FEAudio_StartLoadPatch__FP10SPEECHINFO
                0x80015824                Feaudio_StartPatch__FP10SPEECHINFO
                0x80015948                FeAudio_systemtask__Fi
                0x80015bcc                FeAudio_AsyncPlayCommentary__FPc
                0x80015cb8                FeAudio_AsyncPlaySpeech__Fii
                0x80015d34                FeAudio_StartBigfileRead__FPciiPi
                0x80015dcc                FeAudio_LocateBigfile__FP9LUMPYHEADPcPiT2
                0x80015f24                FeAudio_InitViv__FPc
                0x800160dc                FeAudio_InitCommentary__Fii
                0x8001617c                FeAudio_DeInitCommentary__Fv

.t0004          0x800186a8     0x193c
 build/recon/frontend/common/fedialog.cpp.o(.text)
 .text          0x800186a8     0x193c build/recon/frontend/common/fedialog.cpp.o
                0x800186a8                ___31tDialogMessageStringWithTimeout
                0x800186c8                ShouldTimeOut__11tDialogBase
                0x80018700                InitializeClass__11tDialogBase
                0x80018720                DrawAllDialogs__11tDialogBase
                0x800187f0                HideAllDialogs__11tDialogBase
                0x80018830                GetTopMostDialog__11tDialogBase
                0x80018840                Display__11tDialogBase
                0x80018904                Hide__11tDialogBase
                0x800189b8                Draw__11tDialogBase
                0x80018ac8                ProcessInput__11tDialogBase7tPlayerR13tInputKeyTypeR12tMenuCommand
                0x80018b0c                AddItem__11tDialogHelpss
                0x80018b90                CalculateDimensions__11tDialogHelp
                0x8001912c                Draw__11tDialogHelp
                0x80019418                CalculateDimensions__20tDialogMessageString
                0x8001962c                Draw__20tDialogMessageString
                0x80019790                ProcessInput__17tDialogBackUpOnly7tPlayerR13tInputKeyTypeR12tMenuCommand
                0x800197e8                Run__18tDialogInteractive
                0x800199d4                CalculateDimensions__12tDialogYesNo
                0x80019a8c                __12tDialogYesNo
                0x80019b44                Draw__12tDialogYesNo
                0x80019ccc                ProcessInput__12tDialogYesNo7tPlayerR13tInputKeyTypeR12tMenuCommand
                0x80019d98                ProcessInput__15tDialogYesNoMem7tPlayerR13tInputKeyTypeR12tMenuCommand
                0x80019e7c                ProcessInput__15tDialogYesNoTri7tPlayerR13tInputKeyTypeR12tMenuCommand
                0x80019ebc                ProcessInput__21tDialogNoInputMessage7tPlayerR13tInputKeyTypeR12tMenuCommand
                0x80019ec4                ___15tDialogYesNoTri
                0x80019ee4                ___15tDialogYesNoMem
                0x80019f04                ___12tDialogYesNo
                0x80019f24                ___18tDialogInteractive
                0x80019f44                ___21tDialogNoInputMessage
                0x80019f64                ___17tDialogBackUpOnly
                0x80019f84                ___20tDialogMessageString
                0x80019fa4                ___11tDialogHelp
                0x80019fc4                ___11tDialogBase

.t0005          0x80019fe8     0x1f60
 build/recon/frontend/common/femenuextended.cpp.o(.text)
 .text          0x80019fe8     0x1f60 build/recon/frontend/common/femenuextended.cpp.o
                0x80019fe8                MenuNFS4_SetHelpPos__FR4RECT
                0x8001a018                MenuNFS4_DrawTextBox__FiR4RECTissbT5
                0x8001a4ac                __27tMenuItemGoToMenuNFS4ButtonUiP5tMenuPFR12tMenuCommand_vii
                0x8001a514                ___27tMenuItemGoToMenuNFS4Button
                0x8001a53c                Draw__27tMenuItemGoToMenuNFS4Buttoniib
                0x8001a7b8                TransitionOn__27tMenuItemGoToMenuNFS4Button
                0x8001a7c8                TransitionOff__27tMenuItemGoToMenuNFS4Button
                0x8001a7d4                TransitionIsFinished__27tMenuItemGoToMenuNFS4Button
                0x8001a7e0                UpdateTransition__27tMenuItemGoToMenuNFS4Buttonb
                0x8001a83c                __28tMenuItemNFS4LeftRightChoiceUiP13tListIteratorii
                0x8001a8a0                ___28tMenuItemNFS4LeftRightChoice
                0x8001a8c8                Draw__28tMenuItemNFS4LeftRightChoiceiib
                0x8001ab5c                TransitionOn__28tMenuItemNFS4LeftRightChoice
                0x8001ab6c                TransitionOff__28tMenuItemNFS4LeftRightChoice
                0x8001ab78                TransitionIsFinished__28tMenuItemNFS4LeftRightChoice
                0x8001ab84                UpdateTransition__28tMenuItemNFS4LeftRightChoiceb
                0x8001abe0                Draw__31tMenuItemOptionsLeftRightChoiceiib
                0x8001adb8                TransitionOn__29tMenuItemOptionsTwoItemChoice
                0x8001ae14                Draw__29tMenuItemOptionsTwoItemChoiceiib
                0x8001b098                __9tMenuNFS4UiP7tScreenP5tMenuT3PFR12tMenuCommand_vsP9tMenuIteme
                0x8001b100                __9tMenuNFS4UiP7tScreenP5tMenuT3PFR12tMenuCommand_vs
                0x8001b158                ___9tMenuNFS4
                0x8001b180                Initialize__9tMenuNFS4
                0x8001b230                ProcessInput__9tMenuNFS47tPlayerR13tInputKeyTypeR12tMenuCommand
                0x8001b250                TransitionOff__9tMenuNFS4
                0x8001b2d8                TransitionOn__9tMenuNFS4
                0x8001b360                TransitionIsFinished__9tMenuNFS4
                0x8001b400                UpdateTransition__9tMenuNFS4
                0x8001b494                DrawItem__9tMenuNFS4i
                0x8001b4f4                Draw__9tMenuNFS4
                0x8001b63c                __18tMenuNFS4TwoPlayerUiP7tScreenP5tMenuT3PFR12tMenuCommand_vsP9tMenuIteme
                0x8001b6a8                ___18tMenuNFS4TwoPlayer
                0x8001b6d0                DrawItem__18tMenuNFS4TwoPlayeri
                0x8001b748                __15tMenuNFS4BottomUiP7tScreenP5tMenuT3PFR12tMenuCommand_vsP9tMenuIteme
                0x8001b7b0                ___15tMenuNFS4Bottom
                0x8001b7d8                Draw__15tMenuNFS4Bottom
                0x8001b898                __10tMenuBlankUiP7tScreenP5tMenuT3PFR12tMenuCommand_vs
                0x8001b8fc                ___10tMenuBlank
                0x8001b924                Draw__10tMenuBlank
                0x8001b988                ProcessInput__10tMenuBlank7tPlayerR13tInputKeyTypeR12tMenuCommand
                0x8001b9cc                Initialize__10tMenuBlank
                0x8001b9d4                DebounceKeys__10tMenuBlank
                0x8001b9dc                TransitionOff__10tMenuBlank
                0x8001b9f8                TransitionOn__10tMenuBlank
                0x8001ba10                TransitionIsFinished__10tMenuBlank
                0x8001ba4c                __12tMenuOptionsUiP7tScreenP5tMenuT3PFR12tMenuCommand_vssP9tMenuIteme
                0x8001bac4                ___12tMenuOptions
                0x8001baec                Draw__12tMenuOptions
                0x8001bdc4                TransitionOff__12tMenuOptions
                0x8001be00                TransitionOn__12tMenuOptions
                0x8001be98                TransitionIsFinished__12tMenuOptions
                0x8001bebc                ProcessInput__12tMenuOptions7tPlayerR13tInputKeyTypeR12tMenuCommand
                0x8001bef0                IsSubMenu__12tMenuOptions
                0x8001bef8                UpdateTransition__10tMenuBlank
                0x8001bf00                ___29tMenuItemOptionsTwoItemChoice
                0x8001bf20                ___31tMenuItemOptionsLeftRightChoice
                0x8001bf40                Draw__27tMenuItemGoToMenuNFS4Buttonb

.t0006          0x8001bf48     0x4d90
 build/recon/frontend/common/femenuoptions.cpp.o(.text)
 .text          0x8001bf48     0x4d90 build/recon/frontend/common/femenuoptions.cpp.o
                0x8001bf48                CalcPulsateYellow__Fv
                0x8001bfa0                DrawLeftFlare__FiiiRi
                0x8001c0fc                SubtractiveBox__Fiiiiiiii
                0x8001c25c                TransitionOff__27tMenuItemGoToMenuButtonFade
                0x8001c268                TransitionOn__27tMenuItemGoToMenuButtonFade
                0x8001c284                TransitionIsFinished__27tMenuItemGoToMenuButtonFade
                0x8001c2dc                UpdateTransition__27tMenuItemGoToMenuButtonFadeb
                0x8001c358                __22tMenuItemLeftRightFadeUiP13tListIterator
                0x8001c394                TransitionOff__22tMenuItemLeftRightFade
                0x8001c3ac                TransitionOn__22tMenuItemLeftRightFade
                0x8001c3d0                TransitionIsFinished__22tMenuItemLeftRightFade
                0x8001c438                UpdateTransition__22tMenuItemLeftRightFadeb
                0x8001c4b4                __12tOptionsMenuUiP7tScreenP5tMenuT3PFR12tMenuCommand_vsiiP9tMenuIteme
                0x8001c544                ___12tOptionsMenu
                0x8001c56c                DebounceKeys__12tOptionsMenu
                0x8001c5d8                TransitionOff__12tOptionsMenu
                0x8001c670                TransitionOn__12tOptionsMenu
                0x8001c70c                TransitionIsFinished__12tOptionsMenu
                0x8001c854                UpdateTransition__12tOptionsMenu
                0x8001cb04                Draw__12tOptionsMenu
                0x8001cd08                ProcessInput__12tOptionsMenu7tPlayerR13tInputKeyTypeR12tMenuCommand
                0x8001cd90                __14tInsideBoxMenuUiP7tScreenP5tMenuT3PFR12tMenuCommand_vsP9tMenuIteme
                0x8001ce04                ___14tInsideBoxMenu
                0x8001ce2c                ProcessInput__14tInsideBoxMenu7tPlayerR13tInputKeyTypeR12tMenuCommand
                0x8001cefc                Draw__14tInsideBoxMenusssss
                0x8001d160                __20tMenuItemSlidingMenuUissssb
                0x8001d208                ___20tMenuItemSlidingMenu
                0x8001d230                TransitionOff__20tMenuItemSlidingMenu
                0x8001d25c                TransitionOn__20tMenuItemSlidingMenu
                0x8001d294                TransitionIsFinished__20tMenuItemSlidingMenu
                0x8001d31c                UpdateTransition__20tMenuItemSlidingMenub
                0x8001d398                DebounceKeys__20tMenuItemSlidingMenu
                0x8001d3e0                Draw__20tMenuItemSlidingMenub
                0x8001d41c                UpdatefOpenHeight__20tMenuItemSlidingMenub
                0x8001d63c                Draw__20tMenuItemSlidingMenuiib
                0x8001dc80                ProcessInput__20tMenuItemSlidingMenu7tPlayerR13tInputKeyTypeR12tMenuCommand
                0x8001dd28                SetMenu__20tMenuItemSlidingMenubP14tInsideBoxMenu
                0x8001dd6c                UpdatefOpenHeight__25tMenuItemSlidingActivatedb
                0x8001ddd4                TransitionOff__25tMenuItemSlidingActivated
                0x8001de00                TransitionOn__25tMenuItemSlidingActivated
                0x8001de40                TransitionIsFinished__25tMenuItemSlidingActivated
                0x8001dec8                UpdateTransition__25tMenuItemSlidingActivatedb
                0x8001df44                ProcessInput__25tMenuItemSlidingActivated7tPlayerR13tInputKeyTypeR12tMenuCommand
                0x8001e13c                MyLeftRightDraw__22tMenuItemLeftRightFadeii
                0x8001e230                Draw__31tMenuItemDisplayLeftRightChoiceiib
                0x8001e320                TransitionOn__29tMenuItemOnOffLeftRightChoice
                0x8001e384                Draw__29tMenuItemOnOffLeftRightChoiceiib
                0x8001e4fc                __29tMenuItemLeftRightAudioSliderUiP13tListIteratori
                0x8001e548                ___29tMenuItemLeftRightAudioSlider
                0x8001e570                Draw__29tMenuItemLeftRightAudioSlideriib
                0x8001e77c                Percentage__29tMenuItemLeftRightAudioSlider
                0x8001e850                TransitionOff__29tMenuItemLeftRightAudioSlider
                0x8001e860                TransitionOn__29tMenuItemLeftRightAudioSlider
                0x8001e878                TransitionIsFinished__29tMenuItemLeftRightAudioSlider
                0x8001e8d4                UpdateTransition__29tMenuItemLeftRightAudioSliderb
                0x8001e920                __18tInsideBoxSongMenuUiP7tScreenP5tMenuT3PFR12tMenuCommand_vsP9tMenuIteme
                0x8001e9b0                ___18tInsideBoxSongMenu
                0x8001e9d8                Draw__18tInsideBoxSongMenusssss
                0x8001ec48                DrawOneSong__18tInsideBoxSongMenussssss
                0x8001ee74                DebounceKeys__18tInsideBoxSongMenu
                0x8001ee7c                ProcessInput__18tInsideBoxSongMenu7tPlayerR13tInputKeyTypeR12tMenuCommand
                0x8001f084                Draw__34tMenuItemControllerLeftRightChoiceiib
                0x8001f288                __25tInsideBoxLeftRightSliderUiP13tListIterator
                0x8001f2c8                ___25tInsideBoxLeftRightSlider
                0x8001f2f0                Draw__25tInsideBoxLeftRightSlideriiib
                0x8001f474                __22tInsideBoxTwoWaySliderUiP13tListIteratori
                0x8001f4c8                ___22tInsideBoxTwoWaySlider
                0x8001f4f0                ProcessInput__22tInsideBoxTwoWaySlider7tPlayerR13tInputKeyTypeR12tMenuCommand
                0x8001f5a0                Draw__22tInsideBoxTwoWaySlideriiib
                0x8001f860                GetCurrentStickRange__Fi
                0x8001f8bc                GetCurrentStickRange2__Fi
                0x8001f918                Calibrate__22tInsideBoxTwoWaySlider
                0x8001fc38                __17tUserNameMenuItemUi
                0x8001fcac                CheckForCheats__FPc
                0x8001fd2c                ProcessInput__17tUserNameMenuItem7tPlayerR13tInputKeyTypeR12tMenuCommand
                0x800200ec                SpecialCharacter__Fc
                0x8002017c                Draw__17tUserNameMenuItemb
                0x80020574                TransitionOff__17tUserNameMenuItem
                0x80020580                TransitionOn__17tUserNameMenuItem
                0x800207b4                TransitionIsFinished__17tUserNameMenuItem
                0x80020820                UpdateTransition__17tUserNameMenuItemb
                0x8002089c                Draw__19tMemoryCardMenuItemb
                0x80020af4                ProcessInput__35tInsideBoxControllerLeftRightSlider7tPlayerR13tInputKeyTypeR12tMenuCommand
                0x80020bb8                ___35tInsideBoxControllerLeftRightSlider
                0x80020bd8                ___19tMemoryCardMenuItem
                0x80020bf8                ___27tMenuItemGoToMenuButtonFade
                0x80020c18                ___17tUserNameMenuItem
                0x80020c38                ___34tMenuItemControllerLeftRightChoice
                0x80020c58                ___29tMenuItemOnOffLeftRightChoice
                0x80020c78                ___31tMenuItemDisplayLeftRightChoice
                0x80020c98                ___25tMenuItemSlidingActivated
                0x80020cb8                ___22tMenuItemLeftRightFade

.t0007          0x80020cd8      0xd34
 build/recon/frontend/common/fetextrender.cpp.o(.text)
 .text          0x80020cd8      0xd34 build/recon/frontend/common/fetextrender.cpp.o
                0x80020cd8                FETextRender_SetFont__Fi
                0x80020d4c                FETextRender_FullTextRGB__FPcssics
                0x80020ec0                FETextRender_FullText__FPcss13tMenuTextType14tMenuTextStates
                0x80020f44                FETextRender_FullTextFade__FiPcss13tMenuTextType14tMenuTextStates
                0x80021014                FETextRender_MenuTextPositioned__Fsss14tMenuTextState13tMenuTextType
                0x800210b4                FETextRender_MenuTextFade__Fis14tMenuTextState13tMenuTextType
                0x80021180                FETextRender_MenuTextPositionedJustify__Fssss14tMenuTextState13tMenuTextType
                0x800211d4                FETextRender_MenuTextPositionedJustifyFade__Fissss14tMenuTextState13tMenuTextType
                0x800212a4                FETextRender_WordWrapTextRGBJustify__FPcR4RECTiiib
                0x80021718                FETextRender_WordWrapTextRGB__FPcR4RECTi
                0x80021740                FETextRender_WordWrapTextFade__FiPcR4RECT14tMenuTextState13tMenuTextType
                0x800217e8                FETextRender_WordWrapText__FPcR4RECT14tMenuTextState13tMenuTextType
                0x80021824                FETextRender_WordWrapFade__FisR4RECT14tMenuTextState13tMenuTextType
                0x8002188c                FETextRender_WordWrap__FsR4RECT14tMenuTextState13tMenuTextType
                0x800218c8                FETextRender_WordWrapHeight__FsPc
                0x80021914                FETextRender_Title__Fs
                0x800219e8                FETextRender_SetABR__Fib

.t0008          0x80021a10      0x5e8
 build/recon/frontend/common/fetracks.cpp.o(.text)
 .text          0x80021a10      0x5e8 build/recon/frontend/common/fetracks.cpp.o
                0x80021a10                Initialize__13tTrackManager
                0x80021a50                LoadTracks__13tTrackManagerR14tSaveTrackInfo
                0x80021a7c                SaveTracks__13tTrackManagerR14tSaveTrackInfo
                0x80021aa4                GetTrack__13tTrackManagersR17tTrackInformation
                0x80021b14                LoadDescription__13tTrackManager
                0x80021c4c                ReleaseDescription__13tTrackManager
                0x80021c8c                SetTrackAvailable__13tTrackManagersb
                0x80021ca0                SetClassAvailable__13tTrackManager15tTrackClassTypeb
                0x80021d00                GetTrackByID__13tTrackManagers
                0x80021d54                __18tListIteratorTrackPcT1P13tTrackManager
                0x80021dac                ___18tListIteratorTrack
                0x80021dd4                TextValue__18tListIteratorTrack7tPlayer
                0x80021e14                Increment__18tListIteratorTrack7tPlayer
                0x80021ec0                Decrement__18tListIteratorTrack7tPlayer
                0x80021f50                ValidTrack__18tListIteratorTrackc

.t0009          0x80023240      0x658
 build/recon/frontend/common/fecheats.cpp.o(.text)
 .text          0x80023240      0x658 build/recon/frontend/common/fecheats.cpp.o
                0x80023240                FECheat_HandleActivation__F10tCheatCode
                0x80023410                FECheat_EncodeString__FPcT0
                0x8002349c                FECheat_EncodeString2__FPcT0
                0x800235d8                FECheat_ActivateBonus__F10tCheatCode
                0x80023614                FECheat_ActivateCheat__FPc
                0x8002371c                FECheat_IsCheatEnabled__F10tCheatCode
                0x80023748                FECheat_SaveBonus__FRUl
                0x80023758                FECheat_LoadBonus__FRUl
                0x800237d0                FECheat_IsTheUserACryBabyCheater__Fv
                0x800237e0                FECheat_ActivateBonusByCode__FPc

.t0010          0x80023898      0x538
 build/recon/frontend/common/feinput.cpp.o(.text)
 .text          0x80023898      0x538 build/recon/frontend/common/feinput.cpp.o
                0x80023898                FEInput_VerifyControllerValues__Fi
                0x800238f8                FEInput_GetNoDebounceKey__Fii
                0x80023b74                FEInput_GetDebounceKey__Fii
                0x80023c88                FEInput_GetKeyFromPlayer__F7tPlayerl

.t0011          0x80023dd0     0x1d08
 build/recon/frontend/common/femenu.cpp.o(.text)
 .text          0x80023dd0     0x1d08 build/recon/frontend/common/femenu.cpp.o
                0x80023dd0                __13tListIteratorPsPc
                0x80023df4                ___13tListIterator
                0x80023e28                Value__13tListIterator7tPlayer
                0x80023e3c                TextValue__13tListIterator7tPlayer
                0x80023e8c                Increment__13tListIterator7tPlayer
                0x80023ed8                Decrement__13tListIterator7tPlayer
                0x80023f60                __20tListIteratorIndexedPsPcT2
                0x80023fa4                ___20tListIteratorIndexed
                0x80023fcc                Value__20tListIteratorIndexed7tPlayer
                0x80023ff0                TextValue__20tListIteratorIndexed7tPlayer
                0x80024040                Increment__20tListIteratorIndexed7tPlayer
                0x800240a8                Decrement__20tListIteratorIndexed7tPlayer
                0x80024154                ___26tListIteratorDoubleIndexed
                0x8002417c                Value__26tListIteratorDoubleIndexed7tPlayer
                0x800241b8                TextValue__26tListIteratorDoubleIndexed7tPlayer
                0x80024208                Increment__26tListIteratorDoubleIndexed7tPlayer
                0x800242a4                Decrement__26tListIteratorDoubleIndexed7tPlayer
                0x80024390                ___24tListIteratorMultiPlayer
                0x800243b8                Value__24tListIteratorMultiPlayer7tPlayer
                0x800243e0                TextValue__24tListIteratorMultiPlayer7tPlayer
                0x80024430                Increment__24tListIteratorMultiPlayer7tPlayer
                0x80024494                Decrement__24tListIteratorMultiPlayer7tPlayer
                0x80024534                __18tListIteratorRangeccPc
                0x80024590                ___18tListIteratorRange
                0x800245b8                Value__18tListIteratorRange7tPlayer
                0x800245cc                TextValue__18tListIteratorRange7tPlayer
                0x800245d4                Increment__18tListIteratorRange7tPlayer
                0x800245fc                Decrement__18tListIteratorRange7tPlayer
                0x80024624                __25tListIteratorRangeIndexedccPcT3
                0x80024670                ___25tListIteratorRangeIndexed
                0x80024698                Value__25tListIteratorRangeIndexed7tPlayer
                0x800246bc                Increment__25tListIteratorRangeIndexed7tPlayer
                0x800246f8                Decrement__25tListIteratorRangeIndexed7tPlayer
                0x80024734                __9tMenuItemUi
                0x80024764                ___9tMenuItem
                0x80024798                DebounceKeys__9tMenuItem
                0x800247a0                ProcessInput__9tMenuItem7tPlayerR13tInputKeyTypeR12tMenuCommand
                0x800247a8                UpdateTransition__9tMenuItemb
                0x800247c8                TransitionIsFinished__9tMenuItem
                0x800247d0                UpdateSelFade__9tMenuItemb
                0x80024828                Draw__9tMenuItemiib
                0x80024864                Draw__9tMenuItemiiib
                0x800248a8                __20tMenuItemInteractiveUi
                0x800248dc                ___20tMenuItemInteractive
                0x80024904                __24tMenuItemLeftRightChoiceUiP13tListIterator
                0x80024954                ___24tMenuItemLeftRightChoice
                0x8002497c                ProcessInput__24tMenuItemLeftRightChoice7tPlayerR13tInputKeyTypeR12tMenuCommand
                0x80024a2c                Draw__24tMenuItemLeftRightChoiceb
                0x80024af8                __24tMenuItemLeftRightSliderUiP13tListIterator
                0x80024b54                ___24tMenuItemLeftRightSlider
                0x80024b7c                DebounceKeys__24tMenuItemLeftRightSlider
                0x80024b84                ProcessInput__24tMenuItemLeftRightSlider7tPlayerR13tInputKeyTypeR12tMenuCommand
                0x80024c2c                DrawSlider__FsssssssssbT9ss
                0x80025204                Draw__24tMenuItemLeftRightSliderb
                0x80025330                SetDimensions__24tMenuItemLeftRightSliderssss
                0x80025348                __23tMenuItemGoToMenuButtonUiP5tMenuPFR12tMenuCommand_v
                0x8002539c                ___23tMenuItemGoToMenuButton
                0x800253c4                ProcessInput__23tMenuItemGoToMenuButton7tPlayerR13tInputKeyTypeR12tMenuCommand
                0x80025454                tMenuConstructor__5tMenuP9tMenuItemPv
                0x8002548c                __5tMenuUiP7tScreenP5tMenuT3PFR12tMenuCommand_vs
                0x800254d0                ___5tMenu
                0x80025504                Initialize__5tMenu
                0x80025598                ProcessInput__5tMenu7tPlayerR13tInputKeyTypeR12tMenuCommand
                0x800258b4                GetNumberEnabledItems__5tMenu
                0x8002591c                Draw__5tMenu
                0x800259c8                UpdateTransition__5tMenu
                0x80025a5c                TransitionOff__5tMenu
                0x80025a64                TransitionOn__5tMenu
                0x80025a6c                TransitionIsFinished__5tMenu
                0x80025a74                IsSubMenu__5tMenu
                0x80025a7c                DebounceKeys__5tMenu
                0x80025ac8                TransitionOn__9tMenuItem
                0x80025ad0                TransitionOff__9tMenuItem

.t0012          0x800268f0      0x564
 build/recon/frontend/common/fetools.cpp.o(.text)
 .text          0x800268f0      0x564 build/recon/frontend/common/fetools.cpp.o
                0x800268f0                s_upper__FPc
                0x80026950                s_lower__FPc
                0x800269b0                FeTools_DrawPSXButton__FUcUsii
                0x80026ba8                FeTools_init__Fv
                0x80026c90                FeTools_deinit__Fv
                0x80026ce0                FeTools_FormatMoney__FPcl

.t0013          0x80026e58     0x5284
 build/recon/frontend/common/front.cpp.o(.text)
 .text          0x80026e58     0x5284 build/recon/frontend/common/front.cpp.o
                0x80026e58                Front_ConstructAll__Fv
                0x80026fe8                Front_DeleteAll__Fv
                0x8002704c                Front_ResetSettingsForCar__Fii
                0x8002709c                Front_ResetSettingsMenu__Fi
                0x800270e4                Front_ResetPSXController__Fii
                0x80027150                Front_ResetPSXAnalogs__Fi
                0x80027194                GetPSXPadValue__Fii
                0x8002750c                SetPads__Fv
                0x80027648                InitFrontEndStructure__Fv
                0x80027940                LoadConfig__Fv
                0x80027948                Front_InitialMemCardCheck__Fv
                0x80027994                Front_SecondaryMemCardCheck__Fv
                0x80027a5c                Front_InitGraphics__Fv
                0x80027ad4                Front_InitGraphicsAndDisplayLoading__Fv
                0x80027af4                Front_Menu__F21tFront_ProcessingType
                0x80027da8                OutputDisplaySettings__FPiiiR17tTrackInformation
                0x80027fc0                Front_GetLapsForType__Fv
                0x80028068                Front_InitStream__FR9tFEStream
                0x80028098                Front_InitPlayerCars__FR9tFEStream
                0x8002845c                Front_InitTourneyTraffic__FR9tFEStream
                0x800285d0                Front_InitOpponentCars__FR9tFEStream
                0x80028b64                Front_InitMissions__FR9tFEStream
                0x80028c94                Front_InitCopCars__FR9tFEStream
                0x80029054                Front_InitPerps__FR9tFEStream
                0x8002921c                Front_InitTrack__FR9tFEStream
                0x800293e0                Front_InitTraffic__FR9tFEStream
                0x80029618                Front_AppendPlayerCarData__FPiR9tFEStream
                0x80029afc                Front_AppendOpponentData__FPiR9tFEStream
                0x80029e30                Front_AppendCopData__FPiR9tFEStream
                0x8002a084                Front_AppendPerpData__FPiR9tFEStream
                0x8002a31c                Front_AppendTrafficData__FPiR9tFEStream
                0x8002a56c                Front_AppendTrackData__FPiR9tFEStream
                0x8002a6ac                Front_EnableLocalSpeech__Fv
                0x8002a738                Front_BuildStream__FPi
                0x8002b6d8                Front_GetInGameVars__Fv
                0x8002b7cc                SetLicensePlate__Fv
                0x8002b874                SetPlayList__Fi
                0x8002b960                Front_GetTrackRaced__Fv
                0x8002b9d0                PlayerNameExist__Fi
                0x8002b9fc                PlayerName__Fi
                0x8002ba88                PlayerNameMixedCase__Fi
                0x8002baf4                __11tAllScreens
                0x8002bf0c                ___11tAllScreens

.t0014          0x8002c0e0     0x60e4
 build/recon/frontend/common/femenudefs.cpp.o(.text)
 .text          0x8002c0e0     0x60e4 build/recon/frontend/common/femenudefs.cpp.o
                0x8002c0e0                MenuExtended_SetOnePlayer__FR12tMenuCommand
                0x8002c12c                MenuExtended_SetTwoPlayer__FR12tMenuCommand
                0x8002c17c                MenuExtended_SetTestDrive__FR12tMenuCommand
                0x8002c198                MenuExtended_SetSingleRace__FR12tMenuCommand
                0x8002c1d8                MenuExtended_SetTournament__FR12tMenuCommand
                0x8002c220                MenuExtended_SetSpecialEvent__FR12tMenuCommand
                0x8002c268                MenuExtended_SetSoloRace__FR12tMenuCommand
                0x8002c288                MenuExtended_GoToTwoPlayerSingleRace__FR12tMenuCommand
                0x8002c39c                MenuExtended_SetDuelRace__FR12tMenuCommand
                0x8002c3dc                MenuExtended_SetFullGrid__FR12tMenuCommand
                0x8002c41c                AskTheUserToSaveTheGame__Fv
                0x8002c494                MenuExtended_TransitionFromPostGameToMainMenu__FR12tMenuCommand
                0x8002c4b0                MenuExtended_TransitionFromPostGameToMainMenuAndSaveGame__FR12tMenuCommand
                0x8002c4fc                MenuExtended_GoToCarSelect__FR12tMenuCommand
                0x8002c890                MenuExtended_GoToDealer__FR12tMenuCommand
                0x8002c8f8                MenuExtended_GoToSeller__FR12tMenuCommand
                0x8002c960                MenuExtended_GoToUpgrades__FR12tMenuCommand
                0x8002c9a0                GenericMenuSaveGame__Fi
                0x8002cabc                PinkSlipsPreSave__Fv
                0x8002cb84                MenuExtended_GoToBestOfOne__FR12tMenuCommand
                0x8002cbe0                MenuExtended_GoToBestOfThree__FR12tMenuCommand
                0x8002cc3c                MenuExtended_GoToBestOfFive__FR12tMenuCommand
                0x8002cc98                MenuExtended_GoToRace__FR12tMenuCommand
                0x8002cdf4                MenuExtended_GoTo2PlayerRace__FR12tMenuCommand
                0x8002cf40                MenuExtended_GoToTournTrackInfo__FR12tMenuCommand
                0x8002d0a8                MenuExtended_GoToSpecialEventTrackInfo__FR12tMenuCommand
                0x8002d214                MenuExtended_EnterUserName__FR12tMenuCommand
                0x8002d278                MenuExtended_GoToShowroom__FR12tMenuCommand
                0x8002d2b8                MenuExtended_GoToDealerShowroom__FR12tMenuCommand
                0x8002d2f8                MenuExtended_SetHPSoloRace__FR12tMenuCommand
                0x8002d324                MenuExtended_SetHPDuelRace__FR12tMenuCommand
                0x8002d350                MenuExtended_SetHotPursuit__FR12tMenuCommand
                0x8002d3a0                MenuExtended_SellCar__FR12tMenuCommand
                0x8002d4f8                MenuExtended_BuyCar__FR12tMenuCommand
                0x8002d64c                MenuExtended_PurchaseUpgrade__Fi
                0x8002d78c                MenuExtended_PurchaseUpgrade1__FR12tMenuCommand
                0x8002d7ac                MenuExtended_PurchaseUpgrade2__FR12tMenuCommand
                0x8002d7cc                MenuExtended_PurchaseUpgrade3__FR12tMenuCommand
                0x8002d7ec                MenuExtended_SaveGame__FR12tMenuCommand
                0x8002d83c                GenericMenuLoadGame__Fi
                0x8002d8d0                MenuExtended_LoadGame__FR12tMenuCommand
                0x8002d968                MenuExtended_TierFinished__FR12tMenuCommand
                0x8002d9e8                MenuExtended_DidUserWinBeTheCop__Fv
                0x8002db04                MenuExtended_PostGameMenu__FR12tMenuCommand
                0x8002dc04                MenuExtended_FinishedPlayer1GetName__FR12tMenuCommand
                0x8002dd14                MenuExtended_FinishedPlayer2GetName__FR12tMenuCommand
                0x8002ddb4                MenuExtended_SetPinkSlips__FR12tMenuCommand
                0x8002de74                MenuExtended_AwardPinkSlipsCar__FR12tMenuCommand
                0x8002e09c                MenuExtended_GoToGarage__FR12tMenuCommand
                0x8002e144                MenuExtended_GoToTournTrophyRoom__FR12tMenuCommand
                0x8002e150                MenuExtended_GoToSETrophyRoom__FR12tMenuCommand
                0x8002e160                MenuExtended_SetBeginner__FR12tMenuCommand
                0x8002e16c                MenuExtended_SetIntermediate__FR12tMenuCommand
                0x8002e17c                MenuExtended_SetExpert__FR12tMenuCommand
                0x8002e18c                MenuExtended_ExitTourney__FR12tMenuCommand
                0x8002e21c                MenuExtended_ExitPinkSlipsEarly__FR12tMenuCommand
                0x8002e34c                MenuExtended_PinkSlipsContinue__FR12tMenuCommand
                0x8002e3b8                __15tGlobalMenuDefs
                0x80031570                ___15tGlobalMenuDefs
                0x8003215c                TransitionIsFinished__32tBlankMenuItemGoToMenuNFS4Button
                0x80032164                Draw__32tBlankMenuItemGoToMenuNFS4Buttoniib
                0x8003216c                Draw__32tBlankMenuItemGoToMenuNFS4Buttonb
                0x80032174                ___32tBlankMenuItemGoToMenuNFS4Button
                0x80032194                TransitionIsFinished__33tBlankMenuItemNFS4LeftRightChoice
                0x8003219c                Draw__33tBlankMenuItemNFS4LeftRightChoiceiib
                0x800321a4                ___33tBlankMenuItemNFS4LeftRightChoice

.t0015          0x80032228     0x1e34
 build/recon/frontend/common/fetourn.cpp.o(.text)
 .text          0x80032228     0x1e34 build/recon/frontend/common/fetourn.cpp.o
                0x80032228                Initialize__18tTournamentManager
                0x800322fc                LoadDescription__18tTournamentManager
                0x80032548                ReleaseDescription__18tTournamentManager
                0x80032584                UpdateTrackList__18tTournamentManagerss
                0x80032654                GetTrackList__18tTournamentManagerss
                0x8003268c                GetTrackToRace__18tTournamentManagerR10tTrackInfo
                0x80032784                StartNewTournament__18tTournamentManagerUcUc
                0x800329bc                IsTournamentFinished__18tTournamentManager
                0x80032a50                tournPointsCompare__FPcT0
                0x80032adc                UpdateTournFinishMoney__18tTournamentManager
                0x80032c0c                UpdateTrackFinishMoney__18tTournamentManager
                0x80032c6c                CalcTrackFinishDamageBill__18tTournamentManagerbRlT2
                0x80032e30                UpdateTrackFinishPoints__18tTournamentManager
                0x80033048                AdvanceToNextTrack__18tTournamentManager
                0x8003348c                GetLastTrackRaced__18tTournamentManager
                0x800334fc                SaveTournament__18tTournamentManagerR15tSaveTournament
                0x80033544                LoadTournament__18tTournamentManagerR15tSaveTournament
                0x8003358c                GetNumCompetitors__18tTournamentManager
                0x800335d8                UpdateCarLineup__18tTournamentManager
                0x80033688                GetTrackFinishPrize__18tTournamentManagers
                0x80033860                GetTournamentFinishPrize__18tTournamentManagers
                0x800338d4                GetAwardInformation__18tTournamentManagerR17tAwardInformation
                0x80033914                UpdateAwardInformation__18tTournamentManager
                0x80033a8c                TournPointTotal__18tTournamentManagerPs
                0x80033aa8                PlayerRanking__18tTournamentManagers
                0x80033b38                CalcTierFinishPrize__18tTournamentManager
                0x80033b64                GetTrophyName__18tTournamentManagerP12tTourneyInfo11tTrophySizePci
                0x80033c24                ValidCar__18tTournamentManagerR8tCarInfo
                0x80033d9c                __23tListIteratorTournamentPcP18tTournamentManager
                0x80033dec                ___23tListIteratorTournament
                0x80033e14                Value__23tListIteratorTournament7tPlayer
                0x80033e28                TextValue__23tListIteratorTournament7tPlayer
                0x80033e80                Increment__23tListIteratorTournament7tPlayer
                0x80033f20                Decrement__23tListIteratorTournament7tPlayer
                0x80033fb0                ValidTournament__23tListIteratorTournamentc

.t0016          0x80034060      0x240
 build/recon/frontend/common/femission.cpp.o(.text)
 .text          0x80034060      0x240 build/recon/frontend/common/femission.cpp.o
                0x80034060                Initialize__15tMissionManager
                0x8003407c                LoadDescription__15tMissionManagerb
                0x800341b8                ReleaseDescription__15tMissionManager
                0x800341f4                GetMissionStages__15tMissionManagerssPP10tStageInfo
                0x8003425c                GetMissionToRace__15tMissionManagerPP12tMissionInfo

.t0017          0x800342a0     0x1844
 build/recon/frontend/common/fememcard.cpp.o(.text)
 .text          0x800342a0     0x1844 build/recon/frontend/common/fememcard.cpp.o
                0x800342a0                ChecksumData__FP12tMemCardData
                0x80034318                VerifySuccessfulRead__FP12tMemCardData
                0x800343f0                MakeWayForMemoryCard__Fv
                0x80034414                BringThatBeatBack__Fv
                0x80034438                Confirm__Fii
                0x800345ec                OverwriteConfirm__Fv
                0x80034618                OverwriteAlwaysYes__Fv
                0x80034620                FormatConfirm__Fv
                0x8003464c                LoadingProc__Fv
                0x80034654                LoadingRedrawProc__Fv
                0x8003467c                SavingProc__Fv
                0x800346a4                Init_Memcard__FbT0
                0x80034800                DeInit_Memcard__Fv
                0x800348a0                Init_MemcardFile__FR12MCRDFILE_defsb
                0x80034988                SaveGame__Fs
                0x80034e18                LoadGame__FsbT1
                0x800353f0                SavePinkSlipsCars__Fss
                0x80035778                SavePinkSlipsCarsWithErrorDialogs__Fsss

.t0018          0x80035ae8      0xca8
 build/recon/frontend/common/fecredits.cpp.o(.text)
 .text          0x80035ae8      0xca8 build/recon/frontend/common/fecredits.cpp.o
                0x80035ae8                Setup__14tCreditManager
                0x80035af8                Init__14tCreditManageri
                0x80035bd8                DeInit__14tCreditManager
                0x80035be4                RealDeInit__14tCreditManager
                0x80035c24                Draw__14tCreditManagerb
                0x80035d68                SetupCurrCredit__14tCreditManager
                0x80036084                DrawCurrCredit__14tCreditManager

.t0019          0x80036790      0x78c
 build/recon/frontend/common/fevideowall.cpp.o(.text)
 .text          0x80036790      0x78c build/recon/frontend/common/fevideowall.cpp.o
                0x80036790                Initialize__10tVideoWallP9tTVConfigP18tTexture_ShapeInfossPss
                0x80036840                UpdateImages__10tVideoWall
                0x8003698c                SetAvailableText__10tVideoWallsss
                0x800369a8                SetAvailableIcon__10tVideoWallssssP18tTexture_ShapeInfo
                0x800369c8                SetOffset__10tVideoWallss
                0x800369d4                SetAvailable__10tVideoWalls
                0x800369dc                SetValid__10tVideoWalls
                0x800369e4                UpdateTransition__10tVideoWall
                0x80036bb4                Draw__10tVideoWall
                0x80036e58                TurnOff__10tVideoWall
                0x80036e7c                TurnOffInstant__10tVideoWall
                0x80036ef8                TurnOn__10tVideoWall

.t0020          0x80036f20     0x1c44
 build/recon/frontend/common/screenmain.cpp.o(.text)
 .text          0x80036f20     0x1c44 build/recon/frontend/common/screenmain.cpp.o
                0x80036f20                SwapBackground__11tScreenMaini
                0x800370dc                DoneLoadingBackground__11tScreenMain
                0x80037158                SetState__11tScreenMain16tScreenMainState
                0x8003742c                InitDynamicImages__11tScreenMain
                0x80037798                ProcessInput__11tScreenMain7tPlayerR13tInputKeyTypeR12tMenuCommand
                0x80037804                DrawDropShadow__11tScreenMain
                0x80037918                DrawVideoLines__11tScreenMain
                0x800379c0                DrawBackground__11tScreenMain
                0x80038698                GetShapeInfo__11tScreenMainRsT1PPcT3
                0x800386c8                PreLoad__11tScreenMain
                0x800388d4                Initialize__11tScreenMain
                0x80038ad8                Cleanup__11tScreenMain
                0x80038b44                ___11tScreenMain

.t0021          0x80038b68      0xc84
 build/recon/frontend/common/screenpinkslips.cpp.o(.text)
 .text          0x80038b68      0xc84 build/recon/frontend/common/screenpinkslips.cpp.o
                0x80038b68                DrawBackground__16tScreenPinkSlips
                0x80039118                GetShapeInfo__16tScreenPinkSlipsRsT1PPcT3
                0x800391d8                Initialize__16tScreenPinkSlips
                0x80039320                Cleanup__16tScreenPinkSlips
                0x80039368                UpdateVideoWall__16tScreenPinkSlipsR17tTrackInformation
                0x80039414                DrawVideoWall__16tScreenPinkSlips
                0x80039690                ProcessInput__16tScreenPinkSlips7tPlayerR13tInputKeyTypeR12tMenuCommand
                0x800397cc                ___16tScreenPinkSlips

.t0022          0x800397f0     0x10f4
 build/recon/frontend/common/screenpost.cpp.o(.text)
 .text          0x800397f0     0x10f4 build/recon/frontend/common/screenpost.cpp.o
                0x800397f0                DrawMoney__Fiiilii
                0x80039928                __26tScreenTournamentStandings
                0x80039960                Initialize__26tScreenTournamentStandings
                0x80039aec                Cleanup__26tScreenTournamentStandings
                0x80039b0c                GetShapeInfo__26tScreenTournamentStandingsRsT1PPcT3
                0x80039b30                GetShapeInfo__31tScreenTournamentStandings3itemRsT1PPcT3
                0x80039b54                ProcessInput__26tScreenTournamentStandings7tPlayerR13tInputKeyTypeR12tMenuCommand
                0x80039b84                DrawBackground__26tScreenTournamentStandings
                0x8003a440                DrawBackground__24tScreenPinkSlipStandings
                0x8003a864                ProcessInput__24tScreenPinkSlipStandings7tPlayerR13tInputKeyTypeR12tMenuCommand
                0x8003a884                ___24tScreenPinkSlipStandings
                0x8003a8a4                ___31tScreenTournamentStandings3item
                0x8003a8c4                ___26tScreenTournamentStandings

.t0023          0x8003a8f0     0x4e88
 build/recon/frontend/common/screencarselect.cpp.o(.text)
 .text          0x8003a8f0     0x4e88 build/recon/frontend/common/screencarselect.cpp.o
                0x8003a8f0                TransformVector
                0x8003a9d4                DrawCar__FR8tCarInfossffcbUl7tPlayer
                0x8003ab80                __16tScreenCarSelect
                0x8003ac90                ___16tScreenCarSelect
                0x8003acb8                Cleanup__16tScreenCarSelect
                0x8003ad00                DrawOverlay__16tScreenCarSelectP8tOverlay
                0x8003b59c                SetState__16tScreenCarSelecti
                0x8003b820                CalcSplinePosition__16tScreenCarSelectiiiiUlRiN46
                0x8003bae0                GetShapeInfo__16tScreenCarSelectRsT1PPcT3
                0x8003bba4                UpdateVideoWall__16tScreenCarSelectR8tCarInfo
                0x8003bc74                AllocateAsyncBuffer__16tScreenCarSelect
                0x8003bca8                FreeAsyncBuffer__16tScreenCarSelect
                0x8003bcd0                InitializeVideoWall__16tScreenCarSelect
                0x8003bd88                Initialize__16tScreenCarSelect
                0x8003bf90                ProcessInput__16tScreenCarSelect7tPlayerR13tInputKeyTypeR12tMenuCommand
                0x8003c118                DrawVideoWall__16tScreenCarSelects
                0x8003c224                GetCar__16tScreenCarSelectR8tCarInfo
                0x8003c4a4                SetBrightness__16tScreenCarSelectss
                0x8003c4b8                UpdateBrightness__16tScreenCarSelects
                0x8003c53c                DrawBackground__16tScreenCarSelect
                0x8003c66c                DrawSliders__16tScreenCarSelectR8tCarInfoss
                0x8003c7d8                DrawForeground__16tScreenCarSelect
                0x8003d08c                PreLoad__20tScreenCarSelectDuel
                0x8003d1b4                AllocateAsyncBuffer__20tScreenCarSelectDuel
                0x8003d1bc                FreeAsyncBuffer__20tScreenCarSelectDuel
                0x8003d1e8                InitializeVideoWall__20tScreenCarSelectDuel
                0x8003d304                Initialize__20tScreenCarSelectDuel
                0x8003d334                Cleanup__20tScreenCarSelectDuel
                0x8003d364                DrawVideoWall__20tScreenCarSelectDuels
                0x8003d4bc                DrawOpponentVideoWall__20tScreenCarSelectDuels
                0x8003d5e0                GetShapeInfo__20tScreenCarSelectDuelRsT1PPcT3
                0x8003d69c                UpdateVideoWall__20tScreenCarSelectDuelR8tCarInfo
                0x8003d76c                UpdateOpponentVideoWall__20tScreenCarSelectDuelR8tCarInfo
                0x8003d7f0                DrawBackground__20tScreenCarSelectDuel
                0x8003de68                DrawForeground__20tScreenCarSelectDuel
                0x8003e040                GetCar__25tScreenCarSelectTwoPlayerR8tCarInfo
                0x8003e190                DrawVideoWall__25tScreenCarSelectTwoPlayers
                0x8003e330                GetShapeInfo__25tScreenCarSelectTwoPlayerRsT1PPcT3
                0x8003e3c8                UpdateVideoWall__25tScreenCarSelectTwoPlayerR8tCarInfo
                0x8003e49c                TurnOffVideoWall__25tScreenCarSelectTwoPlayer
                0x8003e4bc                DrawBackground__25tScreenCarSelectTwoPlayer
                0x8003ea14                DrawForeground__25tScreenCarSelectTwoPlayer
                0x8003ec50                SetDialog__25tScreenCarSelectTwoPlayer
                0x8003ed10                AllocateAsyncBuffer__25tScreenCarSelectTwoPlayer
                0x8003ed44                InitializeVideoWall__25tScreenCarSelectTwoPlayer
                0x8003edc0                Initialize__25tScreenCarSelectTwoPlayer
                0x8003ee10                Cleanup__25tScreenCarSelectTwoPlayer
                0x8003ee40                GetCar__25tScreenPinkSlipsCarSelectR8tCarInfo
                0x8003eed0                DrawBackground__25tScreenPinkSlipsCarSelect
                0x8003ef14                DoMemCardStuff__25tScreenPinkSlipsCarSelect
                0x8003f22c                DrawForeground__25tScreenPinkSlipsCarSelect
                0x8003f24c                Initialize__25tScreenPinkSlipsCarSelect
                0x8003f2ac                Cleanup__25tScreenPinkSlipsCarSelect
                0x8003f300                SetDialog__25tScreenPinkSlipsCarSelect
                0x8003f590                ProcessInput__25tScreenPinkSlipsCarSelect7tPlayerR13tInputKeyTypeR12tMenuCommand
                0x8003f638                GetShapeInfo__25tScreenPinkSlipsCarSelectRsT1PPcT3
                0x8003f6d0                ___25tScreenPinkSlipsCarSelect
                0x8003f714                ___25tScreenCarSelectTwoPlayer
                0x8003f758                ___20tScreenCarSelectDuel

.t0024          0x8003f778      0xdf8
 build/recon/frontend/common/screentournselect.cpp.o(.text)
 .text          0x8003f778      0xdf8 build/recon/frontend/common/screentournselect.cpp.o
                0x8003f778                __18tScreenTournSelect
                0x8003f7ac                ___18tScreenTournSelect
                0x8003f7d4                GetShapeInfo__18tScreenTournSelectRsT1PPcT3
                0x8003f8a0                Initialize__18tScreenTournSelect
                0x8003fae8                Cleanup__18tScreenTournSelect
                0x8003fb28                UpdateVideoWall__18tScreenTournSelectP12tTourneyInfo
                0x8003fbcc                DrawVideoWall__18tScreenTournSelect
                0x8003fe5c                DrawBackground__18tScreenTournSelect
                0x800404d8                DrawForeground__18tScreenTournSelect

.t0025          0x80040570      0xa94
 build/recon/frontend/common/screentrophyroom.cpp.o(.text)
 .text          0x80040570      0xa94 build/recon/frontend/common/screentrophyroom.cpp.o
                0x80040570                __17tScreenTrophyRoom
                0x800405b0                ___17tScreenTrophyRoom
                0x800405d8                GetShapeInfo__17tScreenTrophyRoomRsT1PPcT3
                0x80040698                ProcessInput__17tScreenTrophyRoom7tPlayerR13tInputKeyTypeR12tMenuCommand
                0x800408a8                PreLoad__17tScreenTrophyRoom
                0x80040910                Initialize__17tScreenTrophyRoom
                0x80040ae8                Cleanup__17tScreenTrophyRoom
                0x80040b18                DrawBackground__17tScreenTrophyRoom
                0x80040f2c                LoadTrophy__17tScreenTrophyRoom

.t0026          0x80041008      0x5f8
 build/recon/frontend/common/screentrophyinfo.cpp.o(.text)
 .text          0x80041008      0x5f8 build/recon/frontend/common/screentrophyinfo.cpp.o
                0x80041008                GetShapeInfo__17tScreenTrophyInfoRsT1PPcT3
                0x80041138                DrawBackground__17tScreenTrophyInfo
                0x800415e0                ___17tScreenTrophyInfo

.t0027          0x80041600      0xbf4
 build/recon/frontend/common/screentracks.cpp.o(.text)
 .text          0x80041600      0xbf4 build/recon/frontend/common/screentracks.cpp.o
                0x80041600                DrawBackground__18tScreenTrackSelect
                0x80041aac                GetShapeInfo__18tScreenTrackSelectRsT1PPcT3
                0x80041b6c                Initialize__18tScreenTrackSelect
                0x80041d28                Cleanup__18tScreenTrackSelect
                0x80041d68                SetBrightness__18tScreenTrackSelects
                0x80041d98                UpdateBrightness__18tScreenTrackSelectR17tTrackInformation
                0x80041e88                UpdateVideoWall__18tScreenTrackSelectR17tTrackInformation
                0x80041efc                DrawVideoWall__18tScreenTrackSelect
                0x8004200c                ProcessInput__18tScreenTrackSelect7tPlayerR13tInputKeyTypeR12tMenuCommand
                0x800421d4                ___18tScreenTrackSelect

.t0028          0x800421f8      0x450
 build/recon/frontend/common/screentrackinfo.cpp.o(.text)
 .text          0x800421f8      0x450 build/recon/frontend/common/screentrackinfo.cpp.o
                0x800421f8                GetShapeInfo__16tScreenTrackInfoRsT1PPcT3
                0x80042298                DrawBackground__16tScreenTrackInfo
                0x80042520                Initialize__16tScreenTrackInfo
                0x8004258c                ProcessInput__16tScreenTrackInfo7tPlayerR13tInputKeyTypeR12tMenuCommand
                0x80042628                ___16tScreenTrackInfo

.t0029          0x80042648      0xad0
 build/recon/frontend/common/screentrackrecords.cpp.o(.text)
 .text          0x80042648      0xad0 build/recon/frontend/common/screentrackrecords.cpp.o
                0x80042648                GetShapeInfo__19tScreenTrackRecordsRsT1PPcT3
                0x8004266c                Initialize__19tScreenTrackRecords
                0x800426c4                Cleanup__19tScreenTrackRecords
                0x80042700                DrawOneRecord__19tScreenTrackRecordsibi
                0x80042968                DrawRecords__19tScreenTrackRecordss
                0x80042b48                DrawBackground__19tScreenTrackRecords
                0x800430f8                ___19tScreenTrackRecords

.t0030          0x80043118     0x2838
 build/recon/frontend/common/screencontroller.cpp.o(.text)
 .text          0x80043118     0x2838 build/recon/frontend/common/screencontroller.cpp.o
                0x80043118                ClearActuators__23tScreenControllerConfig
                0x80043124                SetActuators__23tScreenControllerConfigi
                0x800431ac                TurnOffShakers__23tScreenControllerConfig
                0x800431b4                ShakeIt__23tScreenControllerConfig
                0x80043250                Controller_SetRamp__Fv
                0x8004339c                AnimKeyPoints__23tScreenControllerConfigbT1
                0x80043400                CheckConfigs__23tScreenControllerConfig
                0x800436ec                SwapInController__23tScreenControllerConfig
                0x80043778                SetCurrentController__23tScreenControllerConfigb
                0x80043af0                CalcAnimFrame__23tScreenControllerConfigi
                0x80043b7c                ActualDrawController__23tScreenControllerConfigiiiii
                0x80043de4                DrawController__23tScreenControllerConfig
                0x80044af4                HorzVertLine__23tScreenControllerConfigPsb
                0x80044d40                DrawArrow__23tScreenControllerConfigPs
                0x80044e40                DrawBackground__23tScreenControllerConfig
                0x80045064                DrawForeground__23tScreenControllerConfig
                0x800456cc                GetShapeInfo__23tScreenControllerConfigRsT1PPcT3
                0x800456fc                Initialize__23tScreenControllerConfig
                0x80045820                Cleanup__23tScreenControllerConfig
                0x8004585c                __23tScreenControllerConfig
                0x800458ac                GetHelpText__23tScreenControllerConfig
                0x8004590c                ___23tScreenControllerConfig

.t0031          0x80045950       0xd4
 build/recon/frontend/common/screendisplay.cpp.o(.text)
 .text          0x80045950       0xd4 build/recon/frontend/common/screendisplay.cpp.o
                0x80045950                DrawBackground__14tScreenDisplay
                0x800459dc                GetShapeInfo__14tScreenDisplayRsT1PPcT3
                0x80045a04                ___14tScreenDisplay

.t0032          0x80045a28      0x8f4
 build/recon/frontend/common/screenaudio.cpp.o(.text)
 .text          0x80045a28      0x8f4 build/recon/frontend/common/screenaudio.cpp.o
                0x80045a28                PlaySound__12tScreenAudio
                0x80045dc8                DrawForeground__12tScreenAudio
                0x80045ed8                DrawBackground__12tScreenAudio
                0x80046140                GetShapeInfo__12tScreenAudioRsT1PPcT3
                0x80046164                __12tScreenAudio
                0x800461a4                Initialize__12tScreenAudio
                0x80046204                Cleanup__12tScreenAudio
                0x800462fc                ___12tScreenAudio

.t0033          0x80046320     0x1b3c
 build/recon/frontend/common/screenmemcard.cpp.o(.text)
 .text          0x80046320     0x1b3c build/recon/frontend/common/screenmemcard.cpp.o
                0x80046320                GetShapeInfo__14tScreenMemcardRsT1PPcT3
                0x80046344                DrawIcon__14tScreenMemcardP8shapetbliiiis
                0x8004653c                LoadIcon__14tScreenMemcardi
                0x80046898                DrawVerticalLine__14tScreenMemcardssss
                0x8004694c                DrawHorizontalLine__14tScreenMemcardssss
                0x80046a0c                PlaceIcons__14tScreenMemcardii
                0x80046d60                DrawMemCardStuff__14tScreenMemcards
                0x800472bc                SetEnablings__14tScreenMemcard
                0x80047470                DrawBackground__14tScreenMemcard
                0x80047ad8                DrawForeground__14tScreenMemcard
                0x80047b74                __14tScreenMemcard
                0x80047bb8                ReleaseIcons__14tScreenMemcard
                0x80047c30                Initialize__14tScreenMemcard
                0x80047dd8                Cleanup__14tScreenMemcard
                0x80047e3c                ___14tScreenMemcard

.t0034          0x80047e60     0x19e0
 build/recon/frontend/common/screencongrats.cpp.o(.text)
 .text          0x80047e60     0x19e0 build/recon/frontend/common/screencongrats.cpp.o
                0x80047e60                Cleanup__15tScreenCongrats
                0x80047e8c                GetShapeInfo__15tScreenCongratsRsT1PPcT3
                0x800480e4                GetCar__15tScreenCongratsR8tCarInfo
                0x8004813c                DrawBackground__15tScreenCongrats
                0x800489b0                DrawForeground__15tScreenCongrats
                0x800489b8                CalculatePrizes__15tScreenCongrats
                0x80048a2c                Initialize__15tScreenCongrats
                0x80048af0                ProcessInput__15tScreenCongrats7tPlayerR13tInputKeyTypeR12tMenuCommand
                0x80048b48                DrawCongratsMessage__23tScreenPinkSlipCongrats
                0x80048c64                GetCar__23tScreenPinkSlipCongratsR8tCarInfo
                0x80048cdc                CalculatePrizes__23tScreenPinkSlipCongrats
                0x80048dec                Initialize__23tScreenPinkSlipCongrats
                0x80048e44                Cleanup__23tScreenPinkSlipCongrats
                0x80048e70                ProcessInput__23tScreenTournamentTrophy7tPlayerR13tInputKeyTypeR12tMenuCommand
                0x80048eb8                GetCar__23tScreenTournamentTrophyR8tCarInfo
                0x80048f64                DrawCongratsMessage__23tScreenTournamentTrophy
                0x8004923c                CalculatePrizes__23tScreenTournamentTrophy