C:/Tools/mips-ps1/mips/bin/mipsel-none-elf-ld.exe: build/asm/data/rdata_80010000_j00.rodata.s.o: in function `jtbl_80010078':
(.rodata+0x0): undefined reference to `.L80014C3C'
C:/Tools/mips-ps1/mips/bin/mipsel-none-elf-ld.exe: (.rodata+0x4): undefined reference to `.L80014C94'
C:/Tools/mips-ps1/mips/bin/mipsel-none-elf-ld.exe: (.rodata+0x8): undefined reference to `.L80014CD4'
C:/Tools/mips-ps1/mips/bin/mipsel-none-elf-ld.exe: (.rodata+0xc): undefined reference to `.L80014D64'
C:/Tools/mips-ps1/mips/bin/mipsel-none-elf-ld.exe: (.rodata+0x10): undefined reference to `.L80015274'
C:/Tools/mips-ps1/mips/bin/mipsel-none-elf-ld.exe: (.rodata+0x14): undefined reference to `.L800150D0'
C:/Tools/mips-ps1/mips/bin/mipsel-none-elf-ld.exe: (.rodata+0x18): undefined reference to `.L80015274'
C:/Tools/mips-ps1/mips/bin/mipsel-none-elf-ld.exe: (.rodata+0x1c): undefined reference to `.L8001537C'
C:/Tools/mips-ps1/mips/bin/mipsel-none-elf-ld.exe: build/asm/data/rdata_80010000_j01.rodata.s.o: in function `jtbl_80010258':
(.rodata+0x0): undefined reference to `.L80019E10'
C:/Tools/mips-ps1/mips/bin/mipsel-none-elf-ld.exe: (.rodata+0x4): undefined reference to `.L80019E10'
C:/Tools/mips-ps1/mips/bin/mipsel-none-elf-ld.exe: (.rodata+0x8): undefined reference to `.L80019E14'
C:/Tools/mips-ps1/mips/bin/mipsel-none-elf-ld.exe: (.rodata+0xc): undefined reference to `.L80019E14'
C:/Tools/mips-ps1/mips/bin/mipsel-none-elf-ld.exe: (.rodata+0x10): undefined reference to `.L80019E14'
C:/Tools/mips-ps1/mips/bin/mipsel-none-elf-ld.exe: (.rodata+0x14): undefined reference to `.L80019E10'
C:/Tools/mips-ps1/mips/bin/mipsel-none-elf-ld.exe: (.rodata+0x18): undefined reference to `.L80019E14'
C:/Tools/mips-ps1/mips/bin/mipsel-none-elf-ld.exe: (.rodata+0x1c): undefined reference to `.L80019E14'
C:/Tools/mips-ps1/mips/bin/mipsel-none-elf-ld.exe: (.rodata+0x20): undefined reference to `.L80019E10'
C:/Tools/mips-ps1/mips/bin/mipsel-none-elf-ld.exe: (.rodata+0x24): undefined reference to `.L80019E10'
C:/Tools/mips-ps1/mips/bin/mipsel-none-elf-ld.exe: (.rodata+0x28): undefined reference to `.L80019E14'
C:/Tools/mips-ps1/mips/bin/mipsel-none-elf-ld.exe: (.rodata+0x2c): undefined reference to `.L80019E14'
C:/Tools/mips-ps1/mips/bin/mipsel-none-elf-ld.exe: (.rodata+0x30): undefined reference to `.L80019E14'
C:/Tools/mips-ps1/mips/bin/mipsel-none-elf-ld.exe: (.rodata+0x34): undefined reference to `.L80019E14'
C:/Tools/mips-ps1/mips/bin/mipsel-none-elf-ld.exe: (.rodata+0x38): undefined reference to `.L80019E10'
C:/Tools/mips-ps1/mips/bin/mipsel-none-elf-ld.exe: (.rodata+0x3c): undefined reference to `.L80019E14'
C:/Tools/mips-ps1/mips/bin/mipsel-none-elf-ld.exe: (.rodata+0x40): undefined reference to `.L80019E14'
C:/Tools/mips-ps1/mips/bin/mipsel-none-elf-ld.exe: (.rodata+0x44): undefined reference to `.L80019E10'
C:/Tools/mips-ps1/mips/bin/mipsel-none-elf-ld.exe: (.rodata+0x48): undefined reference to `.L80019E14'
C:/Tools/mips-ps1/mips/bin/mipsel-none-elf-ld.exe: (.rodata+0x4c): undefined reference to `.L80019E14'
C:/Tools/mips-ps1/mips/bin/mipsel-none-elf-ld.exe: (.rodata+0x50): undefined reference to `.L80019E14'
C:/Tools/mips-ps1/mips/bin/mipsel-none-elf-ld.exe: (.rodata+0x54): undefined reference to `.L80019E10'
C:/Tools/mips-ps1/mips/bin/mipsel-none-elf-ld.exe: build/asm/data/rdata_80010000_j02.rodata.s.o: in function `jtbl_80010990':
(.rodata+0x0): undefined reference to `.L80020148'
C:/Tools/mips-ps1/mips/bin/mipsel-none-elf-ld.exe: (.rodata+0x4): undefined reference to `.L80020174'
C:/Tools/mips-ps1/mips/bin/mipsel-none-elf-ld.exe: (.rodata+0x8): undefined reference to `.L80020174'
C:/Tools/mips-ps1/mips/bin/mipsel-none-elf-ld.exe: (.rodata+0xc): undefined reference to `.L80020120'
C:/Tools/mips-ps1/mips/bin/mipsel-none-elf-ld.exe: (.rodata+0x10): undefined reference to `.L80020170'
C:/Tools/mips-ps1/mips/bin/mipsel-none-elf-ld.exe: (.rodata+0x14): undefined reference to `.L80020174'
C:/Tools/mips-ps1/mips/bin/mipsel-none-elf-ld.exe: (.rodata+0x18): undefined reference to `.L80020174'
C:/Tools/mips-ps1/mips/bin/mipsel-none-elf-ld.exe: (.rodata+0x1c): undefined reference to `.L80020140'
C:/Tools/mips-ps1/mips/bin/mipsel-none-elf-ld.exe: (.rodata+0x20): undefined reference to `.L80020138'
C:/Tools/mips-ps1/mips/bin/mipsel-none-elf-ld.exe: (.rodata+0x24): undefined reference to `.L80020174'
C:/Tools/mips-ps1/mips/bin/mipsel-none-elf-ld.exe: (.rodata+0x28): undefined reference to `.L80020174'
C:/Tools/mips-ps1/mips/bin/mipsel-none-elf-ld.exe: (.rodata+0x2c): undefined reference to `.L80020174'
C:/Tools/mips-ps1/mips/bin/mipsel-none-elf-ld.exe: (.rodata+0x30): undefined reference to `.L80020150'
C:/Tools/mips-ps1/mips/bin/mipsel-none-elf-ld.exe: (.rodata+0x34): undefined reference to `.L80020174'
C:/Tools/mips-ps1/mips/bin/mipsel-none-elf-ld.exe: (.rodata+0x38): undefined reference to `.L80020174'
C:/Tools/mips-ps1/mips/bin/mipsel-none-elf-ld.exe: (.rodata+0x3c): undefined reference to `.L80020174'
C:/Tools/mips-ps1/mips/bin/mipsel-none-elf-ld.exe: (.rodata+0x40): undefined reference to `.L80020168'
C:/Tools/mips-ps1/mips/bin/mipsel-none-elf-ld.exe: (.rodata+0x44): undefined reference to `.L80020174'
C:/Tools/mips-ps1/mips/bin/mipsel-none-elf-ld.exe: (.rodata+0x48): undefined reference to `.L80020158'
C:/Tools/mips-ps1/mips/bin/mipsel-none-elf-ld.exe: (.rodata+0x4c): undefined reference to `.L80020174'
C:/Tools/mips-ps1/mips/bin/mipsel-none-elf-ld.exe: (.rodata+0x50): undefined reference to `.L80020174'
C:/Tools/mips-ps1/mips/bin/mipsel-none-elf-ld.exe: (.rodata+0x54): undefined reference to `.L80020128'
C:/Tools/mips-ps1/mips/bin/mipsel-none-elf-ld.exe: (.rodata+0x58): undefined reference to `.L80020174'
C:/Tools/mips-ps1/mips/bin/mipsel-none-elf-ld.exe: (.rodata+0x5c): undefined reference to `.L80020174'
C:/Tools/mips-ps1/mips/bin/mipsel-none-elf-ld.exe: (.rodata+0x60): undefined reference to `.L80020174'
C:/Tools/mips-ps1/mips/bin/mipsel-none-elf-ld.exe: (.rodata+0x64): undefined reference to `.L80020160'
C:/Tools/mips-ps1/mips/bin/mipsel-none-elf-ld.exe: (.rodata+0x68): undefined reference to `.L80020174'
C:/Tools/mips-ps1/mips/bin/mipsel-none-elf-ld.exe: (.rodata+0x6c): undefined reference to `.L80020130'
C:/Tools/mips-ps1/mips/bin/mipsel-none-elf-ld.exe: build/asm/data/rdata_80010000_j03.rodata.s.o: in function `jtbl_80011028':
(.rodata+0x0): undefined reference to `.L8002327C'
C:/Tools/mips-ps1/mips/bin/mipsel-none-elf-ld.exe: (.rodata+0x4): undefined reference to `.L8002327C'
C:/Tools/mips-ps1/mips/bin/mipsel-none-elf-ld.exe: (.rodata+0x8): undefined reference to `.L8002327C'
C:/Tools/mips-ps1/mips/bin/mipsel-none-elf-ld.exe: (.rodata+0xc): undefined reference to `.L8002327C'
C:/Tools/mips-ps1/mips/bin/mipsel-none-elf-ld.exe: (.rodata+0x10): undefined reference to `.L8002327C'
C:/Tools/mips-ps1/mips/bin/mipsel-none-elf-ld.exe: build/asm/data/rdata_80010000_j03.rodata.s.o:(.rodata+0x14): more undefined references to `.L8002327C' follow
C:/Tools/mips-ps1/mips/bin/mipsel-none-elf-ld.exe: build/asm/data/rdata_80010000_j03.rodata.s.o: in function `jtbl_80011028':
(.rodata+0x20): undefined reference to `.L800233FC'
C:/Tools/mips-ps1/mips/bin/mipsel-none-elf-ld.exe: (.rodata+0x24): undefined reference to `.L800233FC'
C:/Tools/mips-ps1/mips/bin/mipsel-none-elf-ld.exe: (.rodata+0x28): undefined reference to `.L800233FC'
C:/Tools/mips-ps1/mips/bin/mipsel-none-elf-ld.exe: (.rodata+0x2c): undefined reference to `.L80023294'
C:/Tools/mips-ps1/mips/bin/mipsel-none-elf-ld.exe: (.rodata+0x30): undefined reference to `.L800233FC'
C:/Tools/mips-ps1/mips/bin/mipsel-none-elf-ld.exe: (.rodata+0x34): undefined reference to `.L800232C8'
C:/Tools/mips-ps1/mips/bin/mipsel-none-elf-ld.exe: (.rodata+0x38): undefined reference to `.L80023328'
C:/Tools/mips-ps1/mips/bin/mipsel-none-elf-ld.exe: (.rodata+0x3c): undefined reference to `.L800233FC'
C:/Tools/mips-ps1/mips/bin/mipsel-none-elf-ld.exe: (.rodata+0x40): undefined reference to `.L800233FC'
C:/Tools/mips-ps1/mips/bin/mipsel-none-elf-ld.exe: (.rodata+0x44): undefined reference to `.L800233FC'
C:/Tools/mips-ps1/mips/bin/mipsel-none-elf-ld.exe: (.rodata+0x48): undefined reference to `.L800233FC'
C:/Tools/mips-ps1/mips/bin/mipsel-none-elf-ld.exe: (.rodata+0x4c): undefined reference to `.L8002337C'
C:/Tools/mips-ps1/mips/bin/mipsel-none-elf-ld.exe: (.rodata+0x50): undefined reference to `.L80023364'
C:/Tools/mips-ps1/mips/bin/mipsel-none-elf-ld.exe: (.rodata+0x54): undefined reference to `.L800233FC'
C:/Tools/mips-ps1/mips/bin/mipsel-none-elf-ld.exe: (.rodata+0x58): undefined reference to `.L80023328'
C:/Tools/mips-ps1/mips/bin/mipsel-none-elf-ld.exe: (.rodata+0x5c): undefined reference to `.L80023344'
C:/Tools/mips-ps1/mips/bin/mipsel-none-elf-ld.exe: (.rodata+0x60): undefined reference to `.L800233FC'
C:/Tools/mips-ps1/mips/bin/mipsel-none-elf-ld.exe: (.rodata+0x64): undefined reference to `.L800233FC'
C:/Tools/mips-ps1/mips/bin/mipsel-none-elf-ld.exe: (.rodata+0x68): undefined reference to `.L800233FC'
C:/Tools/mips-ps1/mips/bin/mipsel-none-elf-ld.exe: (.rodata+0x6c): undefined reference to `.L800233CC'
C:/Tools/mips-ps1/mips/bin/mipsel-none-elf-ld.exe: (.rodata+0x70): undefined reference to `.L800233CC'
C:/Tools/mips-ps1/mips/bin/mipsel-none-elf-ld.exe: (.rodata+0x74): undefined reference to `.L800233CC'
C:/Tools/mips-ps1/mips/bin/mipsel-none-elf-ld.exe: (.rodata+0x78): undefined reference to `.L800233CC'
C:/Tools/mips-ps1/mips/bin/mipsel-none-elf-ld.exe: build/asm/data/rdata_80010000_j04.rodata.s.o: in function `jtbl_800116F8':
(.rodata+0x0): undefined reference to `.L80034CBC'
C:/Tools/mips-ps1/mips/bin/mipsel-none-elf-ld.exe: (.rodata+0x4): undefined reference to `.L80034CBC'
C:/Tools/mips-ps1/mips/bin/mipsel-none-elf-ld.exe: (.rodata+0x8): undefined reference to `.L80034C3C'
C:/Tools/mips-ps1/mips/bin/mipsel-none-elf-ld.exe: (.rodata+0xc): undefined reference to `.L80034C3C'
C:/Tools/mips-ps1/mips/bin/mipsel-none-elf-ld.exe: (.rodata+0x10): undefined reference to `.L80034C3C'
C:/Tools/mips-ps1/mips/bin/mipsel-none-elf-ld.exe: (.rodata+0x14): undefined reference to `.L80034CBC'
C:/Tools/mips-ps1/mips/bin/mipsel-none-elf-ld.exe: (.rodata+0x18): undefined reference to `.L80034C3C'
C:/Tools/mips-ps1/mips/bin/mipsel-none-elf-ld.exe: (.rodata+0x1c): undefined reference to `.L80034C3C'
C:/Tools/mips-ps1/mips/bin/mipsel-none-elf-ld.exe: (.rodata+0x20): undefined reference to `.L80034CBC'
C:/Tools/mips-ps1/mips/bin/mipsel-none-elf-ld.exe: (.rodata+0x24): undefined reference to `.L80034CBC'
C:/Tools/mips-ps1/mips/bin/mipsel-none-elf-ld.exe: (.rodata+0x28): undefined reference to `.L80034CAC'
C:/Tools/mips-ps1/mips/bin/mipsel-none-elf-ld.exe: (.rodata+0x2c): undefined reference to `.L80034CBC'
C:/Tools/mips-ps1/mips/bin/mipsel-none-elf-ld.exe: (.rodata+0x30): undefined reference to `.L80034C3C'
C:/Tools/mips-ps1/mips/bin/mipsel-none-elf-ld.exe: (.rodata+0x34): undefined reference to `.L80034C3C'
C:/Tools/mips-ps1/mips/bin/mipsel-none-elf-ld.exe: (.rodata+0x38): undefined reference to `.L80034C3C'
C:/Tools/mips-ps1/mips/bin/mipsel-none-elf-ld.exe: (.rodata+0x3c): undefined reference to `.L80034C3C'
C:/Tools/mips-ps1/mips/bin/mipsel-none-elf-ld.exe: (.rodata+0x40): undefined reference to `.L80034C3C'
C:/Tools/mips-ps1/mips/bin/mipsel-none-elf-ld.exe: build/asm/data/rdata_80010000_j04.rodata.s.o:(.rodata+0x44): more undefined references to `.L80034C3C' follow
C:/Tools/mips-ps1/mips/bin/mipsel-none-elf-ld.exe: build/asm/data/rdata_80010000_j04.rodata.s.o: in function `jtbl_800116F8':
(.rodata+0x50): undefined reference to `.L80034C8C'
C:/Tools/mips-ps1/mips/bin/mipsel-none-elf-ld.exe: (.rodata+0x54): undefined reference to `.L80034CBC'
C:/Tools/mips-ps1/mips/bin/mipsel-none-elf-ld.exe: build/asm/data/rdata_80010000_j05.rodata.s.o: in function `jtbl_80011750':
(.rodata+0x0): undefined reference to `.L800351DC'
C:/Tools/mips-ps1/mips/bin/mipsel-none-elf-ld.exe: (.rodata+0x4): undefined reference to `.L800351DC'
C:/Tools/mips-ps1/mips/bin/mipsel-none-elf-ld.exe: (.rodata+0x8): undefined reference to `.L8003500C'
C:/Tools/mips-ps1/mips/bin/mipsel-none-elf-ld.exe: (.rodata+0xc): undefined reference to `.L8003500C'
C:/Tools/mips-ps1/mips/bin/mipsel-none-elf-ld.exe: (.rodata+0x10): undefined reference to `.L8003500C'
C:/Tools/mips-ps1/mips/bin/mipsel-none-elf-ld.exe: (.rodata+0x14): undefined reference to `.L800351DC'
C:/Tools/mips-ps1/mips/bin/mipsel-none-elf-ld.exe: (.rodata+0x18): undefined reference to `.L8003500C'
C:/Tools/mips-ps1/mips/bin/mipsel-none-elf-ld.exe: (.rodata+0x1c): undefined reference to `.L8003500C'
C:/Tools/mips-ps1/mips/bin/mipsel-none-elf-ld.exe: (.rodata+0x20): undefined reference to `.L800351DC'
C:/Tools/mips-ps1/mips/bin/mipsel-none-elf-ld.exe: (.rodata+0x24): undefined reference to `.L800351DC'
C:/Tools/mips-ps1/mips/bin/mipsel-none-elf-ld.exe: (.rodata+0x28): undefined reference to `.L8003500C'
C:/Tools/mips-ps1/mips/bin/mipsel-none-elf-ld.exe: (.rodata+0x2c): undefined reference to `.L8003500C'
C:/Tools/mips-ps1/mips/bin/mipsel-none-elf-ld.exe: (.rodata+0x30): undefined reference to `.L8003500C'
C:/Tools/mips-ps1/mips/bin/mipsel-none-elf-ld.exe: (.rodata+0x34): undefined reference to `.L80035074'
C:/Tools/mips-ps1/mips/bin/mipsel-none-elf-ld.exe: (.rodata+0x38): undefined reference to `.L800351DC'
C:/Tools/mips-ps1/mips/bin/mipsel-none-elf-ld.exe: (.rodata+0x3c): undefined reference to `.L8003500C'
C:/Tools/mips-ps1/mips/bin/mipsel-none-elf-ld.exe: (.rodata+0x40): undefined reference to `.L8003500C'
C:/Tools/mips-ps1/mips/bin/mipsel-none-elf-ld.exe: (.rodata+0x44): undefined reference to `.L8003500C'
C:/Tools/mips-ps1/mips/bin/mipsel-none-elf-ld.exe: (.rodata+0x48): undefined reference to `.L8003500C'
C:/Tools/mips-ps1/mips/bin/mipsel-none-elf-ld.exe: (.rodata+0x4c): undefined reference to `.L8003500C'
C:/Tools/mips-ps1/mips/bin/mipsel-none-elf-ld.exe: (.rodata+0x50): undefined reference to `.L8003505C'
C:/Tools/mips-ps1/mips/bin/mipsel-none-elf-ld.exe: (.rodata+0x54): undefined reference to `.L800351DC'
C:/Tools/mips-ps1/mips/bin/mipsel-none-elf-ld.exe: build/asm/data/rdata_80010000_j06.rodata.s.o: in function `jtbl_800117A8':
(.rodata+0x0): undefined reference to `.L800356C0'
C:/Tools/mips-ps1/mips/bin/mipsel-none-elf-ld.exe: (.rodata+0x4): undefined reference to `.L800356F4'
C:/Tools/mips-ps1/mips/bin/mipsel-none-elf-ld.exe: (.rodata+0x8): undefined reference to `.L800354E8'
C:/Tools/mips-ps1/mips/bin/mipsel-none-elf-ld.exe: (.rodata+0xc): undefined reference to `.L800354E8'
C:/Tools/mips-ps1/mips/bin/mipsel-none-elf-ld.exe: (.rodata+0x10): undefined reference to `.L800354E8'
C:/Tools/mips-ps1/mips/bin/mipsel-none-elf-ld.exe: (.rodata+0x14): undefined reference to `.L800356F4'
C:/Tools/mips-ps1/mips/bin/mipsel-none-elf-ld.exe: (.rodata+0x18): undefined reference to `.L800354E8'
C:/Tools/mips-ps1/mips/bin/mipsel-none-elf-ld.exe: (.rodata+0x1c): undefined reference to `.L800354E8'
C:/Tools/mips-ps1/mips/bin/mipsel-none-elf-ld.exe: (.rodata+0x20): undefined reference to `.L800356F4'
C:/Tools/mips-ps1/mips/bin/mipsel-none-elf-ld.exe: (.rodata+0x24): undefined reference to `.L800356F4'
C:/Tools/mips-ps1/mips/bin/mipsel-none-elf-ld.exe: (.rodata+0x28): undefined reference to `.L800354E8'
C:/Tools/mips-ps1/mips/bin/mipsel-none-elf-ld.exe: (.rodata+0x2c): undefined reference to `.L800354E8'
C:/Tools/mips-ps1/mips/bin/mipsel-none-elf-ld.exe: (.rodata+0x30): undefined reference to `.L800354E8'
C:/Tools/mips-ps1/mips/bin/mipsel-none-elf-ld.exe: (.rodata+0x34): undefined reference to `.L80035550'
C:/Tools/mips-ps1/mips/bin/mipsel-none-elf-ld.exe: (.rodata+0x38): undefined reference to `.L800356C0'
C:/Tools/mips-ps1/mips/bin/mipsel-none-elf-ld.exe: (.rodata+0x3c): undefined reference to `.L800354E8'
C:/Tools/mips-ps1/mips/bin/mipsel-none-elf-ld.exe: (.rodata+0x40): undefined reference to `.L800354E8'
C:/Tools/mips-ps1/mips/bin/mipsel-none-elf-ld.exe: (.rodata+0x44): undefined reference to `.L800354E8'
C:/Tools/mips-ps1/mips/bin/mipsel-none-elf-ld.exe: (.rodata+0x48): undefined reference to `.L800354E8'
C:/Tools/mips-ps1/mips/bin/mipsel-none-elf-ld.exe: (.rodata+0x4c): undefined reference to `.L800354E8'
C:/Tools/mips-ps1/mips/bin/mipsel-none-elf-ld.exe: (.rodata+0x50): undefined reference to `.L80035538'
C:/Tools/mips-ps1/mips/bin/mipsel-none-elf-ld.exe: (.rodata+0x54): undefined reference to `.L800356F4'
C:/Tools/mips-ps1/mips/bin/mipsel-none-elf-ld.exe: build/asm/data/rdata_80010000_j07.rodata.s.o: in function `jtbl_80011800':
(.rodata+0x0): undefined reference to `.L80035674'
C:/Tools/mips-ps1/mips/bin/mipsel-none-elf-ld.exe: (.rodata+0x4): undefined reference to `.L80035674'
C:/Tools/mips-ps1/mips/bin/mipsel-none-elf-ld.exe: (.rodata+0x8): undefined reference to `.L80035600'
C:/Tools/mips-ps1/mips/bin/mipsel-none-elf-ld.exe: (.rodata+0xc): undefined reference to `.L80035600'
C:/Tools/mips-ps1/mips/bin/mipsel-none-elf-ld.exe: (.rodata+0x10): undefined reference to `.L80035600'
C:/Tools/mips-ps1/mips/bin/mipsel-none-elf-ld.exe: (.rodata+0x14): undefined reference to `.L80035674'
C:/Tools/mips-ps1/mips/bin/mipsel-none-elf-ld.exe: (.rodata+0x18): undefined reference to `.L80035600'
C:/Tools/mips-ps1/mips/bin/mipsel-none-elf-ld.exe: (.rodata+0x1c): undefined reference to `.L80035600'
C:/Tools/mips-ps1/mips/bin/mipsel-none-elf-ld.exe: (.rodata+0x20): undefined reference to `.L80035674'
C:/Tools/mips-ps1/mips/bin/mipsel-none-elf-ld.exe: (.rodata+0x24): undefined reference to `.L80035674'
C:/Tools/mips-ps1/mips/bin/mipsel-none-elf-ld.exe: (.rodata+0x28): undefined reference to `.L80035668'
C:/Tools/mips-ps1/mips/bin/mipsel-none-elf-ld.exe: (.rodata+0x2c): undefined reference to `.L80035674'
C:/Tools/mips-ps1/mips/bin/mipsel-none-elf-ld.exe: (.rodata+0x30): undefined reference to `.L80035600'
C:/Tools/mips-ps1/mips/bin/mipsel-none-elf-ld.exe: (.rodata+0x34): undefined reference to `.L80035600'
C:/Tools/mips-ps1/mips/bin/mipsel-none-elf-ld.exe: (.rodata+0x38): undefined reference to `.L80035600'
C:/Tools/mips-ps1/mips/bin/mipsel-none-elf-ld.exe: (.rodata+0x3c): undefined reference to `.L80035600'
C:/Tools/mips-ps1/mips/bin/mipsel-none-elf-ld.exe: (.rodata+0x40): undefined reference to `.L80035600'
C:/Tools/mips-ps1/mips/bin/mipsel-none-elf-ld.exe: build/asm/data/rdata_80010000_j07.rodata.s.o:(.rodata+0x44): more undefined references to `.L80035600' follow
C:/Tools/mips-ps1/mips/bin/mipsel-none-elf-ld.exe: build/asm/data/rdata_80010000_j07.rodata.s.o: in function `jtbl_80011800':
(.rodata+0x50): undefined reference to `.L80035648'
C:/Tools/mips-ps1/mips/bin/mipsel-none-elf-ld.exe: (.rodata+0x54): undefined reference to `.L80035674'
C:/Tools/mips-ps1/mips/bin/mipsel-none-elf-ld.exe: build/asm/data/rdata_80010000_j08.rodata.s.o: in function `jtbl_80011AB8':
(.rodata+0x0): undefined reference to `.L8003AED8'
C:/Tools/mips-ps1/mips/bin/mipsel-none-elf-ld.exe: (.rodata+0x4): undefined reference to `.L8003AEF8'
C:/Tools/mips-ps1/mips/bin/mipsel-none-elf-ld.exe: (.rodata+0x8): undefined reference to `.L8003AEF8'
C:/Tools/mips-ps1/mips/bin/mipsel-none-elf-ld.exe: (.rodata+0xc): undefined reference to `.L8003AEF8'
C:/Tools/mips-ps1/mips/bin/mipsel-none-elf-ld.exe: (.rodata+0x10): undefined reference to `.L8003B144'
C:/Tools/mips-ps1/mips/bin/mipsel-none-elf-ld.exe: (.rodata+0x14): undefined reference to `.L8003B220'
C:/Tools/mips-ps1/mips/bin/mipsel-none-elf-ld.exe: (.rodata+0x18): undefined reference to `.L8003B4D0'
C:/Tools/mips-ps1/mips/bin/mipsel-none-elf-ld.exe: build/asm/data/rdata_80010000_j09.rodata.s.o: in function `jtbl_80011AF8':
(.rodata+0x0): undefined reference to `.L8003C270'
C:/Tools/mips-ps1/mips/bin/mipsel-none-elf-ld.exe: (.rodata+0x4): undefined reference to `.L8003C3B8'
C:/Tools/mips-ps1/mips/bin/mipsel-none-elf-ld.exe: (.rodata+0x8): undefined reference to `.L8003C2D4'
C:/Tools/mips-ps1/mips/bin/mipsel-none-elf-ld.exe: (.rodata+0xc): undefined reference to `.L8003C3B8'
C:/Tools/mips-ps1/mips/bin/mipsel-none-elf-ld.exe: (.rodata+0x10): undefined reference to `.L8003C3B8'
C:/Tools/mips-ps1/mips/bin/mipsel-none-elf-ld.exe: (.rodata+0x14): undefined reference to `.L8003C270'
C:/Tools/mips-ps1/mips/bin/mipsel-none-elf-ld.exe: (.rodata+0x18): undefined reference to `.L8003C2D4'
C:/Tools/mips-ps1/mips/bin/mipsel-none-elf-ld.exe: (.rodata+0x1c): undefined reference to `.L8003C310'
C:/Tools/mips-ps1/mips/bin/mipsel-none-elf-ld.exe: build/asm/data/rdata_80010000_j10.rodata.s.o: in function `jtbl_80011B38':
(.rodata+0x0): undefined reference to `.L8003F45C'
C:/Tools/mips-ps1/mips/bin/mipsel-none-elf-ld.exe: (.rodata+0x4): undefined reference to `.L8003F51C'
C:/Tools/mips-ps1/mips/bin/mipsel-none-elf-ld.exe: (.rodata+0x8): undefined reference to `.L8003F50C'
C:/Tools/mips-ps1/mips/bin/mipsel-none-elf-ld.exe: (.rodata+0xc): undefined reference to `.L8003F514'
C:/Tools/mips-ps1/mips/bin/mipsel-none-elf-ld.exe: (.rodata+0x10): undefined reference to `.L8003F544'
C:/Tools/mips-ps1/mips/bin/mipsel-none-elf-ld.exe: (.rodata+0x14): undefined reference to `.L8003F54C'
C:/Tools/mips-ps1/mips/bin/mipsel-none-elf-ld.exe: (.rodata+0x18): undefined reference to `.L8003F3CC'
C:/Tools/mips-ps1/mips/bin/mipsel-none-elf-ld.exe: (.rodata+0x1c): undefined reference to `.L8003F3BC'
C:/Tools/mips-ps1/mips/bin/mipsel-none-elf-ld.exe: (.rodata+0x20): undefined reference to `.L8003F554'
C:/Tools/mips-ps1/mips/bin/mipsel-none-elf-ld.exe: build/asm/data/rdata_80010000_j11.rodata.s.o: in function `jtbl_80012138':
(.rodata+0x0): undefined reference to `.L80045F60'
C:/Tools/mips-ps1/mips/bin/mipsel-none-elf-ld.exe: (.rodata+0x4): undefined reference to `.L80045F70'
C:/Tools/mips-ps1/mips/bin/mipsel-none-elf-ld.exe: (.rodata+0x8): undefined reference to `.L80045F80'
C:/Tools/mips-ps1/mips/bin/mipsel-none-elf-ld.exe: (.rodata+0xc): undefined reference to `.L80045F90'
C:/Tools/mips-ps1/mips/bin/mipsel-none-elf-ld.exe: (.rodata+0x10): undefined reference to `.L80045FA0'
C:/Tools/mips-ps1/mips/bin/mipsel-none-elf-ld.exe: build/asm/data/rdata_80010000_j12.rodata.s.o: in function `jtbl_800121C0':
(.rodata+0x0): undefined reference to `.L8004684C'
C:/Tools/mips-ps1/mips/bin/mipsel-none-elf-ld.exe: (.rodata+0x4): undefined reference to `.L8004684C'
C:/Tools/mips-ps1/mips/bin/mipsel-none-elf-ld.exe: (.rodata+0x8): undefined reference to `.L80046688'
C:/Tools/mips-ps1/mips/bin/mipsel-none-elf-ld.exe: (.rodata+0xc): undefined reference to `.L80046688'
C:/Tools/mips-ps1/mips/bin/mipsel-none-elf-ld.exe: (.rodata+0x10): undefined reference to `.L80046688'
C:/Tools/mips-ps1/mips/bin/mipsel-none-elf-ld.exe: (.rodata+0x14): undefined reference to `.L8004684C'
C:/Tools/mips-ps1/mips/bin/mipsel-none-elf-ld.exe: (.rodata+0x18): undefined reference to `.L80046688'
C:/Tools/mips-ps1/mips/bin/mipsel-none-elf-ld.exe: (.rodata+0x1c): undefined reference to `.L80046688'
C:/Tools/mips-ps1/mips/bin/mipsel-none-elf-ld.exe: (.rodata+0x20): undefined reference to `.L8004684C'
C:/Tools/mips-ps1/mips/bin/mipsel-none-elf-ld.exe: (.rodata+0x24): undefined reference to `.L8004684C'
C:/Tools/mips-ps1/mips/bin/mipsel-none-elf-ld.exe: (.rodata+0x28): undefined reference to `.L80046688'
C:/Tools/mips-ps1/mips/bin/mipsel-none-elf-ld.exe: (.rodata+0x2c): undefined reference to `.L80046688'
C:/Tools/mips-ps1/mips/bin/mipsel-none-elf-ld.exe: (.rodata+0x30): undefined reference to `.L80046688'
C:/Tools/mips-ps1/mips/bin/mipsel-none-elf-ld.exe: (.rodata+0x34): undefined reference to `.L800466E8'
C:/Tools/mips-ps1/mips/bin/mipsel-none-elf-ld.exe: (.rodata+0x38): undefined reference to `.L8004684C'
C:/Tools/mips-ps1/mips/bin/mipsel-none-elf-ld.exe: (.rodata+0x3c): undefined reference to `.L80046688'
C:/Tools/mips-ps1/mips/bin/mipsel-none-elf-ld.exe: (.rodata+0x40): undefined reference to `.L80046688'
C:/Tools/mips-ps1/mips/bin/mipsel-none-elf-ld.exe: (.rodata+0x44): undefined reference to `.L8004684C'
C:/Tools/mips-ps1/mips/bin/mipsel-none-elf-ld.exe: (.rodata+0x48): undefined reference to `.L80046688'
C:/Tools/mips-ps1/mips/bin/mipsel-none-elf-ld.exe: (.rodata+0x4c): undefined reference to `.L80046688'
C:/Tools/mips-ps1/mips/bin/mipsel-none-elf-ld.exe: (.rodata+0x50): undefined reference to `.L80046688'
C:/Tools/mips-ps1/mips/bin/mipsel-none-elf-ld.exe: (.rodata+0x54): undefined reference to `.L8004684C'
C:/Tools/mips-ps1/mips/bin/mipsel-none-elf-ld.exe: build/asm/data/rdata_80010000_j13.rodata.s.o: in function `jtbl_80012538':
(.rodata+0x0): undefined reference to `.L8004AB80'
C:/Tools/mips-ps1/mips/bin/mipsel-none-elf-ld.exe: (.rodata+0x4): undefined reference to `.L8004AB38'
C:/Tools/mips-ps1/mips/bin/mipsel-none-elf-ld.exe: (.rodata+0x8): undefined reference to `.L8004ABC8'
C:/Tools/mips-ps1/mips/bin/mipsel-none-elf-ld.exe: (.rodata+0xc): undefined reference to `.L8004ABC8'
C:/Tools/mips-ps1/mips/bin/mipsel-none-elf-ld.exe: (.rodata+0x10): undefined reference to `.L8004AB08'
C:/Tools/mips-ps1/mips/bin/mipsel-none-elf-ld.exe: (.rodata+0x14): undefined reference to `.L8004AB74'
C:/Tools/mips-ps1/mips/bin/mipsel-none-elf-ld.exe: (.rodata+0x18): undefined reference to `.L8004ABC8'
C:/Tools/mips-ps1/mips/bin/mipsel-none-elf-ld.exe: (.rodata+0x1c): undefined reference to `.L8004ABC8'
C:/Tools/mips-ps1/mips/bin/mipsel-none-elf-ld.exe: (.rodata+0x20): undefined reference to `.L8004AB8C'
C:/Tools/mips-ps1/mips/bin/mipsel-none-elf-ld.exe: (.rodata+0x24): undefined reference to `.L8004AB2C'
C:/Tools/mips-ps1/mips/bin/mipsel-none-elf-ld.exe: (.rodata+0x28): undefined reference to `.L8004ABC8'
C:/Tools/mips-ps1/mips/bin/mipsel-none-elf-ld.exe: (.rodata+0x2c): undefined reference to `.L8004ABC8'
C:/Tools/mips-ps1/mips/bin/mipsel-none-elf-ld.exe: (.rodata+0x30): undefined reference to `.L8004ABA8'
C:/Tools/mips-ps1/mips/bin/mipsel-none-elf-ld.exe: (.rodata+0x34): undefined reference to `.L8004AB44'
C:/Tools/mips-ps1/mips/bin/mipsel-none-elf-ld.exe: (.rodata+0x38): undefined reference to `.L8004ABC8'
C:/Tools/mips-ps1/mips/bin/mipsel-none-elf-ld.exe: (.rodata+0x3c): undefined reference to `.L8004ABC8'
C:/Tools/mips-ps1/mips/bin/mipsel-none-elf-ld.exe: (.rodata+0x40): undefined reference to `.L8004ABC8'
C:/Tools/mips-ps1/mips/bin/mipsel-none-elf-ld.exe: (.rodata+0x44): undefined reference to `.L8004AB68'
C:/Tools/mips-ps1/mips/bin/mipsel-none-elf-ld.exe: (.rodata+0x48): undefined reference to `.L8004ABB4'
C:/Tools/mips-ps1/mips/bin/mipsel-none-elf-ld.exe: (.rodata+0x4c): undefined reference to `.L8004AB50'
C:/Tools/mips-ps1/mips/bin/mipsel-none-elf-ld.exe: (.rodata+0x50): undefined reference to `.L8004ABC8'
C:/Tools/mips-ps1/mips/bin/mipsel-none-elf-ld.exe: (.rodata+0x54): undefined reference to `.L8004ABC8'
C:/Tools/mips-ps1/mips/bin/mipsel-none-elf-ld.exe: (.rodata+0x58): undefined reference to `.L8004AB14'
C:/Tools/mips-ps1/mips/bin/mipsel-none-elf-ld.exe: (.rodata+0x5c): undefined reference to `.L8004ABC8'
C:/Tools/mips-ps1/mips/bin/mipsel-none-elf-ld.exe: (.rodata+0x60): undefined reference to `.L8004ABC8'
C:/Tools/mips-ps1/mips/bin/mipsel-none-elf-ld.exe: (.rodata+0x64): undefined reference to `.L8004ABC0'
C:/Tools/mips-ps1/mips/bin/mipsel-none-elf-ld.exe: (.rodata+0x68): undefined reference to `.L8004AB5C'
C:/Tools/mips-ps1/mips/bin/mipsel-none-elf-ld.exe: (.rodata+0x6c): undefined reference to `.L8004ABC8'
C:/Tools/mips-ps1/mips/bin/mipsel-none-elf-ld.exe: (.rodata+0x70): undefined reference to `.L8004AB20'
C:/Tools/mips-ps1/mips/bin/mipsel-none-elf-ld.exe: build/asm/data/rdata_80010000_j14.rodata.s.o: in function `jtbl_800125F0':
(.rodata+0x0): undefined reference to `.L8004B3D4'
C:/Tools/mips-ps1/mips/bin/mipsel-none-elf-ld.exe: (.rodata+0x4): undefined reference to `.L8004B5E0'
C:/Tools/mips-ps1/mips/bin/mipsel-none-elf-ld.exe: (.rodata+0x8): undefined reference to `.L8004B468'
C:/Tools/mips-ps1/mips/bin/mipsel-none-elf-ld.exe: (.rodata+0xc): undefined reference to `.L8004B470'
C:/Tools/mips-ps1/mips/bin/mipsel-none-elf-ld.exe: (.rodata+0x10): undefined reference to `.L8004B5E0'
C:/Tools/mips-ps1/mips/bin/mipsel-none-elf-ld.exe: (.rodata+0x14): undefined reference to `.L8004B4FC'
C:/Tools/mips-ps1/mips/bin/mipsel-none-elf-ld.exe: (.rodata+0x18): undefined reference to `.L8004B5E0'
C:/Tools/mips-ps1/mips/bin/mipsel-none-elf-ld.exe: (.rodata+0x1c): undefined reference to `.L8004B5E0'
C:/Tools/mips-ps1/mips/bin/mipsel-none-elf-ld.exe: (.rodata+0x20): undefined reference to `.L8004B5E0'
C:/Tools/mips-ps1/mips/bin/mipsel-none-elf-ld.exe: (.rodata+0x24): undefined reference to `.L8004B5E0'
C:/Tools/mips-ps1/mips/bin/mipsel-none-elf-ld.exe: (.rodata+0x28): undefined reference to `.L8004B5E0'
C:/Tools/mips-ps1/mips/bin/mipsel-none-elf-ld.exe: build/asm/data/rdata_80010000_j14.rodata.s.o:(.rodata+0x2c): more undefined references to `.L8004B5E0' follow
C:/Tools/mips-ps1/mips/bin/mipsel-none-elf-ld.exe: build/asm/data/rdata_80010000_j14.rodata.s.o: in function `jtbl_800125F0':
(.rodata+0x30): undefined reference to `.L8004B604'
C:/Tools/mips-ps1/mips/bin/mipsel-none-elf-ld.exe: (.rodata+0x34): undefined reference to `.L8004B5E0'
C:/Tools/mips-ps1/mips/bin/mipsel-none-elf-ld.exe: (.rodata+0x38): undefined reference to `.L8004B5E0'
C:/Tools/mips-ps1/mips/bin/mipsel-none-elf-ld.exe: (.rodata+0x3c): undefined reference to `.L8004B5E0'
C:/Tools/mips-ps1/mips/bin/mipsel-none-elf-ld.exe: (.rodata+0x40): undefined reference to `.L8004B5E0'
C:/Tools/mips-ps1/mips/bin/mipsel-none-elf-ld.exe: (.rodata+0x44): undefined reference to `.L8004B5E0'
C:/Tools/mips-ps1/mips/bin/mipsel-none-elf-ld.exe: build/asm/data/rdata_80010000_j14.rodata.s.o:(.rodata+0x48): more undefined references to `.L8004B5E0' follow
C:/Tools/mips-ps1/mips/bin/mipsel-none-elf-ld.exe: build/asm/data/rdata_80010000_j14.rodata.s.o: in function `jtbl_800125F0':
(.rodata+0x7c): undefined reference to `.L8004B3DC'
C:/Tools/mips-ps1/mips/bin/mipsel-none-elf-ld.exe: (.rodata+0x80): undefined reference to `.L8004B5E0'
C:/Tools/mips-ps1/mips/bin/mipsel-none-elf-ld.exe: (.rodata+0x84): undefined reference to `.L8004B5E0'
C:/Tools/mips-ps1/mips/bin/mipsel-none-elf-ld.exe: (.rodata+0x88): undefined reference to `.L8004B5E0'
C:/Tools/mips-ps1/mips/bin/mipsel-none-elf-ld.exe: (.rodata+0x8c): undefined reference to `.L8004B5E0'
C:/Tools/mips-ps1/mips/bin/mipsel-none-elf-ld.exe: (.rodata+0x90): undefined reference to `.L8004B5E0'
C:/Tools/mips-ps1/mips/bin/mipsel-none-elf-ld.exe: build/asm/data/rdata_80010000_j14.rodata.s.o:(.rodata+0x94): more undefined references to `.L8004B5E0' follow
C:/Tools/mips-ps1/mips/bin/mipsel-none-elf-ld.exe: build/asm/data/rdata_80010000_j14.rodata.s.o: in function `jtbl_800125F0':
(.rodata+0xf4): undefined reference to `.L8004B554'
C:/Tools/mips-ps1/mips/bin/mipsel-none-elf-ld.exe: build/asm/data/rdata_80010000_j15.rodata.s.o: in function `jtbl_80012858':
(.rodata+0x0): undefined reference to `.L8005000C'
C:/Tools/mips-ps1/mips/bin/mipsel-none-elf-ld.exe: (.rodata+0x4): undefined reference to `.L80050028'
C:/Tools/mips-ps1/mips/bin/mipsel-none-elf-ld.exe: (.rodata+0x8): undefined reference to `.L80050040'
C:/Tools/mips-ps1/mips/bin/mipsel-none-elf-ld.exe: (.rodata+0xc): undefined reference to `.L8005000C'
C:/Tools/mips-ps1/mips/bin/mipsel-none-elf-ld.exe: (.rodata+0x10): undefined reference to `.L80050050'
C:/Tools/mips-ps1/mips/bin/mipsel-none-elf-ld.exe: build/asm/data/rdata_80010000_j16.rodata.s.o: in function `jtbl_80012870':
(.rodata+0x0): undefined reference to `.L80050094'
C:/Tools/mips-ps1/mips/bin/mipsel-none-elf-ld.exe: (.rodata+0x4): undefined reference to `.L800500E0'
C:/Tools/mips-ps1/mips/bin/mipsel-none-elf-ld.exe: (.rodata+0x8): undefined reference to `.L80050114'
C:/Tools/mips-ps1/mips/bin/mipsel-none-elf-ld.exe: (.rodata+0xc): undefined reference to `.L80050148'
C:/Tools/mips-ps1/mips/bin/mipsel-none-elf-ld.exe: (.rodata+0x10): undefined reference to `.L8005017C'
C:/Tools/mips-ps1/mips/bin/mipsel-none-elf-ld.exe: build/asm/data/rdata_80010000_j17.rodata.s.o: in function `jtbl_80012888':
(.rodata+0x0): undefined reference to `.L800506C4'
C:/Tools/mips-ps1/mips/bin/mipsel-none-elf-ld.exe: (.rodata+0x4): undefined reference to `.L8005057C'
C:/Tools/mips-ps1/mips/bin/mipsel-none-elf-ld.exe: (.rodata+0x8): undefined reference to `.L8005058C'
C:/Tools/mips-ps1/mips/bin/mipsel-none-elf-ld.exe: (.rodata+0xc): undefined reference to `.L8005059C'
C:/Tools/mips-ps1/mips/bin/mipsel-none-elf-ld.exe: (.rodata+0x10): undefined reference to `.L800505CC'
C:/Tools/mips-ps1/mips/bin/mipsel-none-elf-ld.exe: (.rodata+0x14): undefined reference to `.L80050654'
C:/Tools/mips-ps1/mips/bin/mipsel-none-elf-ld.exe: (.rodata+0x18): undefined reference to `.L8005065C'
C:/Tools/mips-ps1/mips/bin/mipsel-none-elf-ld.exe: (.rodata+0x1c): undefined reference to `.L800506A8'
C:/Tools/mips-ps1/mips/bin/mipsel-none-elf-ld.exe: build/recon/game/common/minfront.cpp.o: in function `MinFront_ParseOptions__Fv':
(.text+0x4): undefined reference to `bigBuf'
C:/Tools/mips-ps1/mips/bin/mipsel-none-elf-ld.exe: (.text+0x8): undefined reference to `bigBuf'
C:/Tools/mips-ps1/mips/bin/mipsel-none-elf-ld.exe: build/recon/game/psx/fe3dmenu.cpp.o: in function `CameraLookAt__FP10matrixtdefP8coorddef':
(.text+0x1b0): undefined reference to `bigBuf'
C:/Tools/mips-ps1/mips/bin/mipsel-none-elf-ld.exe: (.text+0x1c4): undefined reference to `bigBuf'
C:/Tools/mips-ps1/mips/bin/mipsel-none-elf-ld.exe: build/recon/game/psx/fe3dmenu.cpp.o: in function `Draw_MenuRenderingView__FP8Car_tObjP13DRender_tViewiiiUliffii':
(.text+0x310): undefined reference to `showRoomFlag'
C:/Tools/mips-ps1/mips/bin/mipsel-none-elf-ld.exe: (.text+0x314): undefined reference to `showRoomFlag'
C:/Tools/mips-ps1/mips/bin/mipsel-none-elf-ld.exe: (.text+0x350): undefined reference to `showRoomFlag'
C:/Tools/mips-ps1/mips/bin/mipsel-none-elf-ld.exe: build/recon/frontend/common/feapp.cpp.o: in function `UpdateMusic__14tFEApplication':
(.text+0xe00): undefined reference to `bigBuf'
C:/Tools/mips-ps1/mips/bin/mipsel-none-elf-ld.exe: (.text+0xe08): undefined reference to `bigBuf'
C:/Tools/mips-ps1/mips/bin/mipsel-none-elf-ld.exe: (.text+0xe1c): undefined reference to `bigBuf'
C:/Tools/mips-ps1/mips/bin/mipsel-none-elf-ld.exe: (.text+0xe24): undefined reference to `bigBuf'
C:/Tools/mips-ps1/mips/bin/mipsel-none-elf-ld.exe: (.text+0xe38): undefined reference to `bigBuf'
C:/Tools/mips-ps1/mips/bin/mipsel-none-elf-ld.exe: build/recon/frontend/common/feapp.cpp.o:(.text+0xe40): more undefined references to `bigBuf' follow
C:/Tools/mips-ps1/mips/bin/mipsel-none-elf-ld.exe: build/recon/frontend/common/fedialog.cpp.o: in function `__12tDialogYesNo':
(.text+0x13f0): undefined reference to `__20tDialogMessageString'
C:/Tools/mips-ps1/mips/bin/mipsel-none-elf-ld.exe: build/recon/frontend/common/fecredits.cpp.o: in function `SetupCurrCredit__14tCreditManager':
(.text+0x284): undefined reference to `FECredits_lastFadeTick'
C:/Tools/mips-ps1/mips/bin/mipsel-none-elf-ld.exe: (.text+0x28c): undefined reference to `FECredits_lastFadeTick'
C:/Tools/mips-ps1/mips/bin/mipsel-none-elf-ld.exe: (.text+0x324): undefined reference to `FECredits_lastFadeTick'
C:/Tools/mips-ps1/mips/bin/mipsel-none-elf-ld.exe: (.text+0x328): undefined reference to `FECredits_lastFadeTick'
C:/Tools/mips-ps1/mips/bin/mipsel-none-elf-ld.exe: build/recon/frontend/common/screenpost.cpp.o: in function `ProcessInput__24tScreenPinkSlipStandings7tPlayerR13tInputKeyTypeR12tMenuCommand':
(.text+0x107c): undefined reference to `tScreen_ProcessInput__FP7tScreen7tPlayerR13tInputKeyTypeR12tMenuCommand'
C:/Tools/mips-ps1/mips/bin/mipsel-none-elf-ld.exe: build/recon/frontend/common/screencarselect.cpp.o: in function `DrawForeground__16tScreenCarSelect':
(.text+0x22e4): undefined reference to `showRoomFlag'
C:/Tools/mips-ps1/mips/bin/mipsel-none-elf-ld.exe: (.text+0x22e8): undefined reference to `showRoomFlag'
C:/Tools/mips-ps1/mips/bin/mipsel-none-elf-ld.exe: (.text+0x2638): undefined reference to `showRoomFlag'
C:/Tools/mips-ps1/mips/bin/mipsel-none-elf-ld.exe: (.text+0x2648): undefined reference to `showRoomFlag'
C:/Tools/mips-ps1/mips/bin/mipsel-none-elf-ld.exe: build/recon/frontend/common/screencarselect.cpp.o: in function `DrawBackground__20tScreenCarSelectDuel':
(.text+0x316c): undefined reference to `showRoomFlag'
C:/Tools/mips-ps1/mips/bin/mipsel-none-elf-ld.exe: build/recon/frontend/common/screencarselect.cpp.o:(.text+0x3170): more undefined references to `showRoomFlag' follow
C:/Tools/mips-ps1/mips/bin/mipsel-none-elf-ld.exe: small-data section too large; lower small-data size limit (see option -G)
build/recon/game/common/ai.cpp.o: in function `AI_AddCollidableObjects__FP8Car_tObjP5Group':
(.text+0x1db0): relocation truncated to fit: R_MIPS_GPREL16 against `.sbss'
(.text+0x1de0): relocation truncated to fit: R_MIPS_GPREL16 against `.sbss'
build/recon/game/common/audiocmn.cpp.o: in function `ChooseImpactSample__Fi6s_typeT1':
(.text+0x16d8): relocation truncated to fit: R_MIPS_GPREL16 against `.sbss'
(.text+0x17c0): relocation truncated to fit: R_MIPS_GPREL16 against `.sbss'
build/recon/game/common/audiocmn.cpp.o: in function `AudioCmn_SoundCar__FP8Car_tObjiiiiiii':
(.text+0x27ac): relocation truncated to fit: R_MIPS_GPREL16 against `.sbss'
(.text+0x27b8): relocation truncated to fit: R_MIPS_GPREL16 against `.sbss'
(.text+0x27f0): relocation truncated to fit: R_MIPS_GPREL16 against `.sbss'
build/recon/game/common/bworld.cpp.o: in function `UpdateContext__FP13DRender_tViewi':
(.text+0x6c): relocation truncated to fit: R_MIPS_GPREL16 against `gCurrContext'
(.text+0x7c): relocation truncated to fit: R_MIPS_GPREL16 against `gBWSlice'
(.text+0x84): relocation truncated to fit: R_MIPS_GPREL16 against `gCurrContext'
(.text+0x94): additional relocation overflows omitted from the output
C:/Tools/mips-ps1/mips/bin/mipsel-none-elf-ld.exe: build/recon/game/common/nfs3.cpp.o: in function `LoadFrontendOverlay__Fv':
(.text+0x718): undefined reference to `bigBuf'
C:/Tools/mips-ps1/mips/bin/mipsel-none-elf-ld.exe: (.text+0x71c): undefined reference to `bigBuf'
C:/Tools/mips-ps1/mips/bin/mipsel-none-elf-ld.exe: build/recon/eaclib/psx/sndpsxz/span.c.o: in function `SNDpan':
(.text+0xc): undefined reference to `gSndState'
C:/Tools/mips-ps1/mips/bin/mipsel-none-elf-ld.exe: (.text+0x14): undefined reference to `gSndState'
C:/Tools/mips-ps1/mips/bin/mipsel-none-elf-ld.exe: build/recon/eaclib/psx/sndpsxz/svol.c.o: in function `iSNDunsafevol':
(.text+0x30): undefined reference to `gSndState'
C:/Tools/mips-ps1/mips/bin/mipsel-none-elf-ld.exe: (.text+0x34): undefined reference to `gSndState'
C:/Tools/mips-ps1/mips/bin/mipsel-none-elf-ld.exe: build/recon/eaclib/psx/sndpsxz/svol.c.o: in function `SNDvol':
(.text+0xc4): undefined reference to `gSndState'
C:/Tools/mips-ps1/mips/bin/mipsel-none-elf-ld.exe: build/recon/eaclib/psx/sndpsxz/svol.c.o:(.text+0xc8): more undefined references to `gSndState' follow
C:/Tools/mips-ps1/mips/bin/mipsel-none-elf-ld.exe: build/recon/eaclib/psx/eacpsxz/savegp.c.o: in function `initgp':
(.text+0x0): undefined reference to `g_bootGP'
C:/Tools/mips-ps1/mips/bin/mipsel-none-elf-ld.exe: (.text+0x4): undefined reference to `g_bootGP'
C:/Tools/mips-ps1/mips/bin/mipsel-none-elf-ld.exe: build/recon/syslib/psx/libetc/VMODE.c.o: in function `SetVideoMode':
(.text+0x0): undefined reference to `g_videomode'
C:/Tools/mips-ps1/mips/bin/mipsel-none-elf-ld.exe: (.text+0x4): undefined reference to `g_videomode'
C:/Tools/mips-ps1/mips/bin/mipsel-none-elf-ld.exe: (.text+0x8): undefined reference to `g_videomode'
C:/Tools/mips-ps1/mips/bin/mipsel-none-elf-ld.exe: (.text+0x10): undefined reference to `g_videomode'
C:/Tools/mips-ps1/mips/bin/mipsel-none-elf-ld.exe: build/recon/syslib/psx/libetc/VMODE.c.o: in function `GetVideoMode':
(.text+0x14): undefined reference to `g_videomode'
C:/Tools/mips-ps1/mips/bin/mipsel-none-elf-ld.exe: build/recon/syslib/psx/libetc/VMODE.c.o:(.text+0x18): more undefined references to `g_videomode' follow
C:/Tools/mips-ps1/mips/bin/mipsel-none-elf-ld.exe: build/recon/syslib/psx/libgte/FGO_01.c.o: in function `RotMatrix':
(.text+0x20): undefined reference to `_rsincos'
C:/Tools/mips-ps1/mips/bin/mipsel-none-elf-ld.exe: (.text+0x28): undefined reference to `_rsincos'
C:/Tools/mips-ps1/mips/bin/mipsel-none-elf-ld.exe: (.text+0x48): undefined reference to `_rsincos'
C:/Tools/mips-ps1/mips/bin/mipsel-none-elf-ld.exe: (.text+0x50): undefined reference to `_rsincos'
C:/Tools/mips-ps1/mips/bin/mipsel-none-elf-ld.exe: (.text+0x84): undefined reference to `_rsincos'
C:/Tools/mips-ps1/mips/bin/mipsel-none-elf-ld.exe: build/recon/syslib/psx/libgte/FGO_01.c.o:(.text+0x8c): more undefined references to `_rsincos' follow
C:/Tools/mips-ps1/mips/bin/mipsel-none-elf-ld.exe: build/recon/syslib/psx/libgpu/FONT.c.o: in function `FntFlush':
(.text+0x74): undefined reference to `_fnt'
C:/Tools/mips-ps1/mips/bin/mipsel-none-elf-ld.exe: (.text+0x7c): undefined reference to `_fnt'
C:/Tools/mips-ps1/mips/bin/mipsel-none-elf-ld.exe: (.text+0x9c): undefined reference to `_fnt'
C:/Tools/mips-ps1/mips/bin/mipsel-none-elf-ld.exe: (.text+0xa0): undefined reference to `_fnt'
C:/Tools/mips-ps1/mips/bin/mipsel-none-elf-ld.exe: build/recon/syslib/psx/libgpu/FONT.c.o: in function `FntPrint':
(.text+0x38c): undefined reference to `_fnt'
C:/Tools/mips-ps1/mips/bin/mipsel-none-elf-ld.exe: build/recon/syslib/psx/libgpu/FONT.c.o:(.text+0x394): more undefined references to `_fnt' follow
C:/Tools/mips-ps1/mips/bin/mipsel-none-elf-ld.exe: build/recon/eaclib/psx/sndpsxz/stagpat.c.o: in function `iSNDplaytaggedtimbre':
(.text+0x61c): undefined reference to `iSNDplatformrate'
C:/Tools/mips-ps1/mips/bin/mipsel-none-elf-ld.exe: (.text+0x624): undefined reference to `iSNDplatformrate'
C:/Tools/mips-ps1/mips/bin/mipsel-none-elf-ld.exe: build/recon/syslib/psx/libcd/cdread.c.o: in function `_read_sync':
(.text+0x8): undefined reference to `_cdr'
C:/Tools/mips-ps1/mips/bin/mipsel-none-elf-ld.exe: (.text+0xc): undefined reference to `_cdr'
C:/Tools/mips-ps1/mips/bin/mipsel-none-elf-ld.exe: build/recon/syslib/psx/libcd/cdread.c.o: in function `_read_int':
(.text+0x40): undefined reference to `_cdr'
C:/Tools/mips-ps1/mips/bin/mipsel-none-elf-ld.exe: (.text+0x44): undefined reference to `_cdr'
C:/Tools/mips-ps1/mips/bin/mipsel-none-elf-ld.exe: (.text+0xdc): undefined reference to `_cdr'
C:/Tools/mips-ps1/mips/bin/mipsel-none-elf-ld.exe: build/recon/syslib/psx/libcd/cdread.c.o:(.text+0xe0): more undefined references to `_cdr' follow
C:/Tools/mips-ps1/mips/bin/mipsel-none-elf-ld.exe: build/recon/syslib/psx/libcd/event.c.o: in function `_cd_event_init':
(.text+0x98): undefined reference to `CD_init'
C:/Tools/mips-ps1/mips/bin/mipsel-none-elf-ld.exe: build/recon/syslib/psx/libapi/PAD.c.o: in function `ReadInitPadFlag':
(.text+0x0): undefined reference to `_init_pad_flag'
C:/Tools/mips-ps1/mips/bin/mipsel-none-elf-ld.exe: (.text+0x4): undefined reference to `_init_pad_flag'
C:/Tools/mips-ps1/mips/bin/mipsel-none-elf-ld.exe: build/recon/syslib/psx/libetc/INTR_DMA.c.o: in function `startIntrDMA':
(.text+0x28): undefined reference to `dma_cb'
C:/Tools/mips-ps1/mips/bin/mipsel-none-elf-ld.exe: (.text+0x2c): undefined reference to `dma_cb'
C:/Tools/mips-ps1/mips/bin/mipsel-none-elf-ld.exe: build/recon/syslib/psx/libetc/INTR_DMA.c.o: in function `_dma_isr':
(.text+0xbc): undefined reference to `dma_cb'
C:/Tools/mips-ps1/mips/bin/mipsel-none-elf-ld.exe: (.text+0xc0): undefined reference to `dma_cb'
C:/Tools/mips-ps1/mips/bin/mipsel-none-elf-ld.exe: build/recon/syslib/psx/libetc/INTR_DMA.c.o: in function `func_80106878':
(.text+0x1f0): undefined reference to `dma_cb'
C:/Tools/mips-ps1/mips/bin/mipsel-none-elf-ld.exe: build/recon/syslib/psx/libetc/INTR_DMA.c.o:(.text+0x1f4): more undefined references to `dma_cb' follow
C:/Tools/mips-ps1/mips/bin/mipsel-none-elf-ld.exe: build/asm/data/rdata_80054548_j00.rodata.s.o: in function `jtbl_80054F64':
(.rodata+0x0): undefined reference to `.L8005E390'
C:/Tools/mips-ps1/mips/bin/mipsel-none-elf-ld.exe: (.rodata+0x4): undefined reference to `.L8005EDA4'
C:/Tools/mips-ps1/mips/bin/mipsel-none-elf-ld.exe: (.rodata+0x8): undefined reference to `.L8005E448'
C:/Tools/mips-ps1/mips/bin/mipsel-none-elf-ld.exe: (.rodata+0xc): undefined reference to `.L8005E91C'
C:/Tools/mips-ps1/mips/bin/mipsel-none-elf-ld.exe: (.rodata+0x10): undefined reference to `.L8005E650'
C:/Tools/mips-ps1/mips/bin/mipsel-none-elf-ld.exe: (.rodata+0x14): undefined reference to `.L8005EDA4'
C:/Tools/mips-ps1/mips/bin/mipsel-none-elf-ld.exe: (.rodata+0x18): undefined reference to `.L8005EDA4'
C:/Tools/mips-ps1/mips/bin/mipsel-none-elf-ld.exe: (.rodata+0x1c): undefined reference to `.L8005EC68'
C:/Tools/mips-ps1/mips/bin/mipsel-none-elf-ld.exe: (.rodata+0x20): undefined reference to `.L8005EDA4'
C:/Tools/mips-ps1/mips/bin/mipsel-none-elf-ld.exe: (.rodata+0x24): undefined reference to `.L8005ED34'
C:/Tools/mips-ps1/mips/bin/mipsel-none-elf-ld.exe: (.rodata+0x28): undefined reference to `.L8005EDA4'
C:/Tools/mips-ps1/mips/bin/mipsel-none-elf-ld.exe: build/asm/data/rdata_80054548_j01.rodata.s.o: in function `jtbl_80055040':
(.rodata+0x0): undefined reference to `.L80060B70'
C:/Tools/mips-ps1/mips/bin/mipsel-none-elf-ld.exe: (.rodata+0x4): undefined reference to `.L80060D50'
C:/Tools/mips-ps1/mips/bin/mipsel-none-elf-ld.exe: (.rodata+0x8): undefined reference to `.L80060924'
C:/Tools/mips-ps1/mips/bin/mipsel-none-elf-ld.exe: (.rodata+0xc): undefined reference to `.L80060D50'
C:/Tools/mips-ps1/mips/bin/mipsel-none-elf-ld.exe: (.rodata+0x10): undefined reference to `.L80060D50'
C:/Tools/mips-ps1/mips/bin/mipsel-none-elf-ld.exe: (.rodata+0x14): undefined reference to `.L80060D50'
C:/Tools/mips-ps1/mips/bin/mipsel-none-elf-ld.exe: (.rodata+0x18): undefined reference to `.L80060D50'
C:/Tools/mips-ps1/mips/bin/mipsel-none-elf-ld.exe: (.rodata+0x1c): undefined reference to `.L80060C1C'
C:/Tools/mips-ps1/mips/bin/mipsel-none-elf-ld.exe: (.rodata+0x20): undefined reference to `.L80060D50'
C:/Tools/mips-ps1/mips/bin/mipsel-none-elf-ld.exe: (.rodata+0x24): undefined reference to `.L80060D50'
C:/Tools/mips-ps1/mips/bin/mipsel-none-elf-ld.exe: (.rodata+0x28): undefined reference to `.L80060C48'
C:/Tools/mips-ps1/mips/bin/mipsel-none-elf-ld.exe: build/asm/data/rdata_80054548_j02.rodata.s.o: in function `jtbl_80055070':
(.rodata+0x0): undefined reference to `.L80060B30'
C:/Tools/mips-ps1/mips/bin/mipsel-none-elf-ld.exe: (.rodata+0x4): undefined reference to `.L80060954'
C:/Tools/mips-ps1/mips/bin/mipsel-none-elf-ld.exe: (.rodata+0x8): undefined reference to `.L800609EC'
C:/Tools/mips-ps1/mips/bin/mipsel-none-elf-ld.exe: (.rodata+0xc): undefined reference to `.L80060B30'
C:/Tools/mips-ps1/mips/bin/mipsel-none-elf-ld.exe: (.rodata+0x10): undefined reference to `.L800609F8'
C:/Tools/mips-ps1/mips/bin/mipsel-none-elf-ld.exe: (.rodata+0x14): undefined reference to `.L80060B30'
C:/Tools/mips-ps1/mips/bin/mipsel-none-elf-ld.exe: build/asm/data/rdata_80054548_j03.rodata.s.o: in function `jtbl_80055118':
(.rodata+0x0): undefined reference to `.L80063808'
C:/Tools/mips-ps1/mips/bin/mipsel-none-elf-ld.exe: (.rodata+0x4): undefined reference to `.L80063AC0'
C:/Tools/mips-ps1/mips/bin/mipsel-none-elf-ld.exe: (.rodata+0x8): undefined reference to `.L80063858'
C:/Tools/mips-ps1/mips/bin/mipsel-none-elf-ld.exe: (.rodata+0xc): undefined reference to `.L80063AC0'
C:/Tools/mips-ps1/mips/bin/mipsel-none-elf-ld.exe: (.rodata+0x10): undefined reference to `.L80063988'
C:/Tools/mips-ps1/mips/bin/mipsel-none-elf-ld.exe: (.rodata+0x14): undefined reference to `.L80063AC0'
C:/Tools/mips-ps1/mips/bin/mipsel-none-elf-ld.exe: (.rodata+0x18): undefined reference to `.L80063AC0'
C:/Tools/mips-ps1/mips/bin/mipsel-none-elf-ld.exe: (.rodata+0x1c): undefined reference to `.L80063AC0'
C:/Tools/mips-ps1/mips/bin/mipsel-none-elf-ld.exe: (.rodata+0x20): undefined reference to `.L80063AC0'
C:/Tools/mips-ps1/mips/bin/mipsel-none-elf-ld.exe: (.rodata+0x24): undefined reference to `.L80063AC0'
C:/Tools/mips-ps1/mips/bin/mipsel-none-elf-ld.exe: build/asm/data/rdata_80054548_j03.rodata.s.o:(.rodata+0x28): more undefined references to `.L80063AC0' follow
C:/Tools/mips-ps1/mips/bin/mipsel-none-elf-ld.exe: build/asm/data/rdata_80054548_j04.rodata.s.o: in function `jtbl_8005516C':
(.rodata+0x0): undefined reference to `.L80063D38'
C:/Tools/mips-ps1/mips/bin/mipsel-none-elf-ld.exe: (.rodata+0x4): undefined reference to `.L80063E28'
C:/Tools/mips-ps1/mips/bin/mipsel-none-elf-ld.exe: (.rodata+0x8): undefined reference to `.L8006422C'
C:/Tools/mips-ps1/mips/bin/mipsel-none-elf-ld.exe: (.rodata+0xc): undefined reference to `.L800648D8'
C:/Tools/mips-ps1/mips/bin/mipsel-none-elf-ld.exe: (.rodata+0x10): undefined reference to `.L80064440'
C:/Tools/mips-ps1/mips/bin/mipsel-none-elf-ld.exe: (.rodata+0x14): undefined reference to `.L80065118'
C:/Tools/mips-ps1/mips/bin/mipsel-none-elf-ld.exe: (.rodata+0x18): undefined reference to `.L8006536C'
C:/Tools/mips-ps1/mips/bin/mipsel-none-elf-ld.exe: (.rodata+0x1c): undefined reference to `.L8006536C'
C:/Tools/mips-ps1/mips/bin/mipsel-none-elf-ld.exe: (.rodata+0x20): undefined reference to `.L8006536C'
C:/Tools/mips-ps1/mips/bin/mipsel-none-elf-ld.exe: (.rodata+0x24): undefined reference to `.L800652FC'
C:/Tools/mips-ps1/mips/bin/mipsel-none-elf-ld.exe: (.rodata+0x28): undefined reference to `.L8006536C'
C:/Tools/mips-ps1/mips/bin/mipsel-none-elf-ld.exe: build/asm/data/rdata_80054548_j05.rodata.s.o: in function `jtbl_800551C8':
(.rodata+0x0): undefined reference to `.L80065ED0'
C:/Tools/mips-ps1/mips/bin/mipsel-none-elf-ld.exe: (.rodata+0x4): undefined reference to `.L80065FD4'
C:/Tools/mips-ps1/mips/bin/mipsel-none-elf-ld.exe: (.rodata+0x8): undefined reference to `.L800661E0'
C:/Tools/mips-ps1/mips/bin/mipsel-none-elf-ld.exe: (.rodata+0xc): undefined reference to `.L80066514'
C:/Tools/mips-ps1/mips/bin/mipsel-none-elf-ld.exe: (.rodata+0x10): undefined reference to `.L800666D0'
C:/Tools/mips-ps1/mips/bin/mipsel-none-elf-ld.exe: (.rodata+0x14): undefined reference to `.L800666D0'
C:/Tools/mips-ps1/mips/bin/mipsel-none-elf-ld.exe: (.rodata+0x18): undefined reference to `.L800665A4'
C:/Tools/mips-ps1/mips/bin/mipsel-none-elf-ld.exe: (.rodata+0x1c): undefined reference to `.L800666D0'
C:/Tools/mips-ps1/mips/bin/mipsel-none-elf-ld.exe: (.rodata+0x20): undefined reference to `.L800666D0'
C:/Tools/mips-ps1/mips/bin/mipsel-none-elf-ld.exe: (.rodata+0x24): undefined reference to `.L800666D0'
C:/Tools/mips-ps1/mips/bin/mipsel-none-elf-ld.exe: (.rodata+0x28): undefined reference to `.L800666D0'
C:/Tools/mips-ps1/mips/bin/mipsel-none-elf-ld.exe: build/asm/data/rdata_80054548_j06.rodata.s.o: in function `jtbl_8005573C':
(.rodata+0x0): undefined reference to `.L80078BAC'
C:/Tools/mips-ps1/mips/bin/mipsel-none-elf-ld.exe: (.rodata+0x4): undefined reference to `.L80078C84'
C:/Tools/mips-ps1/mips/bin/mipsel-none-elf-ld.exe: (.rodata+0x8): undefined reference to `.L80078BCC'
C:/Tools/mips-ps1/mips/bin/mipsel-none-elf-ld.exe: (.rodata+0xc): undefined reference to `.L80078C84'
C:/Tools/mips-ps1/mips/bin/mipsel-none-elf-ld.exe: (.rodata+0x10): undefined reference to `.L80078C84'
C:/Tools/mips-ps1/mips/bin/mipsel-none-elf-ld.exe: (.rodata+0x14): undefined reference to `.L80078BCC'
C:/Tools/mips-ps1/mips/bin/mipsel-none-elf-ld.exe: (.rodata+0x18): undefined reference to `.L80078C84'
C:/Tools/mips-ps1/mips/bin/mipsel-none-elf-ld.exe: (.rodata+0x1c): undefined reference to `.L80078C84'
C:/Tools/mips-ps1/mips/bin/mipsel-none-elf-ld.exe: (.rodata+0x20): undefined reference to `.L80078BAC'
C:/Tools/mips-ps1/mips/bin/mipsel-none-elf-ld.exe: (.rodata+0x24): undefined reference to `.L80078BAC'
C:/Tools/mips-ps1/mips/bin/mipsel-none-elf-ld.exe: (.rodata+0x28): undefined reference to `.L80078BCC'
C:/Tools/mips-ps1/mips/bin/mipsel-none-elf-ld.exe: (.rodata+0x2c): undefined reference to `.L80078BAC'
C:/Tools/mips-ps1/mips/bin/mipsel-none-elf-ld.exe: build/asm/data/rdata_80054548_j07.rodata.s.o: in function `jtbl_800558C8':
(.rodata+0x0): undefined reference to `.L80083710'
C:/Tools/mips-ps1/mips/bin/mipsel-none-elf-ld.exe: (.rodata+0x4): undefined reference to `.L80083710'
C:/Tools/mips-ps1/mips/bin/mipsel-none-elf-ld.exe: (.rodata+0x8): undefined reference to `.L80083720'
C:/Tools/mips-ps1/mips/bin/mipsel-none-elf-ld.exe: (.rodata+0xc): undefined reference to `.L80083734'
C:/Tools/mips-ps1/mips/bin/mipsel-none-elf-ld.exe: (.rodata+0x10): undefined reference to `.L80083748'
C:/Tools/mips-ps1/mips/bin/mipsel-none-elf-ld.exe: (.rodata+0x14): undefined reference to `.L8008375C'
C:/Tools/mips-ps1/mips/bin/mipsel-none-elf-ld.exe: (.rodata+0x18): undefined reference to `.L80083770'
C:/Tools/mips-ps1/mips/bin/mipsel-none-elf-ld.exe: (.rodata+0x1c): undefined reference to `.L80083784'
C:/Tools/mips-ps1/mips/bin/mipsel-none-elf-ld.exe: (.rodata+0x20): undefined reference to `.L800837E8'
C:/Tools/mips-ps1/mips/bin/mipsel-none-elf-ld.exe: (.rodata+0x24): undefined reference to `.L800837E8'
C:/Tools/mips-ps1/mips/bin/mipsel-none-elf-ld.exe: (.rodata+0x28): undefined reference to `.L80083798'
C:/Tools/mips-ps1/mips/bin/mipsel-none-elf-ld.exe: (.rodata+0x2c): undefined reference to `.L800837A8'
C:/Tools/mips-ps1/mips/bin/mipsel-none-elf-ld.exe: (.rodata+0x30): undefined reference to `.L800837B8'
C:/Tools/mips-ps1/mips/bin/mipsel-none-elf-ld.exe: (.rodata+0x34): undefined reference to `.L800837C8'
C:/Tools/mips-ps1/mips/bin/mipsel-none-elf-ld.exe: (.rodata+0x38): undefined reference to `.L800837D8'
C:/Tools/mips-ps1/mips/bin/mipsel-none-elf-ld.exe: (.rodata+0x3c): undefined reference to `.L800837E8'
C:/Tools/mips-ps1/mips/bin/mipsel-none-elf-ld.exe: (.rodata+0x40): undefined reference to `.L800837F8'
C:/Tools/mips-ps1/mips/bin/mipsel-none-elf-ld.exe: (.rodata+0x44): undefined reference to `.L80083808'
C:/Tools/mips-ps1/mips/bin/mipsel-none-elf-ld.exe: (.rodata+0x48): undefined reference to `.L80083808'
C:/Tools/mips-ps1/mips/bin/mipsel-none-elf-ld.exe: build/asm/data/rdata_80054548_j08.rodata.s.o: in function `jtbl_80055918':
(.rodata+0x0): undefined reference to `.L80084F74'
C:/Tools/mips-ps1/mips/bin/mipsel-none-elf-ld.exe: (.rodata+0x4): undefined reference to `.L80084F74'
C:/Tools/mips-ps1/mips/bin/mipsel-none-elf-ld.exe: (.rodata+0x8): undefined reference to `.L80084F74'
C:/Tools/mips-ps1/mips/bin/mipsel-none-elf-ld.exe: (.rodata+0xc): undefined reference to `.L80084F94'
C:/Tools/mips-ps1/mips/bin/mipsel-none-elf-ld.exe: (.rodata+0x10): undefined reference to `.L80084F94'
C:/Tools/mips-ps1/mips/bin/mipsel-none-elf-ld.exe: (.rodata+0x14): undefined reference to `.L80084F84'
C:/Tools/mips-ps1/mips/bin/mipsel-none-elf-ld.exe: build/asm/data/rdata_80054548_j09.rodata.s.o: in function `jtbl_80055930':
(.rodata+0x0): undefined reference to `.L8008552C'
C:/Tools/mips-ps1/mips/bin/mipsel-none-elf-ld.exe: (.rodata+0x4): undefined reference to `.L8008552C'
C:/Tools/mips-ps1/mips/bin/mipsel-none-elf-ld.exe: (.rodata+0x8): undefined reference to `.L8008552C'
C:/Tools/mips-ps1/mips/bin/mipsel-none-elf-ld.exe: (.rodata+0xc): undefined reference to `.L8008552C'
C:/Tools/mips-ps1/mips/bin/mipsel-none-elf-ld.exe: (.rodata+0x10): undefined reference to `.L8008552C'
C:/Tools/mips-ps1/mips/bin/mipsel-none-elf-ld.exe: build/asm/data/rdata_80054548_j09.rodata.s.o:(.rodata+0x14): more undefined references to `.L8008552C' follow
C:/Tools/mips-ps1/mips/bin/mipsel-none-elf-ld.exe: build/asm/data/rdata_80054548_j09.rodata.s.o: in function `jtbl_80055930':
(.rodata+0x30): undefined reference to `.L80085524'
C:/Tools/mips-ps1/mips/bin/mipsel-none-elf-ld.exe: (.rodata+0x34): undefined reference to `.L8008552C'
C:/Tools/mips-ps1/mips/bin/mipsel-none-elf-ld.exe: (.rodata+0x38): undefined reference to `.L80085524'
C:/Tools/mips-ps1/mips/bin/mipsel-none-elf-ld.exe: (.rodata+0x3c): undefined reference to `.L8008552C'
C:/Tools/mips-ps1/mips/bin/mipsel-none-elf-ld.exe: (.rodata+0x40): undefined reference to `.L8008552C'
C:/Tools/mips-ps1/mips/bin/mipsel-none-elf-ld.exe: (.rodata+0x44): undefined reference to `.L8008552C'
C:/Tools/mips-ps1/mips/bin/mipsel-none-elf-ld.exe: (.rodata+0x48): undefined reference to `.L8008552C'
C:/Tools/mips-ps1/mips/bin/mipsel-none-elf-ld.exe: build/asm/data/rdata_80054548_j10.rodata.s.o: in function `jtbl_80055A28':
(.rodata+0x0): undefined reference to `.L800921A8'
C:/Tools/mips-ps1/mips/bin/mipsel-none-elf-ld.exe: (.rodata+0x4): undefined reference to `.L800921CC'
C:/Tools/mips-ps1/mips/bin/mipsel-none-elf-ld.exe: (.rodata+0x8): undefined reference to `.L800921F0'
C:/Tools/mips-ps1/mips/bin/mipsel-none-elf-ld.exe: (.rodata+0xc): undefined reference to `.L80092220'
C:/Tools/mips-ps1/mips/bin/mipsel-none-elf-ld.exe: (.rodata+0x10): undefined reference to `.L80092274'
C:/Tools/mips-ps1/mips/bin/mipsel-none-elf-ld.exe: (.rodata+0x14): undefined reference to `.L8009240C'
C:/Tools/mips-ps1/mips/bin/mipsel-none-elf-ld.exe: (.rodata+0x18): undefined reference to `.L8009240C'
C:/Tools/mips-ps1/mips/bin/mipsel-none-elf-ld.exe: (.rodata+0x1c): undefined reference to `.L800922D8'
C:/Tools/mips-ps1/mips/bin/mipsel-none-elf-ld.exe: (.rodata+0x20): undefined reference to `.L8009236C'
C:/Tools/mips-ps1/mips/bin/mipsel-none-elf-ld.exe: (.rodata+0x24): undefined reference to `.L8009240C'
C:/Tools/mips-ps1/mips/bin/mipsel-none-elf-ld.exe: (.rodata+0x28): undefined reference to `.L800923BC'
C:/Tools/mips-ps1/mips/bin/mipsel-none-elf-ld.exe: build/asm/data/rdata_80054548_j11.rodata.s.o: in function `jtbl_80056418':
(.rodata+0x0): undefined reference to `.L800B03F4'
C:/Tools/mips-ps1/mips/bin/mipsel-none-elf-ld.exe: (.rodata+0x4): undefined reference to `.L800B0400'
C:/Tools/mips-ps1/mips/bin/mipsel-none-elf-ld.exe: (.rodata+0x8): undefined reference to `.L800B0400'
C:/Tools/mips-ps1/mips/bin/mipsel-none-elf-ld.exe: (.rodata+0xc): undefined reference to `.L800B04AC'
C:/Tools/mips-ps1/mips/bin/mipsel-none-elf-ld.exe: (.rodata+0x10): undefined reference to `.L800B04B8'
C:/Tools/mips-ps1/mips/bin/mipsel-none-elf-ld.exe: (.rodata+0x14): undefined reference to `.L800B0440'
C:/Tools/mips-ps1/mips/bin/mipsel-none-elf-ld.exe: (.rodata+0x18): undefined reference to `.L800B044C'
C:/Tools/mips-ps1/mips/bin/mipsel-none-elf-ld.exe: (.rodata+0x1c): undefined reference to `.L800B03F4'
C:/Tools/mips-ps1/mips/bin/mipsel-none-elf-ld.exe: (.rodata+0x20): undefined reference to `.L800B05D0'
C:/Tools/mips-ps1/mips/bin/mipsel-none-elf-ld.exe: (.rodata+0x24): undefined reference to `.L800B0418'
C:/Tools/mips-ps1/mips/bin/mipsel-none-elf-ld.exe: (.rodata+0x28): undefined reference to `.L800B0424'
C:/Tools/mips-ps1/mips/bin/mipsel-none-elf-ld.exe: (.rodata+0x2c): undefined reference to `.L800B04A0'
C:/Tools/mips-ps1/mips/bin/mipsel-none-elf-ld.exe: (.rodata+0x30): undefined reference to `.L800B0484'
C:/Tools/mips-ps1/mips/bin/mipsel-none-elf-ld.exe: (.rodata+0x34): undefined reference to `.L800B05A0'
C:/Tools/mips-ps1/mips/bin/mipsel-none-elf-ld.exe: (.rodata+0x38): undefined reference to `.L800B05B0'
C:/Tools/mips-ps1/mips/bin/mipsel-none-elf-ld.exe: (.rodata+0x3c): undefined reference to `.L800B05CC'
C:/Tools/mips-ps1/mips/bin/mipsel-none-elf-ld.exe: (.rodata+0x40): undefined reference to `.L800B04C4'
C:/Tools/mips-ps1/mips/bin/mipsel-none-elf-ld.exe: (.rodata+0x44): undefined reference to `.L800B04DC'
C:/Tools/mips-ps1/mips/bin/mipsel-none-elf-ld.exe: (.rodata+0x48): undefined reference to `.L800B0510'
C:/Tools/mips-ps1/mips/bin/mipsel-none-elf-ld.exe: (.rodata+0x4c): undefined reference to `.L800B0534'
C:/Tools/mips-ps1/mips/bin/mipsel-none-elf-ld.exe: (.rodata+0x50): undefined reference to `.L800B0468'
C:/Tools/mips-ps1/mips/bin/mipsel-none-elf-ld.exe: build/asm/data/rdata_80054548_j12.rodata.s.o: in function `jtbl_80056470':
(.rodata+0x0): undefined reference to `.L800B05F4'
C:/Tools/mips-ps1/mips/bin/mipsel-none-elf-ld.exe: (.rodata+0x4): undefined reference to `.L800B05F4'
C:/Tools/mips-ps1/mips/bin/mipsel-none-elf-ld.exe: (.rodata+0x8): undefined reference to `.L800B0600'
C:/Tools/mips-ps1/mips/bin/mipsel-none-elf-ld.exe: (.rodata+0xc): undefined reference to `.L800B0600'
C:/Tools/mips-ps1/mips/bin/mipsel-none-elf-ld.exe: (.rodata+0x10): undefined reference to `.L800B0648'
C:/Tools/mips-ps1/mips/bin/mipsel-none-elf-ld.exe: (.rodata+0x14): undefined reference to `.L800B0648'
C:/Tools/mips-ps1/mips/bin/mipsel-none-elf-ld.exe: build/asm/data/rdata_80054548_j13.rodata.s.o: in function `jtbl_80056488':
(.rodata+0x0): undefined reference to `.L800B0AB8'
C:/Tools/mips-ps1/mips/bin/mipsel-none-elf-ld.exe: (.rodata+0x4): undefined reference to `.L800B0AB8'
C:/Tools/mips-ps1/mips/bin/mipsel-none-elf-ld.exe: (.rodata+0x8): undefined reference to `.L800B0AC4'
C:/Tools/mips-ps1/mips/bin/mipsel-none-elf-ld.exe: (.rodata+0xc): undefined reference to `.L800B0AF4'
C:/Tools/mips-ps1/mips/bin/mipsel-none-elf-ld.exe: (.rodata+0x10): undefined reference to `.L800B0B3C'
C:/Tools/mips-ps1/mips/bin/mipsel-none-elf-ld.exe: (.rodata+0x14): undefined reference to `.L800B0B3C'
C:/Tools/mips-ps1/mips/bin/mipsel-none-elf-ld.exe: (.rodata+0x18): undefined reference to `.L800B0BD0'
C:/Tools/mips-ps1/mips/bin/mipsel-none-elf-ld.exe: (.rodata+0x1c): undefined reference to `.L800B0BD0'
C:/Tools/mips-ps1/mips/bin/mipsel-none-elf-ld.exe: (.rodata+0x20): undefined reference to `.L800B0BD0'
C:/Tools/mips-ps1/mips/bin/mipsel-none-elf-ld.exe: (.rodata+0x24): undefined reference to `.L800B0BD0'
C:/Tools/mips-ps1/mips/bin/mipsel-none-elf-ld.exe: (.rodata+0x28): undefined reference to `.L800B0BD0'
C:/Tools/mips-ps1/mips/bin/mipsel-none-elf-ld.exe: build/asm/data/rdata_80054548_j13.rodata.s.o:(.rodata+0x2c): more undefined references to `.L800B0BD0' follow
C:/Tools/mips-ps1/mips/bin/mipsel-none-elf-ld.exe: build/asm/data/rdata_80054548_j13.rodata.s.o: in function `jtbl_80056488':
(.rodata+0x30): undefined reference to `.L800B0A3C'
C:/Tools/mips-ps1/mips/bin/mipsel-none-elf-ld.exe: (.rodata+0x34): undefined reference to `.L800B0A64'
C:/Tools/mips-ps1/mips/bin/mipsel-none-elf-ld.exe: (.rodata+0x38): undefined reference to `.L800B0A64'
C:/Tools/mips-ps1/mips/bin/mipsel-none-elf-ld.exe: (.rodata+0x3c): undefined reference to `.L800B0A64'
C:/Tools/mips-ps1/mips/bin/mipsel-none-elf-ld.exe: (.rodata+0x40): undefined reference to `.L800B0A64'
C:/Tools/mips-ps1/mips/bin/mipsel-none-elf-ld.exe: (.rodata+0x44): undefined reference to `.L800B0A64'
C:/Tools/mips-ps1/mips/bin/mipsel-none-elf-ld.exe: (.rodata+0x48): undefined reference to `.L800B0A70'
C:/Tools/mips-ps1/mips/bin/mipsel-none-elf-ld.exe: (.rodata+0x4c): undefined reference to `.L800B0A88'
C:/Tools/mips-ps1/mips/bin/mipsel-none-elf-ld.exe: (.rodata+0x50): undefined reference to `.L800B0A94'
C:/Tools/mips-ps1/mips/bin/mipsel-none-elf-ld.exe: (.rodata+0x54): undefined reference to `.L800B0AAC'
C:/Tools/mips-ps1/mips/bin/mipsel-none-elf-ld.exe: build/asm/data/rdata_80054548_j14.rodata.s.o: in function `jtbl_800564E0':
(.rodata+0x0): undefined reference to `.L800B1B00'
C:/Tools/mips-ps1/mips/bin/mipsel-none-elf-ld.exe: (.rodata+0x4): undefined reference to `.L800B1B14'
C:/Tools/mips-ps1/mips/bin/mipsel-none-elf-ld.exe: (.rodata+0x8): undefined reference to `.L800B1C08'
C:/Tools/mips-ps1/mips/bin/mipsel-none-elf-ld.exe: (.rodata+0xc): undefined reference to `.L800B1C0C'
C:/Tools/mips-ps1/mips/bin/mipsel-none-elf-ld.exe: (.rodata+0x10): undefined reference to `.L800B1C0C'
C:/Tools/mips-ps1/mips/bin/mipsel-none-elf-ld.exe: (.rodata+0x14): undefined reference to `.L800B1B84'
C:/Tools/mips-ps1/mips/bin/mipsel-none-elf-ld.exe: (.rodata+0x18): undefined reference to `.L800B1BA0'
C:/Tools/mips-ps1/mips/bin/mipsel-none-elf-ld.exe: (.rodata+0x1c): undefined reference to `.L800B1B30'
C:/Tools/mips-ps1/mips/bin/mipsel-none-elf-ld.exe: (.rodata+0x20): undefined reference to `.L800B1C08'
C:/Tools/mips-ps1/mips/bin/mipsel-none-elf-ld.exe: (.rodata+0x24): undefined reference to `.L800B1B4C'
C:/Tools/mips-ps1/mips/bin/mipsel-none-elf-ld.exe: (.rodata+0x28): undefined reference to `.L800B1B68'
C:/Tools/mips-ps1/mips/bin/mipsel-none-elf-ld.exe: (.rodata+0x2c): undefined reference to `.L800B1BF4'
C:/Tools/mips-ps1/mips/bin/mipsel-none-elf-ld.exe: (.rodata+0x30): undefined reference to `.L800B1BD8'
C:/Tools/mips-ps1/mips/bin/mipsel-none-elf-ld.exe: (.rodata+0x34): undefined reference to `.L800B1C0C'
C:/Tools/mips-ps1/mips/bin/mipsel-none-elf-ld.exe: (.rodata+0x38): undefined reference to `.L800B1C00'
C:/Tools/mips-ps1/mips/bin/mipsel-none-elf-ld.exe: (.rodata+0x3c): undefined reference to `.L800B1C0C'
C:/Tools/mips-ps1/mips/bin/mipsel-none-elf-ld.exe: (.rodata+0x40): undefined reference to `.L800B1C0C'
C:/Tools/mips-ps1/mips/bin/mipsel-none-elf-ld.exe: (.rodata+0x44): undefined reference to `.L800B1C00'
C:/Tools/mips-ps1/mips/bin/mipsel-none-elf-ld.exe: (.rodata+0x48): undefined reference to `.L800B1C0C'
C:/Tools/mips-ps1/mips/bin/mipsel-none-elf-ld.exe: (.rodata+0x4c): undefined reference to `.L800B1C0C'
C:/Tools/mips-ps1/mips/bin/mipsel-none-elf-ld.exe: (.rodata+0x50): undefined reference to `.L800B1BBC'
C:/Tools/mips-ps1/mips/bin/mipsel-none-elf-ld.exe: build/asm/data/rdata_80054548_j15.rodata.s.o: in function `jtbl_80056578':
(.rodata+0x0): undefined reference to `.L800B522C'
C:/Tools/mips-ps1/mips/bin/mipsel-none-elf-ld.exe: (.rodata+0x4): undefined reference to `.L800B5244'
C:/Tools/mips-ps1/mips/bin/mipsel-none-elf-ld.exe: (.rodata+0x8): undefined reference to `.L800B5254'
C:/Tools/mips-ps1/mips/bin/mipsel-none-elf-ld.exe: (.rodata+0xc): undefined reference to `.L800B526C'
C:/Tools/mips-ps1/mips/bin/mipsel-none-elf-ld.exe: (.rodata+0x10): undefined reference to `.L800B52EC'
C:/Tools/mips-ps1/mips/bin/mipsel-none-elf-ld.exe: build/asm/data/rdata_80054548_j16.rodata.s.o: in function `jtbl_80056690':
(.rodata+0x0): undefined reference to `.L800BA714'
C:/Tools/mips-ps1/mips/bin/mipsel-none-elf-ld.exe: (.rodata+0x4): undefined reference to `.L800BA7BC'
C:/Tools/mips-ps1/mips/bin/mipsel-none-elf-ld.exe: (.rodata+0x8): undefined reference to `.L800BA7BC'
C:/Tools/mips-ps1/mips/bin/mipsel-none-elf-ld.exe: (.rodata+0xc): undefined reference to `.L800BA7BC'
C:/Tools/mips-ps1/mips/bin/mipsel-none-elf-ld.exe: (.rodata+0x10): undefined reference to `.L800BA7BC'
C:/Tools/mips-ps1/mips/bin/mipsel-none-elf-ld.exe: (.rodata+0x14): undefined reference to `.L800BA770'
C:/Tools/mips-ps1/mips/bin/mipsel-none-elf-ld.exe: (.rodata+0x18): undefined reference to `.L800BA78C'
C:/Tools/mips-ps1/mips/bin/mipsel-none-elf-ld.exe: (.rodata+0x1c): undefined reference to `.L800BA7BC'
C:/Tools/mips-ps1/mips/bin/mipsel-none-elf-ld.exe: (.rodata+0x20): undefined reference to `.L800BA7BC'
C:/Tools/mips-ps1/mips/bin/mipsel-none-elf-ld.exe: (.rodata+0x24): undefined reference to `.L800BA7BC'
C:/Tools/mips-ps1/mips/bin/mipsel-none-elf-ld.exe: (.rodata+0x28): undefined reference to `.L800BA7BC'
C:/Tools/mips-ps1/mips/bin/mipsel-none-elf-ld.exe: (.rodata+0x2c): undefined reference to `.L800BA7BC'
C:/Tools/mips-ps1/mips/bin/mipsel-none-elf-ld.exe: build/asm/data/rdata_80054548_j16.rodata.s.o:(.rodata+0x30): more undefined references to `.L800BA7BC' follow
C:/Tools/mips-ps1/mips/bin/mipsel-none-elf-ld.exe: build/asm/data/rdata_80054548_j16.rodata.s.o: in function `jtbl_80056690':
(.rodata+0x34): undefined reference to `.L800BA734'
C:/Tools/mips-ps1/mips/bin/mipsel-none-elf-ld.exe: (.rodata+0x38): undefined reference to `.L800BA7BC'
C:/Tools/mips-ps1/mips/bin/mipsel-none-elf-ld.exe: (.rodata+0x3c): undefined reference to `.L800BA7BC'
C:/Tools/mips-ps1/mips/bin/mipsel-none-elf-ld.exe: (.rodata+0x40): undefined reference to `.L800BA7BC'
C:/Tools/mips-ps1/mips/bin/mipsel-none-elf-ld.exe: (.rodata+0x44): undefined reference to `.L800BA7BC'
C:/Tools/mips-ps1/mips/bin/mipsel-none-elf-ld.exe: (.rodata+0x48): undefined reference to `.L800BA7BC'
C:/Tools/mips-ps1/mips/bin/mipsel-none-elf-ld.exe: build/asm/data/rdata_80054548_j16.rodata.s.o:(.rodata+0x4c): more undefined references to `.L800BA7BC' follow
C:/Tools/mips-ps1/mips/bin/mipsel-none-elf-ld.exe: build/asm/data/rdata_80054548_j16.rodata.s.o: in function `jtbl_80056690':
(.rodata+0x88): undefined reference to `.L800BA754'
C:/Tools/mips-ps1/mips/bin/mipsel-none-elf-ld.exe: (.rodata+0x8c): undefined reference to `.L800BA7BC'
C:/Tools/mips-ps1/mips/bin/mipsel-none-elf-ld.exe: (.rodata+0x90): undefined reference to `.L800BA7A8'
C:/Tools/mips-ps1/mips/bin/mipsel-none-elf-ld.exe: build/asm/data/rdata_80054548_j17.rodata.s.o: in function `jtbl_80056788':
(.rodata+0x0): undefined reference to `.L800BC4A0'
C:/Tools/mips-ps1/mips/bin/mipsel-none-elf-ld.exe: (.rodata+0x4): undefined reference to `.L800BC4C4'
C:/Tools/mips-ps1/mips/bin/mipsel-none-elf-ld.exe: (.rodata+0x8): undefined reference to `.L800BC4C4'
C:/Tools/mips-ps1/mips/bin/mipsel-none-elf-ld.exe: (.rodata+0xc): undefined reference to `.L800BC4C4'
C:/Tools/mips-ps1/mips/bin/mipsel-none-elf-ld.exe: (.rodata+0x10): undefined reference to `.L800BC4A0'
C:/Tools/mips-ps1/mips/bin/mipsel-none-elf-ld.exe: (.rodata+0x14): undefined reference to `.L800BC4A0'
C:/Tools/mips-ps1/mips/bin/mipsel-none-elf-ld.exe: (.rodata+0x18): undefined reference to `.L800BC4C4'
C:/Tools/mips-ps1/mips/bin/mipsel-none-elf-ld.exe: (.rodata+0x1c): undefined reference to `.L800BC4C4'
C:/Tools/mips-ps1/mips/bin/mipsel-none-elf-ld.exe: (.rodata+0x20): undefined reference to `.L800BC4A8'
C:/Tools/mips-ps1/mips/bin/mipsel-none-elf-ld.exe: (.rodata+0x24): undefined reference to `.L800BC4C4'
C:/Tools/mips-ps1/mips/bin/mipsel-none-elf-ld.exe: (.rodata+0x28): undefined reference to `.L800BC4C4'
C:/Tools/mips-ps1/mips/bin/mipsel-none-elf-ld.exe: (.rodata+0x2c): undefined reference to `.L800BC4C4'
C:/Tools/mips-ps1/mips/bin/mipsel-none-elf-ld.exe: (.rodata+0x30): undefined reference to `.L800BC4B0'
C:/Tools/mips-ps1/mips/bin/mipsel-none-elf-ld.exe: (.rodata+0x34): undefined reference to `.L800BC4C4'
C:/Tools/mips-ps1/mips/bin/mipsel-none-elf-ld.exe: (.rodata+0x38): undefined reference to `.L800BC4C4'
C:/Tools/mips-ps1/mips/bin/mipsel-none-elf-ld.exe: (.rodata+0x3c): undefined reference to `.L800BC4C4'
C:/Tools/mips-ps1/mips/bin/mipsel-none-elf-ld.exe: (.rodata+0x40): undefined reference to `.L800BC4C4'
C:/Tools/mips-ps1/mips/bin/mipsel-none-elf-ld.exe: (.rodata+0x44): undefined reference to `.L800BC498'
C:/Tools/mips-ps1/mips/bin/mipsel-none-elf-ld.exe: (.rodata+0x48): undefined reference to `.L800BC4B8'
C:/Tools/mips-ps1/mips/bin/mipsel-none-elf-ld.exe: (.rodata+0x4c): undefined reference to `.L800BC4C4'
C:/Tools/mips-ps1/mips/bin/mipsel-none-elf-ld.exe: (.rodata+0x50): undefined reference to `.L800BC4C4'
C:/Tools/mips-ps1/mips/bin/mipsel-none-elf-ld.exe: (.rodata+0x54): undefined reference to `.L800BC4C4'
C:/Tools/mips-ps1/mips/bin/mipsel-none-elf-ld.exe: (.rodata+0x58): undefined reference to `.L800BC4B8'
C:/Tools/mips-ps1/mips/bin/mipsel-none-elf-ld.exe: (.rodata+0x5c): undefined reference to `.L800BC4C4'
C:/Tools/mips-ps1/mips/bin/mipsel-none-elf-ld.exe: (.rodata+0x60): undefined reference to `.L800BC4C4'
C:/Tools/mips-ps1/mips/bin/mipsel-none-elf-ld.exe: (.rodata+0x64): undefined reference to `.L800BC4C0'
C:/Tools/mips-ps1/mips/bin/mipsel-none-elf-ld.exe: (.rodata+0x68): undefined reference to `.L800BC4C4'
C:/Tools/mips-ps1/mips/bin/mipsel-none-elf-ld.exe: (.rodata+0x6c): undefined reference to `.L800BC4C4'
C:/Tools/mips-ps1/mips/bin/mipsel-none-elf-ld.exe: (.rodata+0x70): undefined reference to `.L800BC4C0'
C:/Tools/mips-ps1/mips/bin/mipsel-none-elf-ld.exe: build/asm/data/rdata_80054548_j18.rodata.s.o: in function `jtbl_8005684C':
(.rodata+0x0): undefined reference to `.L800CAD3C'
C:/Tools/mips-ps1/mips/bin/mipsel-none-elf-ld.exe: (.rodata+0x4): undefined reference to `.L800CAD3C'
C:/Tools/mips-ps1/mips/bin/mipsel-none-elf-ld.exe: (.rodata+0x8): undefined reference to `.L800CAD3C'
C:/Tools/mips-ps1/mips/bin/mipsel-none-elf-ld.exe: (.rodata+0xc): undefined reference to `.L800CAD3C'
C:/Tools/mips-ps1/mips/bin/mipsel-none-elf-ld.exe: (.rodata+0x10): undefined reference to `.L800CAD3C'
C:/Tools/mips-ps1/mips/bin/mipsel-none-elf-ld.exe: build/asm/data/rdata_80054548_j18.rodata.s.o:(.rodata+0x14): more undefined references to `.L800CAD3C' follow
C:/Tools/mips-ps1/mips/bin/mipsel-none-elf-ld.exe: build/asm/data/rdata_80054548_j18.rodata.s.o: in function `jtbl_8005684C':
(.rodata+0x20): undefined reference to `.L800CAD78'
C:/Tools/mips-ps1/mips/bin/mipsel-none-elf-ld.exe: (.rodata+0x24): undefined reference to `.L800CAD78'
C:/Tools/mips-ps1/mips/bin/mipsel-none-elf-ld.exe: (.rodata+0x28): undefined reference to `.L800CAD78'
C:/Tools/mips-ps1/mips/bin/mipsel-none-elf-ld.exe: (.rodata+0x2c): undefined reference to `.L800CAD78'
C:/Tools/mips-ps1/mips/bin/mipsel-none-elf-ld.exe: (.rodata+0x30): undefined reference to `.L800CADB0'
C:/Tools/mips-ps1/mips/bin/mipsel-none-elf-ld.exe: (.rodata+0x34): undefined reference to `.L800CAD78'
C:/Tools/mips-ps1/mips/bin/mipsel-none-elf-ld.exe: build/asm/data/rdata_80054548_j19.rodata.s.o: in function `jtbl_80056894':
(.rodata+0x0): undefined reference to `.L800CF0C8'
C:/Tools/mips-ps1/mips/bin/mipsel-none-elf-ld.exe: (.rodata+0x4): undefined reference to `.L800CF0C8'
C:/Tools/mips-ps1/mips/bin/mipsel-none-elf-ld.exe: (.rodata+0x8): undefined reference to `.L800CF0E8'
C:/Tools/mips-ps1/mips/bin/mipsel-none-elf-ld.exe: (.rodata+0xc): undefined reference to `.L800CF100'
C:/Tools/mips-ps1/mips/bin/mipsel-none-elf-ld.exe: (.rodata+0x10): undefined reference to `.L800CF118'
C:/Tools/mips-ps1/mips/bin/mipsel-none-elf-ld.exe: build/asm/data/rdata_80054548_j20.rodata.s.o: in function `jtbl_8005699C':
(.rodata+0x0): undefined reference to `.L800DD7E8'
C:/Tools/mips-ps1/mips/bin/mipsel-none-elf-ld.exe: (.rodata+0x4): undefined reference to `.L800DD804'
C:/Tools/mips-ps1/mips/bin/mipsel-none-elf-ld.exe: (.rodata+0x8): undefined reference to `.L800DD850'
C:/Tools/mips-ps1/mips/bin/mipsel-none-elf-ld.exe: (.rodata+0xc): undefined reference to `.L800DD874'
C:/Tools/mips-ps1/mips/bin/mipsel-none-elf-ld.exe: (.rodata+0x10): undefined reference to `.L800DE61C'
C:/Tools/mips-ps1/mips/bin/mipsel-none-elf-ld.exe: (.rodata+0x14): undefined reference to `.L800DDD0C'
C:/Tools/mips-ps1/mips/bin/mipsel-none-elf-ld.exe: (.rodata+0x18): undefined reference to `.L800DDDEC'
C:/Tools/mips-ps1/mips/bin/mipsel-none-elf-ld.exe: (.rodata+0x1c): undefined reference to `.L800DE130'
C:/Tools/mips-ps1/mips/bin/mipsel-none-elf-ld.exe: (.rodata+0x20): undefined reference to `.L800DDEF4'
C:/Tools/mips-ps1/mips/bin/mipsel-none-elf-ld.exe: (.rodata+0x24): undefined reference to `.L800DDA74'
C:/Tools/mips-ps1/mips/bin/mipsel-none-elf-ld.exe: (.rodata+0x28): undefined reference to `.L800DDFFC'
C:/Tools/mips-ps1/mips/bin/mipsel-none-elf-ld.exe: (.rodata+0x2c): undefined reference to `.L800DE61C'
C:/Tools/mips-ps1/mips/bin/mipsel-none-elf-ld.exe: (.rodata+0x30): undefined reference to `.L800DE3C8'
C:/Tools/mips-ps1/mips/bin/mipsel-none-elf-ld.exe: (.rodata+0x34): undefined reference to `.L800DE3C8'
C:/Tools/mips-ps1/mips/bin/mipsel-none-elf-ld.exe: build/asm/data/rdata_80054548_j21.rodata.s.o: in function `jtbl_800569D4':
(.rodata+0x0): undefined reference to `.L800DE67C'
C:/Tools/mips-ps1/mips/bin/mipsel-none-elf-ld.exe: (.rodata+0x4): undefined reference to `.L800DE67C'
C:/Tools/mips-ps1/mips/bin/mipsel-none-elf-ld.exe: (.rodata+0x8): undefined reference to `.L800DE67C'
C:/Tools/mips-ps1/mips/bin/mipsel-none-elf-ld.exe: (.rodata+0xc): undefined reference to `.L800DE6B8'
C:/Tools/mips-ps1/mips/bin/mipsel-none-elf-ld.exe: (.rodata+0x10): undefined reference to `.L800DE6E4'
C:/Tools/mips-ps1/mips/bin/mipsel-none-elf-ld.exe: (.rodata+0x14): undefined reference to `.L800DE684'
C:/Tools/mips-ps1/mips/bin/mipsel-none-elf-ld.exe: (.rodata+0x18): undefined reference to `.L800DE684'
C:/Tools/mips-ps1/mips/bin/mipsel-none-elf-ld.exe: (.rodata+0x1c): undefined reference to `.L800DE6B8'
C:/Tools/mips-ps1/mips/bin/mipsel-none-elf-ld.exe: (.rodata+0x20): undefined reference to `.L800DE684'
C:/Tools/mips-ps1/mips/bin/mipsel-none-elf-ld.exe: (.rodata+0x24): undefined reference to `.L800DE6B8'
C:/Tools/mips-ps1/mips/bin/mipsel-none-elf-ld.exe: (.rodata+0x28): undefined reference to `.L800DE69C'
C:/Tools/mips-ps1/mips/bin/mipsel-none-elf-ld.exe: (.rodata+0x2c): undefined reference to `.L800DE6E4'
C:/Tools/mips-ps1/mips/bin/mipsel-none-elf-ld.exe: (.rodata+0x30): undefined reference to `.L800DE6C4'
C:/Tools/mips-ps1/mips/bin/mipsel-none-elf-ld.exe: build/asm/data/rdata_80054548_j22.rodata.s.o: in function `jtbl_80056A98':
(.rodata+0x0): undefined reference to `.L800E03C0'
C:/Tools/mips-ps1/mips/bin/mipsel-none-elf-ld.exe: (.rodata+0x4): undefined reference to `.L800E03F0'
C:/Tools/mips-ps1/mips/bin/mipsel-none-elf-ld.exe: (.rodata+0x8): undefined reference to `.L800E0420'
C:/Tools/mips-ps1/mips/bin/mipsel-none-elf-ld.exe: (.rodata+0xc): undefined reference to `.L800E0450'
C:/Tools/mips-ps1/mips/bin/mipsel-none-elf-ld.exe: (.rodata+0x10): undefined reference to `.L800E0480'
C:/Tools/mips-ps1/mips/bin/mipsel-none-elf-ld.exe: build/asm/data/rdata_80054548_j23.rodata.s.o: in function `jtbl_80056B60':
(.rodata+0x0): undefined reference to `.L800E4798'
C:/Tools/mips-ps1/mips/bin/mipsel-none-elf-ld.exe: (.rodata+0x4): undefined reference to `.L800E4C44'
C:/Tools/mips-ps1/mips/bin/mipsel-none-elf-ld.exe: (.rodata+0x8): undefined reference to `.L800E4C44'
C:/Tools/mips-ps1/mips/bin/mipsel-none-elf-ld.exe: (.rodata+0xc): undefined reference to `.L800E4C44'
C:/Tools/mips-ps1/mips/bin/mipsel-none-elf-ld.exe: (.rodata+0x10): undefined reference to `.L800E4C44'
C:/Tools/mips-ps1/mips/bin/mipsel-none-elf-ld.exe: (.rodata+0x14): undefined reference to `.L800E4C44'
C:/Tools/mips-ps1/mips/bin/mipsel-none-elf-ld.exe: build/asm/data/rdata_80054548_j23.rodata.s.o:(.rodata+0x18): more undefined references to `.L800E4C44' follow
C:/Tools/mips-ps1/mips/bin/mipsel-none-elf-ld.exe: build/asm/data/rdata_80054548_j23.rodata.s.o: in function `jtbl_80056B60':
(.rodata+0x30): undefined reference to `.L800E4A50'
C:/Tools/mips-ps1/mips/bin/mipsel-none-elf-ld.exe: (.rodata+0x34): undefined reference to `.L800E4C44'
C:/Tools/mips-ps1/mips/bin/mipsel-none-elf-ld.exe: (.rodata+0x38): undefined reference to `.L800E4C44'
C:/Tools/mips-ps1/mips/bin/mipsel-none-elf-ld.exe: (.rodata+0x3c): undefined reference to `.L800E4C44'
C:/Tools/mips-ps1/mips/bin/mipsel-none-elf-ld.exe: (.rodata+0x40): undefined reference to `.L800E4C44'
C:/Tools/mips-ps1/mips/bin/mipsel-none-elf-ld.exe: (.rodata+0x44): undefined reference to `.L800E4C44'
C:/Tools/mips-ps1/mips/bin/mipsel-none-elf-ld.exe: build/asm/data/rdata_80054548_j23.rodata.s.o:(.rodata+0x48): more undefined references to `.L800E4C44' follow
C:/Tools/mips-ps1/mips/bin/mipsel-none-elf-ld.exe: build/asm/data/rdata_80054548_j23.rodata.s.o: in function `jtbl_80056B60':
(.rodata+0x5c): undefined reference to `.L800E4B64'
C:/Tools/mips-ps1/mips/bin/mipsel-none-elf-ld.exe: (.rodata+0x60): undefined reference to `.L800E47C4'
C:/Tools/mips-ps1/mips/bin/mipsel-none-elf-ld.exe: (.rodata+0x64): undefined reference to `.L800E4C44'
C:/Tools/mips-ps1/mips/bin/mipsel-none-elf-ld.exe: (.rodata+0x68): undefined reference to `.L800E4C44'
C:/Tools/mips-ps1/mips/bin/mipsel-none-elf-ld.exe: (.rodata+0x6c): undefined reference to `.L800E4C44'
C:/Tools/mips-ps1/mips/bin/mipsel-none-elf-ld.exe: (.rodata+0x70): undefined reference to `.L800E4780'
C:/Tools/mips-ps1/mips/bin/mipsel-none-elf-ld.exe: (.rodata+0x74): undefined reference to `.L800E47C4'
C:/Tools/mips-ps1/mips/bin/mipsel-none-elf-ld.exe: (.rodata+0x78): undefined reference to `.L800E4C44'
C:/Tools/mips-ps1/mips/bin/mipsel-none-elf-ld.exe: (.rodata+0x7c): undefined reference to `.L800E4C44'
C:/Tools/mips-ps1/mips/bin/mipsel-none-elf-ld.exe: (.rodata+0x80): undefined reference to `.L800E478C'
C:/Tools/mips-ps1/mips/bin/mipsel-none-elf-ld.exe: (.rodata+0x84): undefined reference to `.L800E4C44'
C:/Tools/mips-ps1/mips/bin/mipsel-none-elf-ld.exe: (.rodata+0x88): undefined reference to `.L800E4C10'
C:/Tools/mips-ps1/mips/bin/mipsel-none-elf-ld.exe: (.rodata+0x8c): undefined reference to `.L800E493C'
C:/Tools/mips-ps1/mips/bin/mipsel-none-elf-ld.exe: (.rodata+0x90): undefined reference to `.L800E4A3C'
C:/Tools/mips-ps1/mips/bin/mipsel-none-elf-ld.exe: (.rodata+0x94): undefined reference to `.L800E4C44'
C:/Tools/mips-ps1/mips/bin/mipsel-none-elf-ld.exe: (.rodata+0x98): undefined reference to `.L800E4C44'
C:/Tools/mips-ps1/mips/bin/mipsel-none-elf-ld.exe: (.rodata+0x9c): undefined reference to `.L800E4B84'
C:/Tools/mips-ps1/mips/bin/mipsel-none-elf-ld.exe: (.rodata+0xa0): undefined reference to `.L800E4C44'
C:/Tools/mips-ps1/mips/bin/mipsel-none-elf-ld.exe: (.rodata+0xa4): undefined reference to `.L800E481C'
C:/Tools/mips-ps1/mips/bin/mipsel-none-elf-ld.exe: (.rodata+0xa8): undefined reference to `.L800E4C44'
C:/Tools/mips-ps1/mips/bin/mipsel-none-elf-ld.exe: (.rodata+0xac): undefined reference to `.L800E4C44'
C:/Tools/mips-ps1/mips/bin/mipsel-none-elf-ld.exe: (.rodata+0xb0): undefined reference to `.L800E4A5C'
C:/Tools/mips-ps1/mips/bin/mipsel-none-elf-ld.exe: build/asm/data/rdata_80054548_j24.rodata.s.o: in function `jtbl_80056C6C':
(.rodata+0x0): undefined reference to `.L800EC328'
C:/Tools/mips-ps1/mips/bin/mipsel-none-elf-ld.exe: (.rodata+0x4): undefined reference to `.L800EC334'
C:/Tools/mips-ps1/mips/bin/mipsel-none-elf-ld.exe: (.rodata+0x8): undefined reference to `.L800EC34C'
C:/Tools/mips-ps1/mips/bin/mipsel-none-elf-ld.exe: (.rodata+0xc): undefined reference to `.L800EC34C'
C:/Tools/mips-ps1/mips/bin/mipsel-none-elf-ld.exe: (.rodata+0x10): undefined reference to `.L800EC340'
C:/Tools/mips-ps1/mips/bin/mipsel-none-elf-ld.exe: (.rodata+0x14): undefined reference to `.L800EC334'
C:/Tools/mips-ps1/mips/bin/mipsel-none-elf-ld.exe: (.rodata+0x18): undefined reference to `.L800EC340'
C:/Tools/mips-ps1/mips/bin/mipsel-none-elf-ld.exe: (.rodata+0x1c): undefined reference to `.L800EC328'
C:/Tools/mips-ps1/mips/bin/mipsel-none-elf-ld.exe: (.rodata+0x20): undefined reference to `.L800EC334'
C:/Tools/mips-ps1/mips/bin/mipsel-none-elf-ld.exe: build/asm/data/rdata_80054548_j25.rodata.s.o: in function `jtbl_80056C94':
(.rodata+0x0): undefined reference to `.L800ECD04'
C:/Tools/mips-ps1/mips/bin/mipsel-none-elf-ld.exe: (.rodata+0x4): undefined reference to `.L800ECF08'
C:/Tools/mips-ps1/mips/bin/mipsel-none-elf-ld.exe: (.rodata+0x8): undefined reference to `.L800ECF4C'
C:/Tools/mips-ps1/mips/bin/mipsel-none-elf-ld.exe: (.rodata+0xc): undefined reference to `.L800ECFB4'
C:/Tools/mips-ps1/mips/bin/mipsel-none-elf-ld.exe: (.rodata+0x10): undefined reference to `.L800ECFD8'
C:/Tools/mips-ps1/mips/bin/mipsel-none-elf-ld.exe: (.rodata+0x14): undefined reference to `.L800ECFF0'
C:/Tools/mips-ps1/mips/bin/mipsel-none-elf-ld.exe: (.rodata+0x18): undefined reference to `.L800ECD04'
C:/Tools/mips-ps1/mips/bin/mipsel-none-elf-ld.exe: (.rodata+0x1c): undefined reference to `.L800ECFF0'
C:/Tools/mips-ps1/mips/bin/mipsel-none-elf-ld.exe: (.rodata+0x20): undefined reference to `.L800ECFF0'
C:/Tools/mips-ps1/mips/bin/mipsel-none-elf-ld.exe: build/asm/data/rdata_80054548_j26.rodata.s.o: in function `jtbl_80056CB8':
(.rodata+0x0): undefined reference to `.L800ED658'
C:/Tools/mips-ps1/mips/bin/mipsel-none-elf-ld.exe: (.rodata+0x4): undefined reference to `.L800ED610'
C:/Tools/mips-ps1/mips/bin/mipsel-none-elf-ld.exe: (.rodata+0x8): undefined reference to `.L800ED61C'
C:/Tools/mips-ps1/mips/bin/mipsel-none-elf-ld.exe: (.rodata+0xc): undefined reference to `.L800ED628'
C:/Tools/mips-ps1/mips/bin/mipsel-none-elf-ld.exe: (.rodata+0x10): undefined reference to `.L800ED630'
C:/Tools/mips-ps1/mips/bin/mipsel-none-elf-ld.exe: (.rodata+0x14): undefined reference to `.L800ED638'
C:/Tools/mips-ps1/mips/bin/mipsel-none-elf-ld.exe: (.rodata+0x18): undefined reference to `.L800ED640'
C:/Tools/mips-ps1/mips/bin/mipsel-none-elf-ld.exe: (.rodata+0x1c): undefined reference to `.L800ED64C'
C:/Tools/mips-ps1/mips/bin/mipsel-none-elf-ld.exe: build/asm/data/rdata_80054548_j27.rodata.s.o: in function `jtbl_80056EF8':
(.rodata+0x0): undefined reference to `.L800F00D8'
C:/Tools/mips-ps1/mips/bin/mipsel-none-elf-ld.exe: (.rodata+0x4): undefined reference to `.L800F00E4'
C:/Tools/mips-ps1/mips/bin/mipsel-none-elf-ld.exe: (.rodata+0x8): undefined reference to `.L800F00F0'
C:/Tools/mips-ps1/mips/bin/mipsel-none-elf-ld.exe: (.rodata+0xc): undefined reference to `.L800F00FC'
C:/Tools/mips-ps1/mips/bin/mipsel-none-elf-ld.exe: (.rodata+0x10): undefined reference to `.L800F0108'
C:/Tools/mips-ps1/mips/bin/mipsel-none-elf-ld.exe: build/asm/data/rdata_80054548_j28.rodata.s.o: in function `jtbl_80056FBC':
(.rodata+0x0): undefined reference to `.L800F3D94'
C:/Tools/mips-ps1/mips/bin/mipsel-none-elf-ld.exe: (.rodata+0x4): undefined reference to `.L800F3DAC'
C:/Tools/mips-ps1/mips/bin/mipsel-none-elf-ld.exe: (.rodata+0x8): undefined reference to `.L800F3DC4'
C:/Tools/mips-ps1/mips/bin/mipsel-none-elf-ld.exe: (.rodata+0xc): undefined reference to `.L800F3E38'
C:/Tools/mips-ps1/mips/bin/mipsel-none-elf-ld.exe: (.rodata+0x10): undefined reference to `.L800F3DF0'
C:/Tools/mips-ps1/mips/bin/mipsel-none-elf-ld.exe: (.rodata+0x14): undefined reference to `.L800F3E38'
C:/Tools/mips-ps1/mips/bin/mipsel-none-elf-ld.exe: (.rodata+0x18): undefined reference to `.L800F3E24'
C:/Tools/mips-ps1/mips/bin/mipsel-none-elf-ld.exe: build/asm/data/rdata_80054548_j29.rodata.s.o: in function `jtbl_80056FD8':
(.rodata+0x0): undefined reference to `.L800F6AC8'
C:/Tools/mips-ps1/mips/bin/mipsel-none-elf-ld.exe: (.rodata+0x4): undefined reference to `.L800F6ABC'
C:/Tools/mips-ps1/mips/bin/mipsel-none-elf-ld.exe: (.rodata+0x8): undefined reference to `.L800F6B34'
C:/Tools/mips-ps1/mips/bin/mipsel-none-elf-ld.exe: (.rodata+0xc): undefined reference to `.L800F6BE0'
C:/Tools/mips-ps1/mips/bin/mipsel-none-elf-ld.exe: (.rodata+0x10): undefined reference to `.L800F6BE0'
C:/Tools/mips-ps1/mips/bin/mipsel-none-elf-ld.exe: (.rodata+0x14): undefined reference to `.L800F6BE0'
C:/Tools/mips-ps1/mips/bin/mipsel-none-elf-ld.exe: (.rodata+0x18): undefined reference to `.L800F6BE0'
C:/Tools/mips-ps1/mips/bin/mipsel-none-elf-ld.exe: (.rodata+0x1c): undefined reference to `.L800F6BE0'
C:/Tools/mips-ps1/mips/bin/mipsel-none-elf-ld.exe: build/asm/data/rdata_80054548_j29.rodata.s.o:(.rodata+0x20): more undefined references to `.L800F6BE0' follow
C:/Tools/mips-ps1/mips/bin/mipsel-none-elf-ld.exe: build/asm/data/rdata_80054548_j29.rodata.s.o: in function `jtbl_80056FD8':
(.rodata+0x78): undefined reference to `.L800F6A44'
C:/Tools/mips-ps1/mips/bin/mipsel-none-elf-ld.exe: (.rodata+0x7c): undefined reference to `.L800F6A44'
C:/Tools/mips-ps1/mips/bin/mipsel-none-elf-ld.exe: (.rodata+0x80): undefined reference to `.L800F6A44'
C:/Tools/mips-ps1/mips/bin/mipsel-none-elf-ld.exe: (.rodata+0x84): undefined reference to `.L800F6A44'
C:/Tools/mips-ps1/mips/bin/mipsel-none-elf-ld.exe: build/asm/data/rdata_80054548_j30.rodata.s.o: in function `jtbl_80057078':
(.rodata+0x0): undefined reference to `.L800F725C'
C:/Tools/mips-ps1/mips/bin/mipsel-none-elf-ld.exe: (.rodata+0x4): undefined reference to `.L800F7314'
C:/Tools/mips-ps1/mips/bin/mipsel-none-elf-ld.exe: (.rodata+0x8): undefined reference to `.L800F7314'
C:/Tools/mips-ps1/mips/bin/mipsel-none-elf-ld.exe: (.rodata+0xc): undefined reference to `.L800F7314'
C:/Tools/mips-ps1/mips/bin/mipsel-none-elf-ld.exe: (.rodata+0x10): undefined reference to `.L800F7314'
C:/Tools/mips-ps1/mips/bin/mipsel-none-elf-ld.exe: (.rodata+0x14): undefined reference to `.L800F7314'
C:/Tools/mips-ps1/mips/bin/mipsel-none-elf-ld.exe: build/asm/data/rdata_80054548_j30.rodata.s.o:(.rodata+0x18): more undefined references to `.L800F7314' follow
C:/Tools/mips-ps1/mips/bin/mipsel-none-elf-ld.exe: build/asm/data/rdata_80054548_j30.rodata.s.o: in function `jtbl_80057078':
(.rodata+0x2c): undefined reference to `.L800F72D4'
C:/Tools/mips-ps1/mips/bin/mipsel-none-elf-ld.exe: (.rodata+0x30): undefined reference to `.L800F71DC'
C:/Tools/mips-ps1/mips/bin/mipsel-none-elf-ld.exe: (.rodata+0x34): undefined reference to `.L800F7314'
C:/Tools/mips-ps1/mips/bin/mipsel-none-elf-ld.exe: (.rodata+0x38): undefined reference to `.L800F7314'
C:/Tools/mips-ps1/mips/bin/mipsel-none-elf-ld.exe: (.rodata+0x3c): undefined reference to `.L800F7314'
C:/Tools/mips-ps1/mips/bin/mipsel-none-elf-ld.exe: (.rodata+0x40): undefined reference to `.L800F7314'
C:/Tools/mips-ps1/mips/bin/mipsel-none-elf-ld.exe: (.rodata+0x44): undefined reference to `.L800F7314'
C:/Tools/mips-ps1/mips/bin/mipsel-none-elf-ld.exe: build/asm/data/rdata_80054548_j30.rodata.s.o:(.rodata+0x48): more undefined references to `.L800F7314' follow
C:/Tools/mips-ps1/mips/bin/mipsel-none-elf-ld.exe: build/asm/data/rdata_80054548_j30.rodata.s.o: in function `jtbl_80057078':
(.rodata+0x6c): undefined reference to `.L800F72F4'
C:/Tools/mips-ps1/mips/bin/mipsel-none-elf-ld.exe: (.rodata+0x70): undefined reference to `.L800F7314'
C:/Tools/mips-ps1/mips/bin/mipsel-none-elf-ld.exe: (.rodata+0x74): undefined reference to `.L800F7314'
C:/Tools/mips-ps1/mips/bin/mipsel-none-elf-ld.exe: (.rodata+0x78): undefined reference to `.L800F7314'
C:/Tools/mips-ps1/mips/bin/mipsel-none-elf-ld.exe: (.rodata+0x7c): undefined reference to `.L800F7314'
C:/Tools/mips-ps1/mips/bin/mipsel-none-elf-ld.exe: (.rodata+0x80): undefined reference to `.L800F725C'
C:/Tools/mips-ps1/mips/bin/mipsel-none-elf-ld.exe: build/asm/data/rdata_80054548_j31.rodata.s.o: in function `jtbl_80057398':
(.rodata+0x0): undefined reference to `.L800FAE6C'
C:/Tools/mips-ps1/mips/bin/mipsel-none-elf-ld.exe: (.rodata+0x4): undefined reference to `.L800FB048'
C:/Tools/mips-ps1/mips/bin/mipsel-none-elf-ld.exe: (.rodata+0x8): undefined reference to `.L800FB048'
C:/Tools/mips-ps1/mips/bin/mipsel-none-elf-ld.exe: (.rodata+0xc): undefined reference to `.L800FB048'
C:/Tools/mips-ps1/mips/bin/mipsel-none-elf-ld.exe: (.rodata+0x10): undefined reference to `.L800FB048'
C:/Tools/mips-ps1/mips/bin/mipsel-none-elf-ld.exe: (.rodata+0x14): undefined reference to `.L800FB048'
C:/Tools/mips-ps1/mips/bin/mipsel-none-elf-ld.exe: build/asm/data/rdata_80054548_j31.rodata.s.o:(.rodata+0x18): more undefined references to `.L800FB048' follow
C:/Tools/mips-ps1/mips/bin/mipsel-none-elf-ld.exe: build/asm/data/rdata_80054548_j31.rodata.s.o: in function `jtbl_80057398':
(.rodata+0x28): undefined reference to `.L800FAE9C'
C:/Tools/mips-ps1/mips/bin/mipsel-none-elf-ld.exe: (.rodata+0x2c): undefined reference to `.L800FB048'
C:/Tools/mips-ps1/mips/bin/mipsel-none-elf-ld.exe: (.rodata+0x30): undefined reference to `.L800FB048'
C:/Tools/mips-ps1/mips/bin/mipsel-none-elf-ld.exe: (.rodata+0x34): undefined reference to `.L800FB048'
C:/Tools/mips-ps1/mips/bin/mipsel-none-elf-ld.exe: (.rodata+0x38): undefined reference to `.L800FB048'
C:/Tools/mips-ps1/mips/bin/mipsel-none-elf-ld.exe: (.rodata+0x3c): undefined reference to `.L800FB048'
C:/Tools/mips-ps1/mips/bin/mipsel-none-elf-ld.exe: build/asm/data/rdata_80054548_j31.rodata.s.o:(.rodata+0x40): more undefined references to `.L800FB048' follow
C:/Tools/mips-ps1/mips/bin/mipsel-none-elf-ld.exe: build/asm/data/rdata_80054548_j31.rodata.s.o: in function `jtbl_80057398':
(.rodata+0x54): undefined reference to `.L800FAF00'
C:/Tools/mips-ps1/mips/bin/mipsel-none-elf-ld.exe: (.rodata+0x58): undefined reference to `.L800FB048'
C:/Tools/mips-ps1/mips/bin/mipsel-none-elf-ld.exe: (.rodata+0x5c): undefined reference to `.L800FB048'
C:/Tools/mips-ps1/mips/bin/mipsel-none-elf-ld.exe: (.rodata+0x60): undefined reference to `.L800FB048'
C:/Tools/mips-ps1/mips/bin/mipsel-none-elf-ld.exe: (.rodata+0x64): undefined reference to `.L800FB048'
C:/Tools/mips-ps1/mips/bin/mipsel-none-elf-ld.exe: (.rodata+0x68): undefined reference to `.L800FB048'
C:/Tools/mips-ps1/mips/bin/mipsel-none-elf-ld.exe: build/asm/data/rdata_80054548_j31.rodata.s.o:(.rodata+0x6c): more undefined references to `.L800FB048' follow
C:/Tools/mips-ps1/mips/bin/mipsel-none-elf-ld.exe: build/asm/data/rdata_80054548_j31.rodata.s.o: in function `jtbl_80057398':
(.rodata+0x78): undefined reference to `.L800FAF20'
C:/Tools/mips-ps1/mips/bin/mipsel-none-elf-ld.exe: (.rodata+0x7c): undefined reference to `.L800FAF4C'
C:/Tools/mips-ps1/mips/bin/mipsel-none-elf-ld.exe: build/asm/data/rdata_80054548_j32.rodata.s.o: in function `jtbl_800574F0':
(.rodata+0x0): undefined reference to `.L800FC280'
C:/Tools/mips-ps1/mips/bin/mipsel-none-elf-ld.exe: (.rodata+0x4): undefined reference to `.L800FC280'
C:/Tools/mips-ps1/mips/bin/mipsel-none-elf-ld.exe: (.rodata+0x8): undefined reference to `.L800FC28C'
C:/Tools/mips-ps1/mips/bin/mipsel-none-elf-ld.exe: (.rodata+0xc): undefined reference to `.L800FC288'
C:/Tools/mips-ps1/mips/bin/mipsel-none-elf-ld.exe: (.rodata+0x10): undefined reference to `.L800FC28C'
C:/Tools/mips-ps1/mips/bin/mipsel-none-elf-ld.exe: (.rodata+0x14): undefined reference to `.L800FC28C'
C:/Tools/mips-ps1/mips/bin/mipsel-none-elf-ld.exe: (.rodata+0x18): undefined reference to `.L800FC28C'
C:/Tools/mips-ps1/mips/bin/mipsel-none-elf-ld.exe: (.rodata+0x1c): undefined reference to `.L800FC28C'
C:/Tools/mips-ps1/mips/bin/mipsel-none-elf-ld.exe: (.rodata+0x20): undefined reference to `.L800FC28C'
C:/Tools/mips-ps1/mips/bin/mipsel-none-elf-ld.exe: (.rodata+0x24): undefined reference to `.L800FC288'
C:/Tools/mips-ps1/mips/bin/mipsel-none-elf-ld.exe: (.rodata+0x28): undefined reference to `.L800FC28C'
C:/Tools/mips-ps1/mips/bin/mipsel-none-elf-ld.exe: (.rodata+0x2c): undefined reference to `.L800FC28C'
C:/Tools/mips-ps1/mips/bin/mipsel-none-elf-ld.exe: (.rodata+0x30): undefined reference to `.L800FC28C'
C:/Tools/mips-ps1/mips/bin/mipsel-none-elf-ld.exe: (.rodata+0x34): undefined reference to `.L800FC28C'
C:/Tools/mips-ps1/mips/bin/mipsel-none-elf-ld.exe: (.rodata+0x38): undefined reference to `.L800FC28C'
C:/Tools/mips-ps1/mips/bin/mipsel-none-elf-ld.exe: build/asm/data/rdata_80054548_j32.rodata.s.o:(.rodata+0x3c): more undefined references to `.L800FC28C' follow
C:/Tools/mips-ps1/mips/bin/mipsel-none-elf-ld.exe: build/asm/data/rdata_80054548_j32.rodata.s.o: in function `jtbl_800574F0':
(.rodata+0x44): undefined reference to `.L800FC288'
C:/Tools/mips-ps1/mips/bin/mipsel-none-elf-ld.exe: build/asm/data/rdata_80054548_j33.rodata.s.o: in function `jtbl_80057538':
(.rodata+0x0): undefined reference to `.L800FC2C4'
C:/Tools/mips-ps1/mips/bin/mipsel-none-elf-ld.exe: (.rodata+0x4): undefined reference to `.L800FC2F0'
C:/Tools/mips-ps1/mips/bin/mipsel-none-elf-ld.exe: (.rodata+0x8): undefined reference to `.L800FC2F0'
C:/Tools/mips-ps1/mips/bin/mipsel-none-elf-ld.exe: (.rodata+0xc): undefined reference to `.L800FC2CC'
C:/Tools/mips-ps1/mips/bin/mipsel-none-elf-ld.exe: (.rodata+0x10): undefined reference to `.L800FC2F0'
C:/Tools/mips-ps1/mips/bin/mipsel-none-elf-ld.exe: (.rodata+0x14): undefined reference to `.L800FC2F0'
C:/Tools/mips-ps1/mips/bin/mipsel-none-elf-ld.exe: (.rodata+0x18): undefined reference to `.L800FC2F0'
C:/Tools/mips-ps1/mips/bin/mipsel-none-elf-ld.exe: (.rodata+0x1c): undefined reference to `.L800FC2D4'
C:/Tools/mips-ps1/mips/bin/mipsel-none-elf-ld.exe: (.rodata+0x20): undefined reference to `.L800FC2F0'
C:/Tools/mips-ps1/mips/bin/mipsel-none-elf-ld.exe: (.rodata+0x24): undefined reference to `.L800FC2F0'
C:/Tools/mips-ps1/mips/bin/mipsel-none-elf-ld.exe: (.rodata+0x28): undefined reference to `.L800FC2F0'
C:/Tools/mips-ps1/mips/bin/mipsel-none-elf-ld.exe: (.rodata+0x2c): undefined reference to `.L800FC2F0'
C:/Tools/mips-ps1/mips/bin/mipsel-none-elf-ld.exe: (.rodata+0x30): undefined reference to `.L800FC2F0'
C:/Tools/mips-ps1/mips/bin/mipsel-none-elf-ld.exe: build/asm/data/rdata_80054548_j33.rodata.s.o:(.rodata+0x34): more undefined references to `.L800FC2F0' follow
C:/Tools/mips-ps1/mips/bin/mipsel-none-elf-ld.exe: build/asm/data/rdata_80054548_j33.rodata.s.o: in function `jtbl_80057538':
(.rodata+0x38): undefined reference to `.L800FC2DC'
C:/Tools/mips-ps1/mips/bin/mipsel-none-elf-ld.exe: (.rodata+0x3c): undefined reference to `.L800FC2DC'
C:/Tools/mips-ps1/mips/bin/mipsel-none-elf-ld.exe: (.rodata+0x40): undefined reference to `.L800FC2F0'
C:/Tools/mips-ps1/mips/bin/mipsel-none-elf-ld.exe: (.rodata+0x44): undefined reference to `.L800FC2F0'
C:/Tools/mips-ps1/mips/bin/mipsel-none-elf-ld.exe: (.rodata+0x48): undefined reference to `.L800FC2F0'
C:/Tools/mips-ps1/mips/bin/mipsel-none-elf-ld.exe: (.rodata+0x4c): undefined reference to `.L800FC2F0'
C:/Tools/mips-ps1/mips/bin/mipsel-none-elf-ld.exe: (.rodata+0x50): undefined reference to `.L800FC2F0'
C:/Tools/mips-ps1/mips/bin/mipsel-none-elf-ld.exe: build/asm/data/rdata_80054548_j33.rodata.s.o:(.rodata+0x54): more undefined references to `.L800FC2F0' follow
C:/Tools/mips-ps1/mips/bin/mipsel-none-elf-ld.exe: build/asm/data/rdata_80054548_j33.rodata.s.o: in function `jtbl_80057538':
(.rodata+0x5c): undefined reference to `.L800FC2E4'
C:/Tools/mips-ps1/mips/bin/mipsel-none-elf-ld.exe: (.rodata+0x60): undefined reference to `.L800FC2F0'
C:/Tools/mips-ps1/mips/bin/mipsel-none-elf-ld.exe: (.rodata+0x64): undefined reference to `.L800FC2F0'
C:/Tools/mips-ps1/mips/bin/mipsel-none-elf-ld.exe: (.rodata+0x68): undefined reference to `.L800FC2F0'
C:/Tools/mips-ps1/mips/bin/mipsel-none-elf-ld.exe: (.rodata+0x6c): undefined reference to `.L800FC2F0'
C:/Tools/mips-ps1/mips/bin/mipsel-none-elf-ld.exe: (.rodata+0x70): undefined reference to `.L800FC2F0'
C:/Tools/mips-ps1/mips/bin/mipsel-none-elf-ld.exe: build/asm/data/rdata_80054548_j33.rodata.s.o:(.rodata+0x74): more undefined references to `.L800FC2F0' follow
C:/Tools/mips-ps1/mips/bin/mipsel-none-elf-ld.exe: build/asm/data/rdata_80054548_j33.rodata.s.o: in function `jtbl_80057538':
(.rodata+0x7c): undefined reference to `.L800FC2EC'
C:/Tools/mips-ps1/mips/bin/mipsel-none-elf-ld.exe: build/asm/data/rdata_80054548_j34.rodata.s.o: in function `jtbl_800577E8':
(.rodata+0x0): undefined reference to `.L80107428'
C:/Tools/mips-ps1/mips/bin/mipsel-none-elf-ld.exe: (.rodata+0x4): undefined reference to `.L801073DC'
C:/Tools/mips-ps1/mips/bin/mipsel-none-elf-ld.exe: (.rodata+0x8): undefined reference to `.L801072DC'
C:/Tools/mips-ps1/mips/bin/mipsel-none-elf-ld.exe: (.rodata+0xc): undefined reference to `.L801074A8'
C:/Tools/mips-ps1/mips/bin/mipsel-none-elf-ld.exe: (.rodata+0x10): undefined reference to `.L80107528'
C:/Tools/mips-ps1/mips/bin/mipsel-none-elf-ld.exe: build/asm/data/rdata_80054548_j35.rodata.s.o: in function `jtbl_80057968':
(.rodata+0x0): undefined reference to `.L8010B358'
C:/Tools/mips-ps1/mips/bin/mipsel-none-elf-ld.exe: (.rodata+0x4): undefined reference to `.L8010B38C'
C:/Tools/mips-ps1/mips/bin/mipsel-none-elf-ld.exe: (.rodata+0x8): undefined reference to `.L8010B38C'
C:/Tools/mips-ps1/mips/bin/mipsel-none-elf-ld.exe: (.rodata+0xc): undefined reference to `.L8010B358'
C:/Tools/mips-ps1/mips/bin/mipsel-none-elf-ld.exe: (.rodata+0x10): undefined reference to `.L8010B38C'
