base                         DrawGouraudShape__FP18tTexture_ShapeInfoiiiPii: FAIL 14 diffs (ours 245 / oracle 245)
fenceY0_arm4                 DrawGouraudShape__FP18tTexture_ShapeInfoiiiPii: FAIL 11 diffs (ours 246 / oracle 245)
fenceY0_both                 DrawGouraudShape__FP18tTexture_ShapeInfoiiiPii: FAIL 13 diffs (ours 246 / oracle 245)
widthLocalHoist              DrawGouraudShape__FP18tTexture_ShapeInfoiiiPii: FAIL 14 diffs (ours 245 / oracle 245)
fence_only(base)             DrawGouraudShape__FP18tTexture_ShapeInfoiiiPii: FAIL 11 diffs (ours 246 / oracle 245)
B1_direct_v                  DrawGouraudShape__FP18tTexture_ShapeInfoiiiPii: FAIL 37 diffs (ours 246 / oracle 245)
B2_direct_vb                 DrawGouraudShape__FP18tTexture_ShapeInfoiiiPii: FAIL 58 diffs (ours 247 / oracle 245)
B3_readback_before_0x18      DrawGouraudShape__FP18tTexture_ShapeInfoiiiPii: FAIL 37 diffs (ours 246 / oracle 245)
B4_uw1_temp                  DrawGouraudShape__FP18tTexture_ShapeInfoiiiPii: FAIL 38 diffs (ours 249 / oracle 245)
base_with_move               DrawGouraudShape__FP18tTexture_ShapeInfoiiiPii: FAIL 11 diffs (ours 246 / oracle 245)
base_with_move               DrawGouraudShape__FP18tTexture_ShapeInfoiiiPii: FAIL 11 diffs (ours 246 / oracle 245)
C1_readback_adjacent         DrawGouraudShape__FP18tTexture_ShapeInfoiiiPii: FAIL 37 diffs (ours 246 / oracle 245)
C4_readback_after_0x30       DrawGouraudShape__FP18tTexture_ShapeInfoiiiPii: FAIL 11 diffs (ours 246 / oracle 245)
C5_readback_after_0x31       DrawGouraudShape__FP18tTexture_ShapeInfoiiiPii: FAIL 11 diffs (ours 246 / oracle 245)
C6_0x30_readback_too         DrawGouraudShape__FP18tTexture_ShapeInfoiiiPii: FAIL 14 diffs (ours 247 / oracle 245)
base                         DrawBackground__11tScreenMain: FAIL 110 diffs (ours 822 / oracle 822)
U1_inner_unrot               DrawBackground__11tScreenMain: FAIL 99 diffs (ours 823 / oracle 822)
U2_outer_unrot               DrawBackground__11tScreenMain: FAIL 95 diffs (ours 821 / oracle 822)
U3_both                      DrawBackground__11tScreenMain: FAIL 84 diffs (ours 822 / oracle 822)
base                         DrawBackground__11tScreenMain: FAIL 84 diffs (ours 822 / oracle 822)
P1_jdec_before_x             DrawBackground__11tScreenMain: FAIL 82 diffs (ours 822 / oracle 822)
P2_blockdecl_tvorder         DrawBackground__11tScreenMain: FAIL 70 diffs (ours 822 / oracle 822)
P3_iVar10_copy               DrawBackground__11tScreenMain: FAIL 85 diffs (ours 823 / oracle 822)
P4_while1_tvorder            DrawBackground__11tScreenMain: FAIL 70 diffs (ours 822 / oracle 822)
P1P2                         DrawBackground__11tScreenMain: FAIL 68 diffs (ours 822 / oracle 822)
P1P4                         DrawBackground__11tScreenMain: FAIL 68 diffs (ours 822 / oracle 822)
P1P2P4                       DrawBackground__11tScreenMain: FAIL 68 diffs (ours 822 / oracle 822)
P1P4_inline_bVar1            DrawBackground__11tScreenMain: FAIL 68 diffs (ours 822 / oracle 822)
P1P4_blocklocal              DrawBackground__11tScreenMain: FAIL 68 diffs (ours 822 / oracle 822)
base                         DrawBackground__11tScreenMain: FAIL 68 diffs (ours 822 / oracle 822)
Q1_divide_temp_first         DrawBackground__11tScreenMain: FAIL 44 diffs (ours 822 / oracle 822)
Q2_inline_xy                 DrawBackground__11tScreenMain: FAIL 44 diffs (ours 822 / oracle 822)
Q3_ptr_local                 ERR rontend\\common\\screenmain.cpp:614: `al' undeclared (first use this function) | C:\\Temp\\nfs4-decomp\\recon\\frontend\\common\\screenmain.cpp:614: (Each undeclared identifier is reported only once | C:\\Temp\\nfs4-decomp\\recon\\frontend\\common\\screenmain.cpp:614: for each function it appears in.) |  | 
Q4_castint_index             DrawBackground__11tScreenMain: FAIL 65 diffs (ours 823 / oracle 822)
base                         DrawBackground__11tScreenMain: FAIL 44 diffs (ours 822 / oracle 822)
S1_split_uVar9               DrawBackground__11tScreenMain: FAIL 52 diffs (ours 822 / oracle 822)
S2_split_inplace             DrawBackground__11tScreenMain: FAIL 52 diffs (ours 822 / oracle 822)
S3_split_second              DrawBackground__11tScreenMain: FAIL 12 diffs (ours 822 / oracle 822)
S4_both_split                DrawBackground__11tScreenMain: FAIL 52 diffs (ours 822 / oracle 822)
base                         DrawBackground__11tScreenMain: FAIL 12 diffs (ours 822 / oracle 822)
T1_shapeY_carrier            DrawBackground__11tScreenMain: FAIL 87 diffs (ours 821 / oracle 822)
T2_TextCol_carrier           DrawBackground__11tScreenMain: FAIL 36 diffs (ours 820 / oracle 822)
T3_shapeY_flagonly           DrawBackground__11tScreenMain: FAIL 90 diffs (ours 822 / oracle 822)
U1_copy_temp                 DrawBackground__11tScreenMain: FAIL 37 diffs (ours 823 / oracle 822)
U2_copy_temp_block           DrawBackground__11tScreenMain: FAIL 13 diffs (ours 823 / oracle 822)
base                         StatChk_SaveTopTime__FP10Car_tStatss: FAIL 33 diffs (ours 417 / oracle 416)
W1_ident_plus_depth          StatChk_SaveTopTime__FP10Car_tStatss: FAIL 114 diffs (ours 416 / oracle 416)
W2_ident_depth2              StatChk_SaveTopTime__FP10Car_tStatss: FAIL 156 diffs (ours 416 / oracle 416)
W3_keepfence_plus_depth      StatChk_SaveTopTime__FP10Car_tStatss: FAIL 41 diffs (ours 417 / oracle 416)
W4_nofence_depth             StatChk_SaveTopTime__FP10Car_tStatss: FAIL 115 diffs (ours 413 / oracle 416)
X1_sizearg_own_var           StatChk_SaveTopTime__FP10Car_tStatss: FAIL 34 diffs (ours 418 / oracle 416)
X2_sizearg_own_var_keepfence StatChk_SaveTopTime__FP10Car_tStatss: FAIL 33 diffs (ours 417 / oracle 416)
X3_fence2_single_operand     StatChk_SaveTopTime__FP10Car_tStatss: FAIL 56 diffs (ours 416 / oracle 416)
X4_fence2_unit_only          StatChk_SaveTopTime__FP10Car_tStatss: FAIL 33 diffs (ours 417 / oracle 416)
