== applying instrumentation
patching gcc tree at C:\Temp\nfs4-wt46-a10\scratch\gccsrc\gcc-2.8.1
  obstack.h  already patched
  global.c   already patched
  local-alloc.c already patched
  reload1.c  already patched
DONE
== configure (mipsel-unknown-elf)
creating cache ./config.cache
checking host system type... i686-pc-mingw32
checking target system type... mipsel-unknown-elf
checking build system type... i686-pc-mingw32
checking for gcc... gcc -std=gnu89 -w
checking whether the C compiler (gcc -std=gnu89 -w  ) works... yes
checking whether the C compiler (gcc -std=gnu89 -w  ) is a cross-compiler... no
checking whether we are using GNU C... yes
checking whether gcc -std=gnu89 -w accepts -g... yes
checking whether make sets ${MAKE}... ../gccsrc/gcc-2.8.1/configure: eval: line 956: unexpected EOF while looking for matching `"'
no
checking for mawk... no
checking for gawk... gawk
checking for flex... lex
checking for yywrap in -ll... no
checking for ranlib... ranlib
checking for bison... no
checking for byacc... no
checking for a BSD compatible install... /usr/bin/install -c
checking how to run the C preprocessor... gcc -std=gnu89 -w -E
checking for ANSI C header files... yes
checking whether time.h and sys/time.h may both be included... yes
checking for limits.h... yes
checking for stddef.h... yes
checking for string.h... yes
checking for strings.h... yes
checking for stdlib.h... yes
checking for time.h... yes
checking for fcntl.h... yes
checking for unistd.h... yes
checking for sys/file.h... yes
checking for sys/time.h... yes
checking for sys/resource.h... no
checking for sys/param.h... yes
checking for sys/times.h... no
checking for inttypes.h... yes
checking for strerror... yes
checking for putenv... yes
checking for popen... yes
checking for vprintf... yes
checking for bcopy... no
checking for bzero... no
checking for bcmp... no
checking for index... no
checking for rindex... no
checking for kill... no
checking for getrlimit... no
checking for setrlimit... no
checking for sysconf... no
checking whether malloc must be declared... no
checking whether realloc must be declared... no
checking whether calloc must be declared... no
checking whether free must be declared... no
checking whether index must be declared... no
checking whether rindex must be declared... no
checking whether getenv must be declared... no
checking whether sbrk must be declared... yes
checking for sys_siglist declaration in signal.h or unistd.h... no
Using `../gccsrc/gcc-2.8.1/config/mips/mips.c' to output insns.
Using `../gccsrc/gcc-2.8.1/config/mips/mips.md' as machine description file.
Using the following target machine macro files:
	../gccsrc/gcc-2.8.1/config/mips/elfl.h
	../gccsrc/gcc-2.8.1/config/libgloss.h
Using the following host machine macro files:
	../gccsrc/gcc-2.8.1/config/i386/xm-i386.h
	../gccsrc/gcc-2.8.1/config/i386/xm-mingw32.h
Using `../gccsrc/gcc-2.8.1/objc/thr-single.c' as Objective-C Runtime thread file.
Links are now set up to build a cross-compiler for mipsel-unknown-elf
  from i686-pc-mingw32.
updating cache ./config.cache
creating ./config.status
creating Makefile
creating cp/Makefile
creating auto-config.h
Merged i386/x-cygwin32.
Merged mips/t-ecoff.
Created `objc/Makefile'.
== make cc1
gcc -std=gnu89 -w -DCROSS_COMPILE -DIN_GCC    -O1 -w -std=gnu89  -DHAVE_CONFIG_H    -I. -I../gccsrc/gcc-2.8.1 -I../gccsrc/gcc-2.8.1/config -c ../gccsrc/gcc-2.8.1/c-parse.c
gcc -std=gnu89 -w -c -DCROSS_COMPILE -DIN_GCC    -O1 -w -std=gnu89  -DHAVE_CONFIG_H    -I. -I../gccsrc/gcc-2.8.1 -I../gccsrc/gcc-2.8.1/config ../gccsrc/gcc-2.8.1/c-lang.c
gcc -std=gnu89 -w -c -DCROSS_COMPILE -DIN_GCC    -O1 -w -std=gnu89  -DHAVE_CONFIG_H    -I. -I../gccsrc/gcc-2.8.1 -I../gccsrc/gcc-2.8.1/config ../gccsrc/gcc-2.8.1/c-lex.c
gcc -std=gnu89 -w -c -DCROSS_COMPILE -DIN_GCC    -O1 -w -std=gnu89  -DHAVE_CONFIG_H    -I. -I../gccsrc/gcc-2.8.1 -I../gccsrc/gcc-2.8.1/config ../gccsrc/gcc-2.8.1/c-pragma.c
gcc -std=gnu89 -w -c -DCROSS_COMPILE -DIN_GCC    -O1 -w -std=gnu89  -DHAVE_CONFIG_H    -I. -I../gccsrc/gcc-2.8.1 -I../gccsrc/gcc-2.8.1/config ../gccsrc/gcc-2.8.1/c-decl.c
gcc -std=gnu89 -w -c -DCROSS_COMPILE -DIN_GCC    -O1 -w -std=gnu89  -DHAVE_CONFIG_H    -I. -I../gccsrc/gcc-2.8.1 -I../gccsrc/gcc-2.8.1/config ../gccsrc/gcc-2.8.1/c-typeck.c
gcc -std=gnu89 -w -c -DCROSS_COMPILE -DIN_GCC    -O1 -w -std=gnu89  -DHAVE_CONFIG_H    -I. -I../gccsrc/gcc-2.8.1 -I../gccsrc/gcc-2.8.1/config ../gccsrc/gcc-2.8.1/c-convert.c
gcc -std=gnu89 -w -c -DCROSS_COMPILE -DIN_GCC    -O1 -w -std=gnu89  -DHAVE_CONFIG_H    -I. -I../gccsrc/gcc-2.8.1 -I../gccsrc/gcc-2.8.1/config ../gccsrc/gcc-2.8.1/c-aux-info.c
gcc -std=gnu89 -w -c -DCROSS_COMPILE -DIN_GCC    -O1 -w -std=gnu89  -DHAVE_CONFIG_H    -I. -I../gccsrc/gcc-2.8.1 -I../gccsrc/gcc-2.8.1/config ../gccsrc/gcc-2.8.1/c-common.c
gcc -std=gnu89 -w -c -DCROSS_COMPILE -DIN_GCC    -O1 -w -std=gnu89  -DHAVE_CONFIG_H    -I. -I../gccsrc/gcc-2.8.1 -I../gccsrc/gcc-2.8.1/config ../gccsrc/gcc-2.8.1/c-iterate.c
gcc -std=gnu89 -w -c -DCROSS_COMPILE -DIN_GCC    -O1 -w -std=gnu89  -DHAVE_CONFIG_H    -I. -I../gccsrc/gcc-2.8.1 -I../gccsrc/gcc-2.8.1/config ../gccsrc/gcc-2.8.1/genattr.c
gcc -std=gnu89 -w -c -DCROSS_COMPILE -DIN_GCC    -O1 -w -std=gnu89  -DHAVE_CONFIG_H    -I. -I../gccsrc/gcc-2.8.1 -I../gccsrc/gcc-2.8.1/config ../gccsrc/gcc-2.8.1/rtl.c
gcc -std=gnu89 -w -c -DCROSS_COMPILE -DIN_GCC    -O1 -w -std=gnu89  -DHAVE_CONFIG_H    -I. -I../gccsrc/gcc-2.8.1 -I../gccsrc/gcc-2.8.1/config ../gccsrc/gcc-2.8.1/obstack.c
gcc -std=gnu89 -w -DCROSS_COMPILE -DIN_GCC    -O1 -w -std=gnu89  -DHAVE_CONFIG_H  -o genattr \
 genattr.o rtl.o ` case "obstack.o" in ?*) echo obstack.o ;; esac ` ` case "gcc -std=gnu89 -w"@"" in "cc"@?*) echo  ;; esac ` ` case "" in ?*) echo  ;; esac ` 
./genattr ../gccsrc/gcc-2.8.1/config/mips/mips.md > tmp-attr.h
../gccsrc/gcc-2.8.1/move-if-change tmp-attr.h insn-attr.h
touch s-attr
gcc -std=gnu89 -w -c -DCROSS_COMPILE -DIN_GCC    -O1 -w -std=gnu89  -DHAVE_CONFIG_H    -I. -I../gccsrc/gcc-2.8.1 -I../gccsrc/gcc-2.8.1/config ../gccsrc/gcc-2.8.1/gencodes.c
gcc -std=gnu89 -w -DCROSS_COMPILE -DIN_GCC    -O1 -w -std=gnu89  -DHAVE_CONFIG_H  -o gencodes \
 gencodes.o rtl.o ` case "obstack.o" in ?*) echo obstack.o ;; esac ` ` case "gcc -std=gnu89 -w"@"" in "cc"@?*) echo  ;; esac ` ` case "" in ?*) echo  ;; esac ` 
./gencodes ../gccsrc/gcc-2.8.1/config/mips/mips.md > tmp-codes.h
../gccsrc/gcc-2.8.1/move-if-change tmp-codes.h insn-codes.h
touch s-codes
gcc -std=gnu89 -w -c -DCROSS_COMPILE -DIN_GCC    -O1 -w -std=gnu89  -DHAVE_CONFIG_H    -I. -I../gccsrc/gcc-2.8.1 -I../gccsrc/gcc-2.8.1/config ../gccsrc/gcc-2.8.1/genconfig.c
gcc -std=gnu89 -w -DCROSS_COMPILE -DIN_GCC    -O1 -w -std=gnu89  -DHAVE_CONFIG_H  -o genconfig \
  genconfig.o rtl.o ` case "obstack.o" in ?*) echo obstack.o ;; esac ` ` case "gcc -std=gnu89 -w"@"" in "cc"@?*) echo  ;; esac ` ` case "" in ?*) echo  ;; esac ` 
./genconfig ../gccsrc/gcc-2.8.1/config/mips/mips.md > tmp-config.h
../gccsrc/gcc-2.8.1/move-if-change tmp-config.h insn-config.h
touch s-config
gcc -std=gnu89 -w -DCROSS_COMPILE -DIN_GCC    -O1 -w -std=gnu89  -DHAVE_CONFIG_H    -I. -I../gccsrc/gcc-2.8.1 -I../gccsrc/gcc-2.8.1/config  \
  -DTARGET_NAME=\"mipsel-unknown-elf\" \
  -c `echo ../gccsrc/gcc-2.8.1/toplev.c | sed 's,^\./,,'`
gcc -std=gnu89 -w -c -DCROSS_COMPILE -DIN_GCC    -O1 -w -std=gnu89  -DHAVE_CONFIG_H    -I. -I../gccsrc/gcc-2.8.1 -I../gccsrc/gcc-2.8.1/config ../gccsrc/gcc-2.8.1/version.c
gcc -std=gnu89 -w -c -DCROSS_COMPILE -DIN_GCC    -O1 -w -std=gnu89  -DHAVE_CONFIG_H    -I. -I../gccsrc/gcc-2.8.1 -I../gccsrc/gcc-2.8.1/config ../gccsrc/gcc-2.8.1/tree.c
gcc -std=gnu89 -w -c -DCROSS_COMPILE -DIN_GCC    -O1 -w -std=gnu89  -DHAVE_CONFIG_H    -I. -I../gccsrc/gcc-2.8.1 -I../gccsrc/gcc-2.8.1/config ../gccsrc/gcc-2.8.1/print-tree.c
gcc -std=gnu89 -w -c -DCROSS_COMPILE -DIN_GCC    -O1 -w -std=gnu89  -DHAVE_CONFIG_H    -I. -I../gccsrc/gcc-2.8.1 -I../gccsrc/gcc-2.8.1/config ../gccsrc/gcc-2.8.1/stor-layout.c
gcc -std=gnu89 -w -c -DCROSS_COMPILE -DIN_GCC    -O1 -w -std=gnu89  -DHAVE_CONFIG_H    -I. -I../gccsrc/gcc-2.8.1 -I../gccsrc/gcc-2.8.1/config ../gccsrc/gcc-2.8.1/fold-const.c
gcc -std=gnu89 -w -c -DCROSS_COMPILE -DIN_GCC    -O1 -w -std=gnu89  -DHAVE_CONFIG_H    -I. -I../gccsrc/gcc-2.8.1 -I../gccsrc/gcc-2.8.1/config ../gccsrc/gcc-2.8.1/genflags.c
gcc -std=gnu89 -w -DCROSS_COMPILE -DIN_GCC    -O1 -w -std=gnu89  -DHAVE_CONFIG_H  -o genflags \
 genflags.o rtl.o ` case "obstack.o" in ?*) echo obstack.o ;; esac ` ` case "gcc -std=gnu89 -w"@"" in "cc"@?*) echo  ;; esac ` ` case "" in ?*) echo  ;; esac ` 
./genflags ../gccsrc/gcc-2.8.1/config/mips/mips.md > tmp-flags.h
../gccsrc/gcc-2.8.1/move-if-change tmp-flags.h insn-flags.h
touch s-flags
gcc -std=gnu89 -w -c -DCROSS_COMPILE -DIN_GCC    -O1 -w -std=gnu89  -DHAVE_CONFIG_H    -I. -I../gccsrc/gcc-2.8.1 -I../gccsrc/gcc-2.8.1/config ../gccsrc/gcc-2.8.1/function.c
gcc -std=gnu89 -w -c -DCROSS_COMPILE -DIN_GCC    -O1 -w -std=gnu89  -DHAVE_CONFIG_H    -I. -I../gccsrc/gcc-2.8.1 -I../gccsrc/gcc-2.8.1/config \
   ../gccsrc/gcc-2.8.1/bi-opcode.c
gcc -std=gnu89 -w -c -DCROSS_COMPILE -DIN_GCC    -O1 -w -std=gnu89  -DHAVE_CONFIG_H    -I. -I../gccsrc/gcc-2.8.1 -I../gccsrc/gcc-2.8.1/config \
   ../gccsrc/gcc-2.8.1/bi-parser.c
gcc -std=gnu89 -w -c -DCROSS_COMPILE -DIN_GCC    -O1 -w -std=gnu89  -DHAVE_CONFIG_H    -I. -I../gccsrc/gcc-2.8.1 -I../gccsrc/gcc-2.8.1/config \
   ../gccsrc/gcc-2.8.1/bi-lexer.c
gcc -std=gnu89 -w -c -DCROSS_COMPILE -DIN_GCC    -O1 -w -std=gnu89  -DHAVE_CONFIG_H    -I. -I../gccsrc/gcc-2.8.1 -I../gccsrc/gcc-2.8.1/config \
   ../gccsrc/gcc-2.8.1/bi-reverse.c
gcc -std=gnu89 -w -DCROSS_COMPILE -DIN_GCC    -O1 -w -std=gnu89  -DHAVE_CONFIG_H  -o bi-opcode \
 bi-opcode.o bi-parser.o bi-lexer.o bi-reverse.o ` case "obstack.o" in ?*) echo obstack.o ;; esac ` ` case "gcc -std=gnu89 -w"@"" in "cc"@?*) echo  ;; esac ` ` case "" in ?*) echo  ;; esac ` 
./bi-opcode < ../gccsrc/gcc-2.8.1/bytecode.def >tmp-bcopcd.h
(Number of opcodes is 232)
../gccsrc/gcc-2.8.1/move-if-change tmp-bcopcd.h bc-opcode.h
touch s-bcopcode
gcc -std=gnu89 -w -c -DCROSS_COMPILE -DIN_GCC    -O1 -w -std=gnu89  -DHAVE_CONFIG_H    -I. -I../gccsrc/gcc-2.8.1 -I../gccsrc/gcc-2.8.1/config ../gccsrc/gcc-2.8.1/stmt.c
gcc -std=gnu89 -w -c -DCROSS_COMPILE -DIN_GCC    -O1 -w -std=gnu89  -DHAVE_CONFIG_H    -I. -I../gccsrc/gcc-2.8.1 -I../gccsrc/gcc-2.8.1/config ../gccsrc/gcc-2.8.1/except.c
gcc -std=gnu89 -w -c -DCROSS_COMPILE -DIN_GCC    -O1 -w -std=gnu89  -DHAVE_CONFIG_H    -I. -I../gccsrc/gcc-2.8.1 -I../gccsrc/gcc-2.8.1/config ../gccsrc/gcc-2.8.1/expr.c
gcc -std=gnu89 -w -c -DCROSS_COMPILE -DIN_GCC    -O1 -w -std=gnu89  -DHAVE_CONFIG_H    -I. -I../gccsrc/gcc-2.8.1 -I../gccsrc/gcc-2.8.1/config ../gccsrc/gcc-2.8.1/calls.c
gcc -std=gnu89 -w -c -DCROSS_COMPILE -DIN_GCC    -O1 -w -std=gnu89  -DHAVE_CONFIG_H    -I. -I../gccsrc/gcc-2.8.1 -I../gccsrc/gcc-2.8.1/config ../gccsrc/gcc-2.8.1/expmed.c
gcc -std=gnu89 -w -c -DCROSS_COMPILE -DIN_GCC    -O1 -w -std=gnu89  -DHAVE_CONFIG_H    -I. -I../gccsrc/gcc-2.8.1 -I../gccsrc/gcc-2.8.1/config ../gccsrc/gcc-2.8.1/explow.c
gcc -std=gnu89 -w -c -DCROSS_COMPILE -DIN_GCC    -O1 -w -std=gnu89  -DHAVE_CONFIG_H    -I. -I../gccsrc/gcc-2.8.1 -I../gccsrc/gcc-2.8.1/config ../gccsrc/gcc-2.8.1/optabs.c
gcc -std=gnu89 -w -c -DCROSS_COMPILE -DIN_GCC    -O1 -w -std=gnu89  -DHAVE_CONFIG_H    -I. -I../gccsrc/gcc-2.8.1 -I../gccsrc/gcc-2.8.1/config ../gccsrc/gcc-2.8.1/varasm.c
gcc -std=gnu89 -w -c -DCROSS_COMPILE -DIN_GCC    -O1 -w -std=gnu89  -DHAVE_CONFIG_H    -I. -I../gccsrc/gcc-2.8.1 -I../gccsrc/gcc-2.8.1/config ../gccsrc/gcc-2.8.1/print-rtl.c
gcc -std=gnu89 -w -c -DCROSS_COMPILE -DIN_GCC    -O1 -w -std=gnu89  -DHAVE_CONFIG_H    -I. -I../gccsrc/gcc-2.8.1 -I../gccsrc/gcc-2.8.1/config ../gccsrc/gcc-2.8.1/rtlanal.c
gcc -std=gnu89 -w -c -DCROSS_COMPILE -DIN_GCC    -O1 -w -std=gnu89  -DHAVE_CONFIG_H    -I. -I../gccsrc/gcc-2.8.1 -I../gccsrc/gcc-2.8.1/config \
   ../gccsrc/gcc-2.8.1/bi-opname.c
gcc -std=gnu89 -w -DCROSS_COMPILE -DIN_GCC    -O1 -w -std=gnu89  -DHAVE_CONFIG_H  -o bi-opname \
 bi-opname.o bi-parser.o bi-lexer.o bi-reverse.o ` case "obstack.o" in ?*) echo obstack.o ;; esac ` ` case "gcc -std=gnu89 -w"@"" in "cc"@?*) echo  ;; esac ` ` case "" in ?*) echo  ;; esac ` 
./bi-opname < ../gccsrc/gcc-2.8.1/bytecode.def >tmp-bcopnm.h
../gccsrc/gcc-2.8.1/move-if-change tmp-bcopnm.h bc-opname.h
touch s-bcopname
gcc -std=gnu89 -w -c -DCROSS_COMPILE -DIN_GCC    -O1 -w -std=gnu89  -DHAVE_CONFIG_H    -I. -I../gccsrc/gcc-2.8.1 -I../gccsrc/gcc-2.8.1/config ../gccsrc/gcc-2.8.1/emit-rtl.c
gcc -std=gnu89 -w -c -DCROSS_COMPILE -DIN_GCC    -O1 -w -std=gnu89  -DHAVE_CONFIG_H    -I. -I../gccsrc/gcc-2.8.1 -I../gccsrc/gcc-2.8.1/config ../gccsrc/gcc-2.8.1/real.c
gcc -std=gnu89 -w -c -DCROSS_COMPILE -DIN_GCC    -O1 -w -std=gnu89  -DHAVE_CONFIG_H    -I. -I../gccsrc/gcc-2.8.1 -I../gccsrc/gcc-2.8.1/config ../gccsrc/gcc-2.8.1/dbxout.c
gcc -std=gnu89 -w -c -DCROSS_COMPILE -DIN_GCC    -O1 -w -std=gnu89  -DHAVE_CONFIG_H    -I. -I../gccsrc/gcc-2.8.1 -I../gccsrc/gcc-2.8.1/config ../gccsrc/gcc-2.8.1/sdbout.c
gcc -std=gnu89 -w -c -DCROSS_COMPILE -DIN_GCC    -O1 -w -std=gnu89  -DHAVE_CONFIG_H    -I. -I../gccsrc/gcc-2.8.1 -I../gccsrc/gcc-2.8.1/config ../gccsrc/gcc-2.8.1/dwarfout.c
gcc -std=gnu89 -w -c -DCROSS_COMPILE -DIN_GCC    -O1 -w -std=gnu89  -DHAVE_CONFIG_H    -I. -I../gccsrc/gcc-2.8.1 -I../gccsrc/gcc-2.8.1/config ../gccsrc/gcc-2.8.1/dwarf2out.c
gcc -std=gnu89 -w -c -DCROSS_COMPILE -DIN_GCC    -O1 -w -std=gnu89  -DHAVE_CONFIG_H    -I. -I../gccsrc/gcc-2.8.1 -I../gccsrc/gcc-2.8.1/config ../gccsrc/gcc-2.8.1/xcoffout.c
gcc -std=gnu89 -w -c -DCROSS_COMPILE -DIN_GCC    -O1 -w -std=gnu89  -DHAVE_CONFIG_H    -I. -I../gccsrc/gcc-2.8.1 -I../gccsrc/gcc-2.8.1/config ../gccsrc/gcc-2.8.1/bitmap.c
gcc -std=gnu89 -w -c -DCROSS_COMPILE -DIN_GCC    -O1 -w -std=gnu89  -DHAVE_CONFIG_H    -I. -I../gccsrc/gcc-2.8.1 -I../gccsrc/gcc-2.8.1/config ../gccsrc/gcc-2.8.1/integrate.c
gcc -std=gnu89 -w -c -DCROSS_COMPILE -DIN_GCC    -O1 -w -std=gnu89  -DHAVE_CONFIG_H    -I. -I../gccsrc/gcc-2.8.1 -I../gccsrc/gcc-2.8.1/config ../gccsrc/gcc-2.8.1/jump.c
gcc -std=gnu89 -w -c -DCROSS_COMPILE -DIN_GCC    -O1 -w -std=gnu89  -DHAVE_CONFIG_H    -I. -I../gccsrc/gcc-2.8.1 -I../gccsrc/gcc-2.8.1/config ../gccsrc/gcc-2.8.1/cse.c
gcc -std=gnu89 -w -c -DCROSS_COMPILE -DIN_GCC    -O1 -w -std=gnu89  -DHAVE_CONFIG_H    -I. -I../gccsrc/gcc-2.8.1 -I../gccsrc/gcc-2.8.1/config ../gccsrc/gcc-2.8.1/loop.c
gcc -std=gnu89 -w -c -DCROSS_COMPILE -DIN_GCC    -O1 -w -std=gnu89  -DHAVE_CONFIG_H    -I. -I../gccsrc/gcc-2.8.1 -I../gccsrc/gcc-2.8.1/config ../gccsrc/gcc-2.8.1/unroll.c
gcc -std=gnu89 -w -c -DCROSS_COMPILE -DIN_GCC    -O1 -w -std=gnu89  -DHAVE_CONFIG_H    -I. -I../gccsrc/gcc-2.8.1 -I../gccsrc/gcc-2.8.1/config ../gccsrc/gcc-2.8.1/flow.c
gcc -std=gnu89 -w -c -DCROSS_COMPILE -DIN_GCC    -O1 -w -std=gnu89  -DHAVE_CONFIG_H    -I. -I../gccsrc/gcc-2.8.1 -I../gccsrc/gcc-2.8.1/config ../gccsrc/gcc-2.8.1/stupid.c
gcc -std=gnu89 -w -c -DCROSS_COMPILE -DIN_GCC    -O1 -w -std=gnu89  -DHAVE_CONFIG_H    -I. -I../gccsrc/gcc-2.8.1 -I../gccsrc/gcc-2.8.1/config ../gccsrc/gcc-2.8.1/combine.c
gcc -std=gnu89 -w -c -DCROSS_COMPILE -DIN_GCC    -O1 -w -std=gnu89  -DHAVE_CONFIG_H    -I. -I../gccsrc/gcc-2.8.1 -I../gccsrc/gcc-2.8.1/config ../gccsrc/gcc-2.8.1/regclass.c
gcc -std=gnu89 -w -c -DCROSS_COMPILE -DIN_GCC    -O1 -w -std=gnu89  -DHAVE_CONFIG_H    -I. -I../gccsrc/gcc-2.8.1 -I../gccsrc/gcc-2.8.1/config ../gccsrc/gcc-2.8.1/local-alloc.c
gcc -std=gnu89 -w -c -DCROSS_COMPILE -DIN_GCC    -O1 -w -std=gnu89  -DHAVE_CONFIG_H    -I. -I../gccsrc/gcc-2.8.1 -I../gccsrc/gcc-2.8.1/config ../gccsrc/gcc-2.8.1/global.c
gcc -std=gnu89 -w -c -DCROSS_COMPILE -DIN_GCC    -O1 -w -std=gnu89  -DHAVE_CONFIG_H    -I. -I../gccsrc/gcc-2.8.1 -I../gccsrc/gcc-2.8.1/config ../gccsrc/gcc-2.8.1/reload.c
gcc -std=gnu89 -w -c -DCROSS_COMPILE -DIN_GCC    -O1 -w -std=gnu89  -DHAVE_CONFIG_H    -I. -I../gccsrc/gcc-2.8.1 -I../gccsrc/gcc-2.8.1/config ../gccsrc/gcc-2.8.1/reload1.c
gcc -std=gnu89 -w -c -DCROSS_COMPILE -DIN_GCC    -O1 -w -std=gnu89  -DHAVE_CONFIG_H    -I. -I../gccsrc/gcc-2.8.1 -I../gccsrc/gcc-2.8.1/config ../gccsrc/gcc-2.8.1/caller-save.c
gcc -std=gnu89 -w -c -DCROSS_COMPILE -DIN_GCC    -O1 -w -std=gnu89  -DHAVE_CONFIG_H    -I. -I../gccsrc/gcc-2.8.1 -I../gccsrc/gcc-2.8.1/config ../gccsrc/gcc-2.8.1/genpeep.c
gcc -std=gnu89 -w -DCROSS_COMPILE -DIN_GCC    -O1 -w -std=gnu89  -DHAVE_CONFIG_H  -o genpeep \
 genpeep.o rtl.o ` case "obstack.o" in ?*) echo obstack.o ;; esac ` ` case "gcc -std=gnu89 -w"@"" in "cc"@?*) echo  ;; esac ` ` case "" in ?*) echo  ;; esac ` 
./genpeep ../gccsrc/gcc-2.8.1/config/mips/mips.md > tmp-peep.c
../gccsrc/gcc-2.8.1/move-if-change tmp-peep.c insn-peep.c
touch s-peep
gcc -std=gnu89 -w -DCROSS_COMPILE -DIN_GCC    -O1 -w -std=gnu89  -DHAVE_CONFIG_H    -I. -I../gccsrc/gcc-2.8.1 -I../gccsrc/gcc-2.8.1/config -c insn-peep.c
gcc -std=gnu89 -w -c -DCROSS_COMPILE -DIN_GCC    -O1 -w -std=gnu89  -DHAVE_CONFIG_H    -I. -I../gccsrc/gcc-2.8.1 -I../gccsrc/gcc-2.8.1/config ../gccsrc/gcc-2.8.1/reorg.c
gcc -std=gnu89 -w -c -DCROSS_COMPILE -DIN_GCC    -O1 -w -std=gnu89  -DHAVE_CONFIG_H    -I. -I../gccsrc/gcc-2.8.1 -I../gccsrc/gcc-2.8.1/config ../gccsrc/gcc-2.8.1/sched.c
gcc -std=gnu89 -w -c -DCROSS_COMPILE -DIN_GCC    -O1 -w -std=gnu89  -DHAVE_CONFIG_H    -I. -I../gccsrc/gcc-2.8.1 -I../gccsrc/gcc-2.8.1/config ../gccsrc/gcc-2.8.1/final.c
gcc -std=gnu89 -w -c -DCROSS_COMPILE -DIN_GCC    -O1 -w -std=gnu89  -DHAVE_CONFIG_H    -I. -I../gccsrc/gcc-2.8.1 -I../gccsrc/gcc-2.8.1/config ../gccsrc/gcc-2.8.1/recog.c
gcc -std=gnu89 -w -c -DCROSS_COMPILE -DIN_GCC    -O1 -w -std=gnu89  -DHAVE_CONFIG_H    -I. -I../gccsrc/gcc-2.8.1 -I../gccsrc/gcc-2.8.1/config ../gccsrc/gcc-2.8.1/reg-stack.c
gcc -std=gnu89 -w -c -DCROSS_COMPILE -DIN_GCC    -O1 -w -std=gnu89  -DHAVE_CONFIG_H    -I. -I../gccsrc/gcc-2.8.1 -I../gccsrc/gcc-2.8.1/config ../gccsrc/gcc-2.8.1/genopinit.c
gcc -std=gnu89 -w -DCROSS_COMPILE -DIN_GCC    -O1 -w -std=gnu89  -DHAVE_CONFIG_H  -o genopinit \
 genopinit.o rtl.o ` case "obstack.o" in ?*) echo obstack.o ;; esac ` ` case "gcc -std=gnu89 -w"@"" in "cc"@?*) echo  ;; esac ` ` case "" in ?*) echo  ;; esac ` 
./genopinit ../gccsrc/gcc-2.8.1/config/mips/mips.md > tmp-opinit.c
../gccsrc/gcc-2.8.1/move-if-change tmp-opinit.c insn-opinit.c
touch s-opinit
gcc -std=gnu89 -w -DCROSS_COMPILE -DIN_GCC    -O1 -w -std=gnu89  -DHAVE_CONFIG_H    -I. -I../gccsrc/gcc-2.8.1 -I../gccsrc/gcc-2.8.1/config -c insn-opinit.c
gcc -std=gnu89 -w -c -DCROSS_COMPILE -DIN_GCC    -O1 -w -std=gnu89  -DHAVE_CONFIG_H    -I. -I../gccsrc/gcc-2.8.1 -I../gccsrc/gcc-2.8.1/config ../gccsrc/gcc-2.8.1/genrecog.c
gcc -std=gnu89 -w -DCROSS_COMPILE -DIN_GCC    -O1 -w -std=gnu89  -DHAVE_CONFIG_H  -o genrecog \
 genrecog.o rtl.o ` case "obstack.o" in ?*) echo obstack.o ;; esac ` ` case "gcc -std=gnu89 -w"@"" in "cc"@?*) echo  ;; esac ` ` case "" in ?*) echo  ;; esac ` 
./genrecog ../gccsrc/gcc-2.8.1/config/mips/mips.md > tmp-recog.c
../gccsrc/gcc-2.8.1/move-if-change tmp-recog.c insn-recog.c
touch s-recog
gcc -std=gnu89 -w -DCROSS_COMPILE -DIN_GCC    -O1 -w -std=gnu89  -DHAVE_CONFIG_H    -I. -I../gccsrc/gcc-2.8.1 -I../gccsrc/gcc-2.8.1/config -c insn-recog.c
gcc -std=gnu89 -w -c -DCROSS_COMPILE -DIN_GCC    -O1 -w -std=gnu89  -DHAVE_CONFIG_H    -I. -I../gccsrc/gcc-2.8.1 -I../gccsrc/gcc-2.8.1/config ../gccsrc/gcc-2.8.1/genextract.c
gcc -std=gnu89 -w -DCROSS_COMPILE -DIN_GCC    -O1 -w -std=gnu89  -DHAVE_CONFIG_H  -o genextract \
 genextract.o rtl.o ` case "obstack.o" in ?*) echo obstack.o ;; esac ` ` case "gcc -std=gnu89 -w"@"" in "cc"@?*) echo  ;; esac ` ` case "" in ?*) echo  ;; esac ` 
./genextract ../gccsrc/gcc-2.8.1/config/mips/mips.md > tmp-extract.c
../gccsrc/gcc-2.8.1/move-if-change tmp-extract.c insn-extract.c
touch s-extract
gcc -std=gnu89 -w -DCROSS_COMPILE -DIN_GCC    -O1 -w -std=gnu89  -DHAVE_CONFIG_H    -I. -I../gccsrc/gcc-2.8.1 -I../gccsrc/gcc-2.8.1/config -c insn-extract.c
gcc -std=gnu89 -w -c -DCROSS_COMPILE -DIN_GCC    -O1 -w -std=gnu89  -DHAVE_CONFIG_H    -I. -I../gccsrc/gcc-2.8.1 -I../gccsrc/gcc-2.8.1/config ../gccsrc/gcc-2.8.1/genoutput.c
gcc -std=gnu89 -w -DCROSS_COMPILE -DIN_GCC    -O1 -w -std=gnu89  -DHAVE_CONFIG_H  -o genoutput \
 genoutput.o rtl.o ` case "obstack.o" in ?*) echo obstack.o ;; esac ` ` case "gcc -std=gnu89 -w"@"" in "cc"@?*) echo  ;; esac ` ` case "" in ?*) echo  ;; esac ` 
./genoutput ../gccsrc/gcc-2.8.1/config/mips/mips.md > tmp-output.c
../gccsrc/gcc-2.8.1/move-if-change tmp-output.c insn-output.c
touch s-output
gcc -std=gnu89 -w -DCROSS_COMPILE -DIN_GCC    -O1 -w -std=gnu89  -DHAVE_CONFIG_H    -I. -I../gccsrc/gcc-2.8.1 -I../gccsrc/gcc-2.8.1/config -c insn-output.c
gcc -std=gnu89 -w -c -DCROSS_COMPILE -DIN_GCC    -O1 -w -std=gnu89  -DHAVE_CONFIG_H    -I. -I../gccsrc/gcc-2.8.1 -I../gccsrc/gcc-2.8.1/config ../gccsrc/gcc-2.8.1/genemit.c
gcc -std=gnu89 -w -DCROSS_COMPILE -DIN_GCC    -O1 -w -std=gnu89  -DHAVE_CONFIG_H  -o genemit \
 genemit.o rtl.o ` case "obstack.o" in ?*) echo obstack.o ;; esac ` ` case "gcc -std=gnu89 -w"@"" in "cc"@?*) echo  ;; esac ` ` case "" in ?*) echo  ;; esac ` 
./genemit ../gccsrc/gcc-2.8.1/config/mips/mips.md > tmp-emit.c
../gccsrc/gcc-2.8.1/move-if-change tmp-emit.c insn-emit.c
touch s-emit
gcc -std=gnu89 -w -DCROSS_COMPILE -DIN_GCC    -O1 -w -std=gnu89  -DHAVE_CONFIG_H    -I. -I../gccsrc/gcc-2.8.1 -I../gccsrc/gcc-2.8.1/config -c insn-emit.c
gcc -std=gnu89 -w -c -DCROSS_COMPILE -DIN_GCC    -O1 -w -std=gnu89  -DHAVE_CONFIG_H    -I. -I../gccsrc/gcc-2.8.1 -I../gccsrc/gcc-2.8.1/config ../gccsrc/gcc-2.8.1/profile.c
gcc -std=gnu89 -w -c -DCROSS_COMPILE -DIN_GCC    -O1 -w -std=gnu89  -DHAVE_CONFIG_H    -I. -I../gccsrc/gcc-2.8.1 -I../gccsrc/gcc-2.8.1/config ../gccsrc/gcc-2.8.1/genattrtab.c
gcc -std=gnu89 -w -DCROSS_COMPILE -DIN_GCC    -O1 -w -std=gnu89  -DHAVE_CONFIG_H  -o genattrtab \
 genattrtab.o rtl.o print-rtl.o rtlanal.o ` case "obstack.o" in ?*) echo obstack.o ;; esac ` ` case "gcc -std=gnu89 -w"@"" in "cc"@?*) echo  ;; esac ` ` case "" in ?*) echo  ;; esac ` 
if cmp -s Makefile   ../gccsrc/gcc-2.8.1/config/mips/mips.md;	\
then					\
  echo Using ;	\
  cp  tmp-attrtab.c;	\
else					\
  ./genattrtab ../gccsrc/gcc-2.8.1/config/mips/mips.md > tmp-attrtab.c;	\
fi
../gccsrc/gcc-2.8.1/move-if-change tmp-attrtab.c insn-attrtab.c
touch s-attrtab
gcc -std=gnu89 -w -DCROSS_COMPILE -DIN_GCC    -O1 -w -std=gnu89  -DHAVE_CONFIG_H    -I. -I../gccsrc/gcc-2.8.1 -I../gccsrc/gcc-2.8.1/config -c insn-attrtab.c
gcc -std=gnu89 -w -c -DCROSS_COMPILE -DIN_GCC    -O1 -w -std=gnu89  -DHAVE_CONFIG_H    -I. -I../gccsrc/gcc-2.8.1 -I../gccsrc/gcc-2.8.1/config ../gccsrc/gcc-2.8.1/config/mips/mips.c
gcc -std=gnu89 -w -c -DCROSS_COMPILE -DIN_GCC    -O1 -w -std=gnu89  -DHAVE_CONFIG_H    -I. -I../gccsrc/gcc-2.8.1 -I../gccsrc/gcc-2.8.1/config ../gccsrc/gcc-2.8.1/getpwd.c
gcc -std=gnu89 -w -c -DCROSS_COMPILE -DIN_GCC    -O1 -w -std=gnu89  -DHAVE_CONFIG_H    -I. -I../gccsrc/gcc-2.8.1 -I../gccsrc/gcc-2.8.1/config ../gccsrc/gcc-2.8.1/convert.c
gcc -std=gnu89 -w -c -DCROSS_COMPILE -DIN_GCC    -O1 -w -std=gnu89  -DHAVE_CONFIG_H    -I. -I../gccsrc/gcc-2.8.1 -I../gccsrc/gcc-2.8.1/config \
   ../gccsrc/gcc-2.8.1/bi-arity.c
gcc -std=gnu89 -w -DCROSS_COMPILE -DIN_GCC    -O1 -w -std=gnu89  -DHAVE_CONFIG_H  -o bi-arity \
 bi-arity.o bi-parser.o bi-lexer.o bi-reverse.o ` case "obstack.o" in ?*) echo obstack.o ;; esac ` ` case "gcc -std=gnu89 -w"@"" in "cc"@?*) echo  ;; esac ` ` case "" in ?*) echo  ;; esac ` 
./bi-arity < ../gccsrc/gcc-2.8.1/bytecode.def >tmp-bc-arity.h
../gccsrc/gcc-2.8.1/move-if-change tmp-bc-arity.h bc-arity.h
touch s-bcarity
gcc -std=gnu89 -w -c -DCROSS_COMPILE -DIN_GCC    -O1 -w -std=gnu89  -DHAVE_CONFIG_H    -I. -I../gccsrc/gcc-2.8.1 -I../gccsrc/gcc-2.8.1/config ../gccsrc/gcc-2.8.1/bc-emit.c
gcc -std=gnu89 -w -c -DCROSS_COMPILE -DIN_GCC    -O1 -w -std=gnu89  -DHAVE_CONFIG_H    -I. -I../gccsrc/gcc-2.8.1 -I../gccsrc/gcc-2.8.1/config ../gccsrc/gcc-2.8.1/bc-optab.c
gcc -std=gnu89 -w -DCROSS_COMPILE -DIN_GCC    -O1 -w -std=gnu89  -DHAVE_CONFIG_H  -o cc1 c-parse.o c-lang.o c-lex.o c-pragma.o c-decl.o c-typeck.o c-convert.o c-aux-info.o c-common.o c-iterate.o  toplev.o version.o tree.o print-tree.o stor-layout.o fold-const.o function.o stmt.o except.o expr.o calls.o expmed.o explow.o optabs.o varasm.o rtl.o print-rtl.o rtlanal.o emit-rtl.o real.o dbxout.o sdbout.o dwarfout.o dwarf2out.o xcoffout.o bitmap.o integrate.o jump.o cse.o loop.o unroll.o flow.o stupid.o combine.o regclass.o local-alloc.o global.o reload.o reload1.o caller-save.o insn-peep.o reorg.o sched.o final.o recog.o reg-stack.o insn-opinit.o insn-recog.o insn-extract.o insn-output.o insn-emit.o profile.o insn-attrtab.o mips.o getpwd.o convert.o  bc-emit.o bc-optab.o obstack.o ` case "gcc -std=gnu89 -w" in "cc") echo "" ;; esac `  
-rwxr-xr-x 1 Vyacheslav 197121 1992323 Aug  3 10:31 cc1.exe
== OK: /c/Temp/nfs4-wt46-a10/scratch/gccbuild/cc1.exe
