[1/458] eaclib/psx/eacpsxz/addtimer.c                           2 fns   0 divergent
[2/458] eaclib/psx/eacpsxz/asinfunc.c                           2 fns   0 divergent
[3/458] eaclib/psx/eacpsxz/atanfunc.c                           1 fns   0 divergent
[4/458] eaclib/psx/eacpsxz/blkfill.c                            2 fns   0 divergent
[5/458] eaclib/psx/eacpsxz/blkmov.c                             1 fns   0 divergent
[6/458] eaclib/psx/eacpsxz/callback.c                           2 fns   0 divergent
[7/458] eaclib/psx/eacpsxz/cdfs.c                              14 fns   1 divergent
[8/458] eaclib/psx/eacpsxz/cluttype.c                           1 fns   0 divergent
[9/458] eaclib/psx/eacpsxz/crc.c                                1 fns   0 divergent
[10/458] eaclib/psx/eacpsxz/crossprd.c                           1 fns   0 divergent
[11/458] eaclib/psx/eacpsxz/devsys.c                             1 fns   0 divergent
[12/458] eaclib/psx/eacpsxz/exit.c                               1 fns   0 divergent
[13/458] eaclib/psx/eacpsxz/fastmovf.c                           1 fns   0 divergent
[14/458] eaclib/psx/eacpsxz/fileroot.c                           9 fns   0 divergent
[15/458] eaclib/psx/eacpsxz/fixdatan.c                           1 fns   0 divergent
[16/458] eaclib/psx/eacpsxz/fixddiv.c                            1 fns   0 divergent
[17/458] eaclib/psx/eacpsxz/fixdinv.c                            1 fns   0 divergent
[18/458] eaclib/psx/eacpsxz/fixdmult.c                           1 fns   0 divergent
[19/458] eaclib/psx/eacpsxz/fixdsin.c                            2 fns   0 divergent
[20/458] eaclib/psx/eacpsxz/fixdsqrt.c                           1 fns   0 divergent
[21/458] eaclib/psx/eacpsxz/fsincos.c                            1 fns   0 divergent
[22/458] eaclib/psx/eacpsxz/getm.c                               2 fns   0 divergent
[23/458] eaclib/psx/eacpsxz/inittmr.c                            4 fns   0 divergent
[24/458] eaclib/psx/eacpsxz/isincos.c                            1 fns   0 divergent
[25/458] eaclib/psx/eacpsxz/isqrt.c                              1 fns   0 divergent
[26/458] eaclib/psx/eacpsxz/isqrttbl.c                           2 fns   0 divergent
[27/458] eaclib/psx/eacpsxz/joystkn.c                            1 fns   0 divergent
[28/458] eaclib/psx/eacpsxz/loadshp.c                            1 fns   0 divergent
[29/458] eaclib/psx/eacpsxz/locatbig.c                           7 fns   0 divergent
[30/458] eaclib/psx/eacpsxz/locatshp.c                           2 fns   0 divergent
[31/458] eaclib/psx/eacpsxz/math64a.c                            2 fns   0 divergent
[32/458] eaclib/psx/eacpsxz/matrix.c                             4 fns   0 divergent
[33/458] eaclib/psx/eacpsxz/meminit.c                            1 fns   0 divergent
[34/458] eaclib/psx/eacpsxz/memstd.c                            13 fns   0 divergent
[35/458] eaclib/psx/eacpsxz/movf.c                               1 fns   0 divergent
[36/458] eaclib/psx/eacpsxz/nasync.c                            23 fns   0 divergent
[37/458] eaclib/psx/eacpsxz/nfile.c                             27 fns   0 divergent
[38/458] eaclib/psx/eacpsxz/nloadpk.c                            2 fns   0 divergent
[39/458] eaclib/psx/eacpsxz/nsync.c                             10 fns   0 divergent
[40/458] eaclib/psx/eacpsxz/nullfunc.c                           1 fns   0 divergent
[41/458] eaclib/psx/eacpsxz/primate.c                            3 fns   0 divergent
[42/458] eaclib/psx/eacpsxz/random.c                             2 fns   0 divergent
[43/458] eaclib/psx/eacpsxz/resize.c                             1 fns   0 divergent
[44/458] eaclib/psx/eacpsxz/savegp.c                             3 fns   0 divergent
[45/458] eaclib/psx/eacpsxz/setfont.c                            1 fns   0 divergent
[46/458] eaclib/psx/eacpsxz/shpclut.c                            2 fns   0 divergent
[47/458] eaclib/psx/eacpsxz/shpdepth.c                           1 fns   0 divergent
[48/458] eaclib/psx/eacpsxz/shpsubs.c                            3 fns   0 divergent
[49/458] eaclib/psx/eacpsxz/shptype.c                            1 fns   0 divergent
[50/458] eaclib/psx/eacpsxz/sinfunc.c                            2 fns   0 divergent
[51/458] eaclib/psx/eacpsxz/stream.c                            32 fns   1 divergent
[52/458] eaclib/psx/eacpsxz/stricmp.c                            1 fns   0 divergent
[53/458] eaclib/psx/eacpsxz/syncfile.c                           8 fns   0 divergent
[54/458] eaclib/psx/eacpsxz/systask.c                            3 fns   0 divergent
[55/458] eaclib/psx/eacpsxz/textcode.c                           1 fns   0 divergent
[56/458] eaclib/psx/eacpsxz/textcrnt.c                           2 fns   0 divergent
[57/458] eaclib/psx/eacpsxz/textfor.c                            2 fns   0 divergent
[58/458] eaclib/psx/eacpsxz/threads.c                            2 fns   0 divergent
[59/458] eaclib/psx/eacpsxz/timer.c                              4 fns   0 divergent
[60/458] eaclib/psx/eacpsxz/trnsfrm.c                            1 fns   0 divergent
[61/458] eaclib/psx/eacpsxz/trnsmult.c                           1 fns   0 divergent
[62/458] eaclib/psx/eacpsxz/trnspos.c                            1 fns   0 divergent
[63/458] eaclib/psx/eacpsxz/unbtree.c                            1 fns   0 divergent
[64/458] eaclib/psx/eacpsxz/unhuff.c                             4 fns   0 divergent
[65/458] eaclib/psx/eacpsxz/unref.c                              2 fns   0 divergent
[66/458] eaclib/psx/eacpsxz/vramfxya.c                           3 fns   0 divergent
[67/458] eaclib/psx/eacpsxz/wildcard.c                           2 fns   0 divergent
[68/458] eaclib/psx/eacpsxz/xform.c                              4 fns   0 divergent
[69/458] eaclib/psx/pad.c                                        5 fns   0 divergent
[70/458] eaclib/psx/sndpsxz/s3dlow.c                             1 fns   0 divergent
[71/458] eaclib/psx/sndpsxz/s3dpos.c                             1 fns   0 divergent
[72/458] eaclib/psx/sndpsxz/saelib.c                             1 fns   0 divergent
[73/458] eaclib/psx/sndpsxz/saetodv.c                            2 fns   0 divergent
[74/458] eaclib/psx/sndpsxz/saetolrv.c                           1 fns   0 divergent
[75/458] eaclib/psx/sndpsxz/salloc.c                             4 fns   0 divergent
[76/458] eaclib/psx/sndpsxz/sautovol.c                           1 fns   0 divergent
[77/458] eaclib/psx/sndpsxz/sbadd.c                              1 fns   0 divergent
[78/458] eaclib/psx/sndpsxz/sballoc.c                            1 fns   0 divergent
[79/458] eaclib/psx/sndpsxz/sbdload.c                            1 fns   0 divergent
[80/458] eaclib/psx/sndpsxz/sbend.c                              2 fns   0 divergent
[81/458] eaclib/psx/sndpsxz/sbhdrcpy.c                           1 fns   0 divergent
[82/458] eaclib/psx/sndpsxz/sbhdrsze.c                           1 fns   0 divergent
[83/458] eaclib/psx/sndpsxz/sbirmpat.c                           1 fns   0 divergent
[84/458] eaclib/psx/sndpsxz/sbremove.c                           3 fns   0 divergent
[85/458] eaclib/psx/sndpsxz/sbvalid.c                            1 fns   0 divergent
[86/458] eaclib/psx/sndpsxz/scdvol.c                             1 fns   0 divergent
[87/458] eaclib/psx/sndpsxz/sclcptch.c                           2 fns   0 divergent
[88/458] eaclib/psx/sndpsxz/sdata.c                              1 fns   0 divergent
[89/458] eaclib/psx/sndpsxz/sdcdvol.c                            1 fns   0 divergent
[90/458] eaclib/psx/sndpsxz/sdfx.c                               6 fns   0 divergent
[91/458] eaclib/psx/sndpsxz/sdma.c                               6 fns   0 divergent
[92/458] eaclib/psx/sndpsxz/sdmemlu.c                            1 fns   0 divergent
[93/458] eaclib/psx/sndpsxz/sdmemman.c                           3 fns   0 divergent
[94/458] eaclib/psx/sndpsxz/sdpacket.c                          13 fns   1 divergent
[95/458] eaclib/psx/sndpsxz/sdplapat.c                           1 fns   0 divergent
[96/458] eaclib/psx/sndpsxz/sdresolv.c                           2 fns   0 divergent
[97/458] eaclib/psx/sndpsxz/sdriver.c                            4 fns   0 divergent
[98/458] eaclib/psx/sndpsxz/sdspuirq.c                           2 fns   0 divergent
[99/458] eaclib/psx/sndpsxz/sdtimrem.c                           1 fns   0 divergent
[100/458] eaclib/psx/sndpsxz/seffect.c                            2 fns   0 divergent
[101/458] eaclib/psx/sndpsxz/sfxlevel.c                           2 fns   0 divergent
[102/458] eaclib/psx/sndpsxz/sgetdata.c                           1 fns   0 divergent
[103/458] eaclib/psx/sndpsxz/sgettag.c                            1 fns   0 divergent
[104/458] eaclib/psx/sndpsxz/sgetvol.c                            1 fns   0 divergent
[105/458] eaclib/psx/sndpsxz/slib.c                               5 fns   0 divergent
[106/458] eaclib/psx/sndpsxz/slimits.c                            2 fns   0 divergent
[107/458] eaclib/psx/sndpsxz/smasterv.c                           1 fns   0 divergent
[108/458] eaclib/psx/sndpsxz/smath64.c                            2 fns   0 divergent
[109/458] eaclib/psx/sndpsxz/smemman.c                            4 fns   0 divergent
[110/458] eaclib/psx/sndpsxz/sover.c                              1 fns   0 divergent
[111/458] eaclib/psx/sndpsxz/span.c                               1 fns   0 divergent
[112/458] eaclib/psx/sndpsxz/spat2hdr.c                           2 fns   0 divergent
[113/458] eaclib/psx/sndpsxz/spatkey.c                           10 fns   0 divergent
[114/458] eaclib/psx/sndpsxz/spitch.c                             1 fns   0 divergent
[115/458] eaclib/psx/sndpsxz/spktplay.c                          13 fns   0 divergent
[116/458] eaclib/psx/sndpsxz/splay.c                              2 fns   0 divergent
[117/458] eaclib/psx/sndpsxz/splysdef.c                           1 fns   0 divergent
[118/458] eaclib/psx/sndpsxz/spvoices.c                           4 fns   0 divergent
[119/458] eaclib/psx/sndpsxz/spvtolrv.c                           1 fns   0 divergent
[120/458] eaclib/psx/sndpsxz/srandom.c                            1 fns   0 divergent
[121/458] eaclib/psx/sndpsxz/srrange.c                            1 fns   0 divergent
[122/458] eaclib/psx/sndpsxz/sserver.c                            6 fns   0 divergent
[123/458] eaclib/psx/sndpsxz/ssine.c                              1 fns   0 divergent
[124/458] eaclib/psx/sndpsxz/sst.c                               16 fns   0 divergent
[125/458] eaclib/psx/sndpsxz/sstautov.c                           1 fns   0 divergent
[126/458] eaclib/psx/sndpsxz/sstgetrp.c                           1 fns   0 divergent
[127/458] eaclib/psx/sndpsxz/sstgetv.c                            1 fns   0 divergent
[128/458] eaclib/psx/sndpsxz/sstop.c                              1 fns   0 divergent
[129/458] eaclib/psx/sndpsxz/sstopall.c                           1 fns   0 divergent
[130/458] eaclib/psx/sndpsxz/sstovrhd.c                           2 fns   0 divergent
[131/458] eaclib/psx/sndpsxz/sstrstat.c                           1 fns   0 divergent
[132/458] eaclib/psx/sndpsxz/sstsetgl.c                           1 fns   0 divergent
[133/458] eaclib/psx/sndpsxz/sstsetgs.c                           1 fns   0 divergent
[134/458] eaclib/psx/sndpsxz/sstsetpr.c                           1 fns   0 divergent
[135/458] eaclib/psx/sndpsxz/sststat.c                            1 fns   0 divergent
[136/458] eaclib/psx/sndpsxz/sstvol.c                             1 fns   0 divergent
[137/458] eaclib/psx/sndpsxz/ssysinit.c                           4 fns   0 divergent
[138/458] eaclib/psx/sndpsxz/ssysreal.c                           2 fns   0 divergent
[139/458] eaclib/psx/sndpsxz/ssysserv.c                           3 fns   0 divergent
[140/458] eaclib/psx/sndpsxz/stagpat.c                            8 fns   0 divergent
[141/458] eaclib/psx/sndpsxz/stimerem.c                           1 fns   0 divergent
[142/458] eaclib/psx/sndpsxz/svol.c                               2 fns   0 divergent
[143/458] eaclib/psx/spchpsxz/spchbank.c                          8 fns   0 divergent
[144/458] eaclib/psx/spchpsxz/spchdata.c                          6 fns   0 divergent
[145/458] eaclib/psx/spchpsxz/spchevnt.c                         16 fns   0 divergent
[146/458] eaclib/psx/spchpsxz/spchinit.c                          7 fns   0 divergent
[147/458] eaclib/psx/spchpsxz/spchpick.c                         27 fns   0 divergent
[148/458] eaclib/psx/spchpsxz/spchrand.c                          4 fns   0 divergent
[149/458] eaclib/psx/spchpsxz/spchrslv.c                          1 fns   0 divergent
[150/458] eaclib/psx/spchpsxz/spchrule.c                          9 fns   0 divergent
[151/458] eaclib/psx/spchpsxz/spchsamp.c                          2 fns   0 divergent
[152/458] frontend/common/feapp.cpp                              15 fns   1 divergent
[153/458] frontend/common/feaudio.cpp                            10 fns   0 divergent
[154/458] frontend/common/fecars.cpp                             46 fns   0 divergent
[155/458] frontend/common/fecheats.cpp                           10 fns   0 divergent
[156/458] frontend/common/fecredits.cpp                           7 fns   0 divergent
[157/458] frontend/common/fedialog.cpp                           33 fns   0 divergent
[158/458] frontend/common/fefades.cpp                             6 fns   0 divergent
[159/458] frontend/common/feinput.cpp                             4 fns   0 divergent
[160/458] frontend/common/felines.cpp                             2 fns   0 divergent
[161/458] frontend/common/fememcard.cpp                          18 fns   2 divergent
[162/458] frontend/common/femenu.cpp                             73 fns   1 divergent
[163/458] frontend/common/femenudefs.cpp                         66 fns   0 divergent
[164/458] frontend/common/femenuextended.cpp                     57 fns   1 divergent
[165/458] frontend/common/femenuoptions.cpp                      92 fns   2 divergent
[166/458] frontend/common/femission.cpp                           5 fns   0 divergent
[167/458] frontend/common/fescreen.cpp                           27 fns   1 divergent
[168/458] frontend/common/fetextrender.cpp                       17 fns   0 divergent
[169/458] frontend/common/fetools.cpp                             6 fns   0 divergent
[170/458] frontend/common/fetourn.cpp                            35 fns   0 divergent
[171/458] frontend/common/fetracks.cpp                           15 fns   0 divergent
[172/458] frontend/common/fetv.cpp                                5 fns   1 divergent
[173/458] frontend/common/fevideowall.cpp                        12 fns   0 divergent
[174/458] frontend/common/front.cpp                              43 fns   1 divergent
[175/458] frontend/common/mcrd.cpp                                1 fns   0 divergent
[176/458] frontend/common/screenaudio.cpp                         8 fns   0 divergent
[177/458] frontend/common/screencarselect.cpp                    59 fns   3 divergent
[178/458] frontend/common/screencongrats.cpp                     28 fns   1 divergent
[179/458] frontend/common/screencontroller.cpp                   22 fns   0 divergent
[180/458] frontend/common/screendisplay.cpp                       3 fns   0 divergent
[181/458] frontend/common/screenmain.cpp                         13 fns   1 divergent
[182/458] frontend/common/screenmemcard.cpp                      15 fns   1 divergent
[183/458] frontend/common/screenpinkslips.cpp                     8 fns   0 divergent
[184/458] frontend/common/screenpost.cpp                         13 fns   1 divergent
[185/458] frontend/common/screentournselect.cpp                   9 fns   0 divergent
[186/458] frontend/common/screentrackinfo.cpp                     5 fns   0 divergent
[187/458] frontend/common/screentrackrecords.cpp                  7 fns   0 divergent
[188/458] frontend/common/screentracks.cpp                       10 fns   0 divergent
[189/458] frontend/common/screentrophyinfo.cpp                    3 fns   0 divergent
[190/458] frontend/common/screentrophyroom.cpp                    9 fns   0 divergent
[191/458] frontend/common/screenusername.cpp                      6 fns   1 divergent
[192/458] frontend/common/statchk.cpp                             5 fns   2 divergent
[193/458] frontend/common/stattool.cpp                           11 fns   0 divergent
[194/458] frontend/psx/drawshp.cpp                                4 fns   0 divergent
[195/458] frontend/psx/fetexture.cpp                              2 fns   0 divergent
[196/458] frontend/psx/mdec.cpp                                   6 fns   0 divergent
[197/458] frontend/psx/memcard.c                                 20 fns   1 divergent
[198/458] frontend/psx/mmeffect.cpp                               1 fns   0 divergent
[199/458] frontend/psx/movie.cpp                                 17 fns   0 divergent
[200/458] frontend/psx/psxfront.cpp                              25 fns   1 divergent
[201/458] frontend/psx/video.cpp                                  9 fns   0 divergent
[202/458] game/common/AIWORLD.cpp                                22 fns   0 divergent
[203/458] game/common/ai.cpp                                     40 fns   0 divergent
[204/458] game/common/aicop.cpp                                   4 fns   0 divergent
[205/458] game/common/aidatarecord.cpp                           26 fns   0 divergent
[206/458] game/common/aidelaycar.cpp                              3 fns   0 divergent
[207/458] game/common/aih_basiccop.cpp                            9 fns   0 divergent
[208/458] game/common/aih_basicperp.cpp                           9 fns   1 divergent
[209/458] game/common/aih_btccop.cpp                             40 fns   0 divergent
[210/458] game/common/aih_btcperp.cpp                            26 fns   0 divergent
[211/458] game/common/aih_cop.cpp                                10 fns   1 divergent
[212/458] game/common/aih_hum.cpp                                 3 fns   0 divergent
[213/458] game/common/aih_opp.cpp                                 6 fns   1 divergent
[214/458] game/common/aih_play.cpp                               10 fns   0 divergent
[215/458] game/common/aih_traf.cpp                                6 fns   0 divergent
[216/458] game/common/aihigh.cpp                                 16 fns   0 divergent
[217/458] game/common/aiinit.cpp                                 17 fns   0 divergent
[218/458] game/common/ailife.cpp                                 20 fns   0 divergent
[219/458] game/common/aiperson.cpp                                8 fns   0 divergent
[220/458] game/common/aiphysic.cpp                               42 fns   1 divergent
[221/458] game/common/aiscript.cpp                                8 fns   0 divergent
[222/458] game/common/aispeeds.cpp                               29 fns   0 divergent
[223/458] game/common/aistate.cpp                                52 fns   1 divergent
[224/458] game/common/aitriger.cpp                               10 fns   0 divergent
[225/458] game/common/aitune.cpp                                  7 fns   0 divergent
[226/458] game/common/anim.cpp                                   18 fns   0 divergent
[227/458] game/common/audedit.cpp                                 2 fns   0 divergent
[228/458] game/common/audioclc.cpp                               18 fns   1 divergent
[229/458] game/common/audiocmn.cpp                               48 fns   0 divergent
[230/458] game/common/audioeng.cpp                                9 fns   0 divergent
[231/458] game/common/audiomus.cpp                               23 fns   0 divergent
[232/458] game/common/audiotrk.cpp                                6 fns   1 divergent
[233/458] game/common/bworld.cpp                                 21 fns   0 divergent
[234/458] game/common/bworldSm.cpp                               28 fns   0 divergent
[235/458] game/common/camera.cpp                                 38 fns   2 divergent
[236/458] game/common/cars.cpp                                   33 fns   2 divergent
[237/458] game/common/chunk.cpp                                   4 fns   0 divergent
[238/458] game/common/clock.cpp                                   3 fns   0 divergent
[239/458] game/common/collide.cpp                                14 fns   1 divergent
[240/458] game/common/color.cpp                                   2 fns   0 divergent
[241/458] game/common/control.cpp                                 2 fns   0 divergent
[242/458] game/common/copspeak.cpp                               27 fns   0 divergent
[243/458] game/common/dashhud.cpp                                 6 fns   0 divergent
[244/458] game/common/fastrand.cpp                                2 fns   0 divergent
[245/458] game/common/genericpmx.cpp                              1 fns   0 divergent
[246/458] game/common/gmesetup.cpp                                2 fns   0 divergent
[247/458] game/common/group.cpp                                   6 fns   0 divergent
[248/458] game/common/hudpmx.cpp                                  3 fns   0 divergent
[249/458] game/common/input.cpp                                   8 fns   0 divergent
[250/458] game/common/mathnfs.cpp                                10 fns   0 divergent
[251/458] game/common/minfront.cpp                                1 fns   0 divergent
[252/458] game/common/mpause.cpp                                 10 fns   0 divergent
[253/458] game/common/new.cpp                                     4 fns   0 divergent
[254/458] game/common/newton.cpp                                 32 fns   2 divergent
[255/458] game/common/nfs3.cpp                                   11 fns   0 divergent
[256/458] game/common/object.cpp                                 37 fns   0 divergent
[257/458] game/common/paths.cpp                                   1 fns   0 divergent
[258/458] game/common/pausemenu.cpp                              60 fns   1 divergent
[259/458] game/common/physics.cpp                                22 fns   2 divergent
[260/458] game/common/quatern.cpp                                 4 fns   0 divergent
[261/458] game/common/r3dcar.cpp                                 27 fns   1 divergent
[262/458] game/common/render.cpp                                 23 fns   0 divergent
[263/458] game/common/replay.cpp                                 16 fns   0 divergent
[264/458] game/common/scene.cpp                                   6 fns   0 divergent
[265/458] game/common/schedule.cpp                                6 fns   0 divergent
[266/458] game/common/sim.cpp                                     8 fns   1 divergent
[267/458] game/common/simplemem.cpp                               3 fns   0 divergent
[268/458] game/common/simqueue.cpp                                8 fns   0 divergent
[269/458] game/common/souffle.cpp                                10 fns   0 divergent
[270/458] game/common/spchevnt.c                                 53 fns   0 divergent
[271/458] game/common/speech.cpp                                102 fns   2 divergent
[272/458] game/common/stats.cpp                                   7 fns   1 divergent
[273/458] game/common/textsys.cpp                                 8 fns   0 divergent
[274/458] game/common/track.cpp                                  29 fns   0 divergent
[275/458] game/common/trgsfx.cpp                                 11 fns   0 divergent
[276/458] game/common/udff.cpp                                    4 fns   0 divergent
[277/458] game/psx/audio.cpp                                      6 fns   0 divergent
[278/458] game/psx/cario.cpp                                     11 fns   0 divergent
[279/458] game/psx/device.cpp                                    10 fns   0 divergent
[280/458] game/psx/draw.cpp                                      25 fns   0 divergent
[281/458] game/psx/drawc.cpp                                     20 fns   3 divergent
[282/458] game/psx/draww.cpp                                     35 fns   7 divergent
[283/458] game/psx/fe3dmenu.cpp                                   3 fns   0 divergent
[284/458] game/psx/flare.cpp                                     27 fns   0 divergent
[285/458] game/psx/font.cpp                                      15 fns   0 divergent
[286/458] game/psx/force.cpp                                      9 fns   0 divergent
[287/458] game/psx/hrzsku.cpp                                    22 fns   2 divergent
[288/458] game/psx/hud.cpp                                       62 fns   7 divergent
[289/458] game/psx/loading.cpp                                    3 fns   0 divergent
[290/458] game/psx/night.cpp                                     19 fns   0 divergent
[291/458] game/psx/overlays.cpp                                   5 fns   2 divergent
[292/458] game/psx/platform.cpp                                   8 fns   0 divergent
[293/458] game/psx/psxcontroller.cpp                              4 fns   2 divergent
[294/458] game/psx/rpause.cpp                                     3 fns   0 divergent
[295/458] game/psx/sfx.cpp                                        7 fns   0 divergent
[296/458] game/psx/skidmark.cpp                                  11 fns   0 divergent
[297/458] game/psx/textpix.c                                      2 fns   0 divergent
[298/458] game/psx/textpsx.c                                      3 fns   0 divergent
[299/458] game/psx/texture.cpp                                   24 fns   0 divergent
[300/458] game/psx/textureprocess.cpp                            16 fns   0 divergent
[301/458] game/psx/trackspec.cpp                                  5 fns   0 divergent
[302/458] game/psx/trsproj.cpp                                   11 fns   0 divergent
[303/458] game/psx/unpack.c                                       4 fns   0 divergent
[304/458] game/psx/weather.cpp                                   25 fns   1 divergent
[305/458] syslib/psx/2mbyte/2mbyte.c                              6 fns   0 divergent
[306/458] syslib/psx/libapi/A07.c                                 1 fns   0 divergent
[307/458] syslib/psx/libapi/A08.c                                 1 fns   0 divergent
[308/458] syslib/psx/libapi/A09.c                                 1 fns   0 divergent
[309/458] syslib/psx/libapi/A11.c                                 1 fns   0 divergent
[310/458] syslib/psx/libapi/A12.c                                 1 fns   0 divergent
[311/458] syslib/psx/libapi/A13.c                                 1 fns   0 divergent
[312/458] syslib/psx/libapi/A23.c                                 1 fns   0 divergent
[313/458] syslib/psx/libapi/A24.c                                 1 fns   0 divergent
[314/458] syslib/psx/libapi/A25.c                                 1 fns   0 divergent
[315/458] syslib/psx/libapi/A36.c                                 1 fns   0 divergent
[316/458] syslib/psx/libapi/A37.c                                 1 fns   0 divergent
[317/458] syslib/psx/libapi/A39.c                                 1 fns   0 divergent
[318/458] syslib/psx/libapi/A50.c                                 1 fns   0 divergent
[319/458] syslib/psx/libapi/A51.c                                 1 fns   0 divergent
[320/458] syslib/psx/libapi/A52.c                                 1 fns   0 divergent
[321/458] syslib/psx/libapi/A53.c                                 1 fns   0 divergent
[322/458] syslib/psx/libapi/A54.c                                 1 fns   0 divergent
[323/458] syslib/psx/libapi/A65.c                                 1 fns   0 divergent
[324/458] syslib/psx/libapi/A66.c                                 1 fns   0 divergent
[325/458] syslib/psx/libapi/A67.c                                 1 fns   0 divergent
[326/458] syslib/psx/libapi/A69.c                                 1 fns   0 divergent
[327/458] syslib/psx/libapi/A91.c                                 1 fns   0 divergent
[328/458] syslib/psx/libapi/C112.c                                1 fns   0 divergent
[329/458] syslib/psx/libapi/C114.c                                1 fns   0 divergent
[330/458] syslib/psx/libapi/C57.c                                 1 fns   0 divergent
[331/458] syslib/psx/libapi/C68.c                                 1 fns   0 divergent
[332/458] syslib/psx/libapi/C73.c                                 1 fns   0 divergent
[333/458] syslib/psx/libapi/COUNTER.c                             3 fns   0 divergent
[334/458] syslib/psx/libapi/FIRST.c                               2 fns   0 divergent
[335/458] syslib/psx/libapi/L02.c                                 1 fns   0 divergent
[336/458] syslib/psx/libapi/L03.c                                 1 fns   0 divergent
[337/458] syslib/psx/libapi/L10.c                                 1 fns   0 divergent
[338/458] syslib/psx/libc/A63.c                                   1 fns   0 divergent
[339/458] syslib/psx/libc/BSEARCH.c                               1 fns   0 divergent
[340/458] syslib/psx/libc/C16.c                                   1 fns   0 divergent
[341/458] syslib/psx/libc/C19.c                                   1 fns   0 divergent
[342/458] syslib/psx/libc/C21.c                                   1 fns   0 divergent
[343/458] syslib/psx/libc/C23.c                                   1 fns   0 divergent
[344/458] syslib/psx/libc/C24.c                                   1 fns   0 divergent
[345/458] syslib/psx/libc/C25.c                                   1 fns   0 divergent
[346/458] syslib/psx/libc/C26.c                                   1 fns   0 divergent
[347/458] syslib/psx/libc/C27.c                                   1 fns   0 divergent
[348/458] syslib/psx/libc/C30.c                                   1 fns   0 divergent
[349/458] syslib/psx/libc/C31.c                                   1 fns   0 divergent
[350/458] syslib/psx/libc/C36.c                                   1 fns   0 divergent
[351/458] syslib/psx/libc/C37.c                                   1 fns   0 divergent
[352/458] syslib/psx/libc/C38.c                                   1 fns   0 divergent
[353/458] syslib/psx/libc/C40.c                                   1 fns   0 divergent
[354/458] syslib/psx/libc/C42.c                                   1 fns   0 divergent
[355/458] syslib/psx/libc/C43.c                                   1 fns   0 divergent
[356/458] syslib/psx/libc/C46.c                                   1 fns   0 divergent
[357/458] syslib/psx/libc/C47.c                                   1 fns   0 divergent
[358/458] syslib/psx/libc/C63.c                                   1 fns   0 divergent
[359/458] syslib/psx/libc/MEMCMP.c                                1 fns   0 divergent
[360/458] syslib/psx/libc/MEMMOVE.c                               1 fns   0 divergent
[361/458] syslib/psx/libc/QSORT.c                                 2 fns   0 divergent
[362/458] syslib/psx/libc/SPRINTF.c                               1 fns   1 divergent
[363/458] syslib/psx/libcard/A74.c                                2 fns   0 divergent
[364/458] syslib/psx/libcard/A75.c                                1 fns   0 divergent
[365/458] syslib/psx/libcard/A76.c                                1 fns   0 divergent
[366/458] syslib/psx/libcard/A78.c                                1 fns   0 divergent
[367/458] syslib/psx/libcard/A80.c                                1 fns   0 divergent
[368/458] syslib/psx/libcard/C171.c                               1 fns   0 divergent
[369/458] syslib/psx/libcard/C172.c                               1 fns   0 divergent
[370/458] syslib/psx/libcard/CARD.c                               1 fns   0 divergent
[371/458] syslib/psx/libcard/CARDINIT.c                           2 fns   0 divergent
[372/458] syslib/psx/libcard/END.c                                3 fns   0 divergent
[373/458] syslib/psx/libcard/INIT.c                               1 fns   0 divergent
[374/458] syslib/psx/libcard/PATCH.c                              5 fns   0 divergent
[375/458] syslib/psx/libcd/TYPE.c                                 2 fns   0 divergent
[376/458] syslib/psx/libcd/cdcont.c                              19 fns   0 divergent
[377/458] syslib/psx/libcd/cdread.c                               6 fns   3 divergent
[378/458] syslib/psx/libcd/cdread2.c                              2 fns   0 divergent
[379/458] syslib/psx/libcd/drv.c                                 13 fns   2 divergent
[380/458] syslib/psx/libcd/event.c                                5 fns   0 divergent
[381/458] syslib/psx/libcd/iso9660.c                              7 fns   3 divergent
[382/458] syslib/psx/libcd/stcdint.c                              3 fns   2 divergent
[383/458] syslib/psx/libcd/stream.c                               3 fns   0 divergent
[384/458] syslib/psx/libcd/streamhelp.c                           6 fns   1 divergent
[385/458] syslib/psx/libcd/toc.c                                  2 fns   1 divergent
[386/458] syslib/psx/libds/DSCB.c                                 2 fns   0 divergent
[387/458] syslib/psx/libetc/INTR.c                               13 fns   1 divergent
[388/458] syslib/psx/libetc/INTR_DMA.c                            4 fns   1 divergent
[389/458] syslib/psx/libetc/INTR_VB.c                             4 fns   0 divergent
[390/458] syslib/psx/libetc/VMODE.c                               2 fns   0 divergent
[391/458] syslib/psx/libetc/VSYNC.c                               2 fns   0 divergent
[392/458] syslib/psx/libgpu/EXT.c                                 2 fns   0 divergent
[393/458] syslib/psx/libgpu/FONT.c                                2 fns   1 divergent
[394/458] syslib/psx/libgpu/P00.c                                 1 fns   0 divergent
[395/458] syslib/psx/libgpu/P01.c                                 1 fns   0 divergent
[396/458] syslib/psx/libgpu/P06.c                                 1 fns   0 divergent
[397/458] syslib/psx/libgpu/P09.c                                 1 fns   0 divergent
[398/458] syslib/psx/libgpu/P10.c                                 1 fns   0 divergent
[399/458] syslib/psx/libgpu/P11.c                                 1 fns   0 divergent
[400/458] syslib/psx/libgpu/P12.c                                 1 fns   0 divergent
[401/458] syslib/psx/libgpu/P16.c                                 1 fns   0 divergent
[402/458] syslib/psx/libgpu/P17.c                                 1 fns   0 divergent
[403/458] syslib/psx/libgpu/P18.c                                 1 fns   0 divergent
[404/458] syslib/psx/libgpu/P19.c                                 1 fns   0 divergent
[405/458] syslib/psx/libgpu/P34.c                                 1 fns   0 divergent
[406/458] syslib/psx/libgpu/SYS.c                                44 fns   2 divergent
[407/458] syslib/psx/libgte/COR_01.c                              1 fns   0 divergent
[408/458] syslib/psx/libgte/COR_02.c                              1 fns   0 divergent
[409/458] syslib/psx/libgte/COR_03.c                              1 fns   0 divergent
[410/458] syslib/psx/libgte/FGO_01.c                              1 fns   0 divergent
[411/458] syslib/psx/libgte/FGO_06.c                              1 fns   0 divergent
[412/458] syslib/psx/libgte/FOG_01.c                              1 fns   0 divergent
[413/458] syslib/psx/libgte/MSC00.c                               1 fns   0 divergent
[414/458] syslib/psx/libgte/MSC02.c                               4 fns   0 divergent
[415/458] syslib/psx/libgte/PATCHGTE.c                            4 fns   0 divergent
[416/458] syslib/psx/libgte/REG03.c                               2 fns   0 divergent
[417/458] syslib/psx/libgte/REG11.c                               1 fns   0 divergent
[418/458] syslib/psx/libgte/REG13.c                               1 fns   0 divergent
[419/458] syslib/psx/libmath/ADDDF3.c                             1 fns   0 divergent
[420/458] syslib/psx/libmath/ADDMANT.c                            1 fns   0 divergent
[421/458] syslib/psx/libmath/DBSHIFT.c                            1 fns   0 divergent
[422/458] syslib/psx/libmath/DBSHIFTU.c                           1 fns   0 divergent
[423/458] syslib/psx/libmath/DIVDF3.c                             2 fns   1 divergent
[424/458] syslib/psx/libmath/DIVSF3.c                             1 fns   0 divergent
[425/458] syslib/psx/libmath/EXTSFDF2.c                           1 fns   0 divergent
[426/458] syslib/psx/libmath/FERR.c                               1 fns   0 divergent
[427/458] syslib/psx/libmath/FIXDFSI.c                            1 fns   1 divergent
[428/458] syslib/psx/libmath/FIXSFSI.c                            1 fns   0 divergent
[429/458] syslib/psx/libmath/FLTSIDF.c                            1 fns   0 divergent
[430/458] syslib/psx/libmath/FLTSISF.c                            1 fns   0 divergent
[431/458] syslib/psx/libmath/GTDF2.c                              1 fns   0 divergent
[432/458] syslib/psx/libmath/LTDF2.c                              1 fns   0 divergent
[433/458] syslib/psx/libmath/MAINASU.c                            1 fns   0 divergent
[434/458] syslib/psx/libmath/MULDF3.c                             2 fns   0 divergent
[435/458] syslib/psx/libmath/MULSF3.c                             1 fns   0 divergent
[436/458] syslib/psx/libmath/TRUDFSF2.c                           1 fns   0 divergent
[437/458] syslib/psx/libmcrd/BIOS.c                              17 fns   0 divergent
[438/458] syslib/psx/libmcrd/LIBMCRD.c                           26 fns   4 divergent
[439/458] syslib/psx/libmcrd/USERFUNC.c                           4 fns   0 divergent
[440/458] syslib/psx/libpad/MCXMAIN.c                             5 fns   2 divergent
[441/458] syslib/psx/libpad/PADCMD.c                             19 fns   1 divergent
[442/458] syslib/psx/libpad/PADENTRY.c                            8 fns   0 divergent
[443/458] syslib/psx/libpad/PADMAIN.c                            11 fns   1 divergent
[444/458] syslib/psx/libpad/PADPORTD.c                            8 fns   3 divergent
[445/458] syslib/psx/libpad/PADSEQD.c                             5 fns   2 divergent
[446/458] syslib/psx/libpad/WAITRC2.c                             2 fns   0 divergent
[447/458] syslib/psx/libpress/LIBPRESS.c                         12 fns   0 divergent
[448/458] syslib/psx/libpress/VLC.c                               2 fns   0 divergent
[449/458] syslib/psx/libsn/CLOSE.c                                1 fns   0 divergent
[450/458] syslib/psx/libsn/CREAT.c                                1 fns   0 divergent
[451/458] syslib/psx/libsn/FSINIT.c                               1 fns   0 divergent
[452/458] syslib/psx/libsn/LSEEK.c                                1 fns   0 divergent
[453/458] syslib/psx/libsn/OPEN.c                                 1 fns   0 divergent
[454/458] syslib/psx/libsn/PUREV.c                                1 fns   0 divergent
[455/458] syslib/psx/libsn/READ.c                                 1 fns   0 divergent
[456/458] syslib/psx/libsn/SNREAD.c                               1 fns   0 divergent
[457/458] syslib/psx/libsn/SNWRITE.c                              1 fns   0 divergent
[458/458] syslib/psx/libsn/WRITE.c                                1 fns   0 divergent
TOTAL: 458 TUs, 3500 fns, 104 divergent, 0 TU failures
