[1/304] recon/eaclib/psx/eacpsxz/addtimer.c: 2 fns {'OK': 2}
[2/304] recon/eaclib/psx/eacpsxz/asinfunc.c: 1 fns {'OK': 1}
[3/304] recon/eaclib/psx/eacpsxz/atanfunc.c: 1 fns {'OK': 1}
[4/304] recon/eaclib/psx/eacpsxz/blkfill.c: 2 fns {'OK': 2}
[5/304] recon/eaclib/psx/eacpsxz/blkmov.c: 1 fns {'OK': 1}
[6/304] recon/eaclib/psx/eacpsxz/callback.c: 2 fns {'OK': 2}
[7/304] recon/eaclib/psx/eacpsxz/cdfs.c: 13 fns {'OK': 13}
[8/304] recon/eaclib/psx/eacpsxz/cluttype.c: 1 fns {'OK': 1}
[9/304] recon/eaclib/psx/eacpsxz/crc.c: 1 fns {'OK': 1}
[10/304] recon/eaclib/psx/eacpsxz/crossprd.c: 1 fns {'OK': 1}
[11/304] recon/eaclib/psx/eacpsxz/devsys.c: 1 fns {'OK': 1}
[12/304] recon/eaclib/psx/eacpsxz/exit.c: 1 fns {'OK': 1}
[13/304] recon/eaclib/psx/eacpsxz/fastmovf.c: 1 fns {'OK': 1}
[14/304] recon/eaclib/psx/eacpsxz/fileroot.c: 9 fns {'OK': 9}
[15/304] recon/eaclib/psx/eacpsxz/fixdatan.c: 1 fns {'OK': 1}
[16/304] recon/eaclib/psx/eacpsxz/fixddiv.c: 1 fns {'OK': 1}
[17/304] recon/eaclib/psx/eacpsxz/fixdinv.c: 1 fns {'OK': 1}
[18/304] recon/eaclib/psx/eacpsxz/fixdmult.c: 1 fns {'OK': 1}
[19/304] recon/eaclib/psx/eacpsxz/fixdsin.c: 2 fns {'OK': 2}
[20/304] recon/eaclib/psx/eacpsxz/fixdsqrt.c: 1 fns {'OK': 1}
[21/304] recon/eaclib/psx/eacpsxz/fsincos.c: 1 fns {'OK': 1}
[22/304] recon/eaclib/psx/eacpsxz/getm.c: 2 fns {'OK': 2}
[23/304] recon/eaclib/psx/eacpsxz/inittmr.c: 4 fns {'OK': 4}
[24/304] recon/eaclib/psx/eacpsxz/isincos.c: 1 fns {'OK': 1}
[25/304] recon/eaclib/psx/eacpsxz/isqrt.c: 1 fns {'OK': 1}
[26/304] recon/eaclib/psx/eacpsxz/isqrttbl.c: 2 fns {'OK': 2}
[27/304] recon/eaclib/psx/eacpsxz/joystkn.c: 1 fns {'OK': 1}
[28/304] recon/eaclib/psx/eacpsxz/loadshp.c: 1 fns {'OK': 1}
[29/304] recon/eaclib/psx/eacpsxz/locatbig.c: 7 fns {'OK': 7}
[30/304] recon/eaclib/psx/eacpsxz/locatshp.c: 2 fns {'OK': 2}
[31/304] recon/eaclib/psx/eacpsxz/math64a.c: 2 fns {'OK': 2}
[32/304] recon/eaclib/psx/eacpsxz/matrix.c: 4 fns {'OK': 4}
[33/304] recon/eaclib/psx/eacpsxz/meminit.c: 1 fns {'OK': 1}
[34/304] recon/eaclib/psx/eacpsxz/memstd.c: 13 fns {'OK': 13}
[35/304] recon/eaclib/psx/eacpsxz/movf.c: 1 fns {'OK': 1}
[36/304] recon/eaclib/psx/eacpsxz/nasync.c: 23 fns {'OK': 23}
[37/304] recon/eaclib/psx/eacpsxz/nfile.c: 26 fns {'OK': 26}
[38/304] recon/eaclib/psx/eacpsxz/nloadpk.c: 2 fns {'OK': 2}
[39/304] recon/eaclib/psx/eacpsxz/nsync.c: TU FAIL INAPPLICABLE-LANE cc1_ver=2.8.1
[40/304] recon/eaclib/psx/eacpsxz/nullfunc.c: 1 fns {'OK': 1}
[41/304] recon/eaclib/psx/eacpsxz/primate.c: 3 fns {'OK': 3}
[42/304] recon/eaclib/psx/eacpsxz/random.c: 2 fns {'OK': 2}
[43/304] recon/eaclib/psx/eacpsxz/resize.c: 1 fns {'OK': 1}
[44/304] recon/eaclib/psx/eacpsxz/savegp.c: 3 fns {'OK': 3}
[45/304] recon/eaclib/psx/eacpsxz/setfont.c: 1 fns {'OK': 1}
[46/304] recon/eaclib/psx/eacpsxz/shpclut.c: 2 fns {'OK': 2}
[47/304] recon/eaclib/psx/eacpsxz/shpdepth.c: 1 fns {'OK': 1}
[48/304] recon/eaclib/psx/eacpsxz/shpsubs.c: 3 fns {'OK': 3}
[49/304] recon/eaclib/psx/eacpsxz/shptype.c: 1 fns {'OK': 1}
[50/304] recon/eaclib/psx/eacpsxz/sinfunc.c: 2 fns {'OK': 2}
[51/304] recon/eaclib/psx/eacpsxz/stream.c: 30 fns {'OK': 30}
[52/304] recon/eaclib/psx/eacpsxz/stricmp.c: 1 fns {'OK': 1}
[53/304] recon/eaclib/psx/eacpsxz/syncfile.c: 8 fns {'OK': 8}
[54/304] recon/eaclib/psx/eacpsxz/systask.c: 3 fns {'OK': 3}
[55/304] recon/eaclib/psx/eacpsxz/textcode.c: 1 fns {'OK': 1}
[56/304] recon/eaclib/psx/eacpsxz/textcrnt.c: 2 fns {'OK': 2}
[57/304] recon/eaclib/psx/eacpsxz/textfor.c: 2 fns {'OK': 2}
[58/304] recon/eaclib/psx/eacpsxz/threads.c: 2 fns {'OK': 2}
[59/304] recon/eaclib/psx/eacpsxz/timer.c: 4 fns {'OK': 4}
[60/304] recon/eaclib/psx/eacpsxz/trnsfrm.c: 1 fns {'OK': 1}
[61/304] recon/eaclib/psx/eacpsxz/trnsmult.c: 1 fns {'OK': 1}
[62/304] recon/eaclib/psx/eacpsxz/trnspos.c: 1 fns {'OK': 1}
[63/304] recon/eaclib/psx/eacpsxz/unbtree.c: 1 fns {'OK': 1}
[64/304] recon/eaclib/psx/eacpsxz/unhuff.c: 4 fns {'OK': 4}
[65/304] recon/eaclib/psx/eacpsxz/unref.c: 2 fns {'OK': 2}
[66/304] recon/eaclib/psx/eacpsxz/vramfxya.c: 3 fns {'OK': 3}
[67/304] recon/eaclib/psx/eacpsxz/wildcard.c: 2 fns {'OK': 2}
[68/304] recon/eaclib/psx/eacpsxz/xform.c: 4 fns {'OK': 4}
[69/304] recon/eaclib/psx/pad.c: 3 fns {'OK': 3}
[70/304] recon/eaclib/psx/sndpsxz/s3dlow.c: 1 fns {'OK': 1}
[71/304] recon/eaclib/psx/sndpsxz/s3dpos.c: 1 fns {'OK': 1}
[72/304] recon/eaclib/psx/sndpsxz/saelib.c: 1 fns {'OK': 1}
[73/304] recon/eaclib/psx/sndpsxz/saetodv.c: 2 fns {'OK': 2}
[74/304] recon/eaclib/psx/sndpsxz/saetolrv.c: 1 fns {'OK': 1}
[75/304] recon/eaclib/psx/sndpsxz/salloc.c: 4 fns {'OK': 4}
[76/304] recon/eaclib/psx/sndpsxz/sautovol.c: 1 fns {'OK': 1}
[77/304] recon/eaclib/psx/sndpsxz/sbadd.c: 1 fns {'OK': 1}
[78/304] recon/eaclib/psx/sndpsxz/sballoc.c: 1 fns {'OK': 1}
[79/304] recon/eaclib/psx/sndpsxz/sbdload.c: 1 fns {'OK': 1}
[80/304] recon/eaclib/psx/sndpsxz/sbend.c: 2 fns {'OK': 2}
[81/304] recon/eaclib/psx/sndpsxz/sbhdrcpy.c: 1 fns {'OK': 1}
[82/304] recon/eaclib/psx/sndpsxz/sbhdrsze.c: 1 fns {'OK': 1}
[83/304] recon/eaclib/psx/sndpsxz/sbirmpat.c: 1 fns {'OK': 1}
[84/304] recon/eaclib/psx/sndpsxz/sbremove.c: 3 fns {'OK': 3}
[85/304] recon/eaclib/psx/sndpsxz/sbvalid.c: 1 fns {'OK': 1}
[86/304] recon/eaclib/psx/sndpsxz/scdvol.c: 1 fns {'OK': 1}
[87/304] recon/eaclib/psx/sndpsxz/sclcptch.c: 2 fns {'OK': 2}
[88/304] recon/eaclib/psx/sndpsxz/sdata.c: 1 fns {'OK': 1}
[89/304] recon/eaclib/psx/sndpsxz/sdcdvol.c: 1 fns {'OK': 1}
[90/304] recon/eaclib/psx/sndpsxz/sdfx.c: 6 fns {'OK': 6}
[91/304] recon/eaclib/psx/sndpsxz/sdma.c: 6 fns {'OK': 6}
[92/304] recon/eaclib/psx/sndpsxz/sdmemlu.c: 1 fns {'OK': 1}
[93/304] recon/eaclib/psx/sndpsxz/sdmemman.c: 2 fns {'OK': 2}
[94/304] recon/eaclib/psx/sndpsxz/sdpacket.c: 12 fns {'OK': 12}
[95/304] recon/eaclib/psx/sndpsxz/sdplapat.c: 1 fns {'OK': 1}
[96/304] recon/eaclib/psx/sndpsxz/sdresolv.c: 2 fns {'OK': 2}
[97/304] recon/eaclib/psx/sndpsxz/sdriver.c: 4 fns {'OK': 4}
[98/304] recon/eaclib/psx/sndpsxz/sdspuirq.c: 2 fns {'OK': 2}
[99/304] recon/eaclib/psx/sndpsxz/sdtimrem.c: 1 fns {'OK': 1}
[100/304] recon/eaclib/psx/sndpsxz/seffect.c: 2 fns {'OK': 2}
[101/304] recon/eaclib/psx/sndpsxz/sfxlevel.c: 2 fns {'OK': 2}
[102/304] recon/eaclib/psx/sndpsxz/sgetdata.c: 1 fns {'OK': 1}
[103/304] recon/eaclib/psx/sndpsxz/sgettag.c: 1 fns {'OK': 1}
[104/304] recon/eaclib/psx/sndpsxz/sgetvol.c: 1 fns {'OK': 1}
[105/304] recon/eaclib/psx/sndpsxz/slib.c: 5 fns {'OK': 5}
[106/304] recon/eaclib/psx/sndpsxz/slimits.c: 2 fns {'OK': 2}
[107/304] recon/eaclib/psx/sndpsxz/smasterv.c: 1 fns {'OK': 1}
[108/304] recon/eaclib/psx/sndpsxz/smath64.c: 2 fns {'OK': 2}
[109/304] recon/eaclib/psx/sndpsxz/smemman.c: 4 fns {'OK': 4}
[110/304] recon/eaclib/psx/sndpsxz/sover.c: 1 fns {'OK': 1}
[111/304] recon/eaclib/psx/sndpsxz/span.c: 1 fns {'OK': 1}
[112/304] recon/eaclib/psx/sndpsxz/spat2hdr.c: 2 fns {'OK': 2}
[113/304] recon/eaclib/psx/sndpsxz/spatkey.c: 10 fns {'OK': 10}
[114/304] recon/eaclib/psx/sndpsxz/spitch.c: 1 fns {'OK': 1}
[115/304] recon/eaclib/psx/sndpsxz/spktplay.c: 13 fns {'OK': 13}
[116/304] recon/eaclib/psx/sndpsxz/splay.c: 2 fns {'OK': 2}
[117/304] recon/eaclib/psx/sndpsxz/splysdef.c: 1 fns {'OK': 1}
[118/304] recon/eaclib/psx/sndpsxz/spvoices.c: 4 fns {'OK': 4}
[119/304] recon/eaclib/psx/sndpsxz/spvtolrv.c: 1 fns {'OK': 1}
[120/304] recon/eaclib/psx/sndpsxz/srandom.c: 1 fns {'OK': 1}
[121/304] recon/eaclib/psx/sndpsxz/srrange.c: 1 fns {'OK': 1}
[122/304] recon/eaclib/psx/sndpsxz/sserver.c: 6 fns {'OK': 6}
[123/304] recon/eaclib/psx/sndpsxz/ssine.c: 1 fns {'OK': 1}
[124/304] recon/eaclib/psx/sndpsxz/sst.c: 16 fns {'OK': 16}
[125/304] recon/eaclib/psx/sndpsxz/sstautov.c: 1 fns {'OK': 1}
[126/304] recon/eaclib/psx/sndpsxz/sstgetrp.c: 1 fns {'OK': 1}
[127/304] recon/eaclib/psx/sndpsxz/sstgetv.c: 1 fns {'OK': 1}
[128/304] recon/eaclib/psx/sndpsxz/sstop.c: 1 fns {'OK': 1}
[129/304] recon/eaclib/psx/sndpsxz/sstopall.c: 1 fns {'OK': 1}
[130/304] recon/eaclib/psx/sndpsxz/sstovrhd.c: 2 fns {'OK': 2}
[131/304] recon/eaclib/psx/sndpsxz/sstrstat.c: 1 fns {'OK': 1}
[132/304] recon/eaclib/psx/sndpsxz/sstsetgl.c: 1 fns {'OK': 1}
[133/304] recon/eaclib/psx/sndpsxz/sstsetgs.c: 1 fns {'OK': 1}
[134/304] recon/eaclib/psx/sndpsxz/sstsetpr.c: 1 fns {'OK': 1}
[135/304] recon/eaclib/psx/sndpsxz/sststat.c: 1 fns {'OK': 1}
[136/304] recon/eaclib/psx/sndpsxz/sstvol.c: 1 fns {'OK': 1}
[137/304] recon/eaclib/psx/sndpsxz/ssysinit.c: 4 fns {'OK': 4}
[138/304] recon/eaclib/psx/sndpsxz/ssysreal.c: 2 fns {'OK': 2}
[139/304] recon/eaclib/psx/sndpsxz/ssysserv.c: 3 fns {'OK': 3}
[140/304] recon/eaclib/psx/sndpsxz/stagpat.c: 8 fns {'OK': 8}
[141/304] recon/eaclib/psx/sndpsxz/stimerem.c: 1 fns {'OK': 1}
[142/304] recon/eaclib/psx/sndpsxz/svol.c: 2 fns {'OK': 2}
[143/304] recon/eaclib/psx/spchpsxz/spchbank.c: 8 fns {'OK': 8}
[144/304] recon/eaclib/psx/spchpsxz/spchdata.c: 6 fns {'OK': 6}
[145/304] recon/eaclib/psx/spchpsxz/spchevnt.c: 14 fns {'OK': 14}
[146/304] recon/eaclib/psx/spchpsxz/spchinit.c: 7 fns {'OK': 7}
[147/304] recon/eaclib/psx/spchpsxz/spchpick.c: 27 fns {'OK': 27}
[148/304] recon/eaclib/psx/spchpsxz/spchrand.c: 4 fns {'OK': 4}
[149/304] recon/eaclib/psx/spchpsxz/spchrslv.c: 1 fns {'OK': 1}
[150/304] recon/eaclib/psx/spchpsxz/spchrule.c: 9 fns {'OK': 9}
[151/304] recon/eaclib/psx/spchpsxz/spchsamp.c: 2 fns {'OK': 2}
[152/304] recon/frontend/common/feapp.cpp: 14 fns {'OK': 14}
[153/304] recon/frontend/common/feaudio.cpp: 9 fns {'OK': 9}
[154/304] recon/frontend/common/fecars.cpp: 46 fns {'OK': 46}
[155/304] recon/frontend/common/fecheats.cpp: 10 fns {'OK': 10}
[156/304] recon/frontend/common/fecredits.cpp: 7 fns {'OK': 7}
[157/304] recon/frontend/common/fedialog.cpp: 33 fns {'OK': 33}
[158/304] recon/frontend/common/fefades.cpp: 6 fns {'OK': 6}
[159/304] recon/frontend/common/feinput.cpp: 4 fns {'OK': 4}
[160/304] recon/frontend/common/felines.cpp: 2 fns {'OK': 2}
[161/304] recon/frontend/common/fememcard.cpp: 16 fns {'OK': 16}
[162/304] recon/frontend/common/femenu.cpp: 72 fns {'OK': 72}
[163/304] recon/frontend/common/femenudefs.cpp: 65 fns {'OK': 65}
[164/304] recon/frontend/common/femenuextended.cpp: 55 fns {'OK': 55}
[165/304] recon/frontend/common/femenuoptions.cpp: 88 fns {'OK': 88}
[166/304] recon/frontend/common/femission.cpp: 5 fns {'OK': 5}
[167/304] recon/frontend/common/fescreen.cpp: 26 fns {'OK': 26}
[168/304] recon/frontend/common/fetextrender.cpp: 17 fns {'OK': 17}
[169/304] recon/frontend/common/fetools.cpp: 6 fns {'OK': 6}
[170/304] recon/frontend/common/fetourn.cpp: 35 fns {'OK': 35}
[171/304] recon/frontend/common/fetracks.cpp: 15 fns {'OK': 15}
[172/304] recon/frontend/common/fetv.cpp: 4 fns {'OK': 4}
[173/304] recon/frontend/common/fevideowall.cpp: 12 fns {'OK': 12}
[174/304] recon/frontend/common/front.cpp: 41 fns {'OK': 41}
[175/304] recon/frontend/common/mcrd.cpp: 1 fns {'OK': 1}
[176/304] recon/frontend/common/screenaudio.cpp: 8 fns {'OK': 8}
[177/304] recon/frontend/common/screencarselect.cpp: 56 fns {'OK': 56}
[178/304] recon/frontend/common/screencongrats.cpp: 27 fns {'OK': 27}
[179/304] recon/frontend/common/screencontroller.cpp: 22 fns {'OK': 22}
[180/304] recon/frontend/common/screendisplay.cpp: 3 fns {'OK': 3}
[181/304] recon/frontend/common/screenmain.cpp: 12 fns {'OK': 12}
[182/304] recon/frontend/common/screenmemcard.cpp: 14 fns {'OK': 14}
[183/304] recon/frontend/common/screenpinkslips.cpp: 8 fns {'OK': 8}
[184/304] recon/frontend/common/screenpost.cpp: 12 fns {'OK': 12}
[185/304] recon/frontend/common/screentournselect.cpp: 9 fns {'OK': 9}
[186/304] recon/frontend/common/screentrackinfo.cpp: 5 fns {'OK': 5}
[187/304] recon/frontend/common/screentrackrecords.cpp: 7 fns {'OK': 7}
[188/304] recon/frontend/common/screentracks.cpp: 10 fns {'OK': 10}
[189/304] recon/frontend/common/screentrophyinfo.cpp: 3 fns {'OK': 3}
[190/304] recon/frontend/common/screentrophyroom.cpp: 9 fns {'OK': 9}
[191/304] recon/frontend/common/screenusername.cpp: 5 fns {'OK': 5}
[192/304] recon/frontend/common/statchk.cpp: 3 fns {'OK': 3}
[193/304] recon/frontend/common/stattool.cpp: 11 fns {'OK': 11}
[194/304] recon/frontend/psx/drawshp.cpp: 4 fns {'OK': 4}
[195/304] recon/frontend/psx/fetexture.cpp: 2 fns {'OK': 2}
[196/304] recon/frontend/psx/mdec.cpp: 6 fns {'OK': 6}
[197/304] recon/frontend/psx/memcard.c: 19 fns {'OK': 19}
[198/304] recon/frontend/psx/mmeffect.cpp: 1 fns {'OK': 1}
[199/304] recon/frontend/psx/movie.cpp: 17 fns {'OK': 17}
[200/304] recon/frontend/psx/psxfront.cpp: 23 fns {'OK': 23}
[201/304] recon/frontend/psx/video.cpp: 9 fns {'OK': 9}
[202/304] recon/game/common/AIWORLD.cpp: 22 fns {'OK': 22}
[203/304] recon/game/common/ai.cpp: 40 fns {'OK': 40}
[204/304] recon/game/common/aicop.cpp: 4 fns {'OK': 4}
[205/304] recon/game/common/aidatarecord.cpp: 26 fns {'OK': 26}
[206/304] recon/game/common/aidelaycar.cpp: 3 fns {'OK': 3}
[207/304] recon/game/common/aih_basiccop.cpp: 9 fns {'OK': 9}
[208/304] recon/game/common/aih_basicperp.cpp: 8 fns {'OK': 8}
[209/304] recon/game/common/aih_btccop.cpp: 39 fns {'OK': 39}
[210/304] recon/game/common/aih_btcperp.cpp: 25 fns {'OK': 25}
[211/304] recon/game/common/aih_cop.cpp: 9 fns {'OK': 9}
[212/304] recon/game/common/aih_hum.cpp: 3 fns {'OK': 3}
[213/304] recon/game/common/aih_opp.cpp: 4 fns {'OK': 4}
[214/304] recon/game/common/aih_play.cpp: 10 fns {'OK': 10}
[215/304] recon/game/common/aih_traf.cpp: 6 fns {'OK': 6}
[216/304] recon/game/common/aihigh.cpp: 14 fns {'OK': 14}
[217/304] recon/game/common/aiinit.cpp: 17 fns {'OK': 17}
[218/304] recon/game/common/ailife.cpp: 20 fns {'OK': 20}
[219/304] recon/game/common/aiperson.cpp: 8 fns {'OK': 8}
[220/304] recon/game/common/aiphysic.cpp: 39 fns {'OK': 39}
[221/304] recon/game/common/aiscript.cpp: 8 fns {'OK': 8}
[222/304] recon/game/common/aispeeds.cpp: 28 fns {'OK': 28}
[223/304] recon/game/common/aistate.cpp: 50 fns {'OK': 50}
[224/304] recon/game/common/aitriger.cpp: 10 fns {'OK': 10}
[225/304] recon/game/common/aitune.cpp: 7 fns {'OK': 7}
[226/304] recon/game/common/anim.cpp: 18 fns {'OK': 18}
[227/304] recon/game/common/audedit.cpp: 2 fns {'OK': 2}
[228/304] recon/game/common/audioclc.cpp: 17 fns {'OK': 17}
[229/304] recon/game/common/audiocmn.cpp: 47 fns {'OK': 47}
[230/304] recon/game/common/audioeng.cpp: 9 fns {'OK': 9}
[231/304] recon/game/common/audiomus.cpp: 23 fns {'OK': 23}
[232/304] recon/game/common/audiotrk.cpp: 5 fns {'OK': 5}
[233/304] recon/game/common/bworld.cpp: 20 fns {'OK': 20}
[234/304] recon/game/common/bworldSm.cpp: 28 fns {'OK': 28}
[235/304] recon/game/common/camera.cpp: 36 fns {'OK': 36}
[236/304] recon/game/common/cars.cpp: 31 fns {'OK': 31}
[237/304] recon/game/common/chunk.cpp: 4 fns {'OK': 4}
[238/304] recon/game/common/clock.cpp: 3 fns {'OK': 3}
[239/304] recon/game/common/collide.cpp: 12 fns {'OK': 12}
[240/304] recon/game/common/color.cpp: 2 fns {'OK': 2}
[241/304] recon/game/common/control.cpp: 2 fns {'OK': 2}
[242/304] recon/game/common/copspeak.cpp: 27 fns {'OK': 27}
[243/304] recon/game/common/dashhud.cpp: 6 fns {'OK': 6}
[244/304] recon/game/common/fastrand.cpp: 2 fns {'OK': 2}
[245/304] recon/game/common/genericpmx.cpp: 1 fns {'OK': 1}
[246/304] recon/game/common/gmesetup.cpp: 2 fns {'OK': 2}
[247/304] recon/game/common/group.cpp: 6 fns {'OK': 6}
[248/304] recon/game/common/hudpmx.cpp: 3 fns {'OK': 3}
[249/304] recon/game/common/input.cpp: 8 fns {'OK': 8}
[250/304] recon/game/common/mathnfs.cpp: 10 fns {'OK': 10}
[251/304] recon/game/common/minfront.cpp: 1 fns {'OK': 1}
[252/304] recon/game/common/mpause.cpp: 10 fns {'OK': 10}
[253/304] recon/game/common/new.cpp: 4 fns {'OK': 4}
[254/304] recon/game/common/newton.cpp: 30 fns {'OK': 30}
[255/304] recon/game/common/nfs3.cpp: 10 fns {'OK': 10}
[256/304] recon/game/common/object.cpp: 37 fns {'OK': 37}
[257/304] recon/game/common/paths.cpp: 1 fns {'OK': 1}
[258/304] recon/game/common/pausemenu.cpp: 59 fns {'OK': 59}
[259/304] recon/game/common/physics.cpp: 19 fns {'OK': 19}
[260/304] recon/game/common/quatern.cpp: 4 fns {'OK': 4}
[261/304] recon/game/common/r3dcar.cpp: 24 fns {'OK': 24}
[262/304] recon/game/common/render.cpp: 23 fns {'OK': 23}
[263/304] recon/game/common/replay.cpp: 16 fns {'OK': 16}
[264/304] recon/game/common/scene.cpp: 6 fns {'OK': 6}
[265/304] recon/game/common/schedule.cpp: 6 fns {'OK': 6}
[266/304] recon/game/common/sim.cpp: 7 fns {'OK': 7}
[267/304] recon/game/common/simplemem.cpp: 3 fns {'OK': 3}
[268/304] recon/game/common/simqueue.cpp: 7 fns {'OK': 7}
[269/304] recon/game/common/souffle.cpp: 10 fns {'OK': 10}
[270/304] recon/game/common/spchevnt.c: 53 fns {'OK': 53}
[271/304] recon/game/common/speech.cpp: 98 fns {'OK': 98}
[272/304] recon/game/common/stats.cpp: 6 fns {'OK': 6}
[273/304] recon/game/common/textsys.cpp: 8 fns {'OK': 8}
[274/304] recon/game/common/track.cpp: 29 fns {'OK': 29}
[275/304] recon/game/common/trgsfx.cpp: 11 fns {'OK': 11}
[276/304] recon/game/common/udff.cpp: 4 fns {'OK': 4}
[277/304] recon/game/psx/audio.cpp: 6 fns {'OK': 6}
[278/304] recon/game/psx/cario.cpp: 9 fns {'OK': 9}
[279/304] recon/game/psx/device.cpp: 10 fns {'OK': 10}
[280/304] recon/game/psx/draw.cpp: 25 fns {'OK': 25}
[281/304] recon/game/psx/drawc.cpp: 17 fns {'OK': 17}
[282/304] recon/game/psx/draww.cpp: TU FAIL cc1 failed: C:\\Temp\\nfs4-decomp\\recon\\game\\psx\\draww.cpp:3451: parse error at end of input
[283/304] recon/game/psx/fe3dmenu.cpp: 3 fns {'OK': 3}
[284/304] recon/game/psx/flare.cpp: 27 fns {'OK': 27}
[285/304] recon/game/psx/font.cpp: 15 fns {'OK': 15}
[286/304] recon/game/psx/force.cpp: 9 fns {'OK': 9}
[287/304] recon/game/psx/hrzsku.cpp: 19 fns {'OK': 19}
[288/304] recon/game/psx/hud.cpp: 52 fns {'OK': 52}
[289/304] recon/game/psx/loading.cpp: 3 fns {'OK': 3}
[290/304] recon/game/psx/night.cpp: 16 fns {'OK': 16}
[291/304] recon/game/psx/overlays.cpp: 3 fns {'OK': 3}
[292/304] recon/game/psx/platform.cpp: 8 fns {'OK': 8}
[293/304] recon/game/psx/psxcontroller.cpp: 2 fns {'OK': 2}
[294/304] recon/game/psx/rpause.cpp: 3 fns {'OK': 3}
[295/304] recon/game/psx/sfx.cpp: 6 fns {'OK': 6}
[296/304] recon/game/psx/skidmark.cpp: 11 fns {'OK': 11}
[297/304] recon/game/psx/textpix.c: 2 fns {'OK': 2}
[298/304] recon/game/psx/textpsx.c: 3 fns {'OK': 3}
[299/304] recon/game/psx/texture.cpp: 24 fns {'OK': 24}
[300/304] recon/game/psx/textureprocess.cpp: 16 fns {'OK': 16}
[301/304] recon/game/psx/trackspec.cpp: 5 fns {'OK': 5}
[302/304] recon/game/psx/trsproj.cpp: 11 fns {'OK': 11}
[303/304] recon/game/psx/unpack.c: 4 fns {'OK': 4}
[304/304] recon/game/psx/weather.cpp: 23 fns {'OK': 23}
TOTAL fn rows written: 2972
