v1_r_currentLatVel_after_call AIPhysic_OutOfControlPhysics__FP8Car_tObj: FAIL 16 diffs (ours 414 / oracle 412)
v2_i0_after_call(regate w63) AIPhysic_OutOfControlPhysics__FP8Car_tObj: FAIL 16 diffs (ours 414 / oracle 412)
v3_i0_after_cfg              AIPhysic_OutOfControlPhysics__FP8Car_tObj: FAIL 16 diffs (ours 414 / oracle 412)
v4_identity_cfg              AIPhysic_OutOfControlPhysics__FP8Car_tObj: FAIL 16 diffs (ours 414 / oracle 412)
v5_r_carObj_after_call       AIPhysic_OutOfControlPhysics__FP8Car_tObj: FAIL 16 diffs (ours 414 / oracle 412)
v6_r_cfg_after_cfg           AIPhysic_OutOfControlPhysics__FP8Car_tObj: FAIL 16 diffs (ours 414 / oracle 412)
m1_cfg_after_ifblock         AIPhysic_OutOfControlPhysics__FP8Car_tObj: FAIL 9 diffs (ours 413 / oracle 412)
m2_cfg_after_tick            AIPhysic_OutOfControlPhysics__FP8Car_tObj: FAIL 9 diffs (ours 413 / oracle 412)
m3_cfg_after_tick_nodecl_high AIPhysic_OutOfControlPhysics__FP8Car_tObj: FAIL 9 diffs (ours 413 / oracle 412)
t1_uturn_after_call_before_cfg AIPhysic_OutOfControlPhysics__FP8Car_tObj: FAIL 5 diffs (ours 413 / oracle 412)
t2_uturn_after_cfg           AIPhysic_OutOfControlPhysics__FP8Car_tObj: FAIL 5 diffs (ours 413 / oracle 412)
t3_cfg_first                 AIPhysic_OutOfControlPhysics__FP8Car_tObj: FAIL 9 diffs (ours 413 / oracle 412)
t4_uturn_first_cfg_second    AIPhysic_OutOfControlPhysics__FP8Car_tObj: FAIL 5 diffs (ours 413 / oracle 412)
t5_drag_after_call           AIPhysic_OutOfControlPhysics__FP8Car_tObj: FAIL 13 diffs (ours 413 / oracle 412)
b1_site1_builtin_abs         DoRearEnder__15AIHigh_Opponent: FAIL 60 diffs (ours 181 / oracle 181)
b2_site2_builtin_abs         DoRearEnder__15AIHigh_Opponent: FAIL 24 diffs (ours 181 / oracle 181)
b3_both_builtin_abs          DoRearEnder__15AIHigh_Opponent: FAIL 34 diffs (ours 181 / oracle 181)
d1_abs_keepfence             DoRearEnder__15AIHigh_Opponent: FAIL 34 diffs (ours 181 / oracle 181)
d2_abs_nofence               DoRearEnder__15AIHigh_Opponent: PASS (181 insns)
d3_abs_literals              DoRearEnder__15AIHigh_Opponent: PASS (181 insns)
d4_if_literals               DoRearEnder__15AIHigh_Opponent: FAIL 28 diffs (ours 181 / oracle 181)
d5_abs_fence_revorder        DoRearEnder__15AIHigh_Opponent: FAIL 30 diffs (ours 181 / oracle 181)
d6_abs_fence_before_abs_only_lo DoRearEnder__15AIHigh_Opponent: FAIL 34 diffs (ours 181 / oracle 181)
d7_abs_after_fence_swapassign DoRearEnder__15AIHigh_Opponent: FAIL 34 diffs (ours 181 / oracle 181)
w1_nv_after_if(=wipe52)      CheckForWipeOut__15AIHigh_Opponent: FAIL 52 diffs (ours 120 / oracle 120)
w2_nv_after_pinfo            CheckForWipeOut__15AIHigh_Opponent: FAIL 52 diffs (ours 120 / oracle 120)
w3_nv_in_guard_first         CheckForWipeOut__15AIHigh_Opponent: FAIL 61 diffs (ours 121 / oracle 120)
w4_nv_in_guard_after_pf      CheckForWipeOut__15AIHigh_Opponent: FAIL 61 diffs (ours 121 / oracle 120)
w5_nv_in_guard_after_fence   CheckForWipeOut__15AIHigh_Opponent: FAIL 55 diffs (ours 121 / oracle 120)
w6_nv_after_if_nofence       CheckForWipeOut__15AIHigh_Opponent: FAIL 61 diffs (ours 119 / oracle 120)
w7_nv_in_guard_last_nofence  CheckForWipeOut__15AIHigh_Opponent: FAIL 64 diffs (ours 120 / oracle 120)
x1_116_inloop_no_newvar      CheckForWipeOut__15AIHigh_Opponent: FAIL 55 diffs (ours 121 / oracle 120)
x2_29x4_inloop_no_newvar     CheckForWipeOut__15AIHigh_Opponent: FAIL 55 diffs (ours 121 / oracle 120)
x3_newvar_before_pinfo_keep  CheckForWipeOut__15AIHigh_Opponent: FAIL 52 diffs (ours 120 / oracle 120)
x4_116_inloop_keep_newvar_unused CheckForWipeOut__15AIHigh_Opponent: FAIL 55 diffs (ours 121 / oracle 120)
y1_nofence                   CheckForWipeOut__15AIHigh_Opponent: FAIL 64 diffs (ours 120 / oracle 120)
y2_nofence_noglocal          CheckForWipeOut__15AIHigh_Opponent: FAIL 67 diffs (ours 121 / oracle 120)
y3_fence_after_for_head      CheckForWipeOut__15AIHigh_Opponent: FAIL 63 diffs (ours 121 / oracle 120)
y4_globaldirect_keepcarrier  CheckForWipeOut__15AIHigh_Opponent: FAIL 70 diffs (ours 124 / oracle 120)
z1_inv_loopbody_decl         CheckForWipeOut__15AIHigh_Opponent: FAIL 88 diffs (ours 122 / oracle 120)
z2_newvar_assigned_inloop    CheckForWipeOut__15AIHigh_Opponent: FAIL 88 diffs (ours 122 / oracle 120)
z3_inv_loopbody_nodecl       CheckForWipeOut__15AIHigh_Opponent: FAIL 88 diffs (ours 122 / oracle 120)
z4_116_nodecl                CheckForWipeOut__15AIHigh_Opponent: FAIL 55 diffs (ours 121 / oracle 120)
p1_identity_fence            AIPhysic_CheckDesiredDirection__FP8Car_tObj: FAIL 8 diffs (ours 18 / oracle 18)
p2_identity_then_readonly    AIPhysic_CheckDesiredDirection__FP8Car_tObj: FAIL 8 diffs (ours 18 / oracle 18)
p3_two_identity              AIPhysic_CheckDesiredDirection__FP8Car_tObj: FAIL 8 diffs (ours 18 / oracle 18)
p4_readonly_only             AIPhysic_CheckDesiredDirection__FP8Car_tObj: FAIL 8 diffs (ours 18 / oracle 18)
p5_identity_outside_block    AIPhysic_CheckDesiredDirection__FP8Car_tObj: FAIL 3 diffs (ours 19 / oracle 18)
q1_m_after_dead              AIPhysic_CheckDesiredDirection__FP8Car_tObj: PASS (18 insns)
q2_m_before_dead             AIPhysic_CheckDesiredDirection__FP8Car_tObj: FAIL 8 diffs (ours 18 / oracle 18)
q3_m_volatile_after          AIPhysic_CheckDesiredDirection__FP8Car_tObj: FAIL 1 diffs (ours 19 / oracle 18)
q4_m_only                    AIPhysic_CheckDesiredDirection__FP8Car_tObj: FAIL 7 diffs (ours 17 / oracle 18)
q5_m_twice                   AIPhysic_CheckDesiredDirection__FP8Car_tObj: FAIL 1 diffs (ours 19 / oracle 18)
q6_named_then_m              AIPhysic_CheckDesiredDirection__FP8Car_tObj: PASS (18 insns)
c1_named4_inner              HighExecute__10AIHigh_Cop: FAIL 81 diffs (ours 1457 / oracle 1460)
c2_named4_fenced             HighExecute__10AIHigh_Cop: FAIL 82 diffs (ours 1458 / oracle 1460)
c3_reread_mode_inner         HighExecute__10AIHigh_Cop: FAIL 81 diffs (ours 1457 / oracle 1460)
c4_named4_both               ERR recon\\game\\common\\aih_cop.cpp: In method `int AIHigh_Cop::CheckForNewTarget()':
C:\\Temp\\nfs4-decomp\\recon\\game\\common\\aih_cop.cpp:1868: warning: conversion from `int' to `enum blockadeMode_t'
