
Discarded input sections

 .reginfo       0x00000000       0x18 build/asm/header.s.o
 .MIPS.abiflags
                0x00000000       0x18 build/asm/header.s.o
 .pdr           0x00000000        0x0 build/asm/header.s.o
 .gnu.attributes
                0x00000000       0x10 build/asm/header.s.o
 .reginfo       0x00000000       0x18 build/asm/data/rdata_80010000_r00.rodata.s.o
 .MIPS.abiflags
                0x00000000       0x18 build/asm/data/rdata_80010000_r00.rodata.s.o
 .pdr           0x00000000        0x0 build/asm/data/rdata_80010000_r00.rodata.s.o
 .gnu.attributes
                0x00000000       0x10 build/asm/data/rdata_80010000_r00.rodata.s.o
 .reginfo       0x00000000       0x18 build/asm/data/rdata_80010000_j00.rodata.s.o
 .MIPS.abiflags
                0x00000000       0x18 build/asm/data/rdata_80010000_j00.rodata.s.o
 .pdr           0x00000000        0x0 build/asm/data/rdata_80010000_j00.rodata.s.o
 .gnu.attributes
                0x00000000       0x10 build/asm/data/rdata_80010000_j00.rodata.s.o
 .reginfo       0x00000000       0x18 build/asm/data/rdata_80010000_r01.rodata.s.o
 .MIPS.abiflags
                0x00000000       0x18 build/asm/data/rdata_80010000_r01.rodata.s.o
 .pdr           0x00000000        0x0 build/asm/data/rdata_80010000_r01.rodata.s.o
 .gnu.attributes
                0x00000000       0x10 build/asm/data/rdata_80010000_r01.rodata.s.o
 .reginfo       0x00000000       0x18 build/asm/data/rdata_80010000_j01.rodata.s.o
 .MIPS.abiflags
                0x00000000       0x18 build/asm/data/rdata_80010000_j01.rodata.s.o
 .pdr           0x00000000        0x0 build/asm/data/rdata_80010000_j01.rodata.s.o
 .gnu.attributes
                0x00000000       0x10 build/asm/data/rdata_80010000_j01.rodata.s.o
 .reginfo       0x00000000       0x18 build/asm/data/rdata_80010000_r02.rodata.s.o
 .MIPS.abiflags
                0x00000000       0x18 build/asm/data/rdata_80010000_r02.rodata.s.o
 .pdr           0x00000000        0x0 build/asm/data/rdata_80010000_r02.rodata.s.o
 .gnu.attributes
                0x00000000       0x10 build/asm/data/rdata_80010000_r02.rodata.s.o
 .reginfo       0x00000000       0x18 build/asm/data/rdata_80010000_j02.rodata.s.o
 .MIPS.abiflags
                0x00000000       0x18 build/asm/data/rdata_80010000_j02.rodata.s.o
 .pdr           0x00000000        0x0 build/asm/data/rdata_80010000_j02.rodata.s.o
 .gnu.attributes
                0x00000000       0x10 build/asm/data/rdata_80010000_j02.rodata.s.o
 .reginfo       0x00000000       0x18 build/asm/data/rdata_80010000_r03.rodata.s.o
 .MIPS.abiflags
                0x00000000       0x18 build/asm/data/rdata_80010000_r03.rodata.s.o
 .pdr           0x00000000        0x0 build/asm/data/rdata_80010000_r03.rodata.s.o
 .gnu.attributes
                0x00000000       0x10 build/asm/data/rdata_80010000_r03.rodata.s.o
 .reginfo       0x00000000       0x18 build/asm/data/rdata_80010000_j03.rodata.s.o
 .MIPS.abiflags
                0x00000000       0x18 build/asm/data/rdata_80010000_j03.rodata.s.o
 .pdr           0x00000000        0x0 build/asm/data/rdata_80010000_j03.rodata.s.o
 .gnu.attributes
                0x00000000       0x10 build/asm/data/rdata_80010000_j03.rodata.s.o
 .reginfo       0x00000000       0x18 build/asm/data/rdata_80010000_r04.rodata.s.o
 .MIPS.abiflags
                0x00000000       0x18 build/asm/data/rdata_80010000_r04.rodata.s.o
 .pdr           0x00000000        0x0 build/asm/data/rdata_80010000_r04.rodata.s.o
 .gnu.attributes
                0x00000000       0x10 build/asm/data/rdata_80010000_r04.rodata.s.o
 .reginfo       0x00000000       0x18 build/asm/data/rdata_80010000_j04.rodata.s.o
 .MIPS.abiflags
                0x00000000       0x18 build/asm/data/rdata_80010000_j04.rodata.s.o
 .pdr           0x00000000        0x0 build/asm/data/rdata_80010000_j04.rodata.s.o
 .gnu.attributes
                0x00000000       0x10 build/asm/data/rdata_80010000_j04.rodata.s.o
 .reginfo       0x00000000       0x18 build/asm/data/rdata_80010000_j05.rodata.s.o
 .MIPS.abiflags
                0x00000000       0x18 build/asm/data/rdata_80010000_j05.rodata.s.o
 .pdr           0x00000000        0x0 build/asm/data/rdata_80010000_j05.rodata.s.o
 .gnu.attributes
                0x00000000       0x10 build/asm/data/rdata_80010000_j05.rodata.s.o
 .reginfo       0x00000000       0x18 build/asm/data/rdata_80010000_j06.rodata.s.o
 .MIPS.abiflags
                0x00000000       0x18 build/asm/data/rdata_80010000_j06.rodata.s.o
 .pdr           0x00000000        0x0 build/asm/data/rdata_80010000_j06.rodata.s.o
 .gnu.attributes
                0x00000000       0x10 build/asm/data/rdata_80010000_j06.rodata.s.o
 .reginfo       0x00000000       0x18 build/asm/data/rdata_80010000_j07.rodata.s.o
 .MIPS.abiflags
                0x00000000       0x18 build/asm/data/rdata_80010000_j07.rodata.s.o
 .pdr           0x00000000        0x0 build/asm/data/rdata_80010000_j07.rodata.s.o
 .gnu.attributes
[...]
Memory Configuration

Name             Origin             Length             Attributes
*default*        0x00000000         0xffffffff

Linker script and memory map

LOAD build/asm/header.s.o
LOAD build/asm/data/rdata_80010000_r00.rodata.s.o
LOAD build/asm/data/rdata_80010000_j00.rodata.s.o
LOAD build/asm/data/rdata_80010000_r01.rodata.s.o
LOAD build/asm/data/rdata_80010000_j01.rodata.s.o
LOAD build/asm/data/rdata_80010000_r02.rodata.s.o
LOAD build/asm/data/rdata_80010000_j02.rodata.s.o
LOAD build/asm/data/rdata_80010000_r03.rodata.s.o
LOAD build/asm/data/rdata_80010000_j03.rodata.s.o
LOAD build/asm/data/rdata_80010000_r04.rodata.s.o
LOAD build/asm/data/rdata_80010000_j04.rodata.s.o
LOAD build/asm/data/rdata_80010000_j05.rodata.s.o
LOAD build/asm/data/rdata_80010000_j06.rodata.s.o
LOAD build/asm/data/rdata_80010000_j07.rodata.s.o
LOAD build/asm/data/rdata_80010000_r05.rodata.s.o
LOAD build/asm/data/rdata_80010000_j08.rodata.s.o
LOAD build/asm/data/rdata_80010000_r06.rodata.s.o
LOAD build/asm/data/rdata_80010000_j09.rodata.s.o
LOAD build/asm/data/rdata_80010000_r07.rodata.s.o
LOAD build/asm/data/rdata_80010000_j10.rodata.s.o
LOAD build/asm/data/rdata_80010000_r08.rodata.s.o
LOAD build/asm/data/rdata_80010000_j11.rodata.s.o
LOAD build/asm/data/rdata_80010000_r09.rodata.s.o
LOAD build/asm/data/rdata_80010000_j12.rodata.s.o
LOAD build/asm/data/rdata_80010000_r10.rodata.s.o
LOAD build/asm/data/rdata_80010000_j13.rodata.s.o
LOAD build/asm/data/rdata_80010000_r11.rodata.s.o
LOAD build/asm/data/rdata_80010000_j14.rodata.s.o
LOAD build/asm/data/rdata_80010000_r12.rodata.s.o
LOAD build/asm/data/rdata_80010000_j15.rodata.s.o
LOAD build/asm/data/rdata_80010000_j16.rodata.s.o
LOAD build/asm/data/rdata_80010000_r13.rodata.s.o
LOAD build/asm/data/rdata_80010000_j17.rodata.s.o
LOAD build/asm/data/rdata_80010000_r14.rodata.s.o
LOAD build/src/front.c.o
LOAD build/asm/data/rdata_80054548_r00.rodata.s.o
LOAD build/asm/data/rdata_80054548_j00.rodata.s.o
LOAD build/asm/data/rdata_80054548_r01.rodata.s.o
LOAD build/asm/data/rdata_80054548_j01.rodata.s.o
LOAD build/asm/data/rdata_80054548_j02.rodata.s.o
LOAD build/asm/data/rdata_80054548_r02.rodata.s.o
LOAD build/asm/data/rdata_80054548_j03.rodata.s.o
LOAD build/asm/data/rdata_80054548_r03.rodata.s.o
LOAD build/asm/data/rdata_80054548_j04.rodata.s.o
LOAD build/asm/data/rdata_80054548_r04.rodata.s.o
LOAD build/asm/data/rdata_80054548_j05.rodata.s.o
LOAD build/asm/data/rdata_80054548_r05.rodata.s.o
LOAD build/asm/data/rdata_80054548_j06.rodata.s.o
LOAD build/asm/data/rdata_80054548_r06.rodata.s.o
LOAD build/asm/data/rdata_80054548_j07.rodata.s.o
LOAD build/asm/data/rdata_80054548_j08.rodata.s.o
LOAD build/asm/data/rdata_80054548_j09.rodata.s.o
LOAD build/asm/data/rdata_80054548_r07.rodata.s.o
LOAD build/asm/data/rdata_80054548_j10.rodata.s.o
LOAD build/asm/data/rdata_80054548_r08.rodata.s.o
LOAD build/asm/data/rdata_80054548_j11.rodata.s.o
LOAD build/asm/data/rdata_80054548_j12.rodata.s.o
LOAD build/asm/data/rdata_80054548_j13.rodata.s.o
LOAD build/asm/data/rdata_80054548_j14.rodata.s.o
LOAD build/asm/data/rdata_80054548_r09.rodata.s.o
LOAD build/asm/data/rdata_80054548_j15.rodata.s.o
LOAD build/asm/data/rdata_80054548_r10.rodata.s.o
LOAD build/asm/data/rdata_80054548_j16.rodata.s.o
LOAD build/asm/data/rdata_80054548_r11.rodata.s.o
LOAD build/asm/data/rdata_80054548_j17.rodata.s.o
LOAD build/asm/data/rdata_80054548_r12.rodata.s.o
LOAD build/asm/data/rdata_80054548_j18.rodata.s.o
LOAD build/asm/data/rdata_80054548_r13.rodata.s.o
LOAD build/asm/data/rdata_80054548_j19.rodata.s.o
LOAD build/asm/data/rdata_80054548_r14.rodata.s.o
LOAD build/asm/data/rdata_80054548_j20.rodata.s.o
LOAD build/asm/data/rdata_80054548_j21.rodata.s.o
LOAD build/asm/data/rdata_80054548_r15.rodata.s.o
LOAD build/asm/data/rdata_80054548_j22.rodata.s.o
LOAD build/asm/data/rdata_80054548_r16.rodata.s.o
LOAD build/asm/data/rdata_80054548_j23.rodata.s.o
LOAD build/asm/data/rdata_80054548_r17.rodata.s.o
LOAD build/asm/data/rdata_80054548_j24.rodata.s.o
LOAD build/asm/data/rdata_80054548_j25.rodata.s.o
LOAD build/asm/data/rdata_80054548_j26.rodata.s.o
LOAD build/asm/data/rdata_80054548_r18.rodata.s.o
LOAD build/asm/data/rdata_80054548_j27.rodata.s.o
LOAD build/asm/data/rdata_80054548_r19.rodata.s.o
LOAD build/asm/data/rdata_80054548_j28.rodata.s.o
LOAD build/asm/data/rdata_80054548_j29.rodata.s.o
LOAD build/asm/data/rdata_80054548_r20.rodata.s.o
LOAD build/asm/data/rdata_80054548_j30.rodata.s.o
LOAD build/asm/data/rdata_80054548_r21.rodata.s.o
LOAD build/asm/data/rdata_80054548_j31.rodata.s.o
LOAD build/asm/data/rdata_80054548_r22.rodata.s.o
LOAD build/asm/data/rdata_80054548_j32.rodata.s.o
LOAD build/asm/data/rdata_80054548_j33.rodata.s.o
LOAD build/asm/data/rdata_80054548_r23.rodata.s.o
LOAD build/asm/data/rdata_80054548_j34.rodata.s.o
LOAD build/asm/data/rdata_80054548_r24.rodata.s.o
LOAD build/asm/data/rdata_80054548_j35.rodata.s.o
LOAD build/src/main.c.o
LOAD build/asm/data/front_data_r00.data.s.o
LOAD build/asm/data/front_data_o00.data.s.o
LOAD build/asm/data/front_data_r01.data.s.o
LOAD build/asm/data/front_data_o01.data.s.o
LOAD build/asm/data/front_data_r02.data.s.o
LOAD build/asm/data/front_data_o02.data.s.o
LOAD build/asm/data/front_data_r03.data.s.o
LOAD build/asm/data/front_data_o03.data.s.o
LOAD build/asm/data/front_data_o04.data.s.o
LOAD build/asm/data/front_data_r04.data.s.o
LOAD build/asm/data/front_data_o05.data.s.o
LOAD build/asm/data/front_data_o06.data.s.o
LOAD build/asm/data/front_data_r05.data.s.o
LOAD build/asm/data/front_data_o07.data.s.o
LOAD build/asm/data/front_data_r06.data.s.o
LOAD build/asm/data/front_data_o08.data.s.o
LOAD build/asm/data/front_data_r07.data.s.o
LOAD build/asm/data/front_data_o09.data.s.o
LOAD build/asm/data/front_data_r08.data.s.o
LOAD build/asm/data/front_bss.data.s.o
LOAD build/asm/data/data_8010CCD4_r00.data.s.o
LOAD build/asm/data/data_8010CCD4_o00.data.s.o
LOAD build/asm/data/data_8010CCD4_o01.data.s.o
LOAD build/asm/data/data_8010CCD4_o02.data.s.o
LOAD build/asm/data/data_8010CCD4_r01.data.s.o
LOAD build/asm/data/data_8010CCD4_o03.data.s.o
LOAD build/asm/data/data_8010CCD4_o04.data.s.o
LOAD build/asm/data/data_8010CCD4_o05.data.s.o
LOAD build/asm/data/data_8010CCD4_o06.data.s.o
LOAD build/asm/data/data_8010CCD4_r02.data.s.o
LOAD build/asm/data/data_8010CCD4_o07.data.s.o
LOAD build/asm/data/data_8010CCD4_r03.data.s.o
LOAD build/asm/data/data_8010CCD4_o08.data.s.o
LOAD build/asm/data/data_8010CCD4_o09.data.s.o
LOAD build/asm/data/data_8010CCD4_o10.data.s.o
LOAD build/asm/data/data_8010CCD4_o11.data.s.o
LOAD build/asm/data/data_8010CCD4_r04.data.s.o
LOAD build/asm/data/data_8010CCD4_o12.data.s.o
LOAD build/asm/data/data_8010CCD4_r05.data.s.o
LOAD build/asm/data/data_8010CCD4_o13.data.s.o
LOAD build/asm/data/data_8010CCD4_r06.data.s.o
LOAD build/asm/data/data_8010CCD4_o14.data.s.o
LOAD build/asm/data/data_8010CCD4_o15.data.s.o
LOAD build/asm/data/data_8010CCD4_r07.data.s.o
LOAD build/asm/data/data_8010CCD4_o16.data.s.o
LOAD build/asm/data/data_8010CCD4_r08.data.s.o
LOAD build/asm/data/data_8010CCD4_o17.data.s.o
LOAD build/asm/data/data_8010CCD4_o18.data.s.o
LOAD build/asm/data/data_8010CCD4_o19.data.s.o
LOAD build/asm/data/data_8010CCD4_r09.data.s.o
LOAD build/asm/data/data_8010CCD4_o20.data.s.o
LOAD build/asm/data/data_8010CCD4_o21.data.s.o
LOAD build/asm/data/data_8010CCD4_r10.data.s.o
LOAD build/asm/data/data_8010CCD4_o22.data.s.o
LOAD build/asm/data/data_8010CCD4_r11.data.s.o
LOAD build/asm/data/data_8010CCD4_o23.data.s.o
LOAD build/asm/data/data_8010CCD4_o24.data.s.o
LOAD build/asm/data/data_8010CCD4_r12.data.s.o
LOAD build/asm/data/data_8010CCD4_o25.data.s.o
LOAD build/asm/data/data_8010CCD4_r13.data.s.o
LOAD build/asm/data/data_8010CCD4_o26.data.s.o
LOAD build/asm/data/data_8010CCD4_r14.data.s.o
LOAD build/asm/data/data_8010CCD4_o27.data.s.o
LOAD build/asm/data/data_8010CCD4_r15.data.s.o
LOAD build/asm/data/data_8010CCD4_o28.data.s.o
LOAD build/asm/data/data_8010CCD4_r16.data.s.o
LOAD build/asm/data/data_8010CCD4_o29.data.s.o
LOAD build/asm/data/data_8010CCD4_r17.data.s.o
LOAD build/asm/data/data_8010CCD4_o30.data.s.o
LOAD build/asm/data/data_8010CCD4_r18.data.s.o
LOAD build/asm/data/data_8010CCD4_o31.data.s.o
LOAD build/asm/data/data_8010CCD4_r19.data.s.o
LOAD build/asm/data/data_8010CCD4_o32.data.s.o
LOAD build/asm/data/data_8010CCD4_r20.data.s.o
LOAD build/asm/data/data_8010CCD4_o33.data.s.o
LOAD build/asm/data/data_8010CCD4_r21.data.s.o
LOAD build/asm/data/tail.data.s.o
LOAD build/asm/data/sdata_8013C54C_r00.sdata.s.o
LOAD build/asm/data/sdata_8013C54C_o00.sdata.s.o
LOAD build/asm/data/sdata_8013C54C_o01.sdata.s.o
LOAD build/asm/data/sdata_8013C54C_o02.sdata.s.o
LOAD build/asm/data/sdata_8013C54C_r01.sdata.s.o
LOAD build/asm/data/sdata_8013C54C_o03.sdata.s.o
LOAD build/asm/data/sdata_8013C54C_o04.sdata.s.o
LOAD build/asm/data/sdata_8013C54C_r02.sdata.s.o
LOAD build/asm/data/sdata_8013C54C_o05.sdata.s.o
LOAD build/asm/data/sdata_8013C54C_o06.sdata.s.o
LOAD build/asm/data/sdata_8013C54C_r03.sdata.s.o
LOAD build/asm/data/sdata_8013C54C_o07.sdata.s.o
LOAD build/asm/data/sdata_8013C54C_o08.sdata.s.o
LOAD build/asm/data/sdata_8013C54C_r04.sdata.s.o
LOAD build/asm/data/sdata_8013C54C_o09.sdata.s.o
LOAD build/asm/data/sdata_8013C54C_r05.sdata.s.o
LOAD build/asm/data/sdata_8013C54C_o10.sdata.s.o
LOAD build/asm/data/sdata_8013C54C_r06.sdata.s.o
LOAD build/asm/data/sdata_8013C54C_o11.sdata.s.o
LOAD build/asm/data/sdata_8013C54C_r07.sdata.s.o
LOAD build/asm/data/sdata_8013C54C_o12.sdata.s.o
LOAD build/asm/data/sdata_8013C54C_r08.sdata.s.o
LOAD build/asm/data/sdata_8013C54C_o13.sdata.s.o
LOAD build/asm/data/sdata_8013C54C_o14.sdata.s.o
LOAD build/asm/data/sdata_8013C54C_o15.sdata.s.o
LOAD build/asm/data/sdata_8013C54C_o16.sdata.s.o
LOAD build/asm/data/sdata_8013C54C_o17.sdata.s.o
LOAD build/asm/data/sdata_8013C54C_r09.sdata.s.o
LOAD build/asm/data/sdata_8013C54C_o18.sdata.s.o
LOAD build/asm/data/sdata_8013C54C_o19.sdata.s.o
LOAD build/asm/data/sdata_8013C54C_o20.sdata.s.o
LOAD build/asm/data/sdata_8013C54C_r10.sdata.s.o
LOAD build/asm/data/sdata_8013C54C_o21.sdata.s.o
LOAD build/asm/data/sdata_8013C54C_r11.sdata.s.o
LOAD build/asm/data/sdata_8013C54C_o22.sdata.s.o
LOAD build/asm/data/sdata_8013C54C_r12.sdata.s.o
LOAD build/asm/data/sdata_8013C54C_o23.sdata.s.o
LOAD build/asm/data/sdata_8013C54C_r13.sdata.s.o
LOAD build/asm/data/sdata_8013C54C_o24.sdata.s.o
LOAD build/asm/data/sdata_8013C54C_r14.sdata.s.o
LOAD build/asm/data/sdata_8013C54C_o25.sdata.s.o
LOAD build/asm/data/sdata_8013C54C_r15.sdata.s.o
LOAD build/asm/data/sdata_8013C54C_o26.sdata.s.o
LOAD build/asm/data/sdata_8013C54C_r16.sdata.s.o
LOAD build/asm/data/sdata_8013C54C_o27.sdata.s.o
LOAD build/asm/data/sdata_8013C54C_o28.sdata.s.o
LOAD build/asm/data/sdata_8013C54C_o29.sdata.s.o
LOAD build/asm/data/sdata_8013C54C_r17.sdata.s.o
LOAD build/asm/data/sdata_8013C54C_o30.sdata.s.o
LOAD build/asm/data/sdata_8013C54C_r18.sdata.s.o
LOAD build/asm/data/sdata_8013C54C_o31.sdata.s.o
LOAD build/asm/data/sdata_8013C54C_r19.sdata.s.o
LOAD build/asm/data/sdata_8013C54C_o32.sdata.s.o
LOAD build/asm/data/sdata_8013C54C_r20.sdata.s.o
LOAD build/asm/data/sdata_8013C54C_o33.sdata.s.o
LOAD build/asm/data/sdata_8013C54C_r21.sdata.s.o
LOAD build/asm/data/sdata_8013C54C_o34.sdata.s.o
LOAD build/asm/data/sdata_8013C54C_o35.sdata.s.o
LOAD build/asm/data/sdata_8013C54C_o36.sdata.s.o
LOAD build/asm/data/sdata_8013C54C_r22.sdata.s.o
LOAD build/asm/data/sdata_8013C54C_o37.sdata.s.o
LOAD build/asm/data/sdata_8013C54C_r23.sdata.s.o
LOAD build/asm/data/sdata_8013C54C_o38.sdata.s.o
LOAD build/asm/data/sdata_8013C54C_r24.sdata.s.o
LOAD build/asm/data/sbss.sbss.s.o
LOAD build/asm/data/bss.bss.s.o
                0x000100ff                        D_100FF = 0x100ff
                0x000c00ff                        D_C00FF = 0xc00ff
                0x01000001                        D_1000001 = 0x1000001
                0x1f800004                        D_1F800004 = 0x1f800004
                0x1f800014                        D_1F800014 = 0x1f800014
                0x1f800034                        D_1F800034 = 0x1f800034
                0x1f800054                        D_1F800054 = 0x1f800054
                0x1f800098                        D_1F800098 = 0x1f800098
                0x1f8000a8                        D_1F8000A8 = 0x1f8000a8
                0x1f8000b8                        D_1F8000B8 = 0x1f8000b8
                0x1f8000c8                        D_1F8000C8 = 0x1f8000c8
                0x80000004                        D_80000004 = 0x80000004
                0x8013e008                        D_8013E008 = 0x8013e008
                0x8013e038                        D_8013E038 = 0x8013e038
                0x8013e068                        D_8013E068 = 0x8013e068
                0x8013e098                        D_8013E098 = 0x8013e098
                0x8013e0c0                        D_8013E0C0 = 0x8013e0c0
                0x8013e0d8                        D_8013E0D8 = 0x8013e0d8
                0x8013e0e8                        D_8013E0E8 = 0x8013e0e8
                0x8013e0f4                        D_8013E0F4 = 0x8013e0f4
                0x8013e2f4                        D_8013E2F4 = 0x8013e2f4
                0x8013e300                        D_8013E300 = 0x8013e300
                0x8013e340                        D_8013E340 = 0x8013e340
                0x8013e384                        D_8013E384 = 0x8013e384
                0x8013e390                        D_8013E390 = 0x8013e390
                0x8013e39c                        D_8013E39C = 0x8013e39c
                0x8013e3b4                        D_8013E3B4 = 0x8013e3b4
                0x8013e3f0                        D_8013E3F0 = 0x8013e3f0
                0x8013e3fc                        D_8013E3FC = 0x8013e3fc
                0x8013e408                        D_8013E408 = 0x8013e408
                0x8013e414                        D_8013E414 = 0x8013e414
                0x8013e450                        D_8013E450 = 0x8013e450
                0x8013e5a0                        D_8013E5A0 = 0x8013e5a0
                0x8013e730                        D_8013E730 = 0x8013e730
                0x8013e850                        D_8013E850 = 0x8013e850
                0x8013e85c                        D_8013E85C = 0x8013e85c
                0x8013e8a0                        D_8013E8A0 = 0x8013e8a0
                0x8013e8a1                        D_8013E8A1 = 0x8013e8a1
                0x8013e8a2                        D_8013E8A2 = 0x8013e8a2
                0x8013e8a4                        D_8013E8A4 = 0x8013e8a4
                0x8013e8c0                        D_8013E8C0 = 0x8013e8c0
                0x8013e8e1                        D_8013E8E1 = 0x8013e8e1
                0x8013e980                        D_8013E980 = 0x8013e980
                0x8013ea88                        gFileDevice = 0x8013ea88
                0x8013ea9c                        D_8013EA9C = 0x8013ea9c
                0x8013eaa0                        D_8013EAA0 = 0x8013eaa0
                0x8013eaa8                        D_8013EAA8 = 0x8013eaa8
                0x8013eaac                        D_8013EAAC = 0x8013eaac
                0x8013eab0                        D_8013EAB0 = 0x8013eab0
                0x8013eaf8                        D_8013EAF8 = 0x8013eaf8
                0x8013ec04                        D_8013EC04 = 0x8013ec04
                0x8013ec08                        D_8013EC08 = 0x8013ec08
                0x8013ec0c                        D_8013EC0C = 0x8013ec0c
                0x80144864                        D_80144864 = 0x80144864
                0x8014487c                        D_8014487C = 0x8014487c
                0x8014487d                        D_8014487D = 0x8014487d
                0x8014487e                        D_8014487E = 0x8014487e
                0x80144880                        D_80144880 = 0x80144880
                0x80144884                        D_80144884 = 0x80144884
                0x80144e58                        D_80144E58 = 0x80144e58
                0x80144e7c                        D_80144E7C = 0x80144e7c
                0x80144e80                        D_80144E80 = 0x80144e80
                0x80144e84                        D_80144E84 = 0x80144e84
                0x80144e88                        D_80144E88 = 0x80144e88
                0x8014647c                        D_8014647C = 0x8014647c
                0x80146cc4                        Cdinfo = 0x80146cc4
                0x80146cd8                        D_80146CD8 = 0x80146cd8
                0x80146ce4                        D_80146CE4 = 0x80146ce4
                0x80146cf8                        D_80146CF8 = 0x80146cf8
                0x80146d00                        D_80146D00 = 0x80146d00
                0x80147500                        D_80147500 = 0x80147500
                0x80147504                        D_80147504 = 0x80147504
                0x80147508                        D_80147508 = 0x80147508
                0x8014750c                        D_8014750C = 0x8014750c
                0x80147510                        D_80147510 = 0x80147510
                0x80147514                        D_80147514 = 0x80147514
                0x80147518                        D_80147518 = 0x80147518
                0x8014751c                        D_8014751C = 0x8014751c
                0x80147520                        D_80147520 = 0x80147520
                0x80147524                        D_80147524 = 0x80147524
                0x80147528                        D_80147528 = 0x80147528
                0x80147558                        D_80147558 = 0x80147558
                0x80147560                        D_80147560 = 0x80147560
                0x80147564                        D_80147564 = 0x80147564
                0x8014756c                        D_8014756C = 0x8014756c
                0x80147570                        D_80147570 = 0x80147570
                0x801475b8                        D_801475B8 = 0x801475b8
                0x80147600                        D_80147600 = 0x80147600
                0x80147870                        D_80147870 = 0x80147870
                0x8014789c                        D_8014789C = 0x8014789c
                0x8014789d                        D_8014789D = 0x8014789d
                0x801478e8                        D_801478E8 = 0x801478e8
                0x801478f4                        D_801478F4 = 0x801478f4
                0x801478f8                        D_801478F8 = 0x801478f8
                0x801478fc                        D_801478FC = 0x801478fc
                0x80147900                        D_80147900 = 0x80147900
                0x8014791a                        D_8014791A = 0x8014791a
                0x8014791c                        D_8014791C = 0x8014791c
                0x80147e28                        D_80147E28 = 0x80147e28
                0x80147e2c                        D_80147E2C = 0x80147e2c
                0x80147e38                        D_80147E38 = 0x80147e38
                0x80148064                        D_80148064 = 0x80148064
                0x80148448                        D_80148448 = 0x80148448
                0x8014857c                        D_8014857C = 0x8014857c
                0x80148580                        D_80148580 = 0x80148580
                0x8014858c                        D_8014858C = 0x8014858c
                0x80148590                        D_80148590 = 0x80148590
                0x8014859c                        D_8014859C = 0x8014859c
                0x80148786                        D_80148786 = 0x80148786
                0x80148788                        D_80148788 = 0x80148788
                0x8014878c                        D_8014878C = 0x8014878c
                0x8014898c                        D_8014898C = 0x8014898c
                0x801489d0                        D_801489D0 = 0x801489d0
                0x801489d4                        D_801489D4 = 0x801489d4
                0x801489e4                        D_801489E4 = 0x801489e4
                0x801489ec                        D_801489EC = 0x801489ec
                0x801489f0                        D_801489F0 = 0x801489f0
                0x801489f4                        D_801489F4 = 0x801489f4
                0x801489f8                        D_801489F8 = 0x801489f8
                0x801489fc                        D_801489FC = 0x801489fc
                0x80148a00                        D_80148A00 = 0x80148a00
                0x80148a04                        D_80148A04 = 0x80148a04
                0x80148a08                        D_80148A08 = 0x80148a08
                0x80148a0c                        D_80148A0C = 0x80148a0c
                0x80148a10                        D_80148A10 = 0x80148a10
                0x80148a14                        D_80148A14 = 0x80148a14
                0x80148a18                        D_80148A18 = 0x80148a18
                0x80148a1c                        D_80148A1C = 0x80148a1c
                0x80148a20                        D_80148A20 = 0x80148a20
                0x80148a24                        D_80148A24 = 0x80148a24
                0x80148a28                        D_80148A28 = 0x80148a28
                0x80148a2c                        D_80148A2C = 0x80148a2c
                0x80148a38                        D_80148A38 = 0x80148a38
                0x80148a6c                        D_80148A6C = 0x80148a6c
                0x80148a7c                        D_80148A7C = 0x80148a7c
                0x80148a84                        D_80148A84 = 0x80148a84
                0x80148b04                        __last_org = 0x80148b04
                0x80148b0c                        D_80148B0C = 0x80148b0c
                0xa000df80                        D_A000DF80 = 0xa000df80
                0xa000dfac                        D_A000DFAC = 0xa000dfac
                0xff9d0001                        D_FF9D0001 = 0xff9d0001
                0x0003ab50                        __romPos = 0x0
                0x8013c54c                        _gp = 0x8013c54c
                [!provide]                        PROVIDE (ticksA = ticks)
                0x00000000                        header_ROM_START = __romPos
                0x00000000                        header_VRAM = ADDR (.header)

.header         0x00000000      0x800
 FILL mask 0x00000000
                0x00000000                        header_DATA_START = .
 build/asm/header.s.o(.data)
 .data          0x00000000      0x800 build/asm/header.s.o
                0x00000800                        header_DATA_END = .
                0x00000800                        header_DATA_SIZE = ABSOLUTE ((header_DATA_END - header_DATA_START))
                0x0003ab50                        __romPos = (__romPos + SIZEOF (.header))
                0x00000800                        header_ROM_END = __romPos
                0x00000800                        header_VRAM_END = .
                0x00000800                        nfs4_ROM_START = __romPos
                0x80010000                        nfs4_VRAM = ADDR (.nfs4)

.data           0x00000800        0x0
 .data          0x00000800        0x0 build/asm/data/sdata_8013C54C_r00.sdata.s.o
 .data          0x00000800        0x0 build/asm/data/sdata_8013C54C_o00.sdata.s.o
 .data          0x00000800        0x0 build/asm/data/sdata_8013C54C_o01.sdata.s.o
 .data          0x00000800        0x0 build/asm/data/sdata_8013C54C_o02.sdata.s.o
 .data          0x00000800        0x0 build/asm/data/sdata_8013C54C_r01.sdata.s.o
 .data          0x00000800        0x0 build/asm/data/sdata_8013C54C_o03.sdata.s.o
 .data          0x00000800        0x0 build/asm/data/sdata_8013C54C_o04.sdata.s.o
 .data          0x00000800        0x0 build/asm/data/sdata_8013C54C_r02.sdata.s.o
 .data          0x00000800        0x0 build/asm/data/sdata_8013C54C_o05.sdata.s.o
 .data          0x00000800        0x0 build/asm/data/sdata_8013C54C_o06.sdata.s.o
 .data          0x00000800        0x0 build/asm/data/sdata_8013C54C_r03.sdata.s.o
 .data          0x00000800        0x0 build/asm/data/sdata_8013C54C_o07.sdata.s.o
 .data          0x00000800        0x0 build/asm/data/sdata_8013C54C_o08.sdata.s.o
 .data          0x00000800        0x0 build/asm/data/sdata_8013C54C_r04.sdata.s.o
 .data          0x00000800        0x0 build/asm/data/sdata_8013C54C_o09.sdata.s.o
 .data          0x00000800        0x0 build/asm/data/sdata_8013C54C_r05.sdata.s.o
 .data          0x00000800        0x0 build/asm/data/sdata_8013C54C_o10.sdata.s.o
 .data          0x00000800        0x0 build/asm/data/sdata_8013C54C_r06.sdata.s.o
 .data          0x00000800        0x0 build/asm/data/sdata_8013C54C_o11.sdata.s.o
 .data          0x00000800        0x0 build/asm/data/sdata_8013C54C_r07.sdata.s.o
 .data          0x00000800        0x0 build/asm/data/sdata_8013C54C_o12.sdata.s.o
 .data          0x00000800        0x0 build/asm/data/sdata_8013C54C_r08.sdata.s.o
 .data          0x00000800        0x0 build/asm/data/sdata_8013C54C_o13.sdata.s.o
 .data          0x00000800        0x0 build/asm/data/sdata_8013C54C_o14.sdata.s.o
 .data          0x00000800        0x0 build/asm/data/sdata_8013C54C_o15.sdata.s.o
 .data          0x00000800        0x0 build/asm/data/sdata_8013C54C_o16.sdata.s.o
 .data          0x00000800        0x0 build/asm/data/sdata_8013C54C_o17.sdata.s.o
 .data          0x00000800        0x0 build/asm/data/sdata_8013C54C_r09.sdata.s.o
 .data          0x00000800        0x0 build/asm/data/sdata_8013C54C_o18.sdata.s.o
 .data          0x00000800        0x0 build/asm/data/sdata_8013C54C_o19.sdata.s.o
 .data          0x00000800        0x0 build/asm/data/sdata_8013C54C_o20.sdata.s.o
 .data          0x00000800        0x0 build/asm/data/sdata_8013C54C_r10.sdata.s.o
 .data          0x00000800        0x0 build/asm/data/sdata_8013C54C_o21.sdata.s.o
 .data          0x00000800        0x0 build/asm/data/sdata_8013C54C_r11.sdata.s.o
 .data          0x00000800        0x0 build/asm/data/sdata_8013C54C_o22.sdata.s.o
 .data          0x00000800        0x0 build/asm/data/sdata_8013C54C_r12.sdata.s.o
 .data          0x00000800        0x0 build/asm/data/sdata_8013C54C_o23.sdata.s.o
 .data          0x00000800        0x0 build/asm/data/sdata_8013C54C_r13.sdata.s.o
 .data          0x00000800        0x0 build/asm/data/sdata_8013C54C_o24.sdata.s.o
 .data          0x00000800        0x0 build/asm/data/sdata_8013C54C_r14.sdata.s.o
 .data          0x00000800        0x0 build/asm/data/sdata_8013C54C_o25.sdata.s.o
 .data          0x00000800        0x0 build/asm/data/sdata_8013C54C_r15.sdata.s.o
 .data          0x00000800        0x0 build/asm/data/sdata_8013C54C_o26.sdata.s.o
 .data          0x00000800        0x0 build/asm/data/sdata_8013C54C_r16.sdata.s.o
 .data          0x00000800        0x0 build/asm/data/sdata_8013C54C_o27.sdata.s.o
 .data          0x00000800        0x0 build/asm/data/sdata_8013C54C_o28.sdata.s.o
 .data          0x00000800        0x0 build/asm/data/sdata_8013C54C_o29.sdata.s.o
 .data          0x00000800        0x0 build/asm/data/sdata_8013C54C_r17.sdata.s.o
 .data          0x00000800        0x0 build/asm/data/sdata_8013C54C_o30.sdata.s.o
 .data          0x00000800        0x0 build/asm/data/sdata_8013C54C_r18.sdata.s.o
 .data          0x00000800        0x0 build/asm/data/sdata_8013C54C_o31.sdata.s.o
 .data          0x00000800        0x0 build/asm/data/sdata_8013C54C_r19.sdata.s.o
 .data          0x00000800        0x0 build/asm/data/sdata_8013C54C_o32.sdata.s.o
 .data          0x00000800        0x0 build/asm/data/sdata_8013C54C_r20.sdata.s.o
 .data          0x00000800        0x0 build/asm/data/sdata_8013C54C_o33.sdata.s.o
 .data          0x00000800        0x0 build/asm/data/sdata_8013C54C_r21.sdata.s.o
 .data          0x00000800        0x0 build/asm/data/sdata_8013C54C_o34.sdata.s.o
 .data          0x00000800        0x0 build/asm/data/sdata_8013C54C_o35.sdata.s.o
 .data          0x00000800        0x0 build/asm/data/sdata_8013C54C_o36.sdata.s.o
 .data          0x00000800        0x0 build/asm/data/sdata_8013C54C_r22.sdata.s.o
 .data          0x00000800        0x0 build/asm/data/sdata_8013C54C_o37.sdata.s.o
 .data          0x00000800        0x0 build/asm/data/sdata_8013C54C_r23.sdata.s.o
 .data          0x00000800        0x0 build/asm/data/sdata_8013C54C_o38.sdata.s.o
 .data          0x00000800        0x0 build/asm/data/sdata_8013C54C_r24.sdata.s.o
 .data          0x00000800        0x0 build/asm/data/sbss.sbss.s.o
 .data          0x00000800        0x0 build/asm/data/bss.bss.s.o

.nfs4           0x80010000    0x3a350 load address 0x00000800
 FILL mask 0x00000000
                0x80010000                        nfs4_RODATA_START = .
 build/asm/data/rdata_80010000_r00.rodata.s.o(.rodata)
 .rodata        0x80010000       0x78 build/asm/data/rdata_80010000_r00.rodata.s.o
                0x80010000                bigBuf
                0x80010000                _front_obj
                0x8001000c                D_8001000C
                0x8001002c                D_8001002C
                0x80010044                D_80010044
                0x80010048                D_80010048
                0x80010050                D_80010050
                0x80010058                D_80010058
                0x80010060                D_80010060
                0x8001006c                D_8001006C
 build/asm/data/rdata_80010000_j00.rodata.s.o(.rodata)
 .rodata        0x80010078       0x20 build/asm/data/rdata_80010000_j00.rodata.s.o
                0x80010078                jtbl_80010078
 build/asm/data/rdata_80010000_r01.rodata.s.o(.rodata)
 .rodata        0x80010098      0x1c0 build/asm/data/rdata_80010000_r01.rodata.s.o
                0x80010098                D_80010098
                0x80010104                D_80010104
                0x80010110                D_80010110
                0x80010118                D_80010118
                0x80010120                D_80010120
                0x80010130                D_80010130
                0x8001016c                D_8001016C
                0x80010170                D_80010170
                0x80010180                D_80010180
                0x800101b4                D_800101B4
                0x800101bc                D_800101BC
                0x800101c8                D_800101C8
                0x800101d8                _vt_21tListIteratorCarColor
                0x80010208                _vt_16tListIteratorCar
                0x80010244                D_80010244
 build/asm/data/rdata_80010000_j01.rodata.s.o(.rodata)
 .rodata        0x80010258       0x58 build/asm/data/rdata_80010000_j01.rodata.s.o
                0x80010258                jtbl_80010258
 build/asm/data/rdata_80010000_r02.rodata.s.o(.rodata)
 .rodata        0x800102b0      0x6e0 build/asm/data/rdata_80010000_r02.rodata.s.o
                0x800102b0                _vt_15tDialogYesNoTri
                0x80010310                _vt_15tDialogYesNoMem
                0x80010370                _vt_12tDialogYesNo
                0x800103d0                D_800103D0
                0x80010430                _vt_21tDialogNoInputMessage
                0x80010490                _vt_17tDialogBackUpOnly
                0x800104f0                _vt_20tDialogMessageString
                0x80010550                _vt_11tDialogHelp
                0x800105b0                _vt_11tDialogBase
                0x8001061c                D_8001061C
                0x80010620                _vt_12tMenuOptions
                0x80010680                _vt_10tMenuBlank
                0x800106e0                _vt_15tMenuNFS4Bottom
                0x80010740                _vt_18tMenuNFS4TwoPlayer
                0x800107a0                _vt_9tMenuNFS4
                0x80010800                _vt_29tMenuItemOptionsTwoItemChoice
                0x80010858                _vt_31tMenuItemOptionsLeftRightChoice
                0x800108b0                _vt_28tMenuItemNFS4LeftRightChoice
                0x80010908                _vt_27tMenuItemGoToMenuNFS4Button
                0x8001096c                D_8001096C
                0x80010974                D_80010974
                0x8001097c                D_8001097C
                0x80010984                D_80010984
                0x8001098c                D_8001098C
 build/asm/data/rdata_80010000_j02.rodata.s.o(.rodata)
 .rodata        0x80010990       0x70 build/asm/data/rdata_80010000_j02.rodata.s.o
                0x80010990                jtbl_80010990
 build/asm/data/rdata_80010000_r03.rodata.s.o(.rodata)
 .rodata        0x80010a00      0x628 build/asm/data/rdata_80010000_r03.rodata.s.o
                0x80010a00                D_80010A00
                0x80010a10                _vt_35tInsideBoxControllerLeftRightSlider
                0x80010a68                _vt_19tMemoryCardMenuItem
                0x80010ac0                _vt_27tMenuItemGoToMenuButtonFade
                0x80010b18                _vt_17tUserNameMenuItem
                0x80010b70                _vt_22tInsideBoxTwoWaySlider
                0x80010bc8                _vt_25tInsideBoxLeftRightSlider
                0x80010c20                _vt_34tMenuItemControllerLeftRightChoice
                0x80010c78                _vt_18tInsideBoxSongMenu
                0x80010ce0                _vt_29tMenuItemLeftRightAudioSlider
                0x80010d38                _vt_29tMenuItemOnOffLeftRightChoice
                0x80010d90                _vt_31tMenuItemDisplayLeftRightChoice
                0x80010de8                _vt_25tMenuItemSlidingActivated
                0x80010e48                _vt_20tMenuItemSlidingMenu
                0x80010ea8                _vt_14tInsideBoxMenu
                0x80010f08                _vt_12tOptionsMenu
                0x80010f60                _vt_22tMenuItemLeftRightFade
                0x80010fc4                D_80010FC4
                0x80010fc8                D_80010FC8
                0x80010fd0                D_80010FD0
                0x80010fdc                D_80010FDC
                0x80010fe8                _vt_18tListIteratorTrack
 build/asm/data/rdata_80010000_j03.rodata.s.o(.rodata)
 .rodata        0x80011028       0x80 build/asm/data/rdata_80010000_j03.rodata.s.o
                0x80011028                jtbl_80011028
 build/asm/data/rdata_80010000_r04.rodata.s.o(.rodata)
 .rodata        0x800110a8      0x650 build/asm/data/rdata_80010000_r04.rodata.s.o
                0x800110a8                D_800110A8
                0x800110c8                _vt_5tMenu
                0x80011120                _vt_23tMenuItemGoToMenuButton
                0x80011178                _vt_24tMenuItemLeftRightSlider
                0x800111d0                _vt_24tMenuItemLeftRightChoice
                0x80011228                _vt_20tMenuItemInteractive
                0x80011280                _vt_9tMenuItem
                0x800112d8                _vt_25tListIteratorRangeIndexed
                0x80011308                _vt_18tListIteratorRange
                0x80011338                _vt_24tListIteratorMultiPlayer
                0x80011368                _vt_26tListIteratorDoubleIndexed
                0x80011398                _vt_20tListIteratorIndexed
                0x800113c8                _vt_13tListIterator
                0x800113f8                D_800113F8
                0x800113fc                D_800113FC
                0x80011400                D_80011400
                0x8001140c                D_8001140C
                0x80011418                _vt_7tScreen
                0x80011474                D_80011474
                0x80011480                D_80011480
                0x8001148c                D_8001148C
                0x800114a4                D_800114A4
                0x800114b0                D_800114B0
                0x800114b8                D_800114B8
                0x800114c0                D_800114C0
                0x800114d8                D_800114D8
                0x80011530                D_80011530
                0x80011594                D_80011594
                0x8001159c                D_8001159C
                0x800115a8                D_800115A8
                0x800115b0                D_800115B0
                0x80011658                D_80011658
                0x8001165c                D_8001165C
                0x80011660                D_80011660
                0x80011670                _vt_23tListIteratorTournament
                0x800116a0                D_800116A0
                0x800116a8                D_800116A8
                0x800116b4                D_800116B4
                0x800116c0                D_800116C0
                0x800116dc                D_800116DC
                0x800116e4                D_800116E4
                0x800116ec                D_800116EC
 build/asm/data/rdata_80010000_j04.rodata.s.o(.rodata)
 .rodata        0x800116f8       0x58 build/asm/data/rdata_80010000_j04.rodata.s.o
                0x800116f8                jtbl_800116F8
 build/asm/data/rdata_80010000_j05.rodata.s.o(.rodata)
 .rodata        0x80011750       0x58 build/asm/data/rdata_80010000_j05.rodata.s.o
                0x80011750                jtbl_80011750
 build/asm/data/rdata_80010000_j06.rodata.s.o(.rodata)
 .rodata        0x800117a8       0x58 build/asm/data/rdata_80010000_j06.rodata.s.o
                0x800117a8                jtbl_800117A8
 build/asm/data/rdata_80010000_j07.rodata.s.o(.rodata)
 .rodata        0x80011800       0x58 build/asm/data/rdata_80010000_j07.rodata.s.o
                0x80011800                jtbl_80011800
 build/asm/data/rdata_80010000_r05.rodata.s.o(.rodata)
 .rodata        0x80011858      0x260 build/asm/data/rdata_80010000_r05.rodata.s.o
                0x80011858                D_80011858
                0x80011864                D_80011864
                0x80011874                D_80011874
                0x80011880                D_80011880
                0x8001188c                D_8001188C
                0x8001189c                D_8001189C
                0x800118a8                D_800118A8
                0x800118b0                _vt_11tScreenMain
                0x8001190c                D_8001190C
                0x8001191c                D_8001191C
                0x80011924                D_80011924
                0x80011930                _vt_16tScreenPinkSlips
                0x8001198c                D_8001198C
                0x80011994                D_80011994
                0x8001199c                D_8001199C
                0x800119a8                _vt_24tScreenPinkSlipStandings
                0x800119f8                _vt_31tScreenTournamentStandings3item
                0x80011a48                _vt_26tScreenTournamentStandings
                0x80011aa4                D_80011AA4
                0x80011aac                D_80011AAC
 build/asm/data/rdata_80010000_j08.rodata.s.o(.rodata)
 .rodata        0x80011ab8       0x1c build/asm/data/rdata_80010000_j08.rodata.s.o
                0x80011ab8                jtbl_80011AB8
 build/asm/data/rdata_80010000_r06.rodata.s.o(.rodata)
 .rodata        0x80011ad4       0x24 build/asm/data/rdata_80010000_r06.rodata.s.o
                0x80011ad4                D_80011AD4
                0x80011adc                D_80011ADC
                0x80011ae0                D_80011AE0
 build/asm/data/rdata_80010000_j09.rodata.s.o(.rodata)
 .rodata        0x80011af8       0x20 build/asm/data/rdata_80010000_j09.rodata.s.o
                0x80011af8                jtbl_80011AF8
 build/asm/data/rdata_80010000_r07.rodata.s.o(.rodata)
 .rodata        0x80011b18       0x20 build/asm/data/rdata_80010000_r07.rodata.s.o
                0x80011b18                D_80011B18
                0x80011b24                D_80011B24
                0x80011b28                D_80011B28
                0x80011b30                D_80011B30
 build/asm/data/rdata_80010000_j10.rodata.s.o(.rodata)
 .rodata        0x80011b38       0x28 build/asm/data/rdata_80010000_j10.rodata.s.o
                0x80011b38                jtbl_80011B38
 build/asm/data/rdata_80010000_r08.rodata.s.o(.rodata)
 .rodata        0x80011b60      0x5d8 build/asm/data/rdata_80010000_r08.rodata.s.o
                0x80011b60                _vt_25tScreenPinkSlipsCarSelect
                0x80011bf0                _vt_25tScreenCarSelectTwoPlayer
                0x80011c80                _vt_20tScreenCarSelectDuel
                0x80011d08                _vt_16tScreenCarSelect
                0x80011d94                D_80011D94
                0x80011d9c                D_80011D9C
                0x80011db0                _vt_18tScreenTournSelect
                0x80011e0c                D_80011E0C
                0x80011e14                D_80011E14
                0x80011e1c                D_80011E1C
                0x80011e28                _vt_17tScreenTrophyRoom
                0x80011e84                D_80011E84
                0x80011e90                _vt_17tScreenTrophyInfo
                0x80011eec                D_80011EEC
                0x80011efc                D_80011EFC
                0x80011f04                D_80011F04
                0x80011f08                _vt_18tScreenTrackSelect
                0x80011f58                D_80011F58
                0x80011f60                D_80011F60
                0x80011f6c                D_80011F6C
                0x80011f78                _vt_16tScreenTrackInfo
                0x80011fd4                D_80011FD4
                0x80011fdc                D_80011FDC
                0x80011fe8                D_80011FE8
                0x80011ff0                _vt_19tScreenTrackRecords
                0x80012064                D_80012064
                0x8001206c                D_8001206C
                0x80012078                _vt_23tScreenControllerConfig
                0x800120c8                D_800120C8
                0x800120d0                _vt_14tScreenDisplay
                0x8001212c                D_8001212C
 build/asm/data/rdata_80010000_j11.rodata.s.o(.rodata)
 .rodata        0x80012138       0x14 build/asm/data/rdata_80010000_j11.rodata.s.o
                0x80012138                jtbl_80012138
 build/asm/data/rdata_80010000_r09.rodata.s.o(.rodata)
 .rodata        0x8001214c       0x74 build/asm/data/rdata_80010000_r09.rodata.s.o
                0x8001214c                D_8001214C
                0x80012158                _vt_12tScreenAudio
                0x800121b4                D_800121B4
 build/asm/data/rdata_80010000_j12.rodata.s.o(.rodata)
 .rodata        0x800121c0       0x58 build/asm/data/rdata_80010000_j12.rodata.s.o
                0x800121c0                jtbl_800121C0
 build/asm/data/rdata_80010000_r10.rodata.s.o(.rodata)
 .rodata        0x80012218      0x320 build/asm/data/rdata_80010000_r10.rodata.s.o
                0x80012218                D_80012218
                0x80012220                D_80012220
                0x80012228                _vt_14tScreenMemcard
                0x80012284                D_80012284
                0x8001228c                D_8001228C
                0x80012294                D_80012294
                0x8001229c                D_8001229C
                0x800122a4                D_800122A4
                0x800122a8                _vt_25tScreenTournamentCongrats
                0x80012310                _vt_23tScreenBeTheCopCongrats
                0x80012378                _vt_23tScreenPinkSlipCongrats
                0x800123e0                _vt_23tScreenTournamentTrophy
                0x80012448                _vt_15tScreenCongrats
                0x800124bc                D_800124BC
                0x800124c4                D_800124C4
                0x800124cc                D_800124CC
                0x800124d8                D_800124D8
                0x800124e4                D_800124E4
                0x800124f0                D_800124F0
                0x800124fc                D_800124FC
                0x80012514                D_80012514
                0x80012520                D_80012520
 build/asm/data/rdata_80010000_j13.rodata.s.o(.rodata)
 .rodata        0x80012538       0x74 build/asm/data/rdata_80010000_j13.rodata.s.o
                0x80012538                jtbl_80012538
 build/asm/data/rdata_80010000_r11.rodata.s.o(.rodata)
 .rodata        0x800125ac       0x44 build/asm/data/rdata_80010000_r11.rodata.s.o
                0x800125ac                D_800125AC
                0x800125b4                D_800125B4
                0x800125c4                D_800125C4
                0x800125d4                D_800125D4
                0x800125e0                D_800125E0
                0x800125e8                D_800125E8
 build/asm/data/rdata_80010000_j14.rodata.s.o(.rodata)
 .rodata        0x800125f0       0xf8 build/asm/data/rdata_80010000_j14.rodata.s.o
                0x800125f0                jtbl_800125F0
 build/asm/data/rdata_80010000_r12.rodata.s.o(.rodata)
 .rodata        0x800126e8      0x170 build/asm/data/rdata_80010000_r12.rodata.s.o
                0x800126e8                _vt_15tScreenUserName
                0x80012790                D_80012790
                0x80012798                D_80012798
                0x800127a0                D_800127A0
                0x800127a8                D_800127A8
                0x800127b4                D_800127B4
                0x800127ec                D_800127EC
                0x800127f0                D_800127F0
                0x800127f4                D_800127F4
                0x800127fc                D_800127FC
                0x80012808                D_80012808
                0x80012814                D_80012814
                0x80012830                D_80012830
                0x8001283c                D_8001283C
                0x80012848                D_80012848
 build/asm/data/rdata_80010000_j15.rodata.s.o(.rodata)
 .rodata        0x80012858       0x18 build/asm/data/rdata_80010000_j15.rodata.s.o
                0x80012858                jtbl_80012858
 build/asm/data/rdata_80010000_j16.rodata.s.o(.rodata)
 .rodata        0x80012870       0x14 build/asm/data/rdata_80010000_j16.rodata.s.o
                0x80012870                jtbl_80012870
 build/asm/data/rdata_80010000_r13.rodata.s.o(.rodata)
 .rodata        0x80012884        0x4 build/asm/data/rdata_80010000_r13.rodata.s.o
                0x80012884                D_80012884
 build/asm/data/rdata_80010000_j17.rodata.s.o(.rodata)
 .rodata        0x80012888       0x20 build/asm/data/rdata_80010000_j17.rodata.s.o
                0x80012888                jtbl_80012888
 build/asm/data/rdata_80010000_r14.rodata.s.o(.rodata)
 .rodata        0x800128a8       0x48 build/asm/data/rdata_80010000_r14.rodata.s.o
                0x800128a8                D_800128A8
                0x800128b4                D_800128B4
                0x800128c8                D_800128C8
                0x800128d4                D_800128D4
                0x800128e0                D_800128E0
 build/src/front.c.o(.rodata)
 build/asm/data/rdata_80054548_r00.rodata.s.o(.rodata)
 .rodata        0x800128f0      0xa1c build/asm/data/rdata_80054548_r00.rodata.s.o
                0x800128f0                _front_dtors_orgend
                0x800130b8                D_80054D10
                0x80013138                FrontStartAddress
                0x8001313c                FrontEndAddress
                0x8001314c                D_80054DA4
                0x80013174                D_80054DCC
                0x80013194                D_80054DEC
                0x800131ac                _vt_11AIHigh_Base
                0x800131c4                D_80054E1C
                0x800131e4                D_80054E3C
                0x80013214                _vt_16AIHigh_BasicPerp
                0x80013244                D_80054E9C
                0x8001326c                _vt_18AIHigh_BTC_Wingman
                0x8001328c                _vt_19AIHigh_BTC_HumanCop
                0x800132ac                _vt_14AIHigh_BTC_Cop
                0x800132cc                D_80054F24
                0x800132ec                D_80054F44
 build/asm/data/rdata_80054548_j00.rodata.s.o(.rodata)
 .rodata        0x8001330c       0x2c build/asm/data/rdata_80054548_j00.rodata.s.o
                0x8001330c                jtbl_80054F64
 build/asm/data/rdata_80054548_r01.rodata.s.o(.rodata)
 .rodata        0x80013338       0xb0 build/asm/data/rdata_80054548_r01.rodata.s.o
                0x80013338                D_80054F90
                0x80013348                _vt_17AIHigh_BTC_AIPerp
                0x80013368                _vt_20AIHigh_BTC_HumanPerp
                0x80013388                D_80054FE0
                0x800133a8                D_80055000
                0x800133c8                D_80055020
 build/asm/data/rdata_80054548_j01.rodata.s.o(.rodata)
 .rodata        0x800133e8       0x30 build/asm/data/rdata_80054548_j01.rodata.s.o
                0x800133e8                jtbl_80055040
 build/asm/data/rdata_80054548_j02.rodata.s.o(.rodata)
 .rodata        0x80013418       0x18 build/asm/data/rdata_80054548_j02.rodata.s.o
                0x80013418                jtbl_80055070
 build/asm/data/rdata_80054548_r02.rodata.s.o(.rodata)
 .rodata        0x80013430       0x90 build/asm/data/rdata_80054548_r02.rodata.s.o
                0x80013430                D_80055088
                0x80013440                D_80055098
                0x80013470                _vt_12AIHigh_Human
                0x800134a0                _vt_15AIHigh_Opponent
 build/asm/data/rdata_80054548_j03.rodata.s.o(.rodata)
 .rodata        0x800134c0       0x2c build/asm/data/rdata_80054548_j03.rodata.s.o
                0x800134c0                jtbl_80055118
 build/asm/data/rdata_80054548_r03.rodata.s.o(.rodata)
 .rodata        0x800134ec       0x28 build/asm/data/rdata_80054548_r03.rodata.s.o
                0x800134ec                D_80055144
                0x800134fc                _vt_10AIHigh_Cop
 build/asm/data/rdata_80054548_j04.rodata.s.o(.rodata)
 .rodata        0x80013514       0x2c build/asm/data/rdata_80054548_j04.rodata.s.o
                0x80013514                jtbl_8005516C
 build/asm/data/rdata_80054548_r04.rodata.s.o(.rodata)
 .rodata        0x80013540       0x30 build/asm/data/rdata_80054548_r04.rodata.s.o
                0x80013540                D_80055198
                0x8001354c                D_800551A4
                0x80013558                _vt_14AIHigh_Traffic
 build/asm/data/rdata_80054548_j05.rodata.s.o(.rodata)
 .rodata        0x80013570       0x2c build/asm/data/rdata_80054548_j05.rodata.s.o
                0x80013570                jtbl_800551C8
 build/asm/data/rdata_80054548_r05.rodata.s.o(.rodata)
 .rodata        0x8001359c      0x548 build/asm/data/rdata_80054548_r05.rodata.s.o
                0x8001359c                D_800551F4
                0x800135a8                D_80055200
                0x800135c4                D_8005521C
                0x800135d4                D_8005522C
                0x800135e4                D_8005523C
                0x800136b8                D_80055310
                0x800136fc                D_80055354
                0x8001370c                D_80055364
                0x8001371c                D_80055374
                0x8001372c                D_80055384
                0x8001373c                D_80055394
                0x80013760                D_800553B8
                0x8001376c                D_800553C4
                0x8001377c                D_800553D4
                0x8001378c                D_800553E4
                0x8001379c                D_800553F4
                0x800137ac                D_80055404
                0x800137b8                D_80055410
                0x800137f4                D_8005544C
                0x8001380c                D_80055464
                0x80013824                D_8005547C
                0x8001383c                _vt_23AIDataRecord_AccTable_t
                0x80013854                _vt_14AIDataRecord_t
                0x80013878                D_800554D0
                0x80013888                D_800554E0
                0x800138a8                _vt_14AIState_Cruise
                0x800138c8                _vt_17AIState_GotoSlice
                0x800138e8                _vt_14AIState_Donuts
                0x80013908                _vt_21AIState_RovingTraffic
                0x80013928                _vt_17AIState_Purgatory
                0x80013948                D_800555A0
                0x80013968                _vt_15AIState_Offroad
                0x80013988                _vt_13AIState_Chase
                0x800139a8                _vt_12AIState_Idle
                0x800139c8                _vt_14AIState_Normal
                0x800139e8                D_80055640
                0x80013a44                D_8005569C
                0x80013a50                D_800556A8
                0x80013a78                D_800556D0
                0x80013a94                D_800556EC
                0x80013ab4                D_8005570C
 build/asm/data/rdata_80054548_j06.rodata.s.o(.rodata)
 .rodata        0x80013ae4       0x30 build/asm/data/rdata_80054548_j06.rodata.s.o
                0x80013ae4                jtbl_8005573C
 build/asm/data/rdata_80054548_r06.rodata.s.o(.rodata)
 .rodata        0x80013b14      0x15c build/asm/data/rdata_80054548_r06.rodata.s.o
                0x80013b14                D_8005576C
                0x80013b20                D_80055778
                0x80013b38                D_80055790
                0x80013b4c                D_800557A4
                0x80013b58                D_800557B0
                0x80013b68                D_800557C0
                0x80013b78                D_800557D0
                0x80013b90                D_800557E8
                0x80013ba8                D_80055800
                0x80013bb8                D_80055810
                0x80013bc4                D_8005581C
                0x80013bd0                D_80055828
                0x80013be0                D_80055838
                0x80013bf0                D_80055848
                0x80013c0c                D_80055864
                0x80013c28                D_80055880
                0x80013c4c                D_800558A4
                0x80013c58                D_800558B0
                0x80013c64                D_800558BC
 build/asm/data/rdata_80054548_j07.rodata.s.o(.rodata)
 .rodata        0x80013c70       0x50 build/asm/data/rdata_80054548_j07.rodata.s.o
                0x80013c70                jtbl_800558C8
 build/asm/data/rdata_80054548_j08.rodata.s.o(.rodata)
 .rodata        0x80013cc0       0x18 build/asm/data/rdata_80054548_j08.rodata.s.o
                0x80013cc0                jtbl_80055918
 build/asm/data/rdata_80054548_j09.rodata.s.o(.rodata)
 .rodata        0x80013cd8       0x4c build/asm/data/rdata_80054548_j09.rodata.s.o
                0x80013cd8                jtbl_80055930
 build/asm/data/rdata_80054548_r07.rodata.s.o(.rodata)
 .rodata        0x80013d24       0xac build/asm/data/rdata_80054548_r07.rodata.s.o
                0x80013d24                D_8005597C
                0x80013d30                D_80055988
                0x80013d3c                D_80055994
                0x80013d48                D_800559A0
                0x80013d54                D_800559AC
                0x80013d60                D_800559B8
                0x80013d6c                D_800559C4
                0x80013da8                D_80055A00
 build/asm/data/rdata_80054548_j10.rodata.s.o(.rodata)
 .rodata        0x80013dd0       0x2c build/asm/data/rdata_80054548_j10.rodata.s.o
                0x80013dd0                jtbl_80055A28
 build/asm/data/rdata_80054548_r08.rodata.s.o(.rodata)
 .rodata        0x80013dfc      0x9c4 build/asm/data/rdata_80054548_r08.rodata.s.o
                0x80013dfc                D_80055A54
                0x80013e70                D_80055AC8
                0x80013ee4                D_80055B3C
                0x80013ef0                D_80055B48
                0x80013f08                D_80055B60
                0x80013f14                D_80055B6C
                0x80013f20                D_80055B78
                0x80013f2c                D_80055B84
                0x80013f38                D_80055B90
                0x80013f50                D_80055BA8
                0x80013f5c                D_80055BB4
                0x80013f6c                D_80055BC4
                0x80013f7c                _vt_Q26Speech13MobileSpeaker
                0x80014074                _vt_Q26Speech15DispatchSpeaker
                0x8001416c                _vt_Q26Speech7Speaker
                0x80014270                D_80055EC8
                0x80014280                D_80055ED8
                0x8001428c                D_80055EE4
                0x80014298                D_80055EF0
                0x800142a8                D_80055F00
                0x800142b8                D_80055F10
                0x800142c8                D_80055F20
                0x800142d4                D_80055F2C
                0x800142e4                D_80055F3C
                0x800142f4                D_80055F4C
                0x80014304                D_80055F5C
                0x80014310                D_80055F68
                0x8001432c                D_80055F84
                0x8001433c                D_80055F94
                0x80014348                D_80055FA0
                0x80014354                D_80055FAC
                0x800143a8                D_80056000
                0x800143b4                D_8005600C
                0x800143c0                D_80056018
                0x800143cc                D_80056024
                0x800143d8                D_80056030
                0x800143e4                D_8005603C
                0x800143fc                D_80056054
                0x8001440c                D_80056064
                0x80014420                D_80056078
                0x80014430                _vt_14ObjectSignAnim
                0x80014448                _vt_22ObjectFinishedSignAnim
                0x80014460                _vt_15ObjectMultiAnim
                0x80014478                _vt_23ObjectFinishedMultiAnim
                0x80014490                D_800560E8
                0x800144c4                _vt_6tPMenu
                0x800144ec                _vt_23tPMenuItemCommandButton
                0x80014524                _vt_24tPMenuItemGoToMenuButton
                0x8001455c                _vt_32tPMenuItemLeftRightSliderIndexed
                0x80014594                _vt_25tPMenuItemLeftRightSlider
                0x800145cc                _vt_25tPMenuItemLeftRightChoice
                0x80014604                _vt_21tPMenuItemInteractive
                0x8001463c                _vt_28tPMenuItemNonInteractiveText
                0x80014674                _vt_10tPMenuItem
                0x800146ac                _vt_21tPListIteratorIndexed
                0x800146dc                _vt_14tPListIterator
                0x80014718                D_80056370
                0x80014738                D_80056390
                0x80014764                D_800563BC
                0x80014770                D_800563C8
                0x8001477c                D_800563D4
                0x8001478c                D_800563E4
                0x80014798                D_800563F0
                0x800147a4                D_800563FC
                0x800147b4                D_8005640C
 build/asm/data/rdata_80054548_j11.rodata.s.o(.rodata)
 .rodata        0x800147c0       0x58 build/asm/data/rdata_80054548_j11.rodata.s.o
                0x800147c0                jtbl_80056418
 build/asm/data/rdata_80054548_j12.rodata.s.o(.rodata)
 .rodata        0x80014818       0x18 build/asm/data/rdata_80054548_j12.rodata.s.o
                0x80014818                jtbl_80056470
 build/asm/data/rdata_80054548_j13.rodata.s.o(.rodata)
 .rodata        0x80014830       0x58 build/asm/data/rdata_80054548_j13.rodata.s.o
                0x80014830                jtbl_80056488
 build/asm/data/rdata_80054548_j14.rodata.s.o(.rodata)
 .rodata        0x80014888       0x54 build/asm/data/rdata_80054548_j14.rodata.s.o
                0x80014888                jtbl_800564E0
 build/asm/data/rdata_80054548_r09.rodata.s.o(.rodata)
 .rodata        0x800148dc       0x44 build/asm/data/rdata_80054548_r09.rodata.s.o
                0x800148dc                D_80056534
                0x800148f4                D_8005654C
                0x80014904                D_8005655C
                0x80014910                D_80056568
 build/asm/data/rdata_80054548_j15.rodata.s.o(.rodata)
 .rodata        0x80014920       0x14 build/asm/data/rdata_80054548_j15.rodata.s.o
                0x80014920                jtbl_80056578
 build/asm/data/rdata_80054548_r10.rodata.s.o(.rodata)
 .rodata        0x80014934      0x104 build/asm/data/rdata_80054548_r10.rodata.s.o
                0x80014934                D_8005658C
                0x80014940                D_80056598
                0x8001494c                D_800565A4
                0x800149ec                D_80056644
                0x800149f8                D_80056650
                0x80014a04                D_8005665C
                0x80014a10                D_80056668
                0x80014a1c                D_80056674
                0x80014a28                D_80056680
 build/asm/data/rdata_80054548_j16.rodata.s.o(.rodata)
 .rodata        0x80014a38       0x94 build/asm/data/rdata_80054548_j16.rodata.s.o
                0x80014a38                jtbl_80056690
 build/asm/data/rdata_80054548_r11.rodata.s.o(.rodata)
 .rodata        0x80014acc       0x64 build/asm/data/rdata_80054548_r11.rodata.s.o
                0x80014acc                D_80056724
                0x80014ad8                D_80056730
                0x80014afc                D_80056754
                0x80014b14                D_8005676C
                0x80014b20                D_80056778
 build/asm/data/rdata_80054548_j17.rodata.s.o(.rodata)
 .rodata        0x80014b30       0x74 build/asm/data/rdata_80054548_j17.rodata.s.o
                0x80014b30                jtbl_80056788
 build/asm/data/rdata_80054548_r12.rodata.s.o(.rodata)
 .rodata        0x80014ba4       0x50 build/asm/data/rdata_80054548_r12.rodata.s.o
                0x80014ba4                D_800567FC
                0x80014bbc                D_80056814
 build/asm/data/rdata_80054548_j18.rodata.s.o(.rodata)
 .rodata        0x80014bf4       0x38 build/asm/data/rdata_80054548_j18.rodata.s.o
                0x80014bf4                jtbl_8005684C
 build/asm/data/rdata_80054548_r13.rodata.s.o(.rodata)
 .rodata        0x80014c2c       0x10 build/asm/data/rdata_80054548_r13.rodata.s.o
                0x80014c2c                D_80056884
 build/asm/data/rdata_80054548_j19.rodata.s.o(.rodata)
 .rodata        0x80014c3c       0x14 build/asm/data/rdata_80054548_j19.rodata.s.o
                0x80014c3c                jtbl_80056894
 build/asm/data/rdata_80054548_r14.rodata.s.o(.rodata)
 .rodata        0x80014c50       0xf4 build/asm/data/rdata_80054548_r14.rodata.s.o
                0x80014c50                D_800568A8
                0x80014c5c                D_800568B4
                0x80014c68                D_800568C0
                0x80014c84                D_800568DC
                0x80014c94                D_800568EC
                0x80014ca0                D_800568F8
                0x80014cac                D_80056904
                0x80014cc0                D_80056918
                0x80014ce0                D_80056938
                0x80014cf0                D_80056948
                0x80014cfc                D_80056954
                0x80014d14                D_8005696C
                0x80014d20                D_80056978
 build/asm/data/rdata_80054548_j20.rodata.s.o(.rodata)
 .rodata        0x80014d44       0x38 build/asm/data/rdata_80054548_j20.rodata.s.o
                0x80014d44                jtbl_8005699C
 build/asm/data/rdata_80054548_j21.rodata.s.o(.rodata)
 .rodata        0x80014d7c       0x34 build/asm/data/rdata_80054548_j21.rodata.s.o
                0x80014d7c                jtbl_800569D4
 build/asm/data/rdata_80054548_r15.rodata.s.o(.rodata)
 .rodata        0x80014db0       0x90 build/asm/data/rdata_80054548_r15.rodata.s.o
                0x80014db0                D_80056A08
                0x80014dbc                D_80056A14
                0x80014dc8                D_80056A20
                0x80014dd4                D_80056A2C
                0x80014de0                D_80056A38
                0x80014dec                D_80056A44
                0x80014df8                D_80056A50
                0x80014e04                D_80056A5C
                0x80014e10                D_80056A68
                0x80014e20                D_80056A78
                0x80014e30                D_80056A88
 build/asm/data/rdata_80054548_j22.rodata.s.o(.rodata)
 .rodata        0x80014e40       0x14 build/asm/data/rdata_80054548_j22.rodata.s.o
                0x80014e40                jtbl_80056A98
 build/asm/data/rdata_80054548_r16.rodata.s.o(.rodata)
 .rodata        0x80014e54       0xb4 build/asm/data/rdata_80054548_r16.rodata.s.o
                0x80014e54                D_80056AAC
                0x80014e60                D_80056AB8
                0x80014e6c                D_80056AC4
                0x80014e7c                D_80056AD4
                0x80014ea4                D_80056AFC
                0x80014eb0                D_80056B08
                0x80014ebc                D_80056B14
                0x80014ec8                D_80056B20
                0x80014ed4                D_80056B2C
                0x80014ee0                D_80056B38
                0x80014ef4                D_80056B4C
 build/asm/data/rdata_80054548_j23.rodata.s.o(.rodata)
 .rodata        0x80014f08       0xb8 build/asm/data/rdata_80054548_j23.rodata.s.o
                0x80014f08                jtbl_80056B60
 build/asm/data/rdata_80054548_r17.rodata.s.o(.rodata)
 .rodata        0x80014fc0       0x54 build/asm/data/rdata_80054548_r17.rodata.s.o
                0x80014fc0                D_80056C18
                0x80014fd0                D_80056C28
                0x80014fe0                D_80056C38
                0x80014fec                D_80056C44
                0x80014ff8                D_80056C50
                0x80015004                D_80056C5C
 build/asm/data/rdata_80054548_j24.rodata.s.o(.rodata)
 .rodata        0x80015014       0x28 build/asm/data/rdata_80054548_j24.rodata.s.o
                0x80015014                jtbl_80056C6C
 build/asm/data/rdata_80054548_j25.rodata.s.o(.rodata)
 .rodata        0x8001503c       0x24 build/asm/data/rdata_80054548_j25.rodata.s.o
                0x8001503c                jtbl_80056C94
 build/asm/data/rdata_80054548_j26.rodata.s.o(.rodata)
 .rodata        0x80015060       0x20 build/asm/data/rdata_80054548_j26.rodata.s.o
                0x80015060                jtbl_80056CB8
 build/asm/data/rdata_80054548_r18.rodata.s.o(.rodata)
 .rodata        0x80015080      0x220 build/asm/data/rdata_80054548_r18.rodata.s.o
                0x80015080                D_80056CD8
                0x800150b8                D_80056D10
                0x800150d8                D_80056D30
                0x80015148                D_80056DA0
                0x8001515c                D_80056DB4
                0x80015170                D_80056DC8
                0x8001517c                D_80056DD4
                0x80015190                D_80056DE8
                0x80015194                D_80056DEC
                0x800151ac                D_80056E04
                0x800151b8                D_80056E10
                0x800151c4                D_80056E1C
                0x800151e8                D_80056E40
                0x80015200                D_80056E58
                0x80015214                D_80056E6C
                0x80015248                D_80056EA0
                0x80015260                D_80056EB8
 build/asm/data/rdata_80054548_j27.rodata.s.o(.rodata)
 .rodata        0x800152a0       0x20 build/asm/data/rdata_80054548_j27.rodata.s.o
                0x800152a0                jtbl_80056EF8
 build/asm/data/rdata_80054548_r19.rodata.s.o(.rodata)
 .rodata        0x800152c0       0xa4 build/asm/data/rdata_80054548_r19.rodata.s.o
                0x800152c0                D_80056F18
                0x800152cc                D_80056F24
                0x800152d8                D_80056F30
                0x800152e4                D_80056F3C
                0x80015328                D_80056F80
                0x80015344                D_80056F9C
 build/asm/data/rdata_80054548_j28.rodata.s.o(.rodata)
 .rodata        0x80015364       0x1c build/asm/data/rdata_80054548_j28.rodata.s.o
                0x80015364                jtbl_80056FBC
 build/asm/data/rdata_80054548_j29.rodata.s.o(.rodata)
 .rodata        0x80015380       0x88 build/asm/data/rdata_80054548_j29.rodata.s.o
                0x80015380                jtbl_80056FD8
 build/asm/data/rdata_80054548_r20.rodata.s.o(.rodata)
 .rodata        0x80015408       0x18 build/asm/data/rdata_80054548_r20.rodata.s.o
                0x80015408                D_80057060
 build/asm/data/rdata_80054548_j30.rodata.s.o(.rodata)
 .rodata        0x80015420       0x88 build/asm/data/rdata_80054548_j30.rodata.s.o
                0x80015420                jtbl_80057078
 build/asm/data/rdata_80054548_r21.rodata.s.o(.rodata)
 .rodata        0x800154a8      0x298 build/asm/data/rdata_80054548_r21.rodata.s.o
                0x800154a8                D_80057100
                0x800154b8                D_80057110
                0x800154d8                D_80057130
                0x800154f4                D_8005714C
                0x80015504                D_8005715C
                0x80015514                D_8005716C
                0x80015528                D_80057180
                0x80015544                D_8005719C
                0x8001555c                D_800571B4
                0x80015578                D_800571D0
                0x80015598                D_800571F0
                0x800155a4                D_800571FC
                0x800155b4                D_8005720C
                0x800155e0                D_80057238
                0x800155e8                D_80057240
                0x80015618                D_80057270
                0x8001563c                D_80057294
                0x8001565c                D_800572B4
                0x80015670                D_800572C8
                0x80015694                D_800572EC
                0x800156b4                D_8005730C
                0x800156d0                D_80057328
                0x800156d4                D_8005732C
                0x800156d6                D_8005732E
                0x800156d8                D_80057330
                0x800156f4                D_8005734C
                0x80015718                D_80057370
 build/asm/data/rdata_80054548_j31.rodata.s.o(.rodata)
 .rodata        0x80015740       0x80 build/asm/data/rdata_80054548_j31.rodata.s.o
                0x80015740                jtbl_80057398
 build/asm/data/rdata_80054548_r22.rodata.s.o(.rodata)
 .rodata        0x800157c0       0xd8 build/asm/data/rdata_80054548_r22.rodata.s.o
                0x800157c0                D_80057418
                0x800157e8                D_80057440
                0x8001580c                D_80057464
                0x80015838                D_80057490
                0x80015868                D_800574C0
                0x80015888                D_800574E0
 build/asm/data/rdata_80054548_j32.rodata.s.o(.rodata)
 .rodata        0x80015898       0x48 build/asm/data/rdata_80054548_j32.rodata.s.o
                0x80015898                jtbl_800574F0
 build/asm/data/rdata_80054548_j33.rodata.s.o(.rodata)
 .rodata        0x800158e0       0x80 build/asm/data/rdata_80054548_j33.rodata.s.o
                0x800158e0                jtbl_80057538
 build/asm/data/rdata_80054548_r23.rodata.s.o(.rodata)
 .rodata        0x80015960      0x230 build/asm/data/rdata_80054548_r23.rodata.s.o
                0x80015960                D_800575B8
                0x800159b0                D_80057608
                0x800159cc                D_80057624
                0x80015b1c                D_80057774
                0x80015b2c                D_80057784
                0x80015b48                D_800577A0
                0x80015b54                D_800577AC
                0x80015b70                D_800577C8
                0x80015b84                D_800577DC
 build/asm/data/rdata_80054548_j34.rodata.s.o(.rodata)
 .rodata        0x80015b90       0x14 build/asm/data/rdata_80054548_j34.rodata.s.o
                0x80015b90                jtbl_800577E8
 build/asm/data/rdata_80054548_r24.rodata.s.o(.rodata)
 .rodata        0x80015ba4      0x16c build/asm/data/rdata_80054548_r24.rodata.s.o
                0x80015ba4                D_800577FC
                0x80015bac                D_80057804
                0x80015bb8                D_80057810
                0x80015bc0                D_80057818
                0x80015bd0                D_80057828
                0x80015c10                D_80057868
                0x80015c1c                D_80057874
                0x80015c28                D_80057880
                0x80015c40                D_80057898
                0x80015c58                D_800578B0
                0x80015c70                D_800578C8
                0x80015c90                D_800578E8
                0x80015cb0                D_80057908
                0x80015cc0                D_80057918
                0x80015cdc                D_80057934
                0x80015cf0                D_80057948
 build/asm/data/rdata_80054548_j35.rodata.s.o(.rodata)
 .rodata        0x80015d10       0x14 build/asm/data/rdata_80054548_j35.rodata.s.o
                0x80015d10                jtbl_80057968
 build/src/main.c.o(.rodata)
 build/src/*(.rodata)
                0x80015d30                        . = ALIGN (., 0x10)
 *fill*         0x80015d24        0xc 00000000
                0x80015d30                        nfs4_RODATA_END = .
                0x00005d30                        nfs4_RODATA_SIZE = ABSOLUTE ((nfs4_RODATA_END - nfs4_RODATA_START))
                0x80015d30                        nfs4_TEXT_START = .
 build/src/front.c.o(.text)
 .text          0x80015d30        0x0 build/src/front.c.o
 build/src/main.c.o(.text)
 .text          0x80015d30        0x0 build/src/main.c.o
 build/src/*(.text)
                0x80015d30                        . = ALIGN (., 0x10)
                0x80015d30                        nfs4_TEXT_END = .
                0x00000000                        nfs4_TEXT_SIZE = ABSOLUTE ((nfs4_TEXT_END - nfs4_TEXT_START))
                0x80015d30                        nfs4_DATA_START = .
 build/asm/data/front_data_r00.data.s.o(.data)
 .data          0x80015d30      0x358 build/asm/data/front_data_r00.data.s.o
                0x80015d30                showRoomFlag
                0x80015d30                _front_data_org
                0x80015d34                gMenuRotate
                0x80015d3c                Fe3D_spotVertex
                0x80015dfc                D_8005132C
                0x80015e04                Fe3D_lightsVertex
                0x80015f84                gShowroomLights
                0x80015f88                gLargestUnused
                0x80015f8c                D_800514BC
                0x80015f90                FEApp
                0x80015f98                gStopCommentaryNow
                0x80015f9c                gCurrentVIV
                0x80015fa0                allLanguages
                0x80015fb8                ginfo
                0x80015fc8                D_800514F8
                0x80015fdc                speechfileHeader
                0x80015fe0                currentSpeechViv
                0x80016008                commentaryActualLevel
                0x80016010                cars_disableBonuses
                0x80016014                gCarSelected
                0x80016078                D_800515A8
                0x8001607c                PulsateYellow
                0x80016080                fHelpText
 build/asm/data/front_data_o00.data.s.o(.data)
 .data          0x80016088       0x58 build/asm/data/front_data_o00.data.s.o
                0x80016088                textDefinitions
                0x800160a5                D_800515D5
                0x800160b1                D_800515E1
                0x800160bc                D_800515EC
                0x800160cd                D_800515FD
                0x800160cf                D_800515FF
                0x800160dc                gSemiTransText
 build/asm/data/front_data_r01.data.s.o(.data)
 .data          0x800160e0       0xb8 build/asm/data/front_data_r01.data.s.o
                0x800160e0                CountryMeasurement
                0x800160f0                tracks_maxTrackIndex
                0x800160f8                D_80051628
                0x80016170                D_800516A0
 build/asm/data/front_data_o01.data.s.o(.data)
 .data          0x80016198       0x70 build/asm/data/front_data_o01.data.s.o
                0x80016198                kRGBVals
 build/asm/data/front_data_r02.data.s.o(.data)
 .data          0x80016208        0x4 build/asm/data/front_data_r02.data.s.o
                0x80016208                D_80051738
 build/asm/data/front_data_o02.data.s.o(.data)
 .data          0x8001620c       0x80 build/asm/data/front_data_o02.data.s.o
                0x8001620c                getKeyMappings
 build/asm/data/front_data_r03.data.s.o(.data)
 .data          0x8001628c      0x89c build/asm/data/front_data_r03.data.s.o
                0x8001628c                D_800517BC
                0x80016290                gMenu_SubMenuPlayer
                0x80016298                _7tScreen_fSuppressLoadingText
                0x8001629c                gCurrentShapes
                0x800162a0                FeTools_gScrollTicksOut
                0x800162a4                font12
                0x800162a8                font18
                0x800162ac                fontTitle
                0x800162b0                currentSize
                0x800162b8                overRide
                0x800162bc                ComingIntoTheFrontEndTheVeryFirstTime
                0x800162c0                D_800517F0
                0x8001634c                D_8005187C
                0x800163d8                gFE_Cheats
                0x800163e0                gPSXMemCardFull
                0x800163e4                colourChosen
                0x80016404                gAllScreens
                0x80016408                memCardReadOK
                0x8001640c                CarLineup
                0x80016430                picked
                0x80016440                SelectListNull
                0x80016444                SelectListOffOn
                0x8001644c                SelectListNormal
                0x80016454                SelectListOpponentUpgrades
                0x8001645c                SelectListTrackDirection
                0x80016464                SelectListTransmission
                0x8001646c                SelectListDisplaySpeed
                0x80016478                SelectListDisplayMap
                0x80016480                SelectListDisplayOpponentID
                0x80016488                SelectListSplitTime
                0x80016490                SelectListSplitDisplay
                0x80016498                SelectListUpgrades
                0x800164a0                SelectListControllerConfig
                0x800164a8                SelectListAudioMode
                0x800164b0                D_800519E0
                0x80016528                menuDefs
                0x80016530                D_80051A60
                0x80016534                D_80051A64
                0x80016538                CURRENTPLAYER
                0x8001653c                productCode
                0x80016548                nomessage
                0x8001654c                CURRENTLYUSINGMEMCARD
                0x80016550                MEMCARD_INITIALIZED
                0x80016554                textSysMemCardFail_Index
                0x80016570                CREDFADETICKS
                0x80016574                D_80051AA4
                0x80016578                D_80051AA8
                0x80016588                D_80051AB8
                0x800165f8                D_80051B28
                0x80016638                D_80051B68
                0x80016648                D_80051B78
                0x80016650                D_80051B80
                0x80016658                D_80051B88
                0x80016660                D_80051B90
                0x80016668                D_80051B98
                0x80016670                D_80051BA0
                0x80016678                D_80051BA8
                0x80016680                D_80051BB0
                0x80016688                D_80051BB8
                0x80016690                D_80051BC0
                0x80016698                D_80051BC8
                0x800166a0                D_80051BD0
                0x800166a8                D_80051BD8
                0x800166b0                D_80051BE0
                0x800166b8                D_80051BE8
                0x800166c0                D_80051BF0
                0x800166c8                D_80051BF8
                0x800166d0                D_80051C00
                0x800166d8                D_80051C08
                0x800166e0                D_80051C10
                0x800166e8                D_80051C18
                0x800166f0                D_80051C20
                0x800166f8                D_80051C28
                0x80016700                D_80051C30
                0x80016708                D_80051C38
                0x80016710                D_80051C40
                0x80016718                D_80051C48
                0x80016720                D_80051C50
                0x80016728                D_80051C58
                0x80016730                D_80051C60
                0x80016738                D_80051C68
                0x80016740                D_80051C70
                0x80016748                D_80051C78
                0x80016928                screenMain
                0x80016930                D_80051E60
                0x80016934                screenPinkSlips
                0x80016938                screenTournamentStandings
                0x8001693c                screenTournamentStandings3item
                0x80016940                screenPinkSlipStandings
                0x80016948                D_80051E78
                0x800169e8                D_80051F18
                0x80016a28                D_80051F58
                0x80016a3c                D_80051F6C
                0x80016a48                D_80051F78
                0x80016a54                D_80051F84
                0x80016a68                D_80051F98
                0x80016a74                D_80051FA4
                0x80016a94                D_80051FC4
                0x80016b04                PinkSlipsScreenState
                0x80016b0c                screenCarSelect
                0x80016b10                screenCarSelectDuel
                0x80016b14                screenCarSelectTwoPlayer
                0x80016b18                screenCarSelectPlayerTwo
                0x80016b1c                screenPinkSlipsCarSelectTwoPlayer
                0x80016b20                screenPinkSlipsCarSelectPlayerTwo
 build/asm/data/front_data_o03.data.s.o(.data)
 .data          0x80016b28        0x8 build/asm/data/front_data_o03.data.s.o
                0x80016b28                D_80052058
                0x80016b2c                screenTournSelect
 build/asm/data/front_data_o04.data.s.o(.data)
 .data          0x80016b30       0x14 build/asm/data/front_data_o04.data.s.o
                0x80016b30                screenTrophyRoom
                0x80016b34                gSwapFileName
 build/asm/data/front_data_r04.data.s.o(.data)
 .data          0x80016b44       0x2c build/asm/data/front_data_r04.data.s.o
                0x80016b44                D_80052074
                0x80016b48                kBannerColors
                0x80016b58                screenTrophyInfo
                0x80016b5c                gSwapFileNameTI
 build/asm/data/front_data_o05.data.s.o(.data)
 .data          0x80016b70       0x18 build/asm/data/front_data_o05.data.s.o
                0x80016b70                D_800520A0
                0x80016b84                screenTrackSelect
 build/asm/data/front_data_o06.data.s.o(.data)
 .data          0x80016b88       0x18 build/asm/data/front_data_o06.data.s.o
                0x80016b88                D_800520B8
                0x80016b9c                screenTrackInfo
 build/asm/data/front_data_r05.data.s.o(.data)
 .data          0x80016ba0      0x808 build/asm/data/front_data_r05.data.s.o
                0x80016ba0                screenTrackRecords
                0x80016ba8                D_800520D8
                0x80016bb8                D_800520E8
                0x80016bd4                ArrowLocations
                0x80016e68                TextLocations
                0x80017188                NumTexts
                0x800171b4                ControllerItemIndex
                0x80017394                D_800528C4
                0x80017398                D_800528C8
                0x8001739c                D_800528CC
                0x800173a0                screenControllerConfig
 build/asm/data/front_data_o07.data.s.o(.data)
 .data          0x800173a8        0x4 build/asm/data/front_data_o07.data.s.o
                0x800173a8                screenDisplay
 build/asm/data/front_data_r06.data.s.o(.data)
 .data          0x800173ac        0xc build/asm/data/front_data_r06.data.s.o
                0x800173ac                D_800528DC
                0x800173b0                D_800528E0
                0x800173b4                D_800528E4
 build/asm/data/front_data_o08.data.s.o(.data)
 .data          0x800173b8        0x4 build/asm/data/front_data_o08.data.s.o
                0x800173b8                screenAudio
 build/asm/data/front_data_r07.data.s.o(.data)
 .data          0x800173bc       0xb4 build/asm/data/front_data_r07.data.s.o
                0x800173bc                D_800528EC
                0x800173c0                screenMemcard
                0x800173c4                GRIDMEMCARD_STARTX
                0x800173c8                GRIDMEMCARD_STARTY
                0x800173cc                MEMCARD_DELTAX
                0x800173d0                MEMCARD_DELTAY
                0x800173d4                kMemCardMessageH
                0x800173d8                kMemCardMessageH1
                0x800173dc                EXTRAYATTOP
                0x800173e0                GRIDMEMCARD_WIDTH
                0x800173e4                GRIDMEMCARD_HEIGHT
                0x800173e8                GRIDMEMCARDGOURAUDBIT_X
                0x800173ec                GRIDMEMCARDGOURAUDBIT_Y
                0x800173f0                MEMCARDICONOFFX
                0x800173f4                MEMCARDICONOFFY
                0x800173f8                kMemCardMessage1X
                0x800173fc                kMemCardMessage1Y
                0x80017400                kMemCardMessageX
                0x80017404                kMemCardMessageY
                0x80017408                fMemIcon
                0x80017410                D_80052940
                0x80017414                screenPinkSlipCongrats
                0x80017418                screenTournamentTrophy
                0x8001741c                screenBeTheCopCongrats
                0x80017420                screenTournamentCongrats
                0x80017424                congratsSwapFileName
                0x80017434                fPermFileNameBuf
                0x80017448                NewRecords
                0x80017468                NewBestLap
 build/asm/data/front_data_o09.data.s.o(.data)
 .data          0x80017470       0x10 build/asm/data/front_data_o09.data.s.o
                0x80017470                minChar
                0x80017478                secChar
 build/asm/data/front_data_r08.data.s.o(.data)
 .data          0x80017480      0x188 build/asm/data/front_data_r08.data.s.o
                0x80017480                menu_kUserNameRows
                0x80017482                MENUUSERNAME_STARTY
                0x80017484                screenUserName
                0x80017488                UserPermFileName
                0x800174a0                kNoColor
                0x800174a8                movienames
                0x800174bc                movieframes
                0x800174c8                movie24bit
                0x800174dc                movieheight
                0x800174e8                moviewidth
                0x800174f4                D_80052A24
                0x800174f8                D_80052A28
                0x800174fc                user_exit
                0x800174fe                skip_all
                0x800174ff                gPlayerNum
                0x80017500                download
                0x80017504                fp
                0x80017520                gFadeBrightness
                0x80017524                D_80052A54
                0x80017528                creditShapeFile
                0x80017530                D_80052A60
                0x80017534                gHelpShapes
                0x80017538                gCarObj
                0x8001753c                D_80052A6C
                0x80017540                titleScreenDisplayed
                0x80017548                D_80052A78
                0x80017554                D_80052A84
                0x80017598                D_80052AC8
                0x800175a0                D_80052AD0
                0x800175f8                gMDECinfo
                0x80017600                g_mdecdrawsyncfailed
 build/asm/data/front_bss.data.s.o(.data)
 .data          0x80017608     0x1a10 build/asm/data/front_bss.data.s.o
                0x80017608                _front_data_orgend
                0x80017628                D_80052B58
                0x80017630                D_80052B60
                0x80017638                D_80052B68
                0x80017660                D_80052B90
                0x80017680                D_80052BB0
                0x800176a0                D_80052BD0
                0x800176c0                D_80052BF0
                0x800176d0                D_80052C00
                0x800176e8                D_80052C18
                0x800176f8                D_80052C28
                0x80017728                D_80052C58
                0x80017760                D_80052C90
                0x80017770                D_80052CA0
                0x80017788                D_80052CB8
                0x800177c8                D_80052CF8
                0x800177cc                D_80052CFC
                0x800177ce                D_80052CFE
                0x800177d0                D_80052D00
                0x800177d4                D_80052D04
                0x800177d8                D_80052D08
                0x800177da                D_80052D0A
                0x800177dc                D_80052D0C
                0x800177e0                D_80052D10
                0x800177e4                D_80052D14
                0x800177e8                D_80052D18
                0x800177ec                D_80052D1C
                0x800177f0                D_80052D20
                0x800177f8                D_80052D28
                0x80017808                D_80052D38
                0x8001781c                D_80052D4C
                0x80017828                D_80052D58
                0x8001782c                D_80052D5C
                0x80017830                D_80052D60
                0x80017834                D_80052D64
                0x80017838                gMemCardInfo
                0x8001783c                D_80052D6C
                0x8001783d                D_80052D6D
                0x8001783e                D_80052D6E
                0x80017858                D_80052D88
                0x80017868                D_80052D98
                0x8001786c                D_80052D9C
                0x80017874                D_80052DA4
                0x80017a98                D_80052FC8
 build/asm/data/rdata_80010000_r00.rodata.s.o(.data)
 .data          0x80019018        0x0 build/asm/data/rdata_80010000_r00.rodata.s.o
 build/asm/data/rdata_80010000_j00.rodata.s.o(.data)
 .data          0x80019018        0x0 build/asm/data/rdata_80010000_j00.rodata.s.o
 build/asm/data/rdata_80010000_r01.rodata.s.o(.data)
 .data          0x80019018        0x0 build/asm/data/rdata_80010000_r01.rodata.s.o
 build/asm/data/rdata_80010000_j01.rodata.s.o(.data)
 .data          0x80019018        0x0 build/asm/data/rdata_80010000_j01.rodata.s.o
 build/asm/data/rdata_80010000_r02.rodata.s.o(.data)
 .data          0x80019018        0x0 build/asm/data/rdata_80010000_r02.rodata.s.o
 build/asm/data/rdata_80010000_j02.rodata.s.o(.data)
 .data          0x80019018        0x0 build/asm/data/rdata_80010000_j02.rodata.s.o
 build/asm/data/rdata_80010000_r03.rodata.s.o(.data)
 .data          0x80019018        0x0 build/asm/data/rdata_80010000_r03.rodata.s.o
 build/asm/data/rdata_80010000_j03.rodata.s.o(.data)
 .data          0x80019018        0x0 build/asm/data/rdata_80010000_j03.rodata.s.o
 build/asm/data/rdata_80010000_r04.rodata.s.o(.data)
 .data          0x80019018        0x0 build/asm/data/rdata_80010000_r04.rodata.s.o
 build/asm/data/rdata_80010000_j04.rodata.s.o(.data)