C:/Tools/mips-ps1/mips/bin/mipsel-none-elf-ld.exe: build/src/eaclib/psx/eacpsxz/callback.c.o: in function `allocmutex':
(.text+0x4): undefined reference to `mutexbuf'
C:/Tools/mips-ps1/mips/bin/mipsel-none-elf-ld.exe: (.text+0x8): undefined reference to `mutexbuf'
C:/Tools/mips-ps1/mips/bin/mipsel-none-elf-ld.exe: (.text+0x3c): undefined reference to `mutexbuf'
C:/Tools/mips-ps1/mips/bin/mipsel-none-elf-ld.exe: (.text+0x40): undefined reference to `mutexbuf'
C:/Tools/mips-ps1/mips/bin/mipsel-none-elf-ld.exe: build/src/eaclib/psx/eacpsxz/fastmovf.c.o: in function `fastmovfxya':
(.text+0x2c): undefined reference to `currentwindow'
C:/Tools/mips-ps1/mips/bin/mipsel-none-elf-ld.exe: (.text+0x30): undefined reference to `currentwindow'
C:/Tools/mips-ps1/mips/bin/mipsel-none-elf-ld.exe: build/src/eaclib/psx/eacpsxz/fileroot.c.o: in function `setdirectory':
(.text+0x144): undefined reference to `currentdirectory'
C:/Tools/mips-ps1/mips/bin/mipsel-none-elf-ld.exe: (.text+0x148): undefined reference to `currentdirectory'
C:/Tools/mips-ps1/mips/bin/mipsel-none-elf-ld.exe: build/src/eaclib/psx/eacpsxz/fileroot.c.o: in function `openfile':
(.text+0x31c): undefined reference to `currentdirectory'
C:/Tools/mips-ps1/mips/bin/mipsel-none-elf-ld.exe: (.text+0x324): undefined reference to `currentdirectory'
C:/Tools/mips-ps1/mips/bin/mipsel-none-elf-ld.exe: build/src/eaclib/psx/eacpsxz/fileroot.c.o: in function `readfile':
(.text+0x50c): undefined reference to `readcmd'
C:/Tools/mips-ps1/mips/bin/mipsel-none-elf-ld.exe: (.text+0x510): undefined reference to `readcmd'
C:/Tools/mips-ps1/mips/bin/mipsel-none-elf-ld.exe: (.text+0x51c): undefined reference to `readcmd'
C:/Tools/mips-ps1/mips/bin/mipsel-none-elf-ld.exe: (.text+0x524): undefined reference to `readcmd'
C:/Tools/mips-ps1/mips/bin/mipsel-none-elf-ld.exe: build/src/eaclib/psx/eacpsxz/fileroot.c.o: in function `readfile_systask':
(.text+0x580): undefined reference to `readcmd'
C:/Tools/mips-ps1/mips/bin/mipsel-none-elf-ld.exe: build/src/eaclib/psx/eacpsxz/fileroot.c.o:(.text+0x584): more undefined references to `readcmd' follow
C:/Tools/mips-ps1/mips/bin/mipsel-none-elf-ld.exe: build/src/eaclib/psx/eacpsxz/inittmr.c.o: in function `initmemadr':
(.text+0x50): undefined reference to `memclass'
C:/Tools/mips-ps1/mips/bin/mipsel-none-elf-ld.exe: (.text+0x54): undefined reference to `memclass'
C:/Tools/mips-ps1/mips/bin/mipsel-none-elf-ld.exe: (.text+0x58): undefined reference to `memclass'
C:/Tools/mips-ps1/mips/bin/mipsel-none-elf-ld.exe: build/src/eaclib/psx/eacpsxz/memstd.c.o: in function `MEM_infosize':
(.text+0x294): undefined reference to `memclass'
C:/Tools/mips-ps1/mips/bin/mipsel-none-elf-ld.exe: (.text+0x298): undefined reference to `memclass'
C:/Tools/mips-ps1/mips/bin/mipsel-none-elf-ld.exe: build/src/eaclib/psx/eacpsxz/memstd.c.o:(.text+0x2c0): more undefined references to `memclass' follow
C:/Tools/mips-ps1/mips/bin/mipsel-none-elf-ld.exe: build/src/eaclib/psx/eacpsxz/movf.c.o: in function `movfxya':
(.text+0x300): undefined reference to `currentwindow'
C:/Tools/mips-ps1/mips/bin/mipsel-none-elf-ld.exe: (.text+0x304): undefined reference to `currentwindow'
C:/Tools/mips-ps1/mips/bin/mipsel-none-elf-ld.exe: build/src/eaclib/psx/eacpsxz/resize.c.o: in function `resizememadr':
(.text+0x18): undefined reference to `memclass'
C:/Tools/mips-ps1/mips/bin/mipsel-none-elf-ld.exe: (.text+0x1c): undefined reference to `memclass'
C:/Tools/mips-ps1/mips/bin/mipsel-none-elf-ld.exe: build/src/eaclib/psx/pad.c.o: in function `padinit':
(.text+0x8): undefined reference to `gPadinfo'
C:/Tools/mips-ps1/mips/bin/mipsel-none-elf-ld.exe: (.text+0xc): undefined reference to `gPadinfo'
C:/Tools/mips-ps1/mips/bin/mipsel-none-elf-ld.exe: (.text+0x24): undefined reference to `Padglobal'
C:/Tools/mips-ps1/mips/bin/mipsel-none-elf-ld.exe: (.text+0x28): undefined reference to `Padglobal'
C:/Tools/mips-ps1/mips/bin/mipsel-none-elf-ld.exe: build/src/eaclib/psx/pad.c.o: in function `PAD_restore':
(.text+0x78): undefined reference to `gPadinfo'
C:/Tools/mips-ps1/mips/bin/mipsel-none-elf-ld.exe: (.text+0x7c): undefined reference to `gPadinfo'
C:/Tools/mips-ps1/mips/bin/mipsel-none-elf-ld.exe: build/src/eaclib/psx/pad.c.o: in function `PAD_state':
(.text+0xc8): undefined reference to `gPadinfo'
C:/Tools/mips-ps1/mips/bin/mipsel-none-elf-ld.exe: (.text+0xcc): undefined reference to `gPadinfo'
C:/Tools/mips-ps1/mips/bin/mipsel-none-elf-ld.exe: build/src/eaclib/psx/pad.c.o: in function `PAD_update':
(.text+0x150): undefined reference to `Padglobal'
C:/Tools/mips-ps1/mips/bin/mipsel-none-elf-ld.exe: (.text+0x158): undefined reference to `Padglobal'
C:/Tools/mips-ps1/mips/bin/mipsel-none-elf-ld.exe: (.text+0x170): undefined reference to `Padglobal'
C:/Tools/mips-ps1/mips/bin/mipsel-none-elf-ld.exe: (.text+0x174): undefined reference to `Padglobal'
C:/Tools/mips-ps1/mips/bin/mipsel-none-elf-ld.exe: build/src/eaclib/psx/sndpsxz/s3dpos.c.o: in function `iSNDplatform3dpos':
(.text+0x24): undefined reference to `D_801479F0'
C:/Tools/mips-ps1/mips/bin/mipsel-none-elf-ld.exe: (.text+0x28): undefined reference to `D_801479F0'
C:/Tools/mips-ps1/mips/bin/mipsel-none-elf-ld.exe: build/src/eaclib/psx/sndpsxz/salloc.c.o: in function `iSNDischanreserved':
(.text+0x8): undefined reference to `sndchanreserved'
C:/Tools/mips-ps1/mips/bin/mipsel-none-elf-ld.exe: (.text+0xc): undefined reference to `sndchanreserved'
C:/Tools/mips-ps1/mips/bin/mipsel-none-elf-ld.exe: build/src/eaclib/psx/sndpsxz/salloc.c.o: in function `iSNDallocchan':
(.text+0x90): undefined reference to `sndchanreserved'
C:/Tools/mips-ps1/mips/bin/mipsel-none-elf-ld.exe: (.text+0x94): undefined reference to `sndchanreserved'
C:/Tools/mips-ps1/mips/bin/mipsel-none-elf-ld.exe: (.text+0xdc): undefined reference to `sndgs'
C:/Tools/mips-ps1/mips/bin/mipsel-none-elf-ld.exe: (.text+0xe0): undefined reference to `sndgs'
C:/Tools/mips-ps1/mips/bin/mipsel-none-elf-ld.exe: (.text+0xe4): undefined reference to `sndchanreserved'
C:/Tools/mips-ps1/mips/bin/mipsel-none-elf-ld.exe: (.text+0xe8): undefined reference to `sndchanreserved'
C:/Tools/mips-ps1/mips/bin/mipsel-none-elf-ld.exe: (.text+0x1b0): undefined reference to `sndgs'
C:/Tools/mips-ps1/mips/bin/mipsel-none-elf-ld.exe: (.text+0x1b4): undefined reference to `sndgs'
C:/Tools/mips-ps1/mips/bin/mipsel-none-elf-ld.exe: (.text+0x284): undefined reference to `sndchanreserved'
C:/Tools/mips-ps1/mips/bin/mipsel-none-elf-ld.exe: (.text+0x288): undefined reference to `sndchanreserved'
C:/Tools/mips-ps1/mips/bin/mipsel-none-elf-ld.exe: (.text+0x2bc): undefined reference to `sndchanreserved'
C:/Tools/mips-ps1/mips/bin/mipsel-none-elf-ld.exe: (.text+0x2c0): undefined reference to `sndchanreserved'
C:/Tools/mips-ps1/mips/bin/mipsel-none-elf-ld.exe: (.text+0x2d4): undefined reference to `sndchanreserved'
C:/Tools/mips-ps1/mips/bin/mipsel-none-elf-ld.exe: (.text+0x2e4): undefined reference to `sndgs'
C:/Tools/mips-ps1/mips/bin/mipsel-none-elf-ld.exe: (.text+0x2e8): undefined reference to `sndgs'
C:/Tools/mips-ps1/mips/bin/mipsel-none-elf-ld.exe: (.text+0x2ec): undefined reference to `sndchanreserved'
C:/Tools/mips-ps1/mips/bin/mipsel-none-elf-ld.exe: (.text+0x3dc): undefined reference to `sndgs'
C:/Tools/mips-ps1/mips/bin/mipsel-none-elf-ld.exe: (.text+0x3e4): undefined reference to `sndgs'
C:/Tools/mips-ps1/mips/bin/mipsel-none-elf-ld.exe: (.text+0x3e8): undefined reference to `sndchanreserved'
C:/Tools/mips-ps1/mips/bin/mipsel-none-elf-ld.exe: (.text+0x420): undefined reference to `sndchanreserved'
C:/Tools/mips-ps1/mips/bin/mipsel-none-elf-ld.exe: (.text+0x428): undefined reference to `sndchanreserved'
C:/Tools/mips-ps1/mips/bin/mipsel-none-elf-ld.exe: (.text+0x3e0): undefined reference to `sndchanreserved'
C:/Tools/mips-ps1/mips/bin/mipsel-none-elf-ld.exe: (.text+0x484): undefined reference to `sndchanreserved'
C:/Tools/mips-ps1/mips/bin/mipsel-none-elf-ld.exe: build/src/eaclib/psx/sndpsxz/salloc.c.o: in function `iSNDfreechan':
(.text+0x4ec): undefined reference to `sndgs'
C:/Tools/mips-ps1/mips/bin/mipsel-none-elf-ld.exe: (.text+0x4f0): undefined reference to `sndgs'
C:/Tools/mips-ps1/mips/bin/mipsel-none-elf-ld.exe: (.text+0x590): undefined reference to `sndgs'
C:/Tools/mips-ps1/mips/bin/mipsel-none-elf-ld.exe: (.text+0x594): undefined reference to `sndgs'
C:/Tools/mips-ps1/mips/bin/mipsel-none-elf-ld.exe: (.text+0x66c): undefined reference to `sndgs'
C:/Tools/mips-ps1/mips/bin/mipsel-none-elf-ld.exe: build/src/eaclib/psx/sndpsxz/salloc.c.o:(.text+0x664): more undefined references to `sndgs' follow
C:/Tools/mips-ps1/mips/bin/mipsel-none-elf-ld.exe: build/src/eaclib/psx/sndpsxz/sdcdvol.c.o: in function `iSNDplatformcdpanvol':
(.text+0x14): undefined reference to `sndpd'
C:/Tools/mips-ps1/mips/bin/mipsel-none-elf-ld.exe: (.text+0x18): undefined reference to `sndpd'
C:/Tools/mips-ps1/mips/bin/mipsel-none-elf-ld.exe: build/src/eaclib/psx/sndpsxz/sdfx.c.o: in function `iSNDpsxfxinit':
(.text+0xc0): undefined reference to `sndpd'
C:/Tools/mips-ps1/mips/bin/mipsel-none-elf-ld.exe: (.text+0xc4): undefined reference to `sndpd'
C:/Tools/mips-ps1/mips/bin/mipsel-none-elf-ld.exe: build/src/eaclib/psx/sndpsxz/sdma.c.o: in function `iSNDdmtransfer':
(.text+0x4): undefined reference to `sndpd'
C:/Tools/mips-ps1/mips/bin/mipsel-none-elf-ld.exe: build/src/eaclib/psx/sndpsxz/sdma.c.o:(.text+0x308): more undefined references to `sndpd' follow
C:/Tools/mips-ps1/mips/bin/mipsel-none-elf-ld.exe: build/src/eaclib/psx/sndpsxz/sdma.c.o: in function `iSNDdmtransfer':
(.text+0x134): undefined reference to `sndgs'
C:/Tools/mips-ps1/mips/bin/mipsel-none-elf-ld.exe: (.text+0x128): undefined reference to `sndgs'
C:/Tools/mips-ps1/mips/bin/mipsel-none-elf-ld.exe: (.text+0x138): undefined reference to `sndgs'
C:/Tools/mips-ps1/mips/bin/mipsel-none-elf-ld.exe: (.text+0x13c): undefined reference to `sndpd'
C:/Tools/mips-ps1/mips/bin/mipsel-none-elf-ld.exe: (.text+0x144): undefined reference to `sndpd'
C:/Tools/mips-ps1/mips/bin/mipsel-none-elf-ld.exe: build/src/eaclib/psx/sndpsxz/sdma.c.o: in function `iSNDdmcallback':
(.text+0x248): undefined reference to `sndpd'
C:/Tools/mips-ps1/mips/bin/mipsel-none-elf-ld.exe: (.text+0x24c): undefined reference to `sndpd'
C:/Tools/mips-ps1/mips/bin/mipsel-none-elf-ld.exe: (.text+0x2a8): undefined reference to `sndpd'
C:/Tools/mips-ps1/mips/bin/mipsel-none-elf-ld.exe: build/src/eaclib/psx/sndpsxz/sdma.c.o:(.text+0x2ac): more undefined references to `sndpd' follow
C:/Tools/mips-ps1/mips/bin/mipsel-none-elf-ld.exe: build/src/eaclib/psx/sndpsxz/sdma.c.o: in function `iSNDdmservice':
(.text+0x3bc): undefined reference to `sndgs'
C:/Tools/mips-ps1/mips/bin/mipsel-none-elf-ld.exe: (.text+0x3d4): undefined reference to `sndgs'
C:/Tools/mips-ps1/mips/bin/mipsel-none-elf-ld.exe: build/src/eaclib/psx/sndpsxz/sdma.c.o: in function `iSNDdmqueue':
(.text+0x43c): undefined reference to `sndpd'
C:/Tools/mips-ps1/mips/bin/mipsel-none-elf-ld.exe: (.text+0x440): undefined reference to `sndpd'
C:/Tools/mips-ps1/mips/bin/mipsel-none-elf-ld.exe: build/src/eaclib/psx/sndpsxz/sdma.c.o: in function `iSNDdmqueuesplit':
(.text+0x550): undefined reference to `sndpd'
C:/Tools/mips-ps1/mips/bin/mipsel-none-elf-ld.exe: (.text+0x554): undefined reference to `sndpd'
C:/Tools/mips-ps1/mips/bin/mipsel-none-elf-ld.exe: build/src/eaclib/psx/sndpsxz/sdma.c.o: in function `iSNDdmcomplete':
(.text+0x600): undefined reference to `sndpd'
C:/Tools/mips-ps1/mips/bin/mipsel-none-elf-ld.exe: build/src/eaclib/psx/sndpsxz/sdma.c.o:(.text+0x604): more undefined references to `sndpd' follow
C:/Tools/mips-ps1/mips/bin/mipsel-none-elf-ld.exe: build/src/eaclib/psx/sndpsxz/sdmemlu.c.o: in function `SNDmemlargestunused':
(.text+0xb4): undefined reference to `D_80147E34'
C:/Tools/mips-ps1/mips/bin/mipsel-none-elf-ld.exe: (.text+0xb8): undefined reference to `D_80147E34'
C:/Tools/mips-ps1/mips/bin/mipsel-none-elf-ld.exe: build/src/eaclib/psx/sndpsxz/sdmemman.c.o: in function `iSNDpsxmemconstrain':
(.text+0x0): undefined reference to `sndpd'
C:/Tools/mips-ps1/mips/bin/mipsel-none-elf-ld.exe: (.text+0x4): undefined reference to `sndpd'
C:/Tools/mips-ps1/mips/bin/mipsel-none-elf-ld.exe: build/src/eaclib/psx/sndpsxz/sdmemman.c.o: in function `iSNDpsxmalloc':
(.text+0x88): undefined reference to `sndpd'
C:/Tools/mips-ps1/mips/bin/mipsel-none-elf-ld.exe: (.text+0x8c): undefined reference to `sndpd'
C:/Tools/mips-ps1/mips/bin/mipsel-none-elf-ld.exe: (.text+0x1f4): undefined reference to `D_80147E34'
C:/Tools/mips-ps1/mips/bin/mipsel-none-elf-ld.exe: (.text+0x1f8): undefined reference to `D_80147E34'
C:/Tools/mips-ps1/mips/bin/mipsel-none-elf-ld.exe: build/src/eaclib/psx/sndpsxz/sdmemman.c.o: in function `iSNDpsxfree':
(.text+0x27c): undefined reference to `sndpd'
C:/Tools/mips-ps1/mips/bin/mipsel-none-elf-ld.exe: (.text+0x280): undefined reference to `sndpd'
C:/Tools/mips-ps1/mips/bin/mipsel-none-elf-ld.exe: build/src/eaclib/psx/sndpsxz/sdpacket.c.o: in function `iSNDpacketgetirq':
(.text+0x4): undefined reference to `sndpp'
C:/Tools/mips-ps1/mips/bin/mipsel-none-elf-ld.exe: (.text+0x8): undefined reference to `sndpp'
C:/Tools/mips-ps1/mips/bin/mipsel-none-elf-ld.exe: (.text+0x0): undefined reference to `sndpd'
C:/Tools/mips-ps1/mips/bin/mipsel-none-elf-ld.exe: (.text+0xc): undefined reference to `sndpd'
C:/Tools/mips-ps1/mips/bin/mipsel-none-elf-ld.exe: build/src/eaclib/psx/sndpsxz/sdpacket.c.o: in function `iSNDpacketsetirq':
(.text+0x148): undefined reference to `sndpd'
C:/Tools/mips-ps1/mips/bin/mipsel-none-elf-ld.exe: (.text+0x14c): undefined reference to `sndpd'
C:/Tools/mips-ps1/mips/bin/mipsel-none-elf-ld.exe: (.text+0x160): undefined reference to `sndpp'
C:/Tools/mips-ps1/mips/bin/mipsel-none-elf-ld.exe: (.text+0x168): undefined reference to `sndpp'
C:/Tools/mips-ps1/mips/bin/mipsel-none-elf-ld.exe: (.text+0x174): undefined reference to `sndpp'
C:/Tools/mips-ps1/mips/bin/mipsel-none-elf-ld.exe: (.text+0x178): undefined reference to `sndpp'
C:/Tools/mips-ps1/mips/bin/mipsel-none-elf-ld.exe: (.text+0x188): undefined reference to `sndpp'
C:/Tools/mips-ps1/mips/bin/mipsel-none-elf-ld.exe: build/src/eaclib/psx/sndpsxz/sdpacket.c.o:(.text+0x18c): more undefined references to `sndpp' follow
C:/Tools/mips-ps1/mips/bin/mipsel-none-elf-ld.exe: build/src/eaclib/psx/sndpsxz/sdpacket.c.o: in function `iSNDpacketpurgeframes':
(.text+0x28c): undefined reference to `sndpd'
C:/Tools/mips-ps1/mips/bin/mipsel-none-elf-ld.exe: (.text+0x290): undefined reference to `sndpd'
C:/Tools/mips-ps1/mips/bin/mipsel-none-elf-ld.exe: build/src/eaclib/psx/sndpsxz/sdpacket.c.o: in function `iSNDfillspuwithpackets':
(.text+0x3dc): undefined reference to `sndpd'
C:/Tools/mips-ps1/mips/bin/mipsel-none-elf-ld.exe: (.text+0x3e0): undefined reference to `sndpd'
C:/Tools/mips-ps1/mips/bin/mipsel-none-elf-ld.exe: build/src/eaclib/psx/sndpsxz/sdpacket.c.o: in function `iSNDpacketserve':
(.text+0x8c8): undefined reference to `sndpd'
C:/Tools/mips-ps1/mips/bin/mipsel-none-elf-ld.exe: build/src/eaclib/psx/sndpsxz/sdpacket.c.o:(.text+0x8cc): more undefined references to `sndpd' follow
C:/Tools/mips-ps1/mips/bin/mipsel-none-elf-ld.exe: build/src/eaclib/psx/sndpsxz/sdpacket.c.o: in function `iSNDpsxpacketstop':
(.text+0xf7c): undefined reference to `D_80147871'
C:/Tools/mips-ps1/mips/bin/mipsel-none-elf-ld.exe: (.text+0xf80): undefined reference to `D_80147871'
C:/Tools/mips-ps1/mips/bin/mipsel-none-elf-ld.exe: (.text+0xfc4): undefined reference to `sndpd'
C:/Tools/mips-ps1/mips/bin/mipsel-none-elf-ld.exe: (.text+0xfc8): undefined reference to `sndpd'
C:/Tools/mips-ps1/mips/bin/mipsel-none-elf-ld.exe: build/src/eaclib/psx/sndpsxz/sdplapat.c.o: in function `iSNDplatformplay':
(.text+0x48): undefined reference to `D_801479F0'
C:/Tools/mips-ps1/mips/bin/mipsel-none-elf-ld.exe: (.text+0x4c): undefined reference to `D_801479F0'
C:/Tools/mips-ps1/mips/bin/mipsel-none-elf-ld.exe: (.text+0x1ac): undefined reference to `sndpd'
C:/Tools/mips-ps1/mips/bin/mipsel-none-elf-ld.exe: (.text+0x1b8): undefined reference to `sndpd'
C:/Tools/mips-ps1/mips/bin/mipsel-none-elf-ld.exe: build/src/eaclib/psx/sndpsxz/sdriver.c.o: in function `iSNDstop':
(.text+0x20): undefined reference to `D_801479F0'
C:/Tools/mips-ps1/mips/bin/mipsel-none-elf-ld.exe: (.text+0x28): undefined reference to `D_801479F0'
C:/Tools/mips-ps1/mips/bin/mipsel-none-elf-ld.exe: build/src/eaclib/psx/sndpsxz/sdriver.c.o: in function `iSNDplatformpitch':
(.text+0x118): undefined reference to `D_801479F0'
C:/Tools/mips-ps1/mips/bin/mipsel-none-elf-ld.exe: (.text+0x11c): undefined reference to `D_801479F0'
C:/Tools/mips-ps1/mips/bin/mipsel-none-elf-ld.exe: build/src/eaclib/psx/sndpsxz/sdriver.c.o: in function `iSNDplatformfxlevel':
(.text+0x1e0): undefined reference to `D_801479F0'
C:/Tools/mips-ps1/mips/bin/mipsel-none-elf-ld.exe: build/src/eaclib/psx/sndpsxz/sdriver.c.o:(.text+0x1e4): more undefined references to `D_801479F0' follow
C:/Tools/mips-ps1/mips/bin/mipsel-none-elf-ld.exe: build/src/eaclib/psx/sndpsxz/seffect.c.o: in function `SNDfxmasterlevel':
(.text+0x84): undefined reference to `sndgs'
C:/Tools/mips-ps1/mips/bin/mipsel-none-elf-ld.exe: (.text+0x8c): undefined reference to `sndgs'
C:/Tools/mips-ps1/mips/bin/mipsel-none-elf-ld.exe: build/src/eaclib/psx/sndpsxz/sfxlevel.c.o: in function `SNDfxlevel':
(.text+0x40): undefined reference to `sndgs'
C:/Tools/mips-ps1/mips/bin/mipsel-none-elf-ld.exe: (.text+0x48): undefined reference to `sndgs'
C:/Tools/mips-ps1/mips/bin/mipsel-none-elf-ld.exe: build/src/eaclib/psx/sndpsxz/sgetvol.c.o: in function `SNDgetvol':
(.text+0x4): undefined reference to `sndgs'
C:/Tools/mips-ps1/mips/bin/mipsel-none-elf-ld.exe: build/src/eaclib/psx/sndpsxz/sgetvol.c.o:(.text+0xc): more undefined references to `sndgs' follow
C:/Tools/mips-ps1/mips/bin/mipsel-none-elf-ld.exe: build/src/eaclib/psx/sndpsxz/slib.c.o: in function `iSNDplatformoutputset':
(.text+0xb8): undefined reference to `sndpd'
C:/Tools/mips-ps1/mips/bin/mipsel-none-elf-ld.exe: (.text+0xbc): undefined reference to `sndpd'
C:/Tools/mips-ps1/mips/bin/mipsel-none-elf-ld.exe: build/src/eaclib/psx/sndpsxz/slib.c.o: in function `iSNDinit':
(.text+0x18c): undefined reference to `sndpd'
C:/Tools/mips-ps1/mips/bin/mipsel-none-elf-ld.exe: (.text+0x190): undefined reference to `sndpd'
C:/Tools/mips-ps1/mips/bin/mipsel-none-elf-ld.exe: (.text+0x218): undefined reference to `sndpd'
C:/Tools/mips-ps1/mips/bin/mipsel-none-elf-ld.exe: build/src/eaclib/psx/sndpsxz/slib.c.o:(.text+0x21c): more undefined references to `sndpd' follow
C:/Tools/mips-ps1/mips/bin/mipsel-none-elf-ld.exe: build/src/eaclib/psx/sndpsxz/slib.c.o: in function `iSNDinit':
(.text+0x2dc): undefined reference to `sndgs'
C:/Tools/mips-ps1/mips/bin/mipsel-none-elf-ld.exe: (.text+0x2e0): undefined reference to `sndgs'
C:/Tools/mips-ps1/mips/bin/mipsel-none-elf-ld.exe: (.text+0x358): undefined reference to `sndpd'
C:/Tools/mips-ps1/mips/bin/mipsel-none-elf-ld.exe: (.text+0x35c): undefined reference to `sndpd'
C:/Tools/mips-ps1/mips/bin/mipsel-none-elf-ld.exe: (.text+0x3bc): undefined reference to `sndpd'
C:/Tools/mips-ps1/mips/bin/mipsel-none-elf-ld.exe: (.text+0x3dc): undefined reference to `sndpd'
C:/Tools/mips-ps1/mips/bin/mipsel-none-elf-ld.exe: build/src/eaclib/psx/sndpsxz/slib.c.o: in function `iSNDrestore':
(.text+0x3fc): undefined reference to `sndgs'
C:/Tools/mips-ps1/mips/bin/mipsel-none-elf-ld.exe: (.text+0x400): undefined reference to `sndgs'
C:/Tools/mips-ps1/mips/bin/mipsel-none-elf-ld.exe: (.text+0x448): undefined reference to `sndgs'
C:/Tools/mips-ps1/mips/bin/mipsel-none-elf-ld.exe: (.text+0x44c): undefined reference to `sndgs'
C:/Tools/mips-ps1/mips/bin/mipsel-none-elf-ld.exe: (.text+0x458): undefined reference to `sndpd'
C:/Tools/mips-ps1/mips/bin/mipsel-none-elf-ld.exe: (.text+0x45c): undefined reference to `sndpd'
C:/Tools/mips-ps1/mips/bin/mipsel-none-elf-ld.exe: build/src/eaclib/psx/sndpsxz/slib.c.o: in function `iSNDserve':
(.text+0x550): undefined reference to `sndpd'
C:/Tools/mips-ps1/mips/bin/mipsel-none-elf-ld.exe: (.text+0x558): undefined reference to `sndpd'
C:/Tools/mips-ps1/mips/bin/mipsel-none-elf-ld.exe: (.text+0x59c): undefined reference to `D_80147871'
C:/Tools/mips-ps1/mips/bin/mipsel-none-elf-ld.exe: (.text+0x868): undefined reference to `D_80147871'
C:/Tools/mips-ps1/mips/bin/mipsel-none-elf-ld.exe: (.text+0x81c): undefined reference to `D_80147871'
C:/Tools/mips-ps1/mips/bin/mipsel-none-elf-ld.exe: (.text+0x80c): undefined reference to `D_80147871'
C:/Tools/mips-ps1/mips/bin/mipsel-none-elf-ld.exe: (.text+0x5a0): undefined reference to `D_80147871'
C:/Tools/mips-ps1/mips/bin/mipsel-none-elf-ld.exe: (.text+0x5bc): undefined reference to `D_801479F0'
C:/Tools/mips-ps1/mips/bin/mipsel-none-elf-ld.exe: (.text+0x5c0): undefined reference to `D_801479F0'
C:/Tools/mips-ps1/mips/bin/mipsel-none-elf-ld.exe: (.text+0x64c): undefined reference to `D_801479F0'
C:/Tools/mips-ps1/mips/bin/mipsel-none-elf-ld.exe: (.text+0x650): undefined reference to `D_801479F0'
C:/Tools/mips-ps1/mips/bin/mipsel-none-elf-ld.exe: (.text+0x688): undefined reference to `D_801479F0'
C:/Tools/mips-ps1/mips/bin/mipsel-none-elf-ld.exe: build/src/eaclib/psx/sndpsxz/slib.c.o:(.text+0x68c): more undefined references to `D_801479F0' follow
C:/Tools/mips-ps1/mips/bin/mipsel-none-elf-ld.exe: build/src/eaclib/psx/sndpsxz/slib.c.o: in function `iSNDserve':
(.text+0x878): undefined reference to `D_80147871'
C:/Tools/mips-ps1/mips/bin/mipsel-none-elf-ld.exe: (.text+0x87c): undefined reference to `D_80147871'
C:/Tools/mips-ps1/mips/bin/mipsel-none-elf-ld.exe: build/src/eaclib/psx/sndpsxz/smasterv.c.o: in function `SNDmastervol':
(.text+0x4): undefined reference to `sndgs'
C:/Tools/mips-ps1/mips/bin/mipsel-none-elf-ld.exe: (.text+0xc): undefined reference to `sndgs'
C:/Tools/mips-ps1/mips/bin/mipsel-none-elf-ld.exe: build/src/eaclib/psx/sndpsxz/smemman.c.o: in function `iSNDmeminit':
(.text+0x2c): undefined reference to `sndmm'
C:/Tools/mips-ps1/mips/bin/mipsel-none-elf-ld.exe: (.text+0x30): undefined reference to `sndmm'
C:/Tools/mips-ps1/mips/bin/mipsel-none-elf-ld.exe: (.text+0x34): undefined reference to `sndmm'
C:/Tools/mips-ps1/mips/bin/mipsel-none-elf-ld.exe: build/src/eaclib/psx/sndpsxz/smemman.c.o: in function `iSNDmemrestore':
(.text+0x4c): undefined reference to `sndmm'
C:/Tools/mips-ps1/mips/bin/mipsel-none-elf-ld.exe: (.text+0x50): undefined reference to `sndmm'
C:/Tools/mips-ps1/mips/bin/mipsel-none-elf-ld.exe: build/src/eaclib/psx/sndpsxz/smemman.c.o:(.text+0x9c): more undefined references to `sndmm' follow
C:/Tools/mips-ps1/mips/bin/mipsel-none-elf-ld.exe: build/src/eaclib/psx/sndpsxz/span.c.o: in function `SNDpan':
(.text+0xc): undefined reference to `sndgs'
C:/Tools/mips-ps1/mips/bin/mipsel-none-elf-ld.exe: (.text+0x14): undefined reference to `sndgs'
C:/Tools/mips-ps1/mips/bin/mipsel-none-elf-ld.exe: build/src/eaclib/psx/sndpsxz/spatkey.c.o: in function `iSNDpatchkey':
(.text+0x0): undefined reference to `sndgs'
C:/Tools/mips-ps1/mips/bin/mipsel-none-elf-ld.exe: (.text+0x4): undefined reference to `sndgs'
C:/Tools/mips-ps1/mips/bin/mipsel-none-elf-ld.exe: build/src/eaclib/psx/sndpsxz/spatkey.c.o: in function `iSNDcalcvol':
(.text+0x104): undefined reference to `sndgs'
C:/Tools/mips-ps1/mips/bin/mipsel-none-elf-ld.exe: build/src/eaclib/psx/sndpsxz/spatkey.c.o:(.text+0x108): more undefined references to `sndgs' follow
C:/Tools/mips-ps1/mips/bin/mipsel-none-elf-ld.exe: build/src/eaclib/psx/sndpsxz/spatkey.c.o: in function `iSNDpsxkeyon':
(.text+0x1f4): undefined reference to `sndpd'
C:/Tools/mips-ps1/mips/bin/mipsel-none-elf-ld.exe: (.text+0x1f8): undefined reference to `sndpd'
C:/Tools/mips-ps1/mips/bin/mipsel-none-elf-ld.exe: build/src/eaclib/psx/sndpsxz/spatkey.c.o: in function `iSNDpsxkeyoff':
(.text+0x21c): undefined reference to `sndpd'
C:/Tools/mips-ps1/mips/bin/mipsel-none-elf-ld.exe: (.text+0x220): undefined reference to `sndpd'
C:/Tools/mips-ps1/mips/bin/mipsel-none-elf-ld.exe: build/src/eaclib/psx/sndpsxz/spatkey.c.o: in function `iSNDpsxeffecton':
(.text+0x244): undefined reference to `sndpd'
C:/Tools/mips-ps1/mips/bin/mipsel-none-elf-ld.exe: build/src/eaclib/psx/sndpsxz/spatkey.c.o:(.text+0x248): more undefined references to `sndpd' follow
C:/Tools/mips-ps1/mips/bin/mipsel-none-elf-ld.exe: build/src/eaclib/psx/sndpsxz/spatkey.c.o: in function `iSNDsetvol':
(.text+0x300): undefined reference to `D_801479F0'
C:/Tools/mips-ps1/mips/bin/mipsel-none-elf-ld.exe: (.text+0x304): undefined reference to `D_801479F0'
C:/Tools/mips-ps1/mips/bin/mipsel-none-elf-ld.exe: build/src/eaclib/psx/sndpsxz/spatkey.c.o: in function `iSNDstartvoice':
(.text+0x4a4): undefined reference to `D_801479F0'
C:/Tools/mips-ps1/mips/bin/mipsel-none-elf-ld.exe: (.text+0x4ac): undefined reference to `D_801479F0'
C:/Tools/mips-ps1/mips/bin/mipsel-none-elf-ld.exe: build/src/eaclib/psx/sndpsxz/spitch.c.o: in function `SNDpitchmult':
(.text+0xc): undefined reference to `sndgs'
C:/Tools/mips-ps1/mips/bin/mipsel-none-elf-ld.exe: (.text+0x14): undefined reference to `sndgs'
C:/Tools/mips-ps1/mips/bin/mipsel-none-elf-ld.exe: build/src/eaclib/psx/sndpsxz/spktplay.c.o: in function `SNDPKTPLAY_create':
(.text+0x8c): undefined reference to `sndpps'
C:/Tools/mips-ps1/mips/bin/mipsel-none-elf-ld.exe: (.text+0x90): undefined reference to `sndpps'
C:/Tools/mips-ps1/mips/bin/mipsel-none-elf-ld.exe: (.text+0xf0): undefined reference to `sndpps'
C:/Tools/mips-ps1/mips/bin/mipsel-none-elf-ld.exe: (.text+0xf4): undefined reference to `sndpps'
C:/Tools/mips-ps1/mips/bin/mipsel-none-elf-ld.exe: build/src/eaclib/psx/sndpsxz/spktplay.c.o: in function `SNDPKTPLAY_start':
(.text+0x170): undefined reference to `sndgs'
C:/Tools/mips-ps1/mips/bin/mipsel-none-elf-ld.exe: (.text+0x178): undefined reference to `sndgs'
C:/Tools/mips-ps1/mips/bin/mipsel-none-elf-ld.exe: (.text+0x1a8): undefined reference to `sndpps'
C:/Tools/mips-ps1/mips/bin/mipsel-none-elf-ld.exe: (.text+0x1ac): undefined reference to `sndpps'
C:/Tools/mips-ps1/mips/bin/mipsel-none-elf-ld.exe: build/src/eaclib/psx/sndpsxz/spktplay.c.o: in function `SNDPKTPLAY_submit':
(.text+0x468): undefined reference to `sndpps'
C:/Tools/mips-ps1/mips/bin/mipsel-none-elf-ld.exe: (.text+0x46c): undefined reference to `sndpps'
C:/Tools/mips-ps1/mips/bin/mipsel-none-elf-ld.exe: build/src/eaclib/psx/sndpsxz/spktplay.c.o: in function `SNDPKTPLAY_submitspace':
(.text+0x5c4): undefined reference to `sndpps'
C:/Tools/mips-ps1/mips/bin/mipsel-none-elf-ld.exe: build/src/eaclib/psx/sndpsxz/spktplay.c.o:(.text+0x5c8): more undefined references to `sndpps' follow
C:/Tools/mips-ps1/mips/bin/mipsel-none-elf-ld.exe: build/src/eaclib/psx/sndpsxz/spvoices.c.o: in function `SNDSTRM_destroy':
(.text+0x30): undefined reference to `sndgs'
C:/Tools/mips-ps1/mips/bin/mipsel-none-elf-ld.exe: (.text+0x38): undefined reference to `sndgs'
C:/Tools/mips-ps1/mips/bin/mipsel-none-elf-ld.exe: (.text+0xc4): undefined reference to `sndss'
C:/Tools/mips-ps1/mips/bin/mipsel-none-elf-ld.exe: (.text+0xb4): undefined reference to `sndss'
C:/Tools/mips-ps1/mips/bin/mipsel-none-elf-ld.exe: (.text+0xc8): undefined reference to `sndss'
C:/Tools/mips-ps1/mips/bin/mipsel-none-elf-ld.exe: build/src/eaclib/psx/sndpsxz/sserver.c.o: in function `iSNDserver':
(.text+0x4): undefined reference to `sndgs'
C:/Tools/mips-ps1/mips/bin/mipsel-none-elf-ld.exe: (.text+0xd4): undefined reference to `sndgs'
C:/Tools/mips-ps1/mips/bin/mipsel-none-elf-ld.exe: (.text+0x8): undefined reference to `sndgs'
C:/Tools/mips-ps1/mips/bin/mipsel-none-elf-ld.exe: (.text+0xfc): undefined reference to `sndgs'
C:/Tools/mips-ps1/mips/bin/mipsel-none-elf-ld.exe: (.text+0x100): undefined reference to `sndgs'
C:/Tools/mips-ps1/mips/bin/mipsel-none-elf-ld.exe: build/src/eaclib/psx/sndpsxz/sserver.c.o:(.text+0x120): more undefined references to `sndgs' follow
C:/Tools/mips-ps1/mips/bin/mipsel-none-elf-ld.exe: build/src/eaclib/psx/sndpsxz/sst.c.o: in function `iSNDstreamgetstreamptr':
(.text+0x38): undefined reference to `sndss'
C:/Tools/mips-ps1/mips/bin/mipsel-none-elf-ld.exe: build/src/eaclib/psx/sndpsxz/sst.c.o: in function `iSNDstreamcreate':
(.text+0xc18): undefined reference to `sndss'
C:/Tools/mips-ps1/mips/bin/mipsel-none-elf-ld.exe: build/src/eaclib/psx/sndpsxz/sst.c.o: in function `iSNDstreamgetstreamptr':
(.text+0x3c): undefined reference to `sndss'
C:/Tools/mips-ps1/mips/bin/mipsel-none-elf-ld.exe: build/src/eaclib/psx/sndpsxz/sst.c.o: in function `iSNDstreamremoverequest':
(.text+0x50): undefined reference to `sndss'
C:/Tools/mips-ps1/mips/bin/mipsel-none-elf-ld.exe: (.text+0x54): undefined reference to `sndss'
C:/Tools/mips-ps1/mips/bin/mipsel-none-elf-ld.exe: build/src/eaclib/psx/sndpsxz/sst.c.o:(.text+0x188): more undefined references to `sndss' follow
C:/Tools/mips-ps1/mips/bin/mipsel-none-elf-ld.exe: build/src/eaclib/psx/sndpsxz/sstopall.c.o: in function `SNDstopall':
(.text+0x4): undefined reference to `sndgs'
C:/Tools/mips-ps1/mips/bin/mipsel-none-elf-ld.exe: (.text+0x8): undefined reference to `sndgs'
C:/Tools/mips-ps1/mips/bin/mipsel-none-elf-ld.exe: build/src/eaclib/psx/sndpsxz/ssysinit.c.o: in function `SNDSYS_getopts':
(.text+0x38): undefined reference to `sndgs'
C:/Tools/mips-ps1/mips/bin/mipsel-none-elf-ld.exe: (.text+0x3c): undefined reference to `sndgs'
C:/Tools/mips-ps1/mips/bin/mipsel-none-elf-ld.exe: build/src/eaclib/psx/sndpsxz/ssysinit.c.o: in function `SNDSYS_setopts':
(.text+0xc0): undefined reference to `sndgs'
C:/Tools/mips-ps1/mips/bin/mipsel-none-elf-ld.exe: build/src/eaclib/psx/sndpsxz/ssysinit.c.o:(.text+0xc4): more undefined references to `sndgs' follow
C:/Tools/mips-ps1/mips/bin/mipsel-none-elf-ld.exe: build/src/eaclib/psx/sndpsxz/ssysinit.c.o: in function `SNDSYS_setopts':
(.text+0x19c): undefined reference to `D_80147898'
C:/Tools/mips-ps1/mips/bin/mipsel-none-elf-ld.exe: (.text+0x1a4): undefined reference to `D_80147898'
C:/Tools/mips-ps1/mips/bin/mipsel-none-elf-ld.exe: build/src/eaclib/psx/sndpsxz/ssysinit.c.o: in function `SNDSYS_init':
(.text+0x1bc): undefined reference to `sndgs'
C:/Tools/mips-ps1/mips/bin/mipsel-none-elf-ld.exe: (.text+0x1c4): undefined reference to `sndgs'
C:/Tools/mips-ps1/mips/bin/mipsel-none-elf-ld.exe: build/src/eaclib/psx/sndpsxz/ssysinit.c.o: in function `SNDSYS_restore':
(.text+0x2f8): undefined reference to `sndgs'
C:/Tools/mips-ps1/mips/bin/mipsel-none-elf-ld.exe: (.text+0x300): undefined reference to `sndgs'
C:/Tools/mips-ps1/mips/bin/mipsel-none-elf-ld.exe: build/src/eaclib/psx/sndpsxz/ssysserv.c.o: in function `iSNDserveraddclient':
(.text+0x0): undefined reference to `sndgs'
C:/Tools/mips-ps1/mips/bin/mipsel-none-elf-ld.exe: build/src/eaclib/psx/sndpsxz/ssysserv.c.o:(.text+0x4): more undefined references to `sndgs' follow
C:/Tools/mips-ps1/mips/bin/mipsel-none-elf-ld.exe: build/src/eaclib/psx/spchpsxz/spchbank.c.o: in function `iSPCH_SetCycleBits':
(.text+0x20c): undefined reference to `gGameNum'
C:/Tools/mips-ps1/mips/bin/mipsel-none-elf-ld.exe: (.text+0x210): undefined reference to `gGameNum'
C:/Tools/mips-ps1/mips/bin/mipsel-none-elf-ld.exe: build/src/eaclib/psx/spchpsxz/spchevnt.c.o: in function `iSPCH_FindEvent':
(.text+0x9c): undefined reference to `gEventDats'
C:/Tools/mips-ps1/mips/bin/mipsel-none-elf-ld.exe: (.text+0xa4): undefined reference to `gEventDats'
C:/Tools/mips-ps1/mips/bin/mipsel-none-elf-ld.exe: build/src/eaclib/psx/spchpsxz/spchevnt.c.o: in function `iSPCH_InitEventDat':
(.text+0xfc): undefined reference to `gEventDats'
C:/Tools/mips-ps1/mips/bin/mipsel-none-elf-ld.exe: (.text+0x100): undefined reference to `gEventDats'
C:/Tools/mips-ps1/mips/bin/mipsel-none-elf-ld.exe: build/src/eaclib/psx/spchpsxz/spchevnt.c.o: in function `GetFilterLength':
(.text+0x120): undefined reference to `gEventDats'
C:/Tools/mips-ps1/mips/bin/mipsel-none-elf-ld.exe: build/src/eaclib/psx/spchpsxz/spchevnt.c.o:(.text+0x124): more undefined references to `gEventDats' follow
C:/Tools/mips-ps1/mips/bin/mipsel-none-elf-ld.exe: build/src/eaclib/psx/spchpsxz/spchevnt.c.o: in function `iSPCH_InitEventQueue':
(.text+0x154): undefined reference to `gVoxEvents'
C:/Tools/mips-ps1/mips/bin/mipsel-none-elf-ld.exe: (.text+0x158): undefined reference to `gVoxEvents'
C:/Tools/mips-ps1/mips/bin/mipsel-none-elf-ld.exe: (.text+0x168): undefined reference to `gVoxEvents'
C:/Tools/mips-ps1/mips/bin/mipsel-none-elf-ld.exe: (.text+0x1b0): undefined reference to `gLastTick'
C:/Tools/mips-ps1/mips/bin/mipsel-none-elf-ld.exe: (.text+0x1b4): undefined reference to `gLastTick'
C:/Tools/mips-ps1/mips/bin/mipsel-none-elf-ld.exe: (.text+0x1b8): undefined reference to `gLastSubTick'
C:/Tools/mips-ps1/mips/bin/mipsel-none-elf-ld.exe: (.text+0x1c0): undefined reference to `gLastSubTick'
C:/Tools/mips-ps1/mips/bin/mipsel-none-elf-ld.exe: build/src/eaclib/psx/spchpsxz/spchevnt.c.o: in function `iSPCH_FindEventSlot':
(.text+0x1d0): undefined reference to `gVoxEvents'
C:/Tools/mips-ps1/mips/bin/mipsel-none-elf-ld.exe: (.text+0x1d4): undefined reference to `gVoxEvents'
C:/Tools/mips-ps1/mips/bin/mipsel-none-elf-ld.exe: (.text+0x1f0): undefined reference to `gVoxEvents'
C:/Tools/mips-ps1/mips/bin/mipsel-none-elf-ld.exe: (.text+0x22c): undefined reference to `gVoxEvents'
C:/Tools/mips-ps1/mips/bin/mipsel-none-elf-ld.exe: (.text+0x230): undefined reference to `gVoxEvents'
C:/Tools/mips-ps1/mips/bin/mipsel-none-elf-ld.exe: build/src/eaclib/psx/spchpsxz/spchevnt.c.o:(.text+0x268): more undefined references to `gVoxEvents' follow
C:/Tools/mips-ps1/mips/bin/mipsel-none-elf-ld.exe: build/src/eaclib/psx/spchpsxz/spchevnt.c.o: in function `SPCH_AddEvent':
(.text+0x35c): undefined reference to `gLastTick'
C:/Tools/mips-ps1/mips/bin/mipsel-none-elf-ld.exe: (.text+0x360): undefined reference to `gLastTick'
C:/Tools/mips-ps1/mips/bin/mipsel-none-elf-ld.exe: (.text+0x370): undefined reference to `gLastSubTick'
C:/Tools/mips-ps1/mips/bin/mipsel-none-elf-ld.exe: (.text+0x374): undefined reference to `gLastSubTick'
C:/Tools/mips-ps1/mips/bin/mipsel-none-elf-ld.exe: (.text+0x384): undefined reference to `gLastSubTick'
C:/Tools/mips-ps1/mips/bin/mipsel-none-elf-ld.exe: (.text+0x36c): undefined reference to `gLastSubTick'
C:/Tools/mips-ps1/mips/bin/mipsel-none-elf-ld.exe: (.text+0x388): undefined reference to `gLastSubTick'
C:/Tools/mips-ps1/mips/bin/mipsel-none-elf-ld.exe: (.text+0x390): undefined reference to `gVoxEvents'
C:/Tools/mips-ps1/mips/bin/mipsel-none-elf-ld.exe: (.text+0x394): undefined reference to `gVoxEvents'
C:/Tools/mips-ps1/mips/bin/mipsel-none-elf-ld.exe: (.text+0x3b0): undefined reference to `gLastTick'
C:/Tools/mips-ps1/mips/bin/mipsel-none-elf-ld.exe: (.text+0x3b4): undefined reference to `gLastTick'
C:/Tools/mips-ps1/mips/bin/mipsel-none-elf-ld.exe: (.text+0x3b8): undefined reference to `gLastSubTick'
C:/Tools/mips-ps1/mips/bin/mipsel-none-elf-ld.exe: (.text+0x3bc): undefined reference to `gLastSubTick'
C:/Tools/mips-ps1/mips/bin/mipsel-none-elf-ld.exe: (.text+0x3f0): undefined reference to `gVoxEvents'
C:/Tools/mips-ps1/mips/bin/mipsel-none-elf-ld.exe: (.text+0x3f4): undefined reference to `gVoxEvents'
C:/Tools/mips-ps1/mips/bin/mipsel-none-elf-ld.exe: (.text+0x400): undefined reference to `gVoxEvents'
C:/Tools/mips-ps1/mips/bin/mipsel-none-elf-ld.exe: (.text+0x404): undefined reference to `gVoxEvents'
C:/Tools/mips-ps1/mips/bin/mipsel-none-elf-ld.exe: build/src/eaclib/psx/spchpsxz/spchevnt.c.o: in function `iSPCH_ChooseEvent':
(.text+0x47c): undefined reference to `gPreLoadTicks'
C:/Tools/mips-ps1/mips/bin/mipsel-none-elf-ld.exe: (.text+0x480): undefined reference to `gPreLoadTicks'
C:/Tools/mips-ps1/mips/bin/mipsel-none-elf-ld.exe: (.text+0x484): undefined reference to `gVoxEvents'
C:/Tools/mips-ps1/mips/bin/mipsel-none-elf-ld.exe: (.text+0x4d0): undefined reference to `gFilterSetting'
C:/Tools/mips-ps1/mips/bin/mipsel-none-elf-ld.exe: (.text+0x4d4): undefined reference to `gFilterSetting'
C:/Tools/mips-ps1/mips/bin/mipsel-none-elf-ld.exe: (.text+0x528): undefined reference to `gVoxEvents'
C:/Tools/mips-ps1/mips/bin/mipsel-none-elf-ld.exe: (.text+0x538): undefined reference to `gVoxEvents'
C:/Tools/mips-ps1/mips/bin/mipsel-none-elf-ld.exe: (.text+0x560): undefined reference to `gVoxEvents'
C:/Tools/mips-ps1/mips/bin/mipsel-none-elf-ld.exe: (.text+0x564): undefined reference to `gVoxEvents'
C:/Tools/mips-ps1/mips/bin/mipsel-none-elf-ld.exe: (.text+0x5c0): undefined reference to `gVoxEvents'
C:/Tools/mips-ps1/mips/bin/mipsel-none-elf-ld.exe: build/src/eaclib/psx/spchpsxz/spchevnt.c.o:(.text+0x5c4): more undefined references to `gVoxEvents' follow
C:/Tools/mips-ps1/mips/bin/mipsel-none-elf-ld.exe: build/src/eaclib/psx/spchpsxz/spchinit.c.o: in function `iSPCH_InitInGame':
(.text+0xb0): undefined reference to `gVoxInGame'
C:/Tools/mips-ps1/mips/bin/mipsel-none-elf-ld.exe: (.text+0xb8): undefined reference to `gVoxInGame'
C:/Tools/mips-ps1/mips/bin/mipsel-none-elf-ld.exe: (.text+0xbc): undefined reference to `gVoxInGame'
C:/Tools/mips-ps1/mips/bin/mipsel-none-elf-ld.exe: build/src/eaclib/psx/spchpsxz/spchinit.c.o: in function `SPCH_Init':
(.text+0x1b4): undefined reference to `gGameNum'
C:/Tools/mips-ps1/mips/bin/mipsel-none-elf-ld.exe: (.text+0x1b8): undefined reference to `gGameNum'
C:/Tools/mips-ps1/mips/bin/mipsel-none-elf-ld.exe: (.text+0x1bc): undefined reference to `gDataRate'
C:/Tools/mips-ps1/mips/bin/mipsel-none-elf-ld.exe: (.text+0x1c0): undefined reference to `gDataRate'
C:/Tools/mips-ps1/mips/bin/mipsel-none-elf-ld.exe: (.text+0x1fc): undefined reference to `gFilterSetting'
C:/Tools/mips-ps1/mips/bin/mipsel-none-elf-ld.exe: (.text+0x204): undefined reference to `gFilterSetting'
C:/Tools/mips-ps1/mips/bin/mipsel-none-elf-ld.exe: build/src/eaclib/psx/spchpsxz/spchpick.c.o: in function `iSPCH_ChooseSamples':
(.text+0x418): undefined reference to `ispch_gPickSamples'
C:/Tools/mips-ps1/mips/bin/mipsel-none-elf-ld.exe: (.text+0x41c): undefined reference to `ispch_gPickSamples'
C:/Tools/mips-ps1/mips/bin/mipsel-none-elf-ld.exe: build/src/eaclib/psx/spchpsxz/spchpick.c.o: in function `iSPCH_SampleLength':
(.text+0x4c8): undefined reference to `ispch_gPickSamples'
C:/Tools/mips-ps1/mips/bin/mipsel-none-elf-ld.exe: (.text+0x4cc): undefined reference to `ispch_gPickSamples'
C:/Tools/mips-ps1/mips/bin/mipsel-none-elf-ld.exe: build/src/eaclib/psx/spchpsxz/spchpick.c.o: in function `iSPCH_ConvertTime':
(.text+0x524): undefined reference to `gDataRate'
C:/Tools/mips-ps1/mips/bin/mipsel-none-elf-ld.exe: (.text+0x528): undefined reference to `gDataRate'
C:/Tools/mips-ps1/mips/bin/mipsel-none-elf-ld.exe: build/src/eaclib/psx/spchpsxz/spchpick.c.o: in function `iSPCH_SentenceLength':
(.text+0x5ac): undefined reference to `ispch_gChoice'
C:/Tools/mips-ps1/mips/bin/mipsel-none-elf-ld.exe: (.text+0x5b0): undefined reference to `ispch_gChoice'
C:/Tools/mips-ps1/mips/bin/mipsel-none-elf-ld.exe: build/src/eaclib/psx/spchpsxz/spchpick.c.o: in function `iSPCH_RepeatEvent':
(.text+0x748): undefined reference to `gVoxInGame'
C:/Tools/mips-ps1/mips/bin/mipsel-none-elf-ld.exe: (.text+0x750): undefined reference to `gVoxInGame'
C:/Tools/mips-ps1/mips/bin/mipsel-none-elf-ld.exe: (.text+0x75c): undefined reference to `gVoxInGame'
C:/Tools/mips-ps1/mips/bin/mipsel-none-elf-ld.exe: build/src/eaclib/psx/spchpsxz/spchpick.c.o: in function `iSPCH_SentenceGetChoices':
(.text+0x878): undefined reference to `ispch_gChoice'
C:/Tools/mips-ps1/mips/bin/mipsel-none-elf-ld.exe: (.text+0x87c): undefined reference to `ispch_gChoice'
C:/Tools/mips-ps1/mips/bin/mipsel-none-elf-ld.exe: build/src/eaclib/psx/spchpsxz/spchpick.c.o: in function `iSPCH_RandomizeSentencePicks':
(.text+0x964): undefined reference to `ispch_gPickSamples'
C:/Tools/mips-ps1/mips/bin/mipsel-none-elf-ld.exe: (.text+0x968): undefined reference to `ispch_gPickSamples'
C:/Tools/mips-ps1/mips/bin/mipsel-none-elf-ld.exe: (.text+0x96c): undefined reference to `ispch_gChoice'
C:/Tools/mips-ps1/mips/bin/mipsel-none-elf-ld.exe: (.text+0x970): undefined reference to `ispch_gChoice'
C:/Tools/mips-ps1/mips/bin/mipsel-none-elf-ld.exe: build/src/eaclib/psx/spchpsxz/spchpick.c.o: in function `iSPCH_IterateChoice':
(.text+0xa24): undefined reference to `ispch_gChoice'
C:/Tools/mips-ps1/mips/bin/mipsel-none-elf-ld.exe: (.text+0xa28): undefined reference to `ispch_gChoice'
C:/Tools/mips-ps1/mips/bin/mipsel-none-elf-ld.exe: build/src/eaclib/psx/spchpsxz/spchpick.c.o: in function `iSPCH_ChooseShortSentence':
(.text+0xaec): undefined reference to `ispch_gChoice'
C:/Tools/mips-ps1/mips/bin/mipsel-none-elf-ld.exe: build/src/eaclib/psx/spchpsxz/spchpick.c.o:(.text+0xaf0): more undefined references to `ispch_gChoice' follow
C:/Tools/mips-ps1/mips/bin/mipsel-none-elf-ld.exe: build/src/eaclib/psx/spchpsxz/spchpick.c.o: in function `iSPCH_ConstantRuleSet':
(.text+0xc70): undefined reference to `ispch_gPickSamples'
C:/Tools/mips-ps1/mips/bin/mipsel-none-elf-ld.exe: (.text+0xc74): undefined reference to `ispch_gPickSamples'
C:/Tools/mips-ps1/mips/bin/mipsel-none-elf-ld.exe: (.text+0xc78): undefined reference to `ispch_gChoice'
C:/Tools/mips-ps1/mips/bin/mipsel-none-elf-ld.exe: (.text+0xc7c): undefined reference to `ispch_gChoice'
C:/Tools/mips-ps1/mips/bin/mipsel-none-elf-ld.exe: build/src/eaclib/psx/spchpsxz/spchpick.c.o: in function `iSPCH_MakeSampleRequests':
(.text+0xdac): undefined reference to `ispch_gPickSamples'
C:/Tools/mips-ps1/mips/bin/mipsel-none-elf-ld.exe: (.text+0xdb0): undefined reference to `ispch_gPickSamples'
C:/Tools/mips-ps1/mips/bin/mipsel-none-elf-ld.exe: (.text+0xdb8): undefined reference to `ispch_gChoice'
C:/Tools/mips-ps1/mips/bin/mipsel-none-elf-ld.exe: (.text+0xdbc): undefined reference to `ispch_gChoice'
C:/Tools/mips-ps1/mips/bin/mipsel-none-elf-ld.exe: build/src/eaclib/psx/spchpsxz/spchpick.c.o: in function `iSPCH_SaveChosenSentence':
(.text+0xec0): undefined reference to `gSentenceChoice'
C:/Tools/mips-ps1/mips/bin/mipsel-none-elf-ld.exe: (.text+0xec4): undefined reference to `gSentenceChoice'
C:/Tools/mips-ps1/mips/bin/mipsel-none-elf-ld.exe: (.text+0xecc): undefined reference to `gSentenceChoice'
C:/Tools/mips-ps1/mips/bin/mipsel-none-elf-ld.exe: build/src/eaclib/psx/spchpsxz/spchpick.c.o: in function `iSPCH_PlayChosen':
(.text+0xf20): undefined reference to `gSentenceChoice'
C:/Tools/mips-ps1/mips/bin/mipsel-none-elf-ld.exe: (.text+0xf24): undefined reference to `gSentenceChoice'
C:/Tools/mips-ps1/mips/bin/mipsel-none-elf-ld.exe: build/src/eaclib/psx/spchpsxz/spchpick.c.o:(.text+0xf28): more undefined references to `gSentenceChoice' follow
C:/Tools/mips-ps1/mips/bin/mipsel-none-elf-ld.exe: build/src/eaclib/psx/spchpsxz/spchpick.c.o: in function `iSPCH_PlayChosen':
(.text+0xf58): undefined reference to `gVoxInGame'
C:/Tools/mips-ps1/mips/bin/mipsel-none-elf-ld.exe: (.text+0xf5c): undefined reference to `gVoxInGame'
C:/Tools/mips-ps1/mips/bin/mipsel-none-elf-ld.exe: (.text+0xf68): undefined reference to `gVoxInGame'
C:/Tools/mips-ps1/mips/bin/mipsel-none-elf-ld.exe: (.text+0xf7c): undefined reference to `gVoxInGame'
C:/Tools/mips-ps1/mips/bin/mipsel-none-elf-ld.exe: build/src/eaclib/psx/spchpsxz/spchpick.c.o: in function `iSPCH_ChooseSentence':
(.text+0x100c): undefined reference to `gFilterSetting'
C:/Tools/mips-ps1/mips/bin/mipsel-none-elf-ld.exe: (.text+0x1010): undefined reference to `gFilterSetting'
C:/Tools/mips-ps1/mips/bin/mipsel-none-elf-ld.exe: build/src/eaclib/psx/spchpsxz/spchpick.c.o: in function `SPCH_SetPreLoadTicks':
(.text+0x1144): undefined reference to `gPreLoadTicks'
C:/Tools/mips-ps1/mips/bin/mipsel-none-elf-ld.exe: (.text+0x114c): undefined reference to `gPreLoadTicks'
C:/Tools/mips-ps1/mips/bin/mipsel-none-elf-ld.exe: build/src/eaclib/psx/spchpsxz/spchrand.c.o: in function `iSPCH_BindData':
(.text+0x1d8): undefined reference to `gEventDats'
C:/Tools/mips-ps1/mips/bin/mipsel-none-elf-ld.exe: (.text+0x1dc): undefined reference to `gEventDats'
C:/Tools/mips-ps1/mips/bin/mipsel-none-elf-ld.exe: build/src/frontend/common/feapp.c.o: in function `DrawHelpIcons__14tFEApplication':
(.text+0x470): undefined reference to `gPadinfo'
C:/Tools/mips-ps1/mips/bin/mipsel-none-elf-ld.exe: (.text+0x6d0): undefined reference to `gPadinfo'
C:/Tools/mips-ps1/mips/bin/mipsel-none-elf-ld.exe: (.text+0x6c0): undefined reference to `gPadinfo'
C:/Tools/mips-ps1/mips/bin/mipsel-none-elf-ld.exe: (.text+0x578): undefined reference to `gPadinfo'
C:/Tools/mips-ps1/mips/bin/mipsel-none-elf-ld.exe: (.text+0x568): undefined reference to `gPadinfo'
C:/Tools/mips-ps1/mips/bin/mipsel-none-elf-ld.exe: build/src/frontend/common/feapp.c.o:(.text+0x4b4): more undefined references to `gPadinfo' follow
C:/Tools/mips-ps1/mips/bin/mipsel-none-elf-ld.exe: build/src/frontend/psx/movie.c.o: in function `strCallback__Fv':
(.text+0xa48): undefined reference to `StCdIntrFlag'
C:/Tools/mips-ps1/mips/bin/mipsel-none-elf-ld.exe: (.text+0xa4c): undefined reference to `StCdIntrFlag'
C:/Tools/mips-ps1/mips/bin/mipsel-none-elf-ld.exe: (.text+0xa64): undefined reference to `StCdIntrFlag'
C:/Tools/mips-ps1/mips/bin/mipsel-none-elf-ld.exe: build/src/game/psx/device.c.o: in function `Device_VerifyType__Fi':
(.text+0x1c): undefined reference to `gPadinfo'
C:/Tools/mips-ps1/mips/bin/mipsel-none-elf-ld.exe: build/src/game/psx/device.c.o: in function `Device_ReadPad__FiUl':
(.text+0x30c): undefined reference to `gPadinfo'
C:/Tools/mips-ps1/mips/bin/mipsel-none-elf-ld.exe: build/src/game/psx/device.c.o: in function `Device_VerifyType__Fi':
(.text+0x20): undefined reference to `gPadinfo'
C:/Tools/mips-ps1/mips/bin/mipsel-none-elf-ld.exe: build/src/game/psx/device.c.o: in function `Device_ReadPad__FiUl':
(.text+0x340): undefined reference to `gPadinfo'
C:/Tools/mips-ps1/mips/bin/mipsel-none-elf-ld.exe: (.text+0x318): undefined reference to `gPadinfo'
C:/Tools/mips-ps1/mips/bin/mipsel-none-elf-ld.exe: build/src/game/psx/device.c.o:(.text+0x354): more undefined references to `gPadinfo' follow
C:/Tools/mips-ps1/mips/bin/mipsel-none-elf-ld.exe: build/src/syslib/psx/libcard/END.c.o: in function `_ExitCard':
(.text+0x0): undefined reference to `D_80148AD4'
C:/Tools/mips-ps1/mips/bin/mipsel-none-elf-ld.exe: (.text+0x4): undefined reference to `D_80148AD4'
C:/Tools/mips-ps1/mips/bin/mipsel-none-elf-ld.exe: (.text+0x5c): undefined reference to `D_80148AD4'
C:/Tools/mips-ps1/mips/bin/mipsel-none-elf-ld.exe: (.text+0x60): undefined reference to `D_80148AD4'
C:/Tools/mips-ps1/mips/bin/mipsel-none-elf-ld.exe: build/src/syslib/psx/libcard/PATCH.c.o: in function `_patch_card':
(.text+0x5c): undefined reference to `D_80148AC4'
C:/Tools/mips-ps1/mips/bin/mipsel-none-elf-ld.exe: (.text+0x60): undefined reference to `D_80148AC4'
C:/Tools/mips-ps1/mips/bin/mipsel-none-elf-ld.exe: (.text+0xdc): undefined reference to `D_80148AC4'
C:/Tools/mips-ps1/mips/bin/mipsel-none-elf-ld.exe: (.text+0xe0): undefined reference to `D_80148AC4'
C:/Tools/mips-ps1/mips/bin/mipsel-none-elf-ld.exe: build/src/syslib/psx/libcard/PATCH.c.o: in function `_patch_card2':
(.text+0xf0): undefined reference to `D_80148AC4'
C:/Tools/mips-ps1/mips/bin/mipsel-none-elf-ld.exe: build/src/syslib/psx/libcard/PATCH.c.o:(.text+0xf4): more undefined references to `D_80148AC4' follow
C:/Tools/mips-ps1/mips/bin/mipsel-none-elf-ld.exe: build/src/syslib/psx/libcd/cdread2.c.o: in function `CdRead2':
(.text+0x38): undefined reference to `StMode'
C:/Tools/mips-ps1/mips/bin/mipsel-none-elf-ld.exe: (.text+0x40): undefined reference to `StMode'
C:/Tools/mips-ps1/mips/bin/mipsel-none-elf-ld.exe: (.text+0x44): undefined reference to `StMode'
C:/Tools/mips-ps1/mips/bin/mipsel-none-elf-ld.exe: (.text+0x48): undefined reference to `StMode'
C:/Tools/mips-ps1/mips/bin/mipsel-none-elf-ld.exe: build/src/syslib/psx/libcd/drv.c.o: in function `.L801072DC':
(.text+0x270): undefined reference to `D_8014899C'
C:/Tools/mips-ps1/mips/bin/mipsel-none-elf-ld.exe: (.text+0x274): undefined reference to `D_8014899C'
C:/Tools/mips-ps1/mips/bin/mipsel-none-elf-ld.exe: (.text+0x2dc): undefined reference to `D_8014899C'
C:/Tools/mips-ps1/mips/bin/mipsel-none-elf-ld.exe: (.text+0x2e0): undefined reference to `D_8014899C'
C:/Tools/mips-ps1/mips/bin/mipsel-none-elf-ld.exe: (.text+0x324): undefined reference to `D_8014899C'
C:/Tools/mips-ps1/mips/bin/mipsel-none-elf-ld.exe: build/src/syslib/psx/libcd/drv.c.o:(.text+0x328): more undefined references to `D_8014899C' follow
C:/Tools/mips-ps1/mips/bin/mipsel-none-elf-ld.exe: build/src/syslib/psx/libcd/drv.c.o: in function `.L80107428':
(.text+0x3d4): undefined reference to `D_801489A4'
C:/Tools/mips-ps1/mips/bin/mipsel-none-elf-ld.exe: (.text+0x3d8): undefined reference to `D_801489A4'
C:/Tools/mips-ps1/mips/bin/mipsel-none-elf-ld.exe: build/src/syslib/psx/libcd/drv.c.o: in function `.L801074A8':
(.text+0x428): undefined reference to `D_801489AC'
C:/Tools/mips-ps1/mips/bin/mipsel-none-elf-ld.exe: (.text+0x42c): undefined reference to `D_801489AC'
C:/Tools/mips-ps1/mips/bin/mipsel-none-elf-ld.exe: (.text+0x470): undefined reference to `D_801489A4'
C:/Tools/mips-ps1/mips/bin/mipsel-none-elf-ld.exe: (.text+0x474): undefined reference to `D_801489A4'
C:/Tools/mips-ps1/mips/bin/mipsel-none-elf-ld.exe: build/src/syslib/psx/libcd/drv.c.o: in function `.L80107528':
(.text+0x4a8): undefined reference to `D_8014899C'
C:/Tools/mips-ps1/mips/bin/mipsel-none-elf-ld.exe: (.text+0x4ac): undefined reference to `D_8014899C'
C:/Tools/mips-ps1/mips/bin/mipsel-none-elf-ld.exe: (.text+0x4f0): undefined reference to `D_801489A4'
C:/Tools/mips-ps1/mips/bin/mipsel-none-elf-ld.exe: (.text+0x4f4): undefined reference to `D_801489A4'
C:/Tools/mips-ps1/mips/bin/mipsel-none-elf-ld.exe: build/src/syslib/psx/libcd/drv.c.o: in function `CD_sync':
(.text+0x5bc): undefined reference to `D_801489B4'
C:/Tools/mips-ps1/mips/bin/mipsel-none-elf-ld.exe: (.text+0x5c0): undefined reference to `D_801489B4'
C:/Tools/mips-ps1/mips/bin/mipsel-none-elf-ld.exe: (.text+0x5cc): undefined reference to `D_801489B8'
C:/Tools/mips-ps1/mips/bin/mipsel-none-elf-ld.exe: (.text+0x5d0): undefined reference to `D_801489B8'
C:/Tools/mips-ps1/mips/bin/mipsel-none-elf-ld.exe: (.text+0x5d4): undefined reference to `D_801489BC'
C:/Tools/mips-ps1/mips/bin/mipsel-none-elf-ld.exe: (.text+0x5d8): undefined reference to `D_801489BC'
C:/Tools/mips-ps1/mips/bin/mipsel-none-elf-ld.exe: (.text+0x5e4): undefined reference to `D_801489B4'
C:/Tools/mips-ps1/mips/bin/mipsel-none-elf-ld.exe: (.text+0x5e8): undefined reference to `D_801489B4'
C:/Tools/mips-ps1/mips/bin/mipsel-none-elf-ld.exe: (.text+0x5fc): undefined reference to `D_801489B8'
C:/Tools/mips-ps1/mips/bin/mipsel-none-elf-ld.exe: (.text+0x600): undefined reference to `D_801489B8'
C:/Tools/mips-ps1/mips/bin/mipsel-none-elf-ld.exe: (.text+0x610): undefined reference to `D_801489B8'
C:/Tools/mips-ps1/mips/bin/mipsel-none-elf-ld.exe: (.text+0x614): undefined reference to `D_801489B8'
C:/Tools/mips-ps1/mips/bin/mipsel-none-elf-ld.exe: (.text+0x63c): undefined reference to `D_801489BC'
C:/Tools/mips-ps1/mips/bin/mipsel-none-elf-ld.exe: (.text+0x640): undefined reference to `D_801489BC'
C:/Tools/mips-ps1/mips/bin/mipsel-none-elf-ld.exe: (.text+0x6f8): undefined reference to `D_801489A4'
C:/Tools/mips-ps1/mips/bin/mipsel-none-elf-ld.exe: (.text+0x700): undefined reference to `D_801489A4'
C:/Tools/mips-ps1/mips/bin/mipsel-none-elf-ld.exe: (.text+0x728): undefined reference to `D_8014899C'
C:/Tools/mips-ps1/mips/bin/mipsel-none-elf-ld.exe: (.text+0x730): undefined reference to `D_8014899C'
C:/Tools/mips-ps1/mips/bin/mipsel-none-elf-ld.exe: (.text+0x770): undefined reference to `D_8014899C'
C:/Tools/mips-ps1/mips/bin/mipsel-none-elf-ld.exe: (.text+0x774): undefined reference to `D_8014899C'
C:/Tools/mips-ps1/mips/bin/mipsel-none-elf-ld.exe: build/src/syslib/psx/libcd/drv.c.o: in function `CD_ready':
(.text+0x83c): undefined reference to `D_801489B4'
C:/Tools/mips-ps1/mips/bin/mipsel-none-elf-ld.exe: (.text+0x840): undefined reference to `D_801489B4'
C:/Tools/mips-ps1/mips/bin/mipsel-none-elf-ld.exe: (.text+0x84c): undefined reference to `D_801489B8'
C:/Tools/mips-ps1/mips/bin/mipsel-none-elf-ld.exe: (.text+0x850): undefined reference to `D_801489B8'
C:/Tools/mips-ps1/mips/bin/mipsel-none-elf-ld.exe: (.text+0x854): undefined reference to `D_801489BC'
C:/Tools/mips-ps1/mips/bin/mipsel-none-elf-ld.exe: (.text+0x858): undefined reference to `D_801489BC'
C:/Tools/mips-ps1/mips/bin/mipsel-none-elf-ld.exe: (.text+0x864): undefined reference to `D_801489B4'
C:/Tools/mips-ps1/mips/bin/mipsel-none-elf-ld.exe: (.text+0x868): undefined reference to `D_801489B4'
C:/Tools/mips-ps1/mips/bin/mipsel-none-elf-ld.exe: (.text+0x87c): undefined reference to `D_801489B8'
C:/Tools/mips-ps1/mips/bin/mipsel-none-elf-ld.exe: (.text+0x880): undefined reference to `D_801489B8'
C:/Tools/mips-ps1/mips/bin/mipsel-none-elf-ld.exe: (.text+0x890): undefined reference to `D_801489B8'
C:/Tools/mips-ps1/mips/bin/mipsel-none-elf-ld.exe: (.text+0x894): undefined reference to `D_801489B8'
C:/Tools/mips-ps1/mips/bin/mipsel-none-elf-ld.exe: (.text+0x8bc): undefined reference to `D_801489BC'
C:/Tools/mips-ps1/mips/bin/mipsel-none-elf-ld.exe: (.text+0x8c0): undefined reference to `D_801489BC'
C:/Tools/mips-ps1/mips/bin/mipsel-none-elf-ld.exe: (.text+0x978): undefined reference to `D_801489A4'
C:/Tools/mips-ps1/mips/bin/mipsel-none-elf-ld.exe: (.text+0x980): undefined reference to `D_801489A4'
C:/Tools/mips-ps1/mips/bin/mipsel-none-elf-ld.exe: (.text+0x9a8): undefined reference to `D_8014899C'
C:/Tools/mips-ps1/mips/bin/mipsel-none-elf-ld.exe: (.text+0x9b0): undefined reference to `D_8014899C'
C:/Tools/mips-ps1/mips/bin/mipsel-none-elf-ld.exe: (.text+0x9e4): undefined reference to `D_801489AC'
C:/Tools/mips-ps1/mips/bin/mipsel-none-elf-ld.exe: (.text+0x9e8): undefined reference to `D_801489AC'
C:/Tools/mips-ps1/mips/bin/mipsel-none-elf-ld.exe: (.text+0xa38): undefined reference to `D_801489A4'
C:/Tools/mips-ps1/mips/bin/mipsel-none-elf-ld.exe: (.text+0xa3c): undefined reference to `D_801489A4'
C:/Tools/mips-ps1/mips/bin/mipsel-none-elf-ld.exe: build/src/syslib/psx/libcd/drv.c.o: in function `CD_cw':
(.text+0xc74): undefined reference to `D_801489B4'
C:/Tools/mips-ps1/mips/bin/mipsel-none-elf-ld.exe: (.text+0xc78): undefined reference to `D_801489B4'
C:/Tools/mips-ps1/mips/bin/mipsel-none-elf-ld.exe: (.text+0xc7c): undefined reference to `D_801489B8'
C:/Tools/mips-ps1/mips/bin/mipsel-none-elf-ld.exe: (.text+0xc80): undefined reference to `D_801489B8'
C:/Tools/mips-ps1/mips/bin/mipsel-none-elf-ld.exe: (.text+0xc90): undefined reference to `D_801489BC'
C:/Tools/mips-ps1/mips/bin/mipsel-none-elf-ld.exe: (.text+0xc94): undefined reference to `D_801489BC'
C:/Tools/mips-ps1/mips/bin/mipsel-none-elf-ld.exe: (.text+0xcc0): undefined reference to `D_801489B4'
C:/Tools/mips-ps1/mips/bin/mipsel-none-elf-ld.exe: (.text+0xcc4): undefined reference to `D_801489B4'
C:/Tools/mips-ps1/mips/bin/mipsel-none-elf-ld.exe: (.text+0xcd8): undefined reference to `D_801489B8'
C:/Tools/mips-ps1/mips/bin/mipsel-none-elf-ld.exe: (.text+0xcdc): undefined reference to `D_801489B8'
C:/Tools/mips-ps1/mips/bin/mipsel-none-elf-ld.exe: (.text+0xcec): undefined reference to `D_801489B8'
C:/Tools/mips-ps1/mips/bin/mipsel-none-elf-ld.exe: (.text+0xcf0): undefined reference to `D_801489B8'
C:/Tools/mips-ps1/mips/bin/mipsel-none-elf-ld.exe: (.text+0xd18): undefined reference to `D_801489BC'
C:/Tools/mips-ps1/mips/bin/mipsel-none-elf-ld.exe: (.text+0xd1c): undefined reference to `D_801489BC'
C:/Tools/mips-ps1/mips/bin/mipsel-none-elf-ld.exe: (.text+0xdd4): undefined reference to `D_801489A4'
C:/Tools/mips-ps1/mips/bin/mipsel-none-elf-ld.exe: (.text+0xddc): undefined reference to `D_801489A4'
C:/Tools/mips-ps1/mips/bin/mipsel-none-elf-ld.exe: (.text+0xe04): undefined reference to `D_8014899C'
C:/Tools/mips-ps1/mips/bin/mipsel-none-elf-ld.exe: (.text+0xe0c): undefined reference to `D_8014899C'
C:/Tools/mips-ps1/mips/bin/mipsel-none-elf-ld.exe: (.text+0xe38): undefined reference to `D_8014899C'
C:/Tools/mips-ps1/mips/bin/mipsel-none-elf-ld.exe: (.text+0xe3c): undefined reference to `D_8014899C'
C:/Tools/mips-ps1/mips/bin/mipsel-none-elf-ld.exe: build/src/syslib/psx/libcd/drv.c.o: in function `CD_datasync':
(.text+0x12e8): undefined reference to `D_801489B4'
C:/Tools/mips-ps1/mips/bin/mipsel-none-elf-ld.exe: (.text+0x12ec): undefined reference to `D_801489B4'
C:/Tools/mips-ps1/mips/bin/mipsel-none-elf-ld.exe: (.text+0x12f8): undefined reference to `D_801489B8'
C:/Tools/mips-ps1/mips/bin/mipsel-none-elf-ld.exe: (.text+0x12fc): undefined reference to `D_801489B8'
C:/Tools/mips-ps1/mips/bin/mipsel-none-elf-ld.exe: (.text+0x1300): undefined reference to `D_801489BC'
C:/Tools/mips-ps1/mips/bin/mipsel-none-elf-ld.exe: (.text+0x1304): undefined reference to `D_801489BC'
C:/Tools/mips-ps1/mips/bin/mipsel-none-elf-ld.exe: (.text+0x1310): undefined reference to `D_801489B4'
C:/Tools/mips-ps1/mips/bin/mipsel-none-elf-ld.exe: (.text+0x1314): undefined reference to `D_801489B4'
C:/Tools/mips-ps1/mips/bin/mipsel-none-elf-ld.exe: (.text+0x1328): undefined reference to `D_801489B8'
C:/Tools/mips-ps1/mips/bin/mipsel-none-elf-ld.exe: (.text+0x132c): undefined reference to `D_801489B8'
C:/Tools/mips-ps1/mips/bin/mipsel-none-elf-ld.exe: (.text+0x1340): undefined reference to `D_801489B8'
C:/Tools/mips-ps1/mips/bin/mipsel-none-elf-ld.exe: (.text+0x1348): undefined reference to `D_801489B8'
C:/Tools/mips-ps1/mips/bin/mipsel-none-elf-ld.exe: (.text+0x1360): undefined reference to `D_801489BC'
C:/Tools/mips-ps1/mips/bin/mipsel-none-elf-ld.exe: (.text+0x1364): undefined reference to `D_801489BC'
C:/Tools/mips-ps1/mips/bin/mipsel-none-elf-ld.exe: build/src/syslib/psx/libcd/drv.c.o: in function `_cd_intr_dispatch':
(.text+0x1668): undefined reference to `D_801489A4'
C:/Tools/mips-ps1/mips/bin/mipsel-none-elf-ld.exe: (.text+0x1670): undefined reference to `D_801489A4'
C:/Tools/mips-ps1/mips/bin/mipsel-none-elf-ld.exe: (.text+0x1698): undefined reference to `D_8014899C'
C:/Tools/mips-ps1/mips/bin/mipsel-none-elf-ld.exe: (.text+0x16a0): undefined reference to `D_8014899C'
C:/Tools/mips-ps1/mips/bin/mipsel-none-elf-ld.exe: build/src/syslib/psx/libcd/iso9660.c.o: in function `CD_cachefile':
(.text+0x8e0): undefined reference to `StEmu_Addr'
C:/Tools/mips-ps1/mips/bin/mipsel-none-elf-ld.exe: (.text+0x8e4): undefined reference to `StEmu_Addr'
C:/Tools/mips-ps1/mips/bin/mipsel-none-elf-ld.exe: build/src/syslib/psx/libcd/stcdint.c.o: in function `StCdInterrupt':
(.text+0x4): undefined reference to `StFinalSector'
C:/Tools/mips-ps1/mips/bin/mipsel-none-elf-ld.exe: (.text+0x8): undefined reference to `StFinalSector'
C:/Tools/mips-ps1/mips/bin/mipsel-none-elf-ld.exe: (.text+0x18): undefined reference to `StRgb24'
C:/Tools/mips-ps1/mips/bin/mipsel-none-elf-ld.exe: (.text+0x1c): undefined reference to `StRgb24'
C:/Tools/mips-ps1/mips/bin/mipsel-none-elf-ld.exe: (.text+0x4c): undefined reference to `StEmu_Addr'
C:/Tools/mips-ps1/mips/bin/mipsel-none-elf-ld.exe: (.text+0x50): undefined reference to `StEmu_Addr'
C:/Tools/mips-ps1/mips/bin/mipsel-none-elf-ld.exe: (.text+0x54): undefined reference to `StCdIntrFlag'
C:/Tools/mips-ps1/mips/bin/mipsel-none-elf-ld.exe: (.text+0x5c): undefined reference to `StCdIntrFlag'
C:/Tools/mips-ps1/mips/bin/mipsel-none-elf-ld.exe: (.text+0x60): undefined reference to `StEmu_Idx'
C:/Tools/mips-ps1/mips/bin/mipsel-none-elf-ld.exe: (.text+0x64): undefined reference to `StEmu_Idx'
C:/Tools/mips-ps1/mips/bin/mipsel-none-elf-ld.exe: (.text+0x70): undefined reference to `StEmu_Idx'
C:/Tools/mips-ps1/mips/bin/mipsel-none-elf-ld.exe: (.text+0x74): undefined reference to `StEmu_Idx'
C:/Tools/mips-ps1/mips/bin/mipsel-none-elf-ld.exe: (.text+0xc8): undefined reference to `StRingIdx1'
C:/Tools/mips-ps1/mips/bin/mipsel-none-elf-ld.exe: (.text+0xcc): undefined reference to `StRingIdx1'
C:/Tools/mips-ps1/mips/bin/mipsel-none-elf-ld.exe: (.text+0xd0): undefined reference to `StRingAddr'
C:/Tools/mips-ps1/mips/bin/mipsel-none-elf-ld.exe: (.text+0xd4): undefined reference to `StRingAddr'
C:/Tools/mips-ps1/mips/bin/mipsel-none-elf-ld.exe: (.text+0xf8): undefined reference to `StEmu_Addr'
C:/Tools/mips-ps1/mips/bin/mipsel-none-elf-ld.exe: (.text+0xfc): undefined reference to `StEmu_Addr'
C:/Tools/mips-ps1/mips/bin/mipsel-none-elf-ld.exe: (.text+0x10c): undefined reference to `StEmu_Idx'
C:/Tools/mips-ps1/mips/bin/mipsel-none-elf-ld.exe: (.text+0x110): undefined reference to `StEmu_Idx'
C:/Tools/mips-ps1/mips/bin/mipsel-none-elf-ld.exe: (.text+0x11c): undefined reference to `StEmu_Idx'
C:/Tools/mips-ps1/mips/bin/mipsel-none-elf-ld.exe: (.text+0x120): undefined reference to `StEmu_Idx'
C:/Tools/mips-ps1/mips/bin/mipsel-none-elf-ld.exe: (.text+0x194): undefined reference to `StMode'
C:/Tools/mips-ps1/mips/bin/mipsel-none-elf-ld.exe: (.text+0x198): undefined reference to `StMode'
C:/Tools/mips-ps1/mips/bin/mipsel-none-elf-ld.exe: (.text+0x1f4): undefined reference to `StEmu_Addr'
C:/Tools/mips-ps1/mips/bin/mipsel-none-elf-ld.exe: (.text+0x1f8): undefined reference to `StEmu_Addr'
C:/Tools/mips-ps1/mips/bin/mipsel-none-elf-ld.exe: (.text+0x210): undefined reference to `StEmu_Idx'
C:/Tools/mips-ps1/mips/bin/mipsel-none-elf-ld.exe: (.text+0x214): undefined reference to `StEmu_Idx'
C:/Tools/mips-ps1/mips/bin/mipsel-none-elf-ld.exe: (.text+0x2d0): undefined reference to `StSTART_FLAG'
C:/Tools/mips-ps1/mips/bin/mipsel-none-elf-ld.exe: (.text+0x2d4): undefined reference to `StSTART_FLAG'
C:/Tools/mips-ps1/mips/bin/mipsel-none-elf-ld.exe: (.text+0x2e4): undefined reference to `StStartFrame'
C:/Tools/mips-ps1/mips/bin/mipsel-none-elf-ld.exe: (.text+0x2e8): undefined reference to `StStartFrame'
C:/Tools/mips-ps1/mips/bin/mipsel-none-elf-ld.exe: (.text+0x318): undefined reference to `StEmu_Addr'
C:/Tools/mips-ps1/mips/bin/mipsel-none-elf-ld.exe: (.text+0x31c): undefined reference to `StEmu_Addr'
C:/Tools/mips-ps1/mips/bin/mipsel-none-elf-ld.exe: (.text+0x32c): undefined reference to `StEmu_Idx'
C:/Tools/mips-ps1/mips/bin/mipsel-none-elf-ld.exe: (.text+0x330): undefined reference to `StEmu_Idx'
C:/Tools/mips-ps1/mips/bin/mipsel-none-elf-ld.exe: (.text+0x33c): undefined reference to `StEmu_Idx'
C:/Tools/mips-ps1/mips/bin/mipsel-none-elf-ld.exe: (.text+0x344): undefined reference to `StEmu_Idx'
C:/Tools/mips-ps1/mips/bin/mipsel-none-elf-ld.exe: (.text+0x348): undefined reference to `StSTART_FLAG'
C:/Tools/mips-ps1/mips/bin/mipsel-none-elf-ld.exe: (.text+0x34c): undefined reference to `StSTART_FLAG'
C:/Tools/mips-ps1/mips/bin/mipsel-none-elf-ld.exe: (.text+0x370): undefined reference to `CChannel'
C:/Tools/mips-ps1/mips/bin/mipsel-none-elf-ld.exe: (.text+0x374): undefined reference to `CChannel'
C:/Tools/mips-ps1/mips/bin/mipsel-none-elf-ld.exe: (.text+0x388): undefined reference to `StEmu_Addr'
C:/Tools/mips-ps1/mips/bin/mipsel-none-elf-ld.exe: (.text+0x38c): undefined reference to `StEmu_Addr'
C:/Tools/mips-ps1/mips/bin/mipsel-none-elf-ld.exe: (.text+0x39c): undefined reference to `StEmu_Idx'
C:/Tools/mips-ps1/mips/bin/mipsel-none-elf-ld.exe: (.text+0x3a4): undefined reference to `StEmu_Idx'
C:/Tools/mips-ps1/mips/bin/mipsel-none-elf-ld.exe: (.text+0x3c8): undefined reference to `Stsector_offset'
C:/Tools/mips-ps1/mips/bin/mipsel-none-elf-ld.exe: (.text+0x3cc): undefined reference to `Stsector_offset'
C:/Tools/mips-ps1/mips/bin/mipsel-none-elf-ld.exe: (.text+0x3e0): undefined reference to `Stframe_no'
C:/Tools/mips-ps1/mips/bin/mipsel-none-elf-ld.exe: (.text+0x3e4): undefined reference to `Stframe_no'
C:/Tools/mips-ps1/mips/bin/mipsel-none-elf-ld.exe: (.text+0x404): undefined reference to `StRingIdx2'
C:/Tools/mips-ps1/mips/bin/mipsel-none-elf-ld.exe: (.text+0x408): undefined reference to `StRingIdx2'
C:/Tools/mips-ps1/mips/bin/mipsel-none-elf-ld.exe: (.text+0x40c): undefined reference to `StRingIdx1'
C:/Tools/mips-ps1/mips/bin/mipsel-none-elf-ld.exe: (.text+0x410): undefined reference to `StRingIdx1'
C:/Tools/mips-ps1/mips/bin/mipsel-none-elf-ld.exe: (.text+0x414): undefined reference to `Stframe_no'
C:/Tools/mips-ps1/mips/bin/mipsel-none-elf-ld.exe: (.text+0x418): undefined reference to `Stframe_no'
C:/Tools/mips-ps1/mips/bin/mipsel-none-elf-ld.exe: (.text+0x41c): undefined reference to `Stsector_offset'
C:/Tools/mips-ps1/mips/bin/mipsel-none-elf-ld.exe: (.text+0x420): undefined reference to `Stsector_offset'
C:/Tools/mips-ps1/mips/bin/mipsel-none-elf-ld.exe: (.text+0x42c): undefined reference to `StRingIdx2'
C:/Tools/mips-ps1/mips/bin/mipsel-none-elf-ld.exe: (.text+0x430): undefined reference to `StRingIdx2'
C:/Tools/mips-ps1/mips/bin/mipsel-none-elf-ld.exe: (.text+0x43c): undefined reference to `StRingIdx1'
C:/Tools/mips-ps1/mips/bin/mipsel-none-elf-ld.exe: (.text+0x440): undefined reference to `StRingIdx1'
C:/Tools/mips-ps1/mips/bin/mipsel-none-elf-ld.exe: (.text+0x448): undefined reference to `StEmu_Addr'
C:/Tools/mips-ps1/mips/bin/mipsel-none-elf-ld.exe: (.text+0x44c): undefined reference to `StEmu_Addr'
C:/Tools/mips-ps1/mips/bin/mipsel-none-elf-ld.exe: (.text+0x45c): undefined reference to `StEmu_Idx'
C:/Tools/mips-ps1/mips/bin/mipsel-none-elf-ld.exe: (.text+0x460): undefined reference to `StEmu_Idx'
C:/Tools/mips-ps1/mips/bin/mipsel-none-elf-ld.exe: (.text+0x46c): undefined reference to `StEmu_Idx'
C:/Tools/mips-ps1/mips/bin/mipsel-none-elf-ld.exe: (.text+0x470): undefined reference to `StEmu_Idx'
C:/Tools/mips-ps1/mips/bin/mipsel-none-elf-ld.exe: (.text+0x4a4): undefined reference to `StEndFrame'
C:/Tools/mips-ps1/mips/bin/mipsel-none-elf-ld.exe: (.text+0x4a8): undefined reference to `StEndFrame'
C:/Tools/mips-ps1/mips/bin/mipsel-none-elf-ld.exe: (.text+0x4ac): undefined reference to `Stsector_offset'
C:/Tools/mips-ps1/mips/bin/mipsel-none-elf-ld.exe: (.text+0x4b0): undefined reference to `Stsector_offset'
C:/Tools/mips-ps1/mips/bin/mipsel-none-elf-ld.exe: (.text+0x4b8): undefined reference to `Stframe_no'
C:/Tools/mips-ps1/mips/bin/mipsel-none-elf-ld.exe: (.text+0x4bc): undefined reference to `Stframe_no'
C:/Tools/mips-ps1/mips/bin/mipsel-none-elf-ld.exe: (.text+0x4d0): undefined reference to `StRingIdx2'
C:/Tools/mips-ps1/mips/bin/mipsel-none-elf-ld.exe: (.text+0x4d4): undefined reference to `StRingIdx2'
C:/Tools/mips-ps1/mips/bin/mipsel-none-elf-ld.exe: (.text+0x4d8): undefined reference to `StRingIdx1'
C:/Tools/mips-ps1/mips/bin/mipsel-none-elf-ld.exe: (.text+0x4dc): undefined reference to `StRingIdx1'
C:/Tools/mips-ps1/mips/bin/mipsel-none-elf-ld.exe: (.text+0x4e0): undefined reference to `Stframe_no'
C:/Tools/mips-ps1/mips/bin/mipsel-none-elf-ld.exe: (.text+0x4e4): undefined reference to `Stframe_no'
C:/Tools/mips-ps1/mips/bin/mipsel-none-elf-ld.exe: (.text+0x4e8): undefined reference to `Stsector_offset'
C:/Tools/mips-ps1/mips/bin/mipsel-none-elf-ld.exe: (.text+0x4ec): undefined reference to `Stsector_offset'
C:/Tools/mips-ps1/mips/bin/mipsel-none-elf-ld.exe: (.text+0x4f8): undefined reference to `StRingIdx2'
C:/Tools/mips-ps1/mips/bin/mipsel-none-elf-ld.exe: (.text+0x4fc): undefined reference to `StRingIdx2'
C:/Tools/mips-ps1/mips/bin/mipsel-none-elf-ld.exe: (.text+0x508): undefined reference to `StRingIdx1'
C:/Tools/mips-ps1/mips/bin/mipsel-none-elf-ld.exe: (.text+0x50c): undefined reference to `StRingIdx1'
C:/Tools/mips-ps1/mips/bin/mipsel-none-elf-ld.exe: (.text+0x514): undefined reference to `StFunc2'
C:/Tools/mips-ps1/mips/bin/mipsel-none-elf-ld.exe: (.text+0x518): undefined reference to `StFunc2'
C:/Tools/mips-ps1/mips/bin/mipsel-none-elf-ld.exe: (.text+0x520): undefined reference to `StSTART_FLAG'
C:/Tools/mips-ps1/mips/bin/mipsel-none-elf-ld.exe: (.text+0x528): undefined reference to `StSTART_FLAG'
C:/Tools/mips-ps1/mips/bin/mipsel-none-elf-ld.exe: (.text+0x534): undefined reference to `StEmu_Addr'
C:/Tools/mips-ps1/mips/bin/mipsel-none-elf-ld.exe: (.text+0x538): undefined reference to `StEmu_Addr'
C:/Tools/mips-ps1/mips/bin/mipsel-none-elf-ld.exe: (.text+0x548): undefined reference to `StEmu_Idx'
C:/Tools/mips-ps1/mips/bin/mipsel-none-elf-ld.exe: (.text+0x54c): undefined reference to `StEmu_Idx'
C:/Tools/mips-ps1/mips/bin/mipsel-none-elf-ld.exe: (.text+0x558): undefined reference to `StEmu_Idx'
C:/Tools/mips-ps1/mips/bin/mipsel-none-elf-ld.exe: (.text+0x55c): undefined reference to `StEmu_Idx'
C:/Tools/mips-ps1/mips/bin/mipsel-none-elf-ld.exe: (.text+0x570): undefined reference to `StRingSize'
C:/Tools/mips-ps1/mips/bin/mipsel-none-elf-ld.exe: (.text+0x574): undefined reference to `StRingSize'
C:/Tools/mips-ps1/mips/bin/mipsel-none-elf-ld.exe: (.text+0x578): undefined reference to `StRingIdx1'
C:/Tools/mips-ps1/mips/bin/mipsel-none-elf-ld.exe: (.text+0x57c): undefined reference to `StRingIdx1'
C:/Tools/mips-ps1/mips/bin/mipsel-none-elf-ld.exe: (.text+0x5a0): undefined reference to `StEndFrame'
C:/Tools/mips-ps1/mips/bin/mipsel-none-elf-ld.exe: (.text+0x5a4): undefined reference to `StEndFrame'
C:/Tools/mips-ps1/mips/bin/mipsel-none-elf-ld.exe: (.text+0x5b8): undefined reference to `StFunc2'
C:/Tools/mips-ps1/mips/bin/mipsel-none-elf-ld.exe: (.text+0x5bc): undefined reference to `StFunc2'
C:/Tools/mips-ps1/mips/bin/mipsel-none-elf-ld.exe: (.text+0x5c4): undefined reference to `StSTART_FLAG'
C:/Tools/mips-ps1/mips/bin/mipsel-none-elf-ld.exe: (.text+0x5cc): undefined reference to `StSTART_FLAG'
C:/Tools/mips-ps1/mips/bin/mipsel-none-elf-ld.exe: (.text+0x5d8): undefined reference to `StEmu_Addr'
C:/Tools/mips-ps1/mips/bin/mipsel-none-elf-ld.exe: (.text+0x5dc): undefined reference to `StEmu_Addr'
C:/Tools/mips-ps1/mips/bin/mipsel-none-elf-ld.exe: (.text+0x5ec): undefined reference to `StEmu_Idx'
C:/Tools/mips-ps1/mips/bin/mipsel-none-elf-ld.exe: (.text+0x5f0): undefined reference to `StEmu_Idx'
C:/Tools/mips-ps1/mips/bin/mipsel-none-elf-ld.exe: (.text+0x5fc): undefined reference to `StEmu_Idx'
C:/Tools/mips-ps1/mips/bin/mipsel-none-elf-ld.exe: (.text+0x600): undefined reference to `StEmu_Idx'
C:/Tools/mips-ps1/mips/bin/mipsel-none-elf-ld.exe: (.text+0x614): undefined reference to `StRingAddr'
C:/Tools/mips-ps1/mips/bin/mipsel-none-elf-ld.exe: (.text+0x618): undefined reference to `StRingAddr'
C:/Tools/mips-ps1/mips/bin/mipsel-none-elf-ld.exe: (.text+0x634): undefined reference to `StEmu_Addr'
C:/Tools/mips-ps1/mips/bin/mipsel-none-elf-ld.exe: (.text+0x638): undefined reference to `StEmu_Addr'
C:/Tools/mips-ps1/mips/bin/mipsel-none-elf-ld.exe: (.text+0x648): undefined reference to `StEmu_Idx'
C:/Tools/mips-ps1/mips/bin/mipsel-none-elf-ld.exe: (.text+0x64c): undefined reference to `StEmu_Idx'
C:/Tools/mips-ps1/mips/bin/mipsel-none-elf-ld.exe: (.text+0x658): undefined reference to `StEmu_Idx'
C:/Tools/mips-ps1/mips/bin/mipsel-none-elf-ld.exe: (.text+0x65c): undefined reference to `StEmu_Idx'
C:/Tools/mips-ps1/mips/bin/mipsel-none-elf-ld.exe: (.text+0x674): undefined reference to `StRingAddr'
C:/Tools/mips-ps1/mips/bin/mipsel-none-elf-ld.exe: (.text+0x678): undefined reference to `StRingAddr'
C:/Tools/mips-ps1/mips/bin/mipsel-none-elf-ld.exe: (.text+0x688): undefined reference to `StRingIdx1'
C:/Tools/mips-ps1/mips/bin/mipsel-none-elf-ld.exe: (.text+0x68c): undefined reference to `StRingIdx1'
C:/Tools/mips-ps1/mips/bin/mipsel-none-elf-ld.exe: (.text+0x6ac): undefined reference to `StRingAddr'
C:/Tools/mips-ps1/mips/bin/mipsel-none-elf-ld.exe: (.text+0x6b0): undefined reference to `StRingAddr'
C:/Tools/mips-ps1/mips/bin/mipsel-none-elf-ld.exe: (.text+0x6bc): undefined reference to `StRingIdx1'
C:/Tools/mips-ps1/mips/bin/mipsel-none-elf-ld.exe: (.text+0x6c0): undefined reference to `StRingIdx1'
C:/Tools/mips-ps1/mips/bin/mipsel-none-elf-ld.exe: (.text+0x6c4): undefined reference to `StRingIdx2'
C:/Tools/mips-ps1/mips/bin/mipsel-none-elf-ld.exe: (.text+0x6c8): undefined reference to `StRingIdx2'
C:/Tools/mips-ps1/mips/bin/mipsel-none-elf-ld.exe: (.text+0x6d8): undefined reference to `Stsector_offset'
C:/Tools/mips-ps1/mips/bin/mipsel-none-elf-ld.exe: (.text+0x6dc): undefined reference to `Stsector_offset'
C:/Tools/mips-ps1/mips/bin/mipsel-none-elf-ld.exe: (.text+0x6e0): undefined reference to `StRingSize'
C:/Tools/mips-ps1/mips/bin/mipsel-none-elf-ld.exe: (.text+0x6e4): undefined reference to `StRingSize'
C:/Tools/mips-ps1/mips/bin/mipsel-none-elf-ld.exe: (.text+0x6e8): undefined reference to `StRingAddr'
C:/Tools/mips-ps1/mips/bin/mipsel-none-elf-ld.exe: (.text+0x6ec): undefined reference to `StRingAddr'
C:/Tools/mips-ps1/mips/bin/mipsel-none-elf-ld.exe: (.text+0x6f0): undefined reference to `StRingIdx1'
C:/Tools/mips-ps1/mips/bin/mipsel-none-elf-ld.exe: (.text+0x6f4): undefined reference to `StRingIdx1'
C:/Tools/mips-ps1/mips/bin/mipsel-none-elf-ld.exe: (.text+0x704): undefined reference to `Stsector_offset'
C:/Tools/mips-ps1/mips/bin/mipsel-none-elf-ld.exe: (.text+0x708): undefined reference to `Stsector_offset'
C:/Tools/mips-ps1/mips/bin/mipsel-none-elf-ld.exe: (.text+0x718): undefined reference to `StRgb24'
C:/Tools/mips-ps1/mips/bin/mipsel-none-elf-ld.exe: (.text+0x71c): undefined reference to `StRgb24'
C:/Tools/mips-ps1/mips/bin/mipsel-none-elf-ld.exe: (.text+0x724): undefined reference to `StRingBase'
C:/Tools/mips-ps1/mips/bin/mipsel-none-elf-ld.exe: (.text+0x728): undefined reference to `StRingBase'
C:/Tools/mips-ps1/mips/bin/mipsel-none-elf-ld.exe: (.text+0x798): undefined reference to `StEmu_Addr'
C:/Tools/mips-ps1/mips/bin/mipsel-none-elf-ld.exe: (.text+0x79c): undefined reference to `StEmu_Addr'
C:/Tools/mips-ps1/mips/bin/mipsel-none-elf-ld.exe: (.text+0x7a0): undefined reference to `StFinalSector'
C:/Tools/mips-ps1/mips/bin/mipsel-none-elf-ld.exe: (.text+0x7a4): undefined reference to `StFinalSector'
C:/Tools/mips-ps1/mips/bin/mipsel-none-elf-ld.exe: (.text+0x7b4): undefined reference to `StEmu_Idx'
C:/Tools/mips-ps1/mips/bin/mipsel-none-elf-ld.exe: (.text+0x7b8): undefined reference to `StEmu_Idx'
C:/Tools/mips-ps1/mips/bin/mipsel-none-elf-ld.exe: (.text+0x7bc): undefined reference to `StRingBase'
C:/Tools/mips-ps1/mips/bin/mipsel-none-elf-ld.exe: (.text+0x7c0): undefined reference to `StRingBase'
C:/Tools/mips-ps1/mips/bin/mipsel-none-elf-ld.exe: (.text+0x7d4): undefined reference to `StEmu_Idx'
C:/Tools/mips-ps1/mips/bin/mipsel-none-elf-ld.exe: (.text+0x7d8): undefined reference to `StEmu_Idx'
C:/Tools/mips-ps1/mips/bin/mipsel-none-elf-ld.exe: (.text+0x7e4): undefined reference to `StEmu_Idx'
C:/Tools/mips-ps1/mips/bin/mipsel-none-elf-ld.exe: (.text+0x7ec): undefined reference to `StEmu_Idx'
C:/Tools/mips-ps1/mips/bin/mipsel-none-elf-ld.exe: (.text+0x7f8): undefined reference to `StRingBase'
C:/Tools/mips-ps1/mips/bin/mipsel-none-elf-ld.exe: (.text+0x7fc): undefined reference to `StRingBase'
C:/Tools/mips-ps1/mips/bin/mipsel-none-elf-ld.exe: (.text+0x814): undefined reference to `StCHANNEL'
C:/Tools/mips-ps1/mips/bin/mipsel-none-elf-ld.exe: (.text+0x818): undefined reference to `StCHANNEL'
C:/Tools/mips-ps1/mips/bin/mipsel-none-elf-ld.exe: (.text+0x81c): undefined reference to `Stsector_offset'
C:/Tools/mips-ps1/mips/bin/mipsel-none-elf-ld.exe: (.text+0x820): undefined reference to `Stsector_offset'
C:/Tools/mips-ps1/mips/bin/mipsel-none-elf-ld.exe: (.text+0x824): undefined reference to `Stframe_no'
C:/Tools/mips-ps1/mips/bin/mipsel-none-elf-ld.exe: (.text+0x828): undefined reference to `Stframe_no'
C:/Tools/mips-ps1/mips/bin/mipsel-none-elf-ld.exe: (.text+0x82c): undefined reference to `CChannel'
C:/Tools/mips-ps1/mips/bin/mipsel-none-elf-ld.exe: (.text+0x834): undefined reference to `CChannel'
C:/Tools/mips-ps1/mips/bin/mipsel-none-elf-ld.exe: (.text+0x838): undefined reference to `StEmu_Addr'
C:/Tools/mips-ps1/mips/bin/mipsel-none-elf-ld.exe: (.text+0x83c): undefined reference to `StEmu_Addr'
C:/Tools/mips-ps1/mips/bin/mipsel-none-elf-ld.exe: (.text+0x850): undefined reference to `StEmu_Idx'
C:/Tools/mips-ps1/mips/bin/mipsel-none-elf-ld.exe: (.text+0x854): undefined reference to `StEmu_Idx'
C:/Tools/mips-ps1/mips/bin/mipsel-none-elf-ld.exe: (.text+0x858): undefined reference to `StRingBase'
C:/Tools/mips-ps1/mips/bin/mipsel-none-elf-ld.exe: (.text+0x85c): undefined reference to `StRingBase'
C:/Tools/mips-ps1/mips/bin/mipsel-none-elf-ld.exe: (.text+0x870): undefined reference to `StEmu_Idx'
C:/Tools/mips-ps1/mips/bin/mipsel-none-elf-ld.exe: (.text+0x874): undefined reference to `StEmu_Idx'
C:/Tools/mips-ps1/mips/bin/mipsel-none-elf-ld.exe: (.text+0x880): undefined reference to `StEmu_Idx'
C:/Tools/mips-ps1/mips/bin/mipsel-none-elf-ld.exe: (.text+0x888): undefined reference to `StEmu_Idx'
C:/Tools/mips-ps1/mips/bin/mipsel-none-elf-ld.exe: (.text+0x894): undefined reference to `StRingBase'
C:/Tools/mips-ps1/mips/bin/mipsel-none-elf-ld.exe: (.text+0x898): undefined reference to `StRingBase'
C:/Tools/mips-ps1/mips/bin/mipsel-none-elf-ld.exe: (.text+0x8d0): undefined reference to `StRingIdx1'
C:/Tools/mips-ps1/mips/bin/mipsel-none-elf-ld.exe: (.text+0x8d4): undefined reference to `StRingIdx1'
C:/Tools/mips-ps1/mips/bin/mipsel-none-elf-ld.exe: (.text+0x8d8): undefined reference to `StEmu_Addr'
C:/Tools/mips-ps1/mips/bin/mipsel-none-elf-ld.exe: (.text+0x8dc): undefined reference to `StEmu_Addr'
C:/Tools/mips-ps1/mips/bin/mipsel-none-elf-ld.exe: (.text+0x8e4): undefined reference to `StRingIdx1'
C:/Tools/mips-ps1/mips/bin/mipsel-none-elf-ld.exe: (.text+0x8ec): undefined reference to `StRingIdx1'
C:/Tools/mips-ps1/mips/bin/mipsel-none-elf-ld.exe: (.text+0x8f0): undefined reference to `StFinalSector'
C:/Tools/mips-ps1/mips/bin/mipsel-none-elf-ld.exe: (.text+0x8f4): undefined reference to `StFinalSector'
C:/Tools/mips-ps1/mips/bin/mipsel-none-elf-ld.exe: build/src/syslib/psx/libcd/stream.c.o: in function `StSetStream':
(.text+0x2c): undefined reference to `StEmu_Addr'
C:/Tools/mips-ps1/mips/bin/mipsel-none-elf-ld.exe: (.text+0x30): undefined reference to `StEmu_Addr'
C:/Tools/mips-ps1/mips/bin/mipsel-none-elf-ld.exe: (.text+0x34): undefined reference to `StFunc1'
C:/Tools/mips-ps1/mips/bin/mipsel-none-elf-ld.exe: (.text+0x38): undefined reference to `StFunc1'
C:/Tools/mips-ps1/mips/bin/mipsel-none-elf-ld.exe: (.text+0x3c): undefined reference to `StRgb24'
C:/Tools/mips-ps1/mips/bin/mipsel-none-elf-ld.exe: (.text+0x40): undefined reference to `StRgb24'
C:/Tools/mips-ps1/mips/bin/mipsel-none-elf-ld.exe: (.text+0x44): undefined reference to `CChannel'
C:/Tools/mips-ps1/mips/bin/mipsel-none-elf-ld.exe: (.text+0x48): undefined reference to `CChannel'
C:/Tools/mips-ps1/mips/bin/mipsel-none-elf-ld.exe: (.text+0x4c): undefined reference to `StCHANNEL'
C:/Tools/mips-ps1/mips/bin/mipsel-none-elf-ld.exe: (.text+0x50): undefined reference to `StCHANNEL'
C:/Tools/mips-ps1/mips/bin/mipsel-none-elf-ld.exe: (.text+0x54): undefined reference to `Stsector_offset'
C:/Tools/mips-ps1/mips/bin/mipsel-none-elf-ld.exe: (.text+0x58): undefined reference to `Stsector_offset'
C:/Tools/mips-ps1/mips/bin/mipsel-none-elf-ld.exe: (.text+0x5c): undefined reference to `Stframe_no'
C:/Tools/mips-ps1/mips/bin/mipsel-none-elf-ld.exe: (.text+0x60): undefined reference to `Stframe_no'
C:/Tools/mips-ps1/mips/bin/mipsel-none-elf-ld.exe: (.text+0x64): undefined reference to `StFunc2'
C:/Tools/mips-ps1/mips/bin/mipsel-none-elf-ld.exe: (.text+0x68): undefined reference to `StFunc2'
C:/Tools/mips-ps1/mips/bin/mipsel-none-elf-ld.exe: build/src/syslib/psx/libcd/stream.c.o: in function `StClearRing':
(.text+0x94): undefined reference to `StRingSize'
C:/Tools/mips-ps1/mips/bin/mipsel-none-elf-ld.exe: (.text+0x98): undefined reference to `StRingSize'
C:/Tools/mips-ps1/mips/bin/mipsel-none-elf-ld.exe: (.text+0xa0): undefined reference to `StRingIdx3'
C:/Tools/mips-ps1/mips/bin/mipsel-none-elf-ld.exe: (.text+0xa4): undefined reference to `StRingIdx3'
C:/Tools/mips-ps1/mips/bin/mipsel-none-elf-ld.exe: (.text+0xa8): undefined reference to `StRingIdx2'
C:/Tools/mips-ps1/mips/bin/mipsel-none-elf-ld.exe: (.text+0xac): undefined reference to `StRingIdx2'
C:/Tools/mips-ps1/mips/bin/mipsel-none-elf-ld.exe: (.text+0xb0): undefined reference to `StRingIdx1'
C:/Tools/mips-ps1/mips/bin/mipsel-none-elf-ld.exe: (.text+0xb4): undefined reference to `StRingIdx1'
C:/Tools/mips-ps1/mips/bin/mipsel-none-elf-ld.exe: (.text+0xb8): undefined reference to `StFinalSector'
C:/Tools/mips-ps1/mips/bin/mipsel-none-elf-ld.exe: (.text+0xbc): undefined reference to `StFinalSector'
C:/Tools/mips-ps1/mips/bin/mipsel-none-elf-ld.exe: (.text+0xc8): undefined reference to `StCdIntrFlag'
C:/Tools/mips-ps1/mips/bin/mipsel-none-elf-ld.exe: (.text+0xcc): undefined reference to `StCdIntrFlag'
C:/Tools/mips-ps1/mips/bin/mipsel-none-elf-ld.exe: (.text+0xd0): undefined reference to `Stsector_offset'
C:/Tools/mips-ps1/mips/bin/mipsel-none-elf-ld.exe: (.text+0xd4): undefined reference to `Stsector_offset'
C:/Tools/mips-ps1/mips/bin/mipsel-none-elf-ld.exe: (.text+0xd8): undefined reference to `Stframe_no'
C:/Tools/mips-ps1/mips/bin/mipsel-none-elf-ld.exe: (.text+0xdc): undefined reference to `Stframe_no'
C:/Tools/mips-ps1/mips/bin/mipsel-none-elf-ld.exe: build/src/syslib/psx/libcd/stream.c.o: in function `StSetRing':
(.text+0xf8): undefined reference to `StRingAddr'
C:/Tools/mips-ps1/mips/bin/mipsel-none-elf-ld.exe: (.text+0xfc): undefined reference to `StRingAddr'
C:/Tools/mips-ps1/mips/bin/mipsel-none-elf-ld.exe: (.text+0x100): undefined reference to `StRingSize'
C:/Tools/mips-ps1/mips/bin/mipsel-none-elf-ld.exe: (.text+0x108): undefined reference to `StRingSize'
C:/Tools/mips-ps1/mips/bin/mipsel-none-elf-ld.exe: build/src/syslib/psx/libcd/streamhelp.c.o: in function `StGetNext':
(.text+0x4): undefined reference to `StRingIdx3'
C:/Tools/mips-ps1/mips/bin/mipsel-none-elf-ld.exe: (.text+0x8): undefined reference to `StRingIdx3'
C:/Tools/mips-ps1/mips/bin/mipsel-none-elf-ld.exe: (.text+0xc): undefined reference to `StRingAddr'
C:/Tools/mips-ps1/mips/bin/mipsel-none-elf-ld.exe: (.text+0x10): undefined reference to `StRingAddr'
C:/Tools/mips-ps1/mips/bin/mipsel-none-elf-ld.exe: (.text+0x2c): undefined reference to `StEndFrame'
C:/Tools/mips-ps1/mips/bin/mipsel-none-elf-ld.exe: (.text+0x30): undefined reference to `StEndFrame'
C:/Tools/mips-ps1/mips/bin/mipsel-none-elf-ld.exe: (.text+0x34): undefined reference to `StRingIdx3'
C:/Tools/mips-ps1/mips/bin/mipsel-none-elf-ld.exe: (.text+0x3c): undefined reference to `StRingIdx3'
C:/Tools/mips-ps1/mips/bin/mipsel-none-elf-ld.exe: (.text+0x44): undefined reference to `StRingIdx3'
C:/Tools/mips-ps1/mips/bin/mipsel-none-elf-ld.exe: (.text+0x48): undefined reference to `StRingIdx3'
C:/Tools/mips-ps1/mips/bin/mipsel-none-elf-ld.exe: (.text+0x4c): undefined reference to `StRingAddr'
C:/Tools/mips-ps1/mips/bin/mipsel-none-elf-ld.exe: (.text+0x50): undefined reference to `StRingAddr'
C:/Tools/mips-ps1/mips/bin/mipsel-none-elf-ld.exe: (.text+0x78): undefined reference to `StRingSize'
C:/Tools/mips-ps1/mips/bin/mipsel-none-elf-ld.exe: (.text+0x7c): undefined reference to `StRingSize'
C:/Tools/mips-ps1/mips/bin/mipsel-none-elf-ld.exe: (.text+0x80): undefined reference to `StRingAddr'
C:/Tools/mips-ps1/mips/bin/mipsel-none-elf-ld.exe: (.text+0x84): undefined reference to `StRingAddr'
C:/Tools/mips-ps1/mips/bin/mipsel-none-elf-ld.exe: (.text+0x88): undefined reference to `StRingIdx3'
C:/Tools/mips-ps1/mips/bin/mipsel-none-elf-ld.exe: (.text+0x8c): undefined reference to `StRingIdx3'
C:/Tools/mips-ps1/mips/bin/mipsel-none-elf-ld.exe: build/src/syslib/psx/libcd/streamhelp.c.o: in function `StFreeRing':
(.text+0xc8): undefined reference to `StRingSize'
C:/Tools/mips-ps1/mips/bin/mipsel-none-elf-ld.exe: (.text+0xcc): undefined reference to `StRingSize'
C:/Tools/mips-ps1/mips/bin/mipsel-none-elf-ld.exe: (.text+0xd0): undefined reference to `StRingAddr'
C:/Tools/mips-ps1/mips/bin/mipsel-none-elf-ld.exe: (.text+0xd4): undefined reference to `StRingAddr'
C:/Tools/mips-ps1/mips/bin/mipsel-none-elf-ld.exe: (.text+0x138): undefined reference to `StRingAddr'
C:/Tools/mips-ps1/mips/bin/mipsel-none-elf-ld.exe: (.text+0x13c): undefined reference to `StRingAddr'
C:/Tools/mips-ps1/mips/bin/mipsel-none-elf-ld.exe: (.text+0x158): undefined reference to `StRingIdx3'
C:/Tools/mips-ps1/mips/bin/mipsel-none-elf-ld.exe: (.text+0x15c): undefined reference to `StRingIdx3'
C:/Tools/mips-ps1/mips/bin/mipsel-none-elf-ld.exe: build/src/syslib/psx/libcd/streamhelp.c.o: in function `init_ring_status':
(.text+0x180): undefined reference to `StRingAddr'
C:/Tools/mips-ps1/mips/bin/mipsel-none-elf-ld.exe: (.text+0x184): undefined reference to `StRingAddr'
C:/Tools/mips-ps1/mips/bin/mipsel-none-elf-ld.exe: build/src/syslib/psx/libcd/streamhelp.c.o: in function `data_ready_callback':
(.text+0x1b0): undefined reference to `StRingIdx2'
C:/Tools/mips-ps1/mips/bin/mipsel-none-elf-ld.exe: (.text+0x1b4): undefined reference to `StRingIdx2'
C:/Tools/mips-ps1/mips/bin/mipsel-none-elf-ld.exe: (.text+0x1b8): undefined reference to `StRingAddr'
C:/Tools/mips-ps1/mips/bin/mipsel-none-elf-ld.exe: (.text+0x1bc): undefined reference to `StRingAddr'
C:/Tools/mips-ps1/mips/bin/mipsel-none-elf-ld.exe: (.text+0x1f8): undefined reference to `StRingIdx1'
C:/Tools/mips-ps1/mips/bin/mipsel-none-elf-ld.exe: (.text+0x1fc): undefined reference to `StRingIdx1'
C:/Tools/mips-ps1/mips/bin/mipsel-none-elf-ld.exe: (.text+0x200): undefined reference to `StFunc1'
C:/Tools/mips-ps1/mips/bin/mipsel-none-elf-ld.exe: (.text+0x204): undefined reference to `StFunc1'
C:/Tools/mips-ps1/mips/bin/mipsel-none-elf-ld.exe: (.text+0x210): undefined reference to `StRingIdx2'
C:/Tools/mips-ps1/mips/bin/mipsel-none-elf-ld.exe: (.text+0x218): undefined reference to `StRingIdx2'
C:/Tools/mips-ps1/mips/bin/mipsel-none-elf-ld.exe: (.text+0x224): undefined reference to `StFinalSector'
C:/Tools/mips-ps1/mips/bin/mipsel-none-elf-ld.exe: (.text+0x228): undefined reference to `StFinalSector'
C:/Tools/mips-ps1/mips/bin/mipsel-none-elf-ld.exe: build/src/syslib/psx/libcd/streamhelp.c.o: in function `StSetMask':
(.text+0x23c): undefined reference to `StSTART_FLAG'
C:/Tools/mips-ps1/mips/bin/mipsel-none-elf-ld.exe: (.text+0x240): undefined reference to `StSTART_FLAG'
C:/Tools/mips-ps1/mips/bin/mipsel-none-elf-ld.exe: (.text+0x244): undefined reference to `StStartFrame'
C:/Tools/mips-ps1/mips/bin/mipsel-none-elf-ld.exe: (.text+0x248): undefined reference to `StStartFrame'
C:/Tools/mips-ps1/mips/bin/mipsel-none-elf-ld.exe: (.text+0x24c): undefined reference to `StEndFrame'
C:/Tools/mips-ps1/mips/bin/mipsel-none-elf-ld.exe: (.text+0x254): undefined reference to `StEndFrame'
C:/Tools/mips-ps1/mips/bin/mipsel-none-elf-ld.exe: build/src/syslib/psx/libgpu/SYS.c.o: in function `_BlitClear':
(.text+0x16c4): undefined reference to `D_8013EAD8'
C:/Tools/mips-ps1/mips/bin/mipsel-none-elf-ld.exe: (.text+0x16c8): undefined reference to `D_8013EAD8'
C:/Tools/mips-ps1/mips/bin/mipsel-none-elf-ld.exe: build/src/syslib/psx/libgpu/SYS.c.o: in function `_gpu_que_push':
(.text+0x2028): undefined reference to `_que'
C:/Tools/mips-ps1/mips/bin/mipsel-none-elf-ld.exe: (.text+0x2030): undefined reference to `_que'
C:/Tools/mips-ps1/mips/bin/mipsel-none-elf-ld.exe: build/src/syslib/psx/libgpu/SYS.c.o: in function `_gpu_que_drain':
(.text+0x21d8): undefined reference to `_que'
C:/Tools/mips-ps1/mips/bin/mipsel-none-elf-ld.exe: (.text+0x21e0): undefined reference to `_que'
C:/Tools/mips-ps1/mips/bin/mipsel-none-elf-ld.exe: build/src/syslib/psx/libgpu/SYS.c.o: in function `_reset':
(.text+0x23ac): undefined reference to `_que'
C:/Tools/mips-ps1/mips/bin/mipsel-none-elf-ld.exe: build/src/syslib/psx/libgpu/SYS.c.o:(.text+0x23b0): more undefined references to `_que' follow
C:/Tools/mips-ps1/mips/bin/mipsel-none-elf-ld.exe: build/src/syslib/psx/libpad/PADMAIN.c.o: in function `_padSioRW':
(.text+0x564): undefined reference to `_waitTime'
C:/Tools/mips-ps1/mips/bin/mipsel-none-elf-ld.exe: (.text+0x568): undefined reference to `_waitTime'
C:/Tools/mips-ps1/mips/bin/mipsel-none-elf-ld.exe: (.text+0x56c): undefined reference to `_startTime'
C:/Tools/mips-ps1/mips/bin/mipsel-none-elf-ld.exe: (.text+0x570): undefined reference to `_startTime'
C:/Tools/mips-ps1/mips/bin/mipsel-none-elf-ld.exe: build/src/syslib/psx/libpad/PADMAIN.c.o: in function `_padSioRW2':
(.text+0x744): undefined reference to `_startTime'
C:/Tools/mips-ps1/mips/bin/mipsel-none-elf-ld.exe: (.text+0x748): undefined reference to `_startTime'
C:/Tools/mips-ps1/mips/bin/mipsel-none-elf-ld.exe: (.text+0x74c): undefined reference to `_waitTime'
C:/Tools/mips-ps1/mips/bin/mipsel-none-elf-ld.exe: (.text+0x750): undefined reference to `_waitTime'
C:/Tools/mips-ps1/mips/bin/mipsel-none-elf-ld.exe: build/src/syslib/psx/libpad/WAITRC2.c.o: in function `setRC2wait':
(.text+0xc): undefined reference to `_waitTime'
C:/Tools/mips-ps1/mips/bin/mipsel-none-elf-ld.exe: (.text+0x10): undefined reference to `_waitTime'
C:/Tools/mips-ps1/mips/bin/mipsel-none-elf-ld.exe: (.text+0x14): undefined reference to `_startTime'
C:/Tools/mips-ps1/mips/bin/mipsel-none-elf-ld.exe: (.text+0x1c): undefined reference to `_startTime'
C:/Tools/mips-ps1/mips/bin/mipsel-none-elf-ld.exe: build/src/syslib/psx/libpad/WAITRC2.c.o: in function `chkRC2wait':
(.text+0x2c): undefined reference to `_startTime'
C:/Tools/mips-ps1/mips/bin/mipsel-none-elf-ld.exe: (.text+0x30): undefined reference to `_startTime'
C:/Tools/mips-ps1/mips/bin/mipsel-none-elf-ld.exe: (.text+0x84): undefined reference to `_startTime'
C:/Tools/mips-ps1/mips/bin/mipsel-none-elf-ld.exe: build/src/syslib/psx/libpad/WAITRC2.c.o:(.text+0x88): more undefined references to `_startTime' follow
C:/Tools/mips-ps1/mips/bin/mipsel-none-elf-ld.exe: build/src/syslib/psx/libpad/WAITRC2.c.o: in function `chkRC2wait':
(.text+0x8c): undefined reference to `_waitTime'
C:/Tools/mips-ps1/mips/bin/mipsel-none-elf-ld.exe: (.text+0x90): undefined reference to `_waitTime'
C:/Tools/mips-ps1/mips/bin/mipsel-none-elf-ld.exe: (.text+0xa0): undefined reference to `_startTime'
C:/Tools/mips-ps1/mips/bin/mipsel-none-elf-ld.exe: (.text+0xa4): undefined reference to `_startTime'
C:/Tools/mips-ps1/mips/bin/mipsel-none-elf-ld.exe: (.text+0xa8): undefined reference to `_waitTime'
C:/Tools/mips-ps1/mips/bin/mipsel-none-elf-ld.exe: (.text+0xac): undefined reference to `_waitTime'
C:/Tools/mips-ps1/mips/bin/mipsel-none-elf-ld.exe: build/asm/data/data_8010CCD4_r20.data.s.o: in function `D_8013C228':
(.data+0x30c): undefined reference to `D_8014899C'
