C:\Tools\mips-ps1\mips\bin\mipsel-none-elf-ld.exe: build/asm/data/data_8010CCD4_r03.data.s.o: in function `AISpeeds_TrackSpeeds':
(.data+0x98): undefined reference to `Track0Speeds'
C:\Tools\mips-ps1\mips\bin\mipsel-none-elf-ld.exe: (.data+0x9c): undefined reference to `Track1Speeds'
C:\Tools\mips-ps1\mips\bin\mipsel-none-elf-ld.exe: (.data+0xa8): undefined reference to `Track4Speeds'
C:\Tools\mips-ps1\mips\bin\mipsel-none-elf-ld.exe: (.data+0xb8): undefined reference to `Track8Speeds'
C:\Tools\mips-ps1\mips\bin\mipsel-none-elf-ld.exe: (.data+0xbc): undefined reference to `Track9Speeds'
C:\Tools\mips-ps1\mips\bin\mipsel-none-elf-ld.exe: (.data+0xc0): undefined reference to `Track10Speeds'
C:\Tools\mips-ps1\mips\bin\mipsel-none-elf-ld.exe: build/asm/data/data_8010CCD4_r04.data.s.o: in function `AudioCmn_LanguageName':
(.data+0x2a4): undefined reference to `D_8013C68C'
C:\Tools\mips-ps1\mips\bin\mipsel-none-elf-ld.exe: (.data+0x2a8): undefined reference to `D_8013C690'
C:\Tools\mips-ps1\mips\bin\mipsel-none-elf-ld.exe: (.data+0x2ac): undefined reference to `D_8013C694'
C:\Tools\mips-ps1\mips\bin\mipsel-none-elf-ld.exe: (.data+0x2b0): undefined reference to `D_8013C698'
C:\Tools\mips-ps1\mips\bin\mipsel-none-elf-ld.exe: (.data+0x2b4): undefined reference to `D_8013C69C'
C:\Tools\mips-ps1\mips\bin\mipsel-none-elf-ld.exe: (.data+0x2b8): undefined reference to `D_8013C68C'
C:\Tools\mips-ps1\mips\bin\mipsel-none-elf-ld.exe: (.data+0x2bc): undefined reference to `D_8013C68C'
C:\Tools\mips-ps1\mips\bin\mipsel-none-elf-ld.exe: build/asm/data/data_8010CCD4_r08.data.s.o: in function `Speech_gCarDescription':
(.data+0x0): undefined reference to `D_8013CD8C'
C:\Tools\mips-ps1\mips\bin\mipsel-none-elf-ld.exe: (.data+0x4): undefined reference to `D_8013CD94'
C:\Tools\mips-ps1\mips\bin\mipsel-none-elf-ld.exe: (.data+0x8): undefined reference to `D_8013CD9C'
C:\Tools\mips-ps1\mips\bin\mipsel-none-elf-ld.exe: (.data+0xc): undefined reference to `D_8013CDA4'
C:\Tools\mips-ps1\mips\bin\mipsel-none-elf-ld.exe: (.data+0x10): undefined reference to `D_8013CDA8'
C:\Tools\mips-ps1\mips\bin\mipsel-none-elf-ld.exe: (.data+0x14): undefined reference to `D_8013CDB0'
C:\Tools\mips-ps1\mips\bin\mipsel-none-elf-ld.exe: (.data+0x18): undefined reference to `D_8013CDB0'
C:\Tools\mips-ps1\mips\bin\mipsel-none-elf-ld.exe: (.data+0x1c): undefined reference to `D_8013CDB0'
C:\Tools\mips-ps1\mips\bin\mipsel-none-elf-ld.exe: (.data+0x20): undefined reference to `D_8013CDB8'
C:\Tools\mips-ps1\mips\bin\mipsel-none-elf-ld.exe: (.data+0x24): undefined reference to `D_8013CDB0'
C:\Tools\mips-ps1\mips\bin\mipsel-none-elf-ld.exe: (.data+0x28): undefined reference to `D_8013CDB0'
C:\Tools\mips-ps1\mips\bin\mipsel-none-elf-ld.exe: (.data+0x2c): undefined reference to `D_8013CDB0'
C:\Tools\mips-ps1\mips\bin\mipsel-none-elf-ld.exe: (.data+0x30): undefined reference to `D_8013CDC0'
C:\Tools\mips-ps1\mips\bin\mipsel-none-elf-ld.exe: (.data+0x34): undefined reference to `D_8013CDC8'
C:\Tools\mips-ps1\mips\bin\mipsel-none-elf-ld.exe: (.data+0x38): undefined reference to `D_8013CDD0'
C:\Tools\mips-ps1\mips\bin\mipsel-none-elf-ld.exe: (.data+0x3c): undefined reference to `D_8013CDD8'
C:\Tools\mips-ps1\mips\bin\mipsel-none-elf-ld.exe: (.data+0x40): undefined reference to `D_8013CDE0'
C:\Tools\mips-ps1\mips\bin\mipsel-none-elf-ld.exe: (.data+0x44): undefined reference to `D_8013CDE8'
C:\Tools\mips-ps1\mips\bin\mipsel-none-elf-ld.exe: (.data+0x48): undefined reference to `D_8013CDE8'
C:\Tools\mips-ps1\mips\bin\mipsel-none-elf-ld.exe: (.data+0x4c): undefined reference to `D_8013CDE8'
C:\Tools\mips-ps1\mips\bin\mipsel-none-elf-ld.exe: (.data+0x50): undefined reference to `D_8013CDF0'
C:\Tools\mips-ps1\mips\bin\mipsel-none-elf-ld.exe: (.data+0x54): undefined reference to `D_8013CDF8'
C:\Tools\mips-ps1\mips\bin\mipsel-none-elf-ld.exe: (.data+0x58): undefined reference to `D_8013CDF8'
C:\Tools\mips-ps1\mips\bin\mipsel-none-elf-ld.exe: (.data+0x5c): undefined reference to `D_8013CDF8'
C:\Tools\mips-ps1\mips\bin\mipsel-none-elf-ld.exe: (.data+0x60): undefined reference to `D_8013CE00'
C:\Tools\mips-ps1\mips\bin\mipsel-none-elf-ld.exe: (.data+0x64): undefined reference to `D_8013CE08'
C:\Tools\mips-ps1\mips\bin\mipsel-none-elf-ld.exe: (.data+0x68): undefined reference to `D_8013CE08'
C:\Tools\mips-ps1\mips\bin\mipsel-none-elf-ld.exe: (.data+0x6c): undefined reference to `D_8013CE08'
C:\Tools\mips-ps1\mips\bin\mipsel-none-elf-ld.exe: (.data+0x70): undefined reference to `D_8013CE10'
C:\Tools\mips-ps1\mips\bin\mipsel-none-elf-ld.exe: (.data+0x74): undefined reference to `D_8013CE18'
C:\Tools\mips-ps1\mips\bin\mipsel-none-elf-ld.exe: (.data+0x78): undefined reference to `D_8013CD9C'
C:\Tools\mips-ps1\mips\bin\mipsel-none-elf-ld.exe: (.data+0x7c): undefined reference to `D_8013CE20'
C:\Tools\mips-ps1\mips\bin\mipsel-none-elf-ld.exe: (.data+0x80): undefined reference to `D_8013CE24'
C:\Tools\mips-ps1\mips\bin\mipsel-none-elf-ld.exe: (.data+0x84): undefined reference to `D_8013CE2C'
C:\Tools\mips-ps1\mips\bin\mipsel-none-elf-ld.exe: (.data+0x88): undefined reference to `D_8013CDD0'
C:\Tools\mips-ps1\mips\bin\mipsel-none-elf-ld.exe: (.data+0x8c): undefined reference to `D_8013CE34'
C:\Tools\mips-ps1\mips\bin\mipsel-none-elf-ld.exe: (.data+0x90): undefined reference to `D_8013CE3C'
C:\Tools\mips-ps1\mips\bin\mipsel-none-elf-ld.exe: (.data+0x94): undefined reference to `D_8013CE44'
C:\Tools\mips-ps1\mips\bin\mipsel-none-elf-ld.exe: (.data+0x98): undefined reference to `D_8013CE4C'
C:\Tools\mips-ps1\mips\bin\mipsel-none-elf-ld.exe: (.data+0x9c): undefined reference to `D_8013CE4C'
C:\Tools\mips-ps1\mips\bin\mipsel-none-elf-ld.exe: (.data+0xa0): undefined reference to `D_8013CE54'
C:\Tools\mips-ps1\mips\bin\mipsel-none-elf-ld.exe: (.data+0xa4): undefined reference to `D_8013CE5C'
C:\Tools\mips-ps1\mips\bin\mipsel-none-elf-ld.exe: (.data+0xa8): undefined reference to `D_8013CE64'
C:\Tools\mips-ps1\mips\bin\mipsel-none-elf-ld.exe: (.data+0xac): undefined reference to `D_8013CE6C'
C:\Tools\mips-ps1\mips\bin\mipsel-none-elf-ld.exe: (.data+0xb0): undefined reference to `D_8013CE74'
C:\Tools\mips-ps1\mips\bin\mipsel-none-elf-ld.exe: (.data+0xb4): undefined reference to `D_8013CE7C'
C:\Tools\mips-ps1\mips\bin\mipsel-none-elf-ld.exe: (.data+0xb8): undefined reference to `D_8013CE7C'
C:\Tools\mips-ps1\mips\bin\mipsel-none-elf-ld.exe: (.data+0xbc): undefined reference to `D_8013CE7C'
C:\Tools\mips-ps1\mips\bin\mipsel-none-elf-ld.exe: (.data+0xc0): undefined reference to `D_8013CE84'
C:\Tools\mips-ps1\mips\bin\mipsel-none-elf-ld.exe: (.data+0xc4): undefined reference to `D_8013CE44'
C:\Tools\mips-ps1\mips\bin\mipsel-none-elf-ld.exe: (.data+0xc8): undefined reference to `D_8013CE4C'
C:\Tools\mips-ps1\mips\bin\mipsel-none-elf-ld.exe: (.data+0xcc): undefined reference to `D_8013CE4C'
C:\Tools\mips-ps1\mips\bin\mipsel-none-elf-ld.exe: (.data+0xd0): undefined reference to `D_8013CE8C'
C:\Tools\mips-ps1\mips\bin\mipsel-none-elf-ld.exe: (.data+0xd4): undefined reference to `D_8013CE2C'
C:\Tools\mips-ps1\mips\bin\mipsel-none-elf-ld.exe: (.data+0xd8): undefined reference to `D_8013CDD0'
C:\Tools\mips-ps1\mips\bin\mipsel-none-elf-ld.exe: (.data+0xdc): undefined reference to `D_8013CE34'
C:\Tools\mips-ps1\mips\bin\mipsel-none-elf-ld.exe: (.data+0xe4): undefined reference to `D_8013CE94'
C:\Tools\mips-ps1\mips\bin\mipsel-none-elf-ld.exe: (.data+0xe8): undefined reference to `D_8013CE94'
C:\Tools\mips-ps1\mips\bin\mipsel-none-elf-ld.exe: (.data+0xec): undefined reference to `D_8013CE94'
C:\Tools\mips-ps1\mips\bin\mipsel-none-elf-ld.exe: build/asm/data/data_8010CCD4_r08.data.s.o: in function `Speech_gLocationDescription00':
(.data+0xf0): undefined reference to `D_8013CE9C'
C:\Tools\mips-ps1\mips\bin\mipsel-none-elf-ld.exe: (.data+0xf8): undefined reference to `D_8013CE9C'
C:\Tools\mips-ps1\mips\bin\mipsel-none-elf-ld.exe: (.data+0x100): undefined reference to `D_8013CEA4'
C:\Tools\mips-ps1\mips\bin\mipsel-none-elf-ld.exe: (.data+0x108): undefined reference to `D_8013CEAC'
C:\Tools\mips-ps1\mips\bin\mipsel-none-elf-ld.exe: (.data+0x110): undefined reference to `D_8013CEB4'
C:\Tools\mips-ps1\mips\bin\mipsel-none-elf-ld.exe: (.data+0x118): undefined reference to `D_8013CEBC'
C:\Tools\mips-ps1\mips\bin\mipsel-none-elf-ld.exe: (.data+0x120): undefined reference to `D_8013CEC4'
C:\Tools\mips-ps1\mips\bin\mipsel-none-elf-ld.exe: (.data+0x128): undefined reference to `D_8013CECC'
C:\Tools\mips-ps1\mips\bin\mipsel-none-elf-ld.exe: (.data+0x130): undefined reference to `D_8013CEAC'
C:\Tools\mips-ps1\mips\bin\mipsel-none-elf-ld.exe: (.data+0x138): undefined reference to `D_8013CED4'
C:\Tools\mips-ps1\mips\bin\mipsel-none-elf-ld.exe: (.data+0x140): undefined reference to `D_8013CEDC'
C:\Tools\mips-ps1\mips\bin\mipsel-none-elf-ld.exe: (.data+0x148): undefined reference to `D_8013CEE4'
C:\Tools\mips-ps1\mips\bin\mipsel-none-elf-ld.exe: build/asm/data/data_8010CCD4_r08.data.s.o: in function `Speech_gLocationDescription02':
(.data+0x158): undefined reference to `D_8013CEEC'
C:\Tools\mips-ps1\mips\bin\mipsel-none-elf-ld.exe: (.data+0x160): undefined reference to `D_8013CEF4'
C:\Tools\mips-ps1\mips\bin\mipsel-none-elf-ld.exe: (.data+0x168): undefined reference to `D_8013CEFC'
C:\Tools\mips-ps1\mips\bin\mipsel-none-elf-ld.exe: (.data+0x170): undefined reference to `D_8013CEB4'
C:\Tools\mips-ps1\mips\bin\mipsel-none-elf-ld.exe: (.data+0x178): undefined reference to `D_8013CF04'
C:\Tools\mips-ps1\mips\bin\mipsel-none-elf-ld.exe: (.data+0x180): undefined reference to `D_8013CF0C'
C:\Tools\mips-ps1\mips\bin\mipsel-none-elf-ld.exe: (.data+0x188): undefined reference to `D_8013CF14'
C:\Tools\mips-ps1\mips\bin\mipsel-none-elf-ld.exe: (.data+0x190): undefined reference to `D_8013CEC4'
C:\Tools\mips-ps1\mips\bin\mipsel-none-elf-ld.exe: (.data+0x198): undefined reference to `D_8013CF1C'
C:\Tools\mips-ps1\mips\bin\mipsel-none-elf-ld.exe: (.data+0x1a0): undefined reference to `D_8013CEC4'
C:\Tools\mips-ps1\mips\bin\mipsel-none-elf-ld.exe: (.data+0x1a8): undefined reference to `D_8013CEDC'
C:\Tools\mips-ps1\mips\bin\mipsel-none-elf-ld.exe: (.data+0x1b0): undefined reference to `D_8013CEAC'
C:\Tools\mips-ps1\mips\bin\mipsel-none-elf-ld.exe: (.data+0x1b8): undefined reference to `D_8013CF24'
C:\Tools\mips-ps1\mips\bin\mipsel-none-elf-ld.exe: build/asm/data/data_8010CCD4_r08.data.s.o: in function `Speech_gLocationDescription03':
(.data+0x1c8): undefined reference to `D_8013CF2C'
C:\Tools\mips-ps1\mips\bin\mipsel-none-elf-ld.exe: (.data+0x1d0): undefined reference to `D_8013CF2C'
C:\Tools\mips-ps1\mips\bin\mipsel-none-elf-ld.exe: (.data+0x1d8): undefined reference to `D_8013CF2C'
C:\Tools\mips-ps1\mips\bin\mipsel-none-elf-ld.exe: (.data+0x1e0): undefined reference to `D_8013CEAC'
C:\Tools\mips-ps1\mips\bin\mipsel-none-elf-ld.exe: (.data+0x1e8): undefined reference to `D_8013CF34'
C:\Tools\mips-ps1\mips\bin\mipsel-none-elf-ld.exe: (.data+0x1f0): undefined reference to `D_8013CEC4'
C:\Tools\mips-ps1\mips\bin\mipsel-none-elf-ld.exe: (.data+0x1f8): undefined reference to `D_8013CF3C'
C:\Tools\mips-ps1\mips\bin\mipsel-none-elf-ld.exe: (.data+0x200): undefined reference to `D_8013CF44'
C:\Tools\mips-ps1\mips\bin\mipsel-none-elf-ld.exe: (.data+0x208): undefined reference to `D_8013CEFC'
C:\Tools\mips-ps1\mips\bin\mipsel-none-elf-ld.exe: (.data+0x210): undefined reference to `D_8013CF0C'
C:\Tools\mips-ps1\mips\bin\mipsel-none-elf-ld.exe: (.data+0x218): undefined reference to `D_8013CEAC'
C:\Tools\mips-ps1\mips\bin\mipsel-none-elf-ld.exe: (.data+0x220): undefined reference to `D_8013CF4C'
C:\Tools\mips-ps1\mips\bin\mipsel-none-elf-ld.exe: build/asm/data/data_8010CCD4_r08.data.s.o: in function `Speech_gLocationDescription04':
(.data+0x230): undefined reference to `D_8013CF54'
C:\Tools\mips-ps1\mips\bin\mipsel-none-elf-ld.exe: (.data+0x238): undefined reference to `D_8013CF5C'
C:\Tools\mips-ps1\mips\bin\mipsel-none-elf-ld.exe: (.data+0x240): undefined reference to `D_8013CE9C'
C:\Tools\mips-ps1\mips\bin\mipsel-none-elf-ld.exe: (.data+0x248): undefined reference to `D_8013CF64'
C:\Tools\mips-ps1\mips\bin\mipsel-none-elf-ld.exe: (.data+0x250): undefined reference to `D_8013CF6C'
C:\Tools\mips-ps1\mips\bin\mipsel-none-elf-ld.exe: (.data+0x258): undefined reference to `D_8013CEAC'
C:\Tools\mips-ps1\mips\bin\mipsel-none-elf-ld.exe: (.data+0x260): undefined reference to `D_8013CEC4'
C:\Tools\mips-ps1\mips\bin\mipsel-none-elf-ld.exe: (.data+0x268): undefined reference to `D_8013CEDC'
C:\Tools\mips-ps1\mips\bin\mipsel-none-elf-ld.exe: build/asm/data/data_8010CCD4_r08.data.s.o: in function `Speech_gLocationDescription05':
(.data+0x278): undefined reference to `D_8013CF4C'
C:\Tools\mips-ps1\mips\bin\mipsel-none-elf-ld.exe: (.data+0x280): undefined reference to `D_8013CF74'
C:\Tools\mips-ps1\mips\bin\mipsel-none-elf-ld.exe: (.data+0x288): undefined reference to `D_8013CEAC'
C:\Tools\mips-ps1\mips\bin\mipsel-none-elf-ld.exe: (.data+0x290): undefined reference to `D_8013CF0C'
C:\Tools\mips-ps1\mips\bin\mipsel-none-elf-ld.exe: (.data+0x298): undefined reference to `D_8013CEAC'
C:\Tools\mips-ps1\mips\bin\mipsel-none-elf-ld.exe: (.data+0x2a0): undefined reference to `D_8013CF34'
C:\Tools\mips-ps1\mips\bin\mipsel-none-elf-ld.exe: (.data+0x2a8): undefined reference to `D_8013CF7C'
C:\Tools\mips-ps1\mips\bin\mipsel-none-elf-ld.exe: (.data+0x2b0): undefined reference to `D_8013CF2C'
C:\Tools\mips-ps1\mips\bin\mipsel-none-elf-ld.exe: (.data+0x2b8): undefined reference to `D_8013CF84'
C:\Tools\mips-ps1\mips\bin\mipsel-none-elf-ld.exe: (.data+0x2c0): undefined reference to `D_8013CF84'
C:\Tools\mips-ps1\mips\bin\mipsel-none-elf-ld.exe: (.data+0x2c8): undefined reference to `D_8013CF8C'
C:\Tools\mips-ps1\mips\bin\mipsel-none-elf-ld.exe: (.data+0x2d0): undefined reference to `D_8013CF94'
C:\Tools\mips-ps1\mips\bin\mipsel-none-elf-ld.exe: (.data+0x2d8): undefined reference to `D_8013CF2C'
C:\Tools\mips-ps1\mips\bin\mipsel-none-elf-ld.exe: build/asm/data/data_8010CCD4_r08.data.s.o: in function `Speech_gLocationDescription06':
(.data+0x2e8): undefined reference to `D_8013CF34'
C:\Tools\mips-ps1\mips\bin\mipsel-none-elf-ld.exe: (.data+0x2f0): undefined reference to `D_8013CF9C'
C:\Tools\mips-ps1\mips\bin\mipsel-none-elf-ld.exe: (.data+0x2f8): undefined reference to `D_8013CFA4'
C:\Tools\mips-ps1\mips\bin\mipsel-none-elf-ld.exe: (.data+0x300): undefined reference to `D_8013CF94'
C:\Tools\mips-ps1\mips\bin\mipsel-none-elf-ld.exe: (.data+0x308): undefined reference to `D_8013CEB4'
C:\Tools\mips-ps1\mips\bin\mipsel-none-elf-ld.exe: (.data+0x310): undefined reference to `D_8013CF3C'
C:\Tools\mips-ps1\mips\bin\mipsel-none-elf-ld.exe: (.data+0x318): undefined reference to `D_8013CFAC'
C:\Tools\mips-ps1\mips\bin\mipsel-none-elf-ld.exe: (.data+0x320): undefined reference to `D_8013CF2C'
C:\Tools\mips-ps1\mips\bin\mipsel-none-elf-ld.exe: (.data+0x328): undefined reference to `D_8013CFB4'
C:\Tools\mips-ps1\mips\bin\mipsel-none-elf-ld.exe: (.data+0x330): undefined reference to `D_8013CEDC'
C:\Tools\mips-ps1\mips\bin\mipsel-none-elf-ld.exe: build/asm/data/data_8010CCD4_r08.data.s.o: in function `Speech_gLocationDescription07':
(.data+0x340): undefined reference to `D_8013CEB4'
C:\Tools\mips-ps1\mips\bin\mipsel-none-elf-ld.exe: (.data+0x348): undefined reference to `D_8013CF2C'
C:\Tools\mips-ps1\mips\bin\mipsel-none-elf-ld.exe: (.data+0x350): undefined reference to `D_8013CEDC'
C:\Tools\mips-ps1\mips\bin\mipsel-none-elf-ld.exe: (.data+0x358): undefined reference to `D_8013CF2C'
C:\Tools\mips-ps1\mips\bin\mipsel-none-elf-ld.exe: (.data+0x360): undefined reference to `D_8013CFBC'
C:\Tools\mips-ps1\mips\bin\mipsel-none-elf-ld.exe: (.data+0x368): undefined reference to `D_8013CECC'
C:\Tools\mips-ps1\mips\bin\mipsel-none-elf-ld.exe: (.data+0x370): undefined reference to `D_8013CFC4'
C:\Tools\mips-ps1\mips\bin\mipsel-none-elf-ld.exe: (.data+0x378): undefined reference to `D_8013CECC'
C:\Tools\mips-ps1\mips\bin\mipsel-none-elf-ld.exe: (.data+0x380): undefined reference to `D_8013CF94'
C:\Tools\mips-ps1\mips\bin\mipsel-none-elf-ld.exe: (.data+0x388): undefined reference to `D_8013CEAC'
C:\Tools\mips-ps1\mips\bin\mipsel-none-elf-ld.exe: build/asm/data/data_8010CCD4_r08.data.s.o: in function `Speech_gCallSignDescription':
(.data+0x3c4): undefined reference to `D_8013CFCC'
C:\Tools\mips-ps1\mips\bin\mipsel-none-elf-ld.exe: (.data+0x3c8): undefined reference to `D_8013CFD4'
C:\Tools\mips-ps1\mips\bin\mipsel-none-elf-ld.exe: (.data+0x3cc): undefined reference to `D_8013CFDC'
C:\Tools\mips-ps1\mips\bin\mipsel-none-elf-ld.exe: (.data+0x3d0): undefined reference to `D_8013CFE4'
C:\Tools\mips-ps1\mips\bin\mipsel-none-elf-ld.exe: (.data+0x3d4): undefined reference to `D_8013CFEC'
C:\Tools\mips-ps1\mips\bin\mipsel-none-elf-ld.exe: (.data+0x3d8): undefined reference to `D_8013CFF0'
C:\Tools\mips-ps1\mips\bin\mipsel-none-elf-ld.exe: (.data+0x3dc): undefined reference to `D_8013CFF8'
C:\Tools\mips-ps1\mips\bin\mipsel-none-elf-ld.exe: (.data+0x3e0): undefined reference to `D_8013CFFC'
C:\Tools\mips-ps1\mips\bin\mipsel-none-elf-ld.exe: (.data+0x3e4): undefined reference to `D_8013D000'
C:\Tools\mips-ps1\mips\bin\mipsel-none-elf-ld.exe: (.data+0x3e8): undefined reference to `D_8013D004'
C:\Tools\mips-ps1\mips\bin\mipsel-none-elf-ld.exe: (.data+0x3ec): undefined reference to `D_8013D008'
C:\Tools\mips-ps1\mips\bin\mipsel-none-elf-ld.exe: (.data+0x3f0): undefined reference to `D_8013D00C'
C:\Tools\mips-ps1\mips\bin\mipsel-none-elf-ld.exe: (.data+0x3f4): undefined reference to `D_8013D010'
C:\Tools\mips-ps1\mips\bin\mipsel-none-elf-ld.exe: (.data+0x3f8): undefined reference to `D_8013D014'
C:\Tools\mips-ps1\mips\bin\mipsel-none-elf-ld.exe: (.data+0x3fc): undefined reference to `D_8013D018'
C:\Tools\mips-ps1\mips\bin\mipsel-none-elf-ld.exe: (.data+0x400): undefined reference to `D_8013D01C'
C:\Tools\mips-ps1\mips\bin\mipsel-none-elf-ld.exe: (.data+0x404): undefined reference to `D_8013D024'
C:\Tools\mips-ps1\mips\bin\mipsel-none-elf-ld.exe: (.data+0x408): undefined reference to `D_8013D02C'
C:\Tools\mips-ps1\mips\bin\mipsel-none-elf-ld.exe: (.data+0x40c): undefined reference to `D_8013D034'
C:\Tools\mips-ps1\mips\bin\mipsel-none-elf-ld.exe: (.data+0x410): undefined reference to `D_8013D03C'
C:\Tools\mips-ps1\mips\bin\mipsel-none-elf-ld.exe: (.data+0x414): undefined reference to `D_8013D044'
C:\Tools\mips-ps1\mips\bin\mipsel-none-elf-ld.exe: build/asm/data/data_8010CCD4_o19.data.s.o: in function `FEI_gList':
(.data+0x24): undefined reference to `gUseFrontend'
C:\Tools\mips-ps1\mips\bin\mipsel-none-elf-ld.exe: build/asm/data/data_8010CCD4_o25.data.s.o: in function `R3DCar_ObjectInfo':
(.data+0xf8): undefined reference to `D_1000001'
C:\Tools\mips-ps1\mips\bin\mipsel-none-elf-ld.exe: build/asm/data/data_8010CCD4_o25.data.s.o: in function `R3DCar_RecessedLight':
(.data+0x254): undefined reference to `D_1000001'
C:\Tools\mips-ps1\mips\bin\mipsel-none-elf-ld.exe: build/asm/data/data_8010CCD4_r13.data.s.o: in function `D_8011E804':
(.data+0x7888): undefined reference to `D_8013D520'
C:\Tools\mips-ps1\mips\bin\mipsel-none-elf-ld.exe: (.data+0x788c): undefined reference to `D_8013D528'
C:\Tools\mips-ps1\mips\bin\mipsel-none-elf-ld.exe: (.data+0x7894): undefined reference to `D_8013D530'
C:\Tools\mips-ps1\mips\bin\mipsel-none-elf-ld.exe: (.data+0x7898): undefined reference to `D_8013D538'
C:\Tools\mips-ps1\mips\bin\mipsel-none-elf-ld.exe: (.data+0x78a0): undefined reference to `D_8013D540'
C:\Tools\mips-ps1\mips\bin\mipsel-none-elf-ld.exe: (.data+0x78a4): undefined reference to `D_8013D548'
C:\Tools\mips-ps1\mips\bin\mipsel-none-elf-ld.exe: (.data+0x78ac): undefined reference to `D_8013D550'
C:\Tools\mips-ps1\mips\bin\mipsel-none-elf-ld.exe: (.data+0x78b0): undefined reference to `D_8013D558'
C:\Tools\mips-ps1\mips\bin\mipsel-none-elf-ld.exe: (.data+0x78b8): undefined reference to `D_8013D560'
C:\Tools\mips-ps1\mips\bin\mipsel-none-elf-ld.exe: (.data+0x78bc): undefined reference to `D_8013D568'
C:\Tools\mips-ps1\mips\bin\mipsel-none-elf-ld.exe: (.data+0x78c4): undefined reference to `D_8013D570'
C:\Tools\mips-ps1\mips\bin\mipsel-none-elf-ld.exe: (.data+0x78c8): undefined reference to `D_8013D578'
C:\Tools\mips-ps1\mips\bin\mipsel-none-elf-ld.exe: (.data+0x78d0): undefined reference to `D_8013D57C'
C:\Tools\mips-ps1\mips\bin\mipsel-none-elf-ld.exe: (.data+0x78d4): undefined reference to `D_8013D578'
C:\Tools\mips-ps1\mips\bin\mipsel-none-elf-ld.exe: (.data+0x78dc): undefined reference to `D_8013D584'
C:\Tools\mips-ps1\mips\bin\mipsel-none-elf-ld.exe: (.data+0x78e0): undefined reference to `D_8013D578'
C:\Tools\mips-ps1\mips\bin\mipsel-none-elf-ld.exe: (.data+0x78e8): undefined reference to `D_8013D58C'
C:\Tools\mips-ps1\mips\bin\mipsel-none-elf-ld.exe: (.data+0x78ec): undefined reference to `D_8013D578'
C:\Tools\mips-ps1\mips\bin\mipsel-none-elf-ld.exe: (.data+0x78f4): undefined reference to `D_8013D594'
C:\Tools\mips-ps1\mips\bin\mipsel-none-elf-ld.exe: (.data+0x78f8): undefined reference to `D_8013D578'
C:\Tools\mips-ps1\mips\bin\mipsel-none-elf-ld.exe: (.data+0x7900): undefined reference to `D_8013D59C'
C:\Tools\mips-ps1\mips\bin\mipsel-none-elf-ld.exe: (.data+0x7904): undefined reference to `D_8013D578'
C:\Tools\mips-ps1\mips\bin\mipsel-none-elf-ld.exe: (.data+0x790c): undefined reference to `D_8013D5A4'
C:\Tools\mips-ps1\mips\bin\mipsel-none-elf-ld.exe: (.data+0x7910): undefined reference to `D_8013D578'
C:\Tools\mips-ps1\mips\bin\mipsel-none-elf-ld.exe: (.data+0x7918): undefined reference to `D_8013D5AC'
C:\Tools\mips-ps1\mips\bin\mipsel-none-elf-ld.exe: (.data+0x791c): undefined reference to `D_8013D578'
C:\Tools\mips-ps1\mips\bin\mipsel-none-elf-ld.exe: (.data+0x7924): undefined reference to `D_8013D5B4'
C:\Tools\mips-ps1\mips\bin\mipsel-none-elf-ld.exe: (.data+0x7928): undefined reference to `D_8013D5BC'
C:\Tools\mips-ps1\mips\bin\mipsel-none-elf-ld.exe: (.data+0x7930): undefined reference to `D_8013D5C4'
C:\Tools\mips-ps1\mips\bin\mipsel-none-elf-ld.exe: (.data+0x7934): undefined reference to `D_8013D5CC'
C:\Tools\mips-ps1\mips\bin\mipsel-none-elf-ld.exe: (.data+0x793c): undefined reference to `D_8013D5D4'
C:\Tools\mips-ps1\mips\bin\mipsel-none-elf-ld.exe: (.data+0x7940): undefined reference to `D_8013D5DC'
C:\Tools\mips-ps1\mips\bin\mipsel-none-elf-ld.exe: (.data+0x7948): undefined reference to `D_8013D5E4'
C:\Tools\mips-ps1\mips\bin\mipsel-none-elf-ld.exe: (.data+0x794c): undefined reference to `D_8013D5EC'
C:\Tools\mips-ps1\mips\bin\mipsel-none-elf-ld.exe: (.data+0x7954): undefined reference to `D_8013D5F4'
C:\Tools\mips-ps1\mips\bin\mipsel-none-elf-ld.exe: (.data+0x7958): undefined reference to `D_8013D5FC'
C:\Tools\mips-ps1\mips\bin\mipsel-none-elf-ld.exe: (.data+0x7960): undefined reference to `D_8013D604'
C:\Tools\mips-ps1\mips\bin\mipsel-none-elf-ld.exe: (.data+0x7964): undefined reference to `D_8013D60C'
C:\Tools\mips-ps1\mips\bin\mipsel-none-elf-ld.exe: (.data+0x796c): undefined reference to `D_8013D614'
C:\Tools\mips-ps1\mips\bin\mipsel-none-elf-ld.exe: (.data+0x7970): undefined reference to `D_8013D61C'
C:\Tools\mips-ps1\mips\bin\mipsel-none-elf-ld.exe: (.data+0x7978): undefined reference to `D_8013D624'
C:\Tools\mips-ps1\mips\bin\mipsel-none-elf-ld.exe: (.data+0x797c): undefined reference to `D_8013D578'
C:\Tools\mips-ps1\mips\bin\mipsel-none-elf-ld.exe: (.data+0x7984): undefined reference to `D_8013D62C'
C:\Tools\mips-ps1\mips\bin\mipsel-none-elf-ld.exe: (.data+0x7988): undefined reference to `D_8013D578'
C:\Tools\mips-ps1\mips\bin\mipsel-none-elf-ld.exe: (.data+0x7990): undefined reference to `D_8013D634'
C:\Tools\mips-ps1\mips\bin\mipsel-none-elf-ld.exe: (.data+0x7994): undefined reference to `D_8013D578'
C:\Tools\mips-ps1\mips\bin\mipsel-none-elf-ld.exe: (.data+0x799c): undefined reference to `D_8013D63C'
C:\Tools\mips-ps1\mips\bin\mipsel-none-elf-ld.exe: (.data+0x79a0): undefined reference to `D_8013D578'
C:\Tools\mips-ps1\mips\bin\mipsel-none-elf-ld.exe: (.data+0x79a8): undefined reference to `D_8013D644'
C:\Tools\mips-ps1\mips\bin\mipsel-none-elf-ld.exe: (.data+0x79ac): undefined reference to `D_8013D578'
C:\Tools\mips-ps1\mips\bin\mipsel-none-elf-ld.exe: (.data+0x79b4): undefined reference to `D_8013D64C'
C:\Tools\mips-ps1\mips\bin\mipsel-none-elf-ld.exe: (.data+0x79b8): undefined reference to `D_8013D578'
C:\Tools\mips-ps1\mips\bin\mipsel-none-elf-ld.exe: (.data+0x79c0): undefined reference to `D_8013D654'
C:\Tools\mips-ps1\mips\bin\mipsel-none-elf-ld.exe: (.data+0x79c4): undefined reference to `D_8013D578'
C:\Tools\mips-ps1\mips\bin\mipsel-none-elf-ld.exe: (.data+0x79cc): undefined reference to `D_8013D65C'
C:\Tools\mips-ps1\mips\bin\mipsel-none-elf-ld.exe: (.data+0x79d0): undefined reference to `D_8013D578'
C:\Tools\mips-ps1\mips\bin\mipsel-none-elf-ld.exe: (.data+0x79d8): undefined reference to `D_8013D664'
C:\Tools\mips-ps1\mips\bin\mipsel-none-elf-ld.exe: (.data+0x79dc): undefined reference to `D_8013D578'
C:\Tools\mips-ps1\mips\bin\mipsel-none-elf-ld.exe: (.data+0x79e4): undefined reference to `D_8013D66C'
C:\Tools\mips-ps1\mips\bin\mipsel-none-elf-ld.exe: (.data+0x79e8): undefined reference to `D_8013D578'
C:\Tools\mips-ps1\mips\bin\mipsel-none-elf-ld.exe: (.data+0x79f0): undefined reference to `D_8013D674'
C:\Tools\mips-ps1\mips\bin\mipsel-none-elf-ld.exe: (.data+0x79f4): undefined reference to `D_8013D578'
C:\Tools\mips-ps1\mips\bin\mipsel-none-elf-ld.exe: (.data+0x79fc): undefined reference to `D_8013D67C'
C:\Tools\mips-ps1\mips\bin\mipsel-none-elf-ld.exe: (.data+0x7a00): undefined reference to `D_8013D578'
C:\Tools\mips-ps1\mips\bin\mipsel-none-elf-ld.exe: (.data+0x7a08): undefined reference to `D_8013D684'
C:\Tools\mips-ps1\mips\bin\mipsel-none-elf-ld.exe: (.data+0x7a0c): undefined reference to `D_8013D578'
C:\Tools\mips-ps1\mips\bin\mipsel-none-elf-ld.exe: (.data+0x7a14): undefined reference to `D_8013D68C'
C:\Tools\mips-ps1\mips\bin\mipsel-none-elf-ld.exe: (.data+0x7a18): undefined reference to `D_8013D578'
C:\Tools\mips-ps1\mips\bin\mipsel-none-elf-ld.exe: (.data+0x7a20): undefined reference to `D_8013D694'
C:\Tools\mips-ps1\mips\bin\mipsel-none-elf-ld.exe: (.data+0x7a24): undefined reference to `D_8013D578'
C:\Tools\mips-ps1\mips\bin\mipsel-none-elf-ld.exe: (.data+0x7a2c): undefined reference to `D_8013D69C'
C:\Tools\mips-ps1\mips\bin\mipsel-none-elf-ld.exe: (.data+0x7a30): undefined reference to `D_8013D578'
C:\Tools\mips-ps1\mips\bin\mipsel-none-elf-ld.exe: (.data+0x7a38): undefined reference to `D_8013D6A4'
C:\Tools\mips-ps1\mips\bin\mipsel-none-elf-ld.exe: (.data+0x7a3c): undefined reference to `D_8013D578'
C:\Tools\mips-ps1\mips\bin\mipsel-none-elf-ld.exe: (.data+0x7a44): undefined reference to `D_8013D6AC'
C:\Tools\mips-ps1\mips\bin\mipsel-none-elf-ld.exe: (.data+0x7a48): undefined reference to `D_8013D578'
C:\Tools\mips-ps1\mips\bin\mipsel-none-elf-ld.exe: (.data+0x7a50): undefined reference to `D_8013D6B4'
C:\Tools\mips-ps1\mips\bin\mipsel-none-elf-ld.exe: (.data+0x7a54): undefined reference to `D_8013D578'
C:\Tools\mips-ps1\mips\bin\mipsel-none-elf-ld.exe: (.data+0x7a5c): undefined reference to `D_8013D6BC'
C:\Tools\mips-ps1\mips\bin\mipsel-none-elf-ld.exe: (.data+0x7a60): undefined reference to `D_8013D578'
C:\Tools\mips-ps1\mips\bin\mipsel-none-elf-ld.exe: (.data+0x7a68): undefined reference to `D_8013D6C4'
C:\Tools\mips-ps1\mips\bin\mipsel-none-elf-ld.exe: (.data+0x7a6c): undefined reference to `D_8013D578'
C:\Tools\mips-ps1\mips\bin\mipsel-none-elf-ld.exe: (.data+0x7a74): undefined reference to `D_8013D6CC'
C:\Tools\mips-ps1\mips\bin\mipsel-none-elf-ld.exe: (.data+0x7a78): undefined reference to `D_8013D578'
C:\Tools\mips-ps1\mips\bin\mipsel-none-elf-ld.exe: (.data+0x7a80): undefined reference to `D_8013D6D4'
C:\Tools\mips-ps1\mips\bin\mipsel-none-elf-ld.exe: (.data+0x7a84): undefined reference to `D_8013D578'
C:\Tools\mips-ps1\mips\bin\mipsel-none-elf-ld.exe: (.data+0x7a8c): undefined reference to `D_8013D6DC'
C:\Tools\mips-ps1\mips\bin\mipsel-none-elf-ld.exe: (.data+0x7a90): undefined reference to `D_8013D578'
C:\Tools\mips-ps1\mips\bin\mipsel-none-elf-ld.exe: (.data+0x7a98): undefined reference to `D_8013D6E4'
C:\Tools\mips-ps1\mips\bin\mipsel-none-elf-ld.exe: (.data+0x7a9c): undefined reference to `D_8013D578'
C:\Tools\mips-ps1\mips\bin\mipsel-none-elf-ld.exe: (.data+0x7aa4): undefined reference to `D_8013D6EC'
C:\Tools\mips-ps1\mips\bin\mipsel-none-elf-ld.exe: (.data+0x7aa8): undefined reference to `D_8013D578'
C:\Tools\mips-ps1\mips\bin\mipsel-none-elf-ld.exe: (.data+0x7ab0): undefined reference to `D_8013D6F4'
C:\Tools\mips-ps1\mips\bin\mipsel-none-elf-ld.exe: (.data+0x7ab4): undefined reference to `D_8013D578'
C:\Tools\mips-ps1\mips\bin\mipsel-none-elf-ld.exe: (.data+0x7abc): undefined reference to `D_8013D6FC'
C:\Tools\mips-ps1\mips\bin\mipsel-none-elf-ld.exe: (.data+0x7ac0): undefined reference to `D_8013D578'
C:\Tools\mips-ps1\mips\bin\mipsel-none-elf-ld.exe: (.data+0x7ac8): undefined reference to `D_8013D704'
C:\Tools\mips-ps1\mips\bin\mipsel-none-elf-ld.exe: (.data+0x7acc): undefined reference to `D_8013D578'
C:\Tools\mips-ps1\mips\bin\mipsel-none-elf-ld.exe: (.data+0x7ad4): undefined reference to `D_8013D70C'
C:\Tools\mips-ps1\mips\bin\mipsel-none-elf-ld.exe: (.data+0x7ad8): undefined reference to `D_8013D578'
C:\Tools\mips-ps1\mips\bin\mipsel-none-elf-ld.exe: (.data+0x7ae0): undefined reference to `D_8013D714'
C:\Tools\mips-ps1\mips\bin\mipsel-none-elf-ld.exe: (.data+0x7ae4): undefined reference to `D_8013D578'
C:\Tools\mips-ps1\mips\bin\mipsel-none-elf-ld.exe: build/asm/data/data_8010CCD4_r13.data.s.o: in function `Device_gDeviceList':
(.data+0x7c9c): undefined reference to `D_8013D75C'
C:\Tools\mips-ps1\mips\bin\mipsel-none-elf-ld.exe: (.data+0x7ca0): undefined reference to `Device_Null__FUl'
C:\Tools\mips-ps1\mips\bin\mipsel-none-elf-ld.exe: (.data+0x7ca8): undefined reference to `D_8013D764'
C:\Tools\mips-ps1\mips\bin\mipsel-none-elf-ld.exe: (.data+0x7cac): undefined reference to `Device_Analog__FUl'
C:\Tools\mips-ps1\mips\bin\mipsel-none-elf-ld.exe: (.data+0x7cb4): undefined reference to `D_8013D76C'
C:\Tools\mips-ps1\mips\bin\mipsel-none-elf-ld.exe: (.data+0x7cb8): undefined reference to `Device_PSXPad__FUl'
C:\Tools\mips-ps1\mips\bin\mipsel-none-elf-ld.exe: (.data+0x7cc0): undefined reference to `D_8013D770'
C:\Tools\mips-ps1\mips\bin\mipsel-none-elf-ld.exe: (.data+0x7cc4): undefined reference to `Device_PSXPadMulti__FUl'
C:\Tools\mips-ps1\mips\bin\mipsel-none-elf-ld.exe: build/asm/data/data_8010CCD4_r15.data.s.o: in function `D_80120D00':
(.data+0xa08): undefined reference to `D_8013D9A0'
C:\Tools\mips-ps1\mips\bin\mipsel-none-elf-ld.exe: (.data+0xa0c): undefined reference to `D_8013D9A8'
C:\Tools\mips-ps1\mips\bin\mipsel-none-elf-ld.exe: (.data+0xa10): undefined reference to `D_8013D9B0'
C:\Tools\mips-ps1\mips\bin\mipsel-none-elf-ld.exe: (.data+0xa14): undefined reference to `D_8013D9B8'
C:\Tools\mips-ps1\mips\bin\mipsel-none-elf-ld.exe: (.data+0xa18): undefined reference to `D_8013D9C0'
C:\Tools\mips-ps1\mips\bin\mipsel-none-elf-ld.exe: (.data+0xa1c): undefined reference to `D_8013D9C8'
C:\Tools\mips-ps1\mips\bin\mipsel-none-elf-ld.exe: build/asm/data/data_8010CCD4_r16.data.s.o: in function `D_80123654':
(.data+0x25e4): undefined reference to `D_80056CD8'
C:\Tools\mips-ps1\mips\bin\mipsel-none-elf-ld.exe: (.data+0x25e8): undefined reference to `_que_ref'
C:\Tools\mips-ps1\mips\bin\mipsel-none-elf-ld.exe: (.data+0x25ec): undefined reference to `_gpu_que_push'
C:\Tools\mips-ps1\mips\bin\mipsel-none-elf-ld.exe: (.data+0x25f0): undefined reference to `_BlitClear'
C:\Tools\mips-ps1\mips\bin\mipsel-none-elf-ld.exe: (.data+0x25f4): undefined reference to `_send_gp1'
C:\Tools\mips-ps1\mips\bin\mipsel-none-elf-ld.exe: (.data+0x25f8): undefined reference to `_send_gp0'
C:\Tools\mips-ps1\mips\bin\mipsel-none-elf-ld.exe: (.data+0x25fc): undefined reference to `_gpu_dma_chain'
C:\Tools\mips-ps1\mips\bin\mipsel-none-elf-ld.exe: (.data+0x2600): undefined reference to `_drs'
C:\Tools\mips-ps1\mips\bin\mipsel-none-elf-ld.exe: (.data+0x2604): undefined reference to `_dws'
C:\Tools\mips-ps1\mips\bin\mipsel-none-elf-ld.exe: (.data+0x2608): undefined reference to `_gpu_que_drain'
C:\Tools\mips-ps1\mips\bin\mipsel-none-elf-ld.exe: (.data+0x260c): undefined reference to `_get_gp1'
C:\Tools\mips-ps1\mips\bin\mipsel-none-elf-ld.exe: (.data+0x2610): undefined reference to `_clearOTagR_dma'
C:\Tools\mips-ps1\mips\bin\mipsel-none-elf-ld.exe: (.data+0x2614): undefined reference to `_get_gpuinfo'
C:\Tools\mips-ps1\mips\bin\mipsel-none-elf-ld.exe: (.data+0x2618): undefined reference to `_reset'
C:\Tools\mips-ps1\mips\bin\mipsel-none-elf-ld.exe: (.data+0x261c): undefined reference to `_get_status'
C:\Tools\mips-ps1\mips\bin\mipsel-none-elf-ld.exe: (.data+0x2620): undefined reference to `_sync'
C:\Tools\mips-ps1\mips\bin\mipsel-none-elf-ld.exe: build/asm/data/data_8010CCD4_r16.data.s.o: in function `GPU_printf':
(.data+0x2628): undefined reference to `printf'
C:\Tools\mips-ps1\mips\bin\mipsel-none-elf-ld.exe: build/asm/data/data_8010CCD4_r17.data.s.o: in function `D_80135B60':
(.data+0x12348): undefined reference to `_set_intr_callback'
C:\Tools\mips-ps1\mips\bin\mipsel-none-elf-ld.exe: (.data+0x1234c): undefined reference to `_initIntr'
C:\Tools\mips-ps1\mips\bin\mipsel-none-elf-ld.exe: (.data+0x12350): undefined reference to `StopCallback'
C:\Tools\mips-ps1\mips\bin\mipsel-none-elf-ld.exe: (.data+0x12358): undefined reference to `RestartCallback'
C:\Tools\mips-ps1\mips\bin\mipsel-none-elf-ld.exe: build/asm/data/data_8010CCD4_r17.data.s.o: in function `D_801369E4':
(.data+0x131c4): undefined reference to `D_80057060'
C:\Tools\mips-ps1\mips\bin\mipsel-none-elf-ld.exe: build/asm/data/data_8010CCD4_r20.data.s.o: in function `D_8013C228':
(.data+0x30c): undefined reference to `D_8014899C'
C:\Tools\mips-ps1\mips\bin\mipsel-none-elf-ld.exe: build/asm/data/data_8010CCD4_r21.data.s.o: in function `padIntFunc':
(.data+0xc): undefined reference to `_padIntInit'
C:\Tools\mips-ps1\mips\bin\mipsel-none-elf-ld.exe: (.data+0x10): undefined reference to `_padIntQuery'
C:\Tools\mips-ps1\mips\bin\mipsel-none-elf-ld.exe: (.data+0x14): undefined reference to `_padIntRecvId'
C:\Tools\mips-ps1\mips\bin\mipsel-none-elf-ld.exe: (.data+0x18): undefined reference to `_padIntRecvHdr'
C:\Tools\mips-ps1\mips\bin\mipsel-none-elf-ld.exe: (.data+0x1c): undefined reference to `_padIntRecvData'
