C:\Tools\mips-ps1\mips\bin\mipsel-none-elf-ld.exe: scratchpad/w65a8/ctl_obj/data_8010CCD4.data.s.o: in function `AISpeeds_TrackSpeeds':
(.data+0x10a4): undefined reference to `Track0Speeds'
C:\Tools\mips-ps1\mips\bin\mipsel-none-elf-ld.exe: (.data+0x10a8): undefined reference to `Track1Speeds'
C:\Tools\mips-ps1\mips\bin\mipsel-none-elf-ld.exe: (.data+0x10b4): undefined reference to `Track4Speeds'
C:\Tools\mips-ps1\mips\bin\mipsel-none-elf-ld.exe: (.data+0x10c4): undefined reference to `Track8Speeds'
C:\Tools\mips-ps1\mips\bin\mipsel-none-elf-ld.exe: (.data+0x10c8): undefined reference to `Track9Speeds'
C:\Tools\mips-ps1\mips\bin\mipsel-none-elf-ld.exe: (.data+0x10cc): undefined reference to `Track10Speeds'
C:\Tools\mips-ps1\mips\bin\mipsel-none-elf-ld.exe: scratchpad/w65a8/ctl_obj/data_8010CCD4.data.s.o: in function `AudioCmn_LanguageName':
(.data+0x1aa0): undefined reference to `D_8013C68C'
C:\Tools\mips-ps1\mips\bin\mipsel-none-elf-ld.exe: (.data+0x1aa4): undefined reference to `D_8013C690'
C:\Tools\mips-ps1\mips\bin\mipsel-none-elf-ld.exe: (.data+0x1aa8): undefined reference to `D_8013C694'
C:\Tools\mips-ps1\mips\bin\mipsel-none-elf-ld.exe: (.data+0x1aac): undefined reference to `D_8013C698'
C:\Tools\mips-ps1\mips\bin\mipsel-none-elf-ld.exe: (.data+0x1ab0): undefined reference to `D_8013C69C'
C:\Tools\mips-ps1\mips\bin\mipsel-none-elf-ld.exe: (.data+0x1ab4): undefined reference to `D_8013C68C'
C:\Tools\mips-ps1\mips\bin\mipsel-none-elf-ld.exe: (.data+0x1ab8): undefined reference to `D_8013C68C'
C:\Tools\mips-ps1\mips\bin\mipsel-none-elf-ld.exe: scratchpad/w65a8/ctl_obj/data_8010CCD4.data.s.o: in function `Speech_gCarDescription':
(.data+0x4d70): undefined reference to `D_8013CD8C'
C:\Tools\mips-ps1\mips\bin\mipsel-none-elf-ld.exe: (.data+0x4d74): undefined reference to `D_8013CD94'
C:\Tools\mips-ps1\mips\bin\mipsel-none-elf-ld.exe: (.data+0x4d78): undefined reference to `D_8013CD9C'
C:\Tools\mips-ps1\mips\bin\mipsel-none-elf-ld.exe: (.data+0x4d7c): undefined reference to `D_8013CDA4'
C:\Tools\mips-ps1\mips\bin\mipsel-none-elf-ld.exe: (.data+0x4d80): undefined reference to `D_8013CDA8'
C:\Tools\mips-ps1\mips\bin\mipsel-none-elf-ld.exe: (.data+0x4d84): undefined reference to `D_8013CDB0'
C:\Tools\mips-ps1\mips\bin\mipsel-none-elf-ld.exe: (.data+0x4d88): undefined reference to `D_8013CDB0'
C:\Tools\mips-ps1\mips\bin\mipsel-none-elf-ld.exe: (.data+0x4d8c): undefined reference to `D_8013CDB0'
C:\Tools\mips-ps1\mips\bin\mipsel-none-elf-ld.exe: (.data+0x4d90): undefined reference to `D_8013CDB8'
C:\Tools\mips-ps1\mips\bin\mipsel-none-elf-ld.exe: (.data+0x4d94): undefined reference to `D_8013CDB0'
C:\Tools\mips-ps1\mips\bin\mipsel-none-elf-ld.exe: (.data+0x4d98): undefined reference to `D_8013CDB0'
C:\Tools\mips-ps1\mips\bin\mipsel-none-elf-ld.exe: (.data+0x4d9c): undefined reference to `D_8013CDB0'
C:\Tools\mips-ps1\mips\bin\mipsel-none-elf-ld.exe: (.data+0x4da0): undefined reference to `D_8013CDC0'
C:\Tools\mips-ps1\mips\bin\mipsel-none-elf-ld.exe: (.data+0x4da4): undefined reference to `D_8013CDC8'
C:\Tools\mips-ps1\mips\bin\mipsel-none-elf-ld.exe: (.data+0x4da8): undefined reference to `D_8013CDD0'
C:\Tools\mips-ps1\mips\bin\mipsel-none-elf-ld.exe: (.data+0x4dac): undefined reference to `D_8013CDD8'
C:\Tools\mips-ps1\mips\bin\mipsel-none-elf-ld.exe: (.data+0x4db0): undefined reference to `D_8013CDE0'
C:\Tools\mips-ps1\mips\bin\mipsel-none-elf-ld.exe: (.data+0x4db4): undefined reference to `D_8013CDE8'
C:\Tools\mips-ps1\mips\bin\mipsel-none-elf-ld.exe: (.data+0x4db8): undefined reference to `D_8013CDE8'
C:\Tools\mips-ps1\mips\bin\mipsel-none-elf-ld.exe: (.data+0x4dbc): undefined reference to `D_8013CDE8'
C:\Tools\mips-ps1\mips\bin\mipsel-none-elf-ld.exe: (.data+0x4dc0): undefined reference to `D_8013CDF0'
C:\Tools\mips-ps1\mips\bin\mipsel-none-elf-ld.exe: (.data+0x4dc4): undefined reference to `D_8013CDF8'
C:\Tools\mips-ps1\mips\bin\mipsel-none-elf-ld.exe: (.data+0x4dc8): undefined reference to `D_8013CDF8'
C:\Tools\mips-ps1\mips\bin\mipsel-none-elf-ld.exe: (.data+0x4dcc): undefined reference to `D_8013CDF8'
C:\Tools\mips-ps1\mips\bin\mipsel-none-elf-ld.exe: (.data+0x4dd0): undefined reference to `D_8013CE00'
C:\Tools\mips-ps1\mips\bin\mipsel-none-elf-ld.exe: (.data+0x4dd4): undefined reference to `D_8013CE08'
C:\Tools\mips-ps1\mips\bin\mipsel-none-elf-ld.exe: (.data+0x4dd8): undefined reference to `D_8013CE08'
C:\Tools\mips-ps1\mips\bin\mipsel-none-elf-ld.exe: (.data+0x4ddc): undefined reference to `D_8013CE08'
C:\Tools\mips-ps1\mips\bin\mipsel-none-elf-ld.exe: (.data+0x4de0): undefined reference to `D_8013CE10'
C:\Tools\mips-ps1\mips\bin\mipsel-none-elf-ld.exe: (.data+0x4de4): undefined reference to `D_8013CE18'
C:\Tools\mips-ps1\mips\bin\mipsel-none-elf-ld.exe: (.data+0x4de8): undefined reference to `D_8013CD9C'
C:\Tools\mips-ps1\mips\bin\mipsel-none-elf-ld.exe: (.data+0x4dec): undefined reference to `D_8013CE20'
C:\Tools\mips-ps1\mips\bin\mipsel-none-elf-ld.exe: (.data+0x4df0): undefined reference to `D_8013CE24'
C:\Tools\mips-ps1\mips\bin\mipsel-none-elf-ld.exe: (.data+0x4df4): undefined reference to `D_8013CE2C'
C:\Tools\mips-ps1\mips\bin\mipsel-none-elf-ld.exe: (.data+0x4df8): undefined reference to `D_8013CDD0'
C:\Tools\mips-ps1\mips\bin\mipsel-none-elf-ld.exe: (.data+0x4dfc): undefined reference to `D_8013CE34'
C:\Tools\mips-ps1\mips\bin\mipsel-none-elf-ld.exe: (.data+0x4e00): undefined reference to `D_8013CE3C'
C:\Tools\mips-ps1\mips\bin\mipsel-none-elf-ld.exe: (.data+0x4e04): undefined reference to `D_8013CE44'
C:\Tools\mips-ps1\mips\bin\mipsel-none-elf-ld.exe: (.data+0x4e08): undefined reference to `D_8013CE4C'
C:\Tools\mips-ps1\mips\bin\mipsel-none-elf-ld.exe: (.data+0x4e0c): undefined reference to `D_8013CE4C'
C:\Tools\mips-ps1\mips\bin\mipsel-none-elf-ld.exe: (.data+0x4e10): undefined reference to `D_8013CE54'
C:\Tools\mips-ps1\mips\bin\mipsel-none-elf-ld.exe: (.data+0x4e14): undefined reference to `D_8013CE5C'
C:\Tools\mips-ps1\mips\bin\mipsel-none-elf-ld.exe: (.data+0x4e18): undefined reference to `D_8013CE64'
C:\Tools\mips-ps1\mips\bin\mipsel-none-elf-ld.exe: (.data+0x4e1c): undefined reference to `D_8013CE6C'
C:\Tools\mips-ps1\mips\bin\mipsel-none-elf-ld.exe: (.data+0x4e20): undefined reference to `D_8013CE74'
C:\Tools\mips-ps1\mips\bin\mipsel-none-elf-ld.exe: (.data+0x4e24): undefined reference to `D_8013CE7C'
C:\Tools\mips-ps1\mips\bin\mipsel-none-elf-ld.exe: (.data+0x4e28): undefined reference to `D_8013CE7C'
C:\Tools\mips-ps1\mips\bin\mipsel-none-elf-ld.exe: (.data+0x4e2c): undefined reference to `D_8013CE7C'
C:\Tools\mips-ps1\mips\bin\mipsel-none-elf-ld.exe: (.data+0x4e30): undefined reference to `D_8013CE84'
C:\Tools\mips-ps1\mips\bin\mipsel-none-elf-ld.exe: (.data+0x4e34): undefined reference to `D_8013CE44'
C:\Tools\mips-ps1\mips\bin\mipsel-none-elf-ld.exe: (.data+0x4e38): undefined reference to `D_8013CE4C'
C:\Tools\mips-ps1\mips\bin\mipsel-none-elf-ld.exe: (.data+0x4e3c): undefined reference to `D_8013CE4C'
C:\Tools\mips-ps1\mips\bin\mipsel-none-elf-ld.exe: (.data+0x4e40): undefined reference to `D_8013CE8C'
C:\Tools\mips-ps1\mips\bin\mipsel-none-elf-ld.exe: (.data+0x4e44): undefined reference to `D_8013CE2C'
C:\Tools\mips-ps1\mips\bin\mipsel-none-elf-ld.exe: (.data+0x4e48): undefined reference to `D_8013CDD0'
C:\Tools\mips-ps1\mips\bin\mipsel-none-elf-ld.exe: (.data+0x4e4c): undefined reference to `D_8013CE34'
C:\Tools\mips-ps1\mips\bin\mipsel-none-elf-ld.exe: (.data+0x4e54): undefined reference to `D_8013CE94'
C:\Tools\mips-ps1\mips\bin\mipsel-none-elf-ld.exe: (.data+0x4e58): undefined reference to `D_8013CE94'
C:\Tools\mips-ps1\mips\bin\mipsel-none-elf-ld.exe: (.data+0x4e5c): undefined reference to `D_8013CE94'
C:\Tools\mips-ps1\mips\bin\mipsel-none-elf-ld.exe: scratchpad/w65a8/ctl_obj/data_8010CCD4.data.s.o: in function `Speech_gLocationDescription00':
(.data+0x4e60): undefined reference to `D_8013CE9C'
C:\Tools\mips-ps1\mips\bin\mipsel-none-elf-ld.exe: (.data+0x4e68): undefined reference to `D_8013CE9C'
C:\Tools\mips-ps1\mips\bin\mipsel-none-elf-ld.exe: (.data+0x4e70): undefined reference to `D_8013CEA4'
C:\Tools\mips-ps1\mips\bin\mipsel-none-elf-ld.exe: (.data+0x4e78): undefined reference to `D_8013CEAC'
C:\Tools\mips-ps1\mips\bin\mipsel-none-elf-ld.exe: (.data+0x4e80): undefined reference to `D_8013CEB4'
C:\Tools\mips-ps1\mips\bin\mipsel-none-elf-ld.exe: (.data+0x4e88): undefined reference to `D_8013CEBC'
C:\Tools\mips-ps1\mips\bin\mipsel-none-elf-ld.exe: (.data+0x4e90): undefined reference to `D_8013CEC4'
C:\Tools\mips-ps1\mips\bin\mipsel-none-elf-ld.exe: (.data+0x4e98): undefined reference to `D_8013CECC'
C:\Tools\mips-ps1\mips\bin\mipsel-none-elf-ld.exe: (.data+0x4ea0): undefined reference to `D_8013CEAC'
C:\Tools\mips-ps1\mips\bin\mipsel-none-elf-ld.exe: (.data+0x4ea8): undefined reference to `D_8013CED4'
C:\Tools\mips-ps1\mips\bin\mipsel-none-elf-ld.exe: (.data+0x4eb0): undefined reference to `D_8013CEDC'
C:\Tools\mips-ps1\mips\bin\mipsel-none-elf-ld.exe: (.data+0x4eb8): undefined reference to `D_8013CEE4'
C:\Tools\mips-ps1\mips\bin\mipsel-none-elf-ld.exe: scratchpad/w65a8/ctl_obj/data_8010CCD4.data.s.o: in function `Speech_gLocationDescription02':
(.data+0x4ec8): undefined reference to `D_8013CEEC'
C:\Tools\mips-ps1\mips\bin\mipsel-none-elf-ld.exe: (.data+0x4ed0): undefined reference to `D_8013CEF4'
C:\Tools\mips-ps1\mips\bin\mipsel-none-elf-ld.exe: (.data+0x4ed8): undefined reference to `D_8013CEFC'
C:\Tools\mips-ps1\mips\bin\mipsel-none-elf-ld.exe: (.data+0x4ee0): undefined reference to `D_8013CEB4'
C:\Tools\mips-ps1\mips\bin\mipsel-none-elf-ld.exe: (.data+0x4ee8): undefined reference to `D_8013CF04'
C:\Tools\mips-ps1\mips\bin\mipsel-none-elf-ld.exe: (.data+0x4ef0): undefined reference to `D_8013CF0C'
C:\Tools\mips-ps1\mips\bin\mipsel-none-elf-ld.exe: (.data+0x4ef8): undefined reference to `D_8013CF14'
C:\Tools\mips-ps1\mips\bin\mipsel-none-elf-ld.exe: (.data+0x4f00): undefined reference to `D_8013CEC4'
C:\Tools\mips-ps1\mips\bin\mipsel-none-elf-ld.exe: (.data+0x4f08): undefined reference to `D_8013CF1C'
C:\Tools\mips-ps1\mips\bin\mipsel-none-elf-ld.exe: (.data+0x4f10): undefined reference to `D_8013CEC4'
C:\Tools\mips-ps1\mips\bin\mipsel-none-elf-ld.exe: (.data+0x4f18): undefined reference to `D_8013CEDC'
C:\Tools\mips-ps1\mips\bin\mipsel-none-elf-ld.exe: (.data+0x4f20): undefined reference to `D_8013CEAC'
C:\Tools\mips-ps1\mips\bin\mipsel-none-elf-ld.exe: (.data+0x4f28): undefined reference to `D_8013CF24'
C:\Tools\mips-ps1\mips\bin\mipsel-none-elf-ld.exe: scratchpad/w65a8/ctl_obj/data_8010CCD4.data.s.o: in function `Speech_gLocationDescription03':
(.data+0x4f38): undefined reference to `D_8013CF2C'
C:\Tools\mips-ps1\mips\bin\mipsel-none-elf-ld.exe: (.data+0x4f40): undefined reference to `D_8013CF2C'
C:\Tools\mips-ps1\mips\bin\mipsel-none-elf-ld.exe: (.data+0x4f48): undefined reference to `D_8013CF2C'
C:\Tools\mips-ps1\mips\bin\mipsel-none-elf-ld.exe: (.data+0x4f50): undefined reference to `D_8013CEAC'
C:\Tools\mips-ps1\mips\bin\mipsel-none-elf-ld.exe: (.data+0x4f58): undefined reference to `D_8013CF34'
C:\Tools\mips-ps1\mips\bin\mipsel-none-elf-ld.exe: (.data+0x4f60): undefined reference to `D_8013CEC4'
C:\Tools\mips-ps1\mips\bin\mipsel-none-elf-ld.exe: (.data+0x4f68): undefined reference to `D_8013CF3C'
C:\Tools\mips-ps1\mips\bin\mipsel-none-elf-ld.exe: (.data+0x4f70): undefined reference to `D_8013CF44'
C:\Tools\mips-ps1\mips\bin\mipsel-none-elf-ld.exe: (.data+0x4f78): undefined reference to `D_8013CEFC'
C:\Tools\mips-ps1\mips\bin\mipsel-none-elf-ld.exe: (.data+0x4f80): undefined reference to `D_8013CF0C'
C:\Tools\mips-ps1\mips\bin\mipsel-none-elf-ld.exe: (.data+0x4f88): undefined reference to `D_8013CEAC'
C:\Tools\mips-ps1\mips\bin\mipsel-none-elf-ld.exe: (.data+0x4f90): undefined reference to `D_8013CF4C'
C:\Tools\mips-ps1\mips\bin\mipsel-none-elf-ld.exe: scratchpad/w65a8/ctl_obj/data_8010CCD4.data.s.o: in function `Speech_gLocationDescription04':
(.data+0x4fa0): undefined reference to `D_8013CF54'
C:\Tools\mips-ps1\mips\bin\mipsel-none-elf-ld.exe: (.data+0x4fa8): undefined reference to `D_8013CF5C'
C:\Tools\mips-ps1\mips\bin\mipsel-none-elf-ld.exe: (.data+0x4fb0): undefined reference to `D_8013CE9C'
C:\Tools\mips-ps1\mips\bin\mipsel-none-elf-ld.exe: (.data+0x4fb8): undefined reference to `D_8013CF64'
C:\Tools\mips-ps1\mips\bin\mipsel-none-elf-ld.exe: (.data+0x4fc0): undefined reference to `D_8013CF6C'
C:\Tools\mips-ps1\mips\bin\mipsel-none-elf-ld.exe: (.data+0x4fc8): undefined reference to `D_8013CEAC'
C:\Tools\mips-ps1\mips\bin\mipsel-none-elf-ld.exe: (.data+0x4fd0): undefined reference to `D_8013CEC4'
C:\Tools\mips-ps1\mips\bin\mipsel-none-elf-ld.exe: (.data+0x4fd8): undefined reference to `D_8013CEDC'
C:\Tools\mips-ps1\mips\bin\mipsel-none-elf-ld.exe: scratchpad/w65a8/ctl_obj/data_8010CCD4.data.s.o: in function `Speech_gLocationDescription05':
(.data+0x4fe8): undefined reference to `D_8013CF4C'
C:\Tools\mips-ps1\mips\bin\mipsel-none-elf-ld.exe: (.data+0x4ff0): undefined reference to `D_8013CF74'
C:\Tools\mips-ps1\mips\bin\mipsel-none-elf-ld.exe: (.data+0x4ff8): undefined reference to `D_8013CEAC'
C:\Tools\mips-ps1\mips\bin\mipsel-none-elf-ld.exe: (.data+0x5000): undefined reference to `D_8013CF0C'
C:\Tools\mips-ps1\mips\bin\mipsel-none-elf-ld.exe: (.data+0x5008): undefined reference to `D_8013CEAC'
C:\Tools\mips-ps1\mips\bin\mipsel-none-elf-ld.exe: (.data+0x5010): undefined reference to `D_8013CF34'
C:\Tools\mips-ps1\mips\bin\mipsel-none-elf-ld.exe: (.data+0x5018): undefined reference to `D_8013CF7C'
C:\Tools\mips-ps1\mips\bin\mipsel-none-elf-ld.exe: (.data+0x5020): undefined reference to `D_8013CF2C'
C:\Tools\mips-ps1\mips\bin\mipsel-none-elf-ld.exe: (.data+0x5028): undefined reference to `D_8013CF84'
C:\Tools\mips-ps1\mips\bin\mipsel-none-elf-ld.exe: (.data+0x5030): undefined reference to `D_8013CF84'
C:\Tools\mips-ps1\mips\bin\mipsel-none-elf-ld.exe: (.data+0x5038): undefined reference to `D_8013CF8C'
C:\Tools\mips-ps1\mips\bin\mipsel-none-elf-ld.exe: (.data+0x5040): undefined reference to `D_8013CF94'
C:\Tools\mips-ps1\mips\bin\mipsel-none-elf-ld.exe: (.data+0x5048): undefined reference to `D_8013CF2C'
C:\Tools\mips-ps1\mips\bin\mipsel-none-elf-ld.exe: scratchpad/w65a8/ctl_obj/data_8010CCD4.data.s.o: in function `Speech_gLocationDescription06':
(.data+0x5058): undefined reference to `D_8013CF34'
C:\Tools\mips-ps1\mips\bin\mipsel-none-elf-ld.exe: (.data+0x5060): undefined reference to `D_8013CF9C'
C:\Tools\mips-ps1\mips\bin\mipsel-none-elf-ld.exe: (.data+0x5068): undefined reference to `D_8013CFA4'
C:\Tools\mips-ps1\mips\bin\mipsel-none-elf-ld.exe: (.data+0x5070): undefined reference to `D_8013CF94'
C:\Tools\mips-ps1\mips\bin\mipsel-none-elf-ld.exe: (.data+0x5078): undefined reference to `D_8013CEB4'
C:\Tools\mips-ps1\mips\bin\mipsel-none-elf-ld.exe: (.data+0x5080): undefined reference to `D_8013CF3C'
C:\Tools\mips-ps1\mips\bin\mipsel-none-elf-ld.exe: (.data+0x5088): undefined reference to `D_8013CFAC'
C:\Tools\mips-ps1\mips\bin\mipsel-none-elf-ld.exe: (.data+0x5090): undefined reference to `D_8013CF2C'
C:\Tools\mips-ps1\mips\bin\mipsel-none-elf-ld.exe: (.data+0x5098): undefined reference to `D_8013CFB4'
C:\Tools\mips-ps1\mips\bin\mipsel-none-elf-ld.exe: (.data+0x50a0): undefined reference to `D_8013CEDC'
C:\Tools\mips-ps1\mips\bin\mipsel-none-elf-ld.exe: scratchpad/w65a8/ctl_obj/data_8010CCD4.data.s.o: in function `Speech_gLocationDescription07':
(.data+0x50b0): undefined reference to `D_8013CEB4'
C:\Tools\mips-ps1\mips\bin\mipsel-none-elf-ld.exe: (.data+0x50b8): undefined reference to `D_8013CF2C'
C:\Tools\mips-ps1\mips\bin\mipsel-none-elf-ld.exe: (.data+0x50c0): undefined reference to `D_8013CEDC'
C:\Tools\mips-ps1\mips\bin\mipsel-none-elf-ld.exe: (.data+0x50c8): undefined reference to `D_8013CF2C'
C:\Tools\mips-ps1\mips\bin\mipsel-none-elf-ld.exe: (.data+0x50d0): undefined reference to `D_8013CFBC'
C:\Tools\mips-ps1\mips\bin\mipsel-none-elf-ld.exe: (.data+0x50d8): undefined reference to `D_8013CECC'
C:\Tools\mips-ps1\mips\bin\mipsel-none-elf-ld.exe: (.data+0x50e0): undefined reference to `D_8013CFC4'
C:\Tools\mips-ps1\mips\bin\mipsel-none-elf-ld.exe: (.data+0x50e8): undefined reference to `D_8013CECC'
C:\Tools\mips-ps1\mips\bin\mipsel-none-elf-ld.exe: (.data+0x50f0): undefined reference to `D_8013CF94'
C:\Tools\mips-ps1\mips\bin\mipsel-none-elf-ld.exe: (.data+0x50f8): undefined reference to `D_8013CEAC'
C:\Tools\mips-ps1\mips\bin\mipsel-none-elf-ld.exe: scratchpad/w65a8/ctl_obj/data_8010CCD4.data.s.o: in function `Speech_gCallSignDescription':
(.data+0x5134): undefined reference to `D_8013CFCC'
C:\Tools\mips-ps1\mips\bin\mipsel-none-elf-ld.exe: (.data+0x5138): undefined reference to `D_8013CFD4'
C:\Tools\mips-ps1\mips\bin\mipsel-none-elf-ld.exe: (.data+0x513c): undefined reference to `D_8013CFDC'
C:\Tools\mips-ps1\mips\bin\mipsel-none-elf-ld.exe: (.data+0x5140): undefined reference to `D_8013CFE4'
C:\Tools\mips-ps1\mips\bin\mipsel-none-elf-ld.exe: (.data+0x5144): undefined reference to `D_8013CFEC'
C:\Tools\mips-ps1\mips\bin\mipsel-none-elf-ld.exe: (.data+0x5148): undefined reference to `D_8013CFF0'
C:\Tools\mips-ps1\mips\bin\mipsel-none-elf-ld.exe: (.data+0x514c): undefined reference to `D_8013CFF8'
C:\Tools\mips-ps1\mips\bin\mipsel-none-elf-ld.exe: (.data+0x5150): undefined reference to `D_8013CFFC'
C:\Tools\mips-ps1\mips\bin\mipsel-none-elf-ld.exe: (.data+0x5154): undefined reference to `D_8013D000'
C:\Tools\mips-ps1\mips\bin\mipsel-none-elf-ld.exe: (.data+0x5158): undefined reference to `D_8013D004'
C:\Tools\mips-ps1\mips\bin\mipsel-none-elf-ld.exe: (.data+0x515c): undefined reference to `D_8013D008'
C:\Tools\mips-ps1\mips\bin\mipsel-none-elf-ld.exe: (.data+0x5160): undefined reference to `D_8013D00C'
C:\Tools\mips-ps1\mips\bin\mipsel-none-elf-ld.exe: (.data+0x5164): undefined reference to `D_8013D010'
C:\Tools\mips-ps1\mips\bin\mipsel-none-elf-ld.exe: (.data+0x5168): undefined reference to `D_8013D014'
C:\Tools\mips-ps1\mips\bin\mipsel-none-elf-ld.exe: (.data+0x516c): undefined reference to `D_8013D018'
C:\Tools\mips-ps1\mips\bin\mipsel-none-elf-ld.exe: (.data+0x5170): undefined reference to `D_8013D01C'
C:\Tools\mips-ps1\mips\bin\mipsel-none-elf-ld.exe: (.data+0x5174): undefined reference to `D_8013D024'
C:\Tools\mips-ps1\mips\bin\mipsel-none-elf-ld.exe: (.data+0x5178): undefined reference to `D_8013D02C'
C:\Tools\mips-ps1\mips\bin\mipsel-none-elf-ld.exe: (.data+0x517c): undefined reference to `D_8013D034'
C:\Tools\mips-ps1\mips\bin\mipsel-none-elf-ld.exe: (.data+0x5180): undefined reference to `D_8013D03C'
C:\Tools\mips-ps1\mips\bin\mipsel-none-elf-ld.exe: (.data+0x5184): undefined reference to `D_8013D044'
C:\Tools\mips-ps1\mips\bin\mipsel-none-elf-ld.exe: scratchpad/w65a8/ctl_obj/data_8010CCD4.data.s.o: in function `FEI_gList':
(.data+0x5aec): undefined reference to `gUseFrontend'
C:\Tools\mips-ps1\mips\bin\mipsel-none-elf-ld.exe: scratchpad/w65a8/ctl_obj/data_8010CCD4.data.s.o: in function `R3DCar_ObjectInfo':
(.data+0x9a04): undefined reference to `D_1000001'
C:\Tools\mips-ps1\mips\bin\mipsel-none-elf-ld.exe: scratchpad/w65a8/ctl_obj/data_8010CCD4.data.s.o: in function `R3DCar_RecessedLight':
(.data+0x9b60): undefined reference to `D_1000001'
C:\Tools\mips-ps1\mips\bin\mipsel-none-elf-ld.exe: scratchpad/w65a8/ctl_obj/data_8010CCD4.data.s.o: in function `D_8011E804':
(.data+0x11b30): undefined reference to `D_8013D520'
C:\Tools\mips-ps1\mips\bin\mipsel-none-elf-ld.exe: (.data+0x11b34): undefined reference to `D_8013D528'
C:\Tools\mips-ps1\mips\bin\mipsel-none-elf-ld.exe: (.data+0x11b3c): undefined reference to `D_8013D530'
C:\Tools\mips-ps1\mips\bin\mipsel-none-elf-ld.exe: (.data+0x11b40): undefined reference to `D_8013D538'
C:\Tools\mips-ps1\mips\bin\mipsel-none-elf-ld.exe: (.data+0x11b48): undefined reference to `D_8013D540'
C:\Tools\mips-ps1\mips\bin\mipsel-none-elf-ld.exe: (.data+0x11b4c): undefined reference to `D_8013D548'
C:\Tools\mips-ps1\mips\bin\mipsel-none-elf-ld.exe: (.data+0x11b54): undefined reference to `D_8013D550'
C:\Tools\mips-ps1\mips\bin\mipsel-none-elf-ld.exe: (.data+0x11b58): undefined reference to `D_8013D558'
C:\Tools\mips-ps1\mips\bin\mipsel-none-elf-ld.exe: (.data+0x11b60): undefined reference to `D_8013D560'
C:\Tools\mips-ps1\mips\bin\mipsel-none-elf-ld.exe: (.data+0x11b64): undefined reference to `D_8013D568'
C:\Tools\mips-ps1\mips\bin\mipsel-none-elf-ld.exe: (.data+0x11b6c): undefined reference to `D_8013D570'
C:\Tools\mips-ps1\mips\bin\mipsel-none-elf-ld.exe: (.data+0x11b70): undefined reference to `D_8013D578'
C:\Tools\mips-ps1\mips\bin\mipsel-none-elf-ld.exe: (.data+0x11b78): undefined reference to `D_8013D57C'
C:\Tools\mips-ps1\mips\bin\mipsel-none-elf-ld.exe: (.data+0x11b7c): undefined reference to `D_8013D578'
C:\Tools\mips-ps1\mips\bin\mipsel-none-elf-ld.exe: (.data+0x11b84): undefined reference to `D_8013D584'
C:\Tools\mips-ps1\mips\bin\mipsel-none-elf-ld.exe: (.data+0x11b88): undefined reference to `D_8013D578'
C:\Tools\mips-ps1\mips\bin\mipsel-none-elf-ld.exe: (.data+0x11b90): undefined reference to `D_8013D58C'
C:\Tools\mips-ps1\mips\bin\mipsel-none-elf-ld.exe: (.data+0x11b94): undefined reference to `D_8013D578'
C:\Tools\mips-ps1\mips\bin\mipsel-none-elf-ld.exe: (.data+0x11b9c): undefined reference to `D_8013D594'
C:\Tools\mips-ps1\mips\bin\mipsel-none-elf-ld.exe: (.data+0x11ba0): undefined reference to `D_8013D578'
C:\Tools\mips-ps1\mips\bin\mipsel-none-elf-ld.exe: (.data+0x11ba8): undefined reference to `D_8013D59C'
C:\Tools\mips-ps1\mips\bin\mipsel-none-elf-ld.exe: (.data+0x11bac): undefined reference to `D_8013D578'
C:\Tools\mips-ps1\mips\bin\mipsel-none-elf-ld.exe: (.data+0x11bb4): undefined reference to `D_8013D5A4'
C:\Tools\mips-ps1\mips\bin\mipsel-none-elf-ld.exe: (.data+0x11bb8): undefined reference to `D_8013D578'
C:\Tools\mips-ps1\mips\bin\mipsel-none-elf-ld.exe: (.data+0x11bc0): undefined reference to `D_8013D5AC'
C:\Tools\mips-ps1\mips\bin\mipsel-none-elf-ld.exe: (.data+0x11bc4): undefined reference to `D_8013D578'
C:\Tools\mips-ps1\mips\bin\mipsel-none-elf-ld.exe: (.data+0x11bcc): undefined reference to `D_8013D5B4'
C:\Tools\mips-ps1\mips\bin\mipsel-none-elf-ld.exe: (.data+0x11bd0): undefined reference to `D_8013D5BC'
C:\Tools\mips-ps1\mips\bin\mipsel-none-elf-ld.exe: (.data+0x11bd8): undefined reference to `D_8013D5C4'
C:\Tools\mips-ps1\mips\bin\mipsel-none-elf-ld.exe: (.data+0x11bdc): undefined reference to `D_8013D5CC'
C:\Tools\mips-ps1\mips\bin\mipsel-none-elf-ld.exe: (.data+0x11be4): undefined reference to `D_8013D5D4'
C:\Tools\mips-ps1\mips\bin\mipsel-none-elf-ld.exe: (.data+0x11be8): undefined reference to `D_8013D5DC'
C:\Tools\mips-ps1\mips\bin\mipsel-none-elf-ld.exe: (.data+0x11bf0): undefined reference to `D_8013D5E4'
C:\Tools\mips-ps1\mips\bin\mipsel-none-elf-ld.exe: (.data+0x11bf4): undefined reference to `D_8013D5EC'
C:\Tools\mips-ps1\mips\bin\mipsel-none-elf-ld.exe: (.data+0x11bfc): undefined reference to `D_8013D5F4'
C:\Tools\mips-ps1\mips\bin\mipsel-none-elf-ld.exe: (.data+0x11c00): undefined reference to `D_8013D5FC'
C:\Tools\mips-ps1\mips\bin\mipsel-none-elf-ld.exe: (.data+0x11c08): undefined reference to `D_8013D604'
C:\Tools\mips-ps1\mips\bin\mipsel-none-elf-ld.exe: (.data+0x11c0c): undefined reference to `D_8013D60C'
C:\Tools\mips-ps1\mips\bin\mipsel-none-elf-ld.exe: (.data+0x11c14): undefined reference to `D_8013D614'
C:\Tools\mips-ps1\mips\bin\mipsel-none-elf-ld.exe: (.data+0x11c18): undefined reference to `D_8013D61C'
C:\Tools\mips-ps1\mips\bin\mipsel-none-elf-ld.exe: (.data+0x11c20): undefined reference to `D_8013D624'
C:\Tools\mips-ps1\mips\bin\mipsel-none-elf-ld.exe: (.data+0x11c24): undefined reference to `D_8013D578'
C:\Tools\mips-ps1\mips\bin\mipsel-none-elf-ld.exe: (.data+0x11c2c): undefined reference to `D_8013D62C'
C:\Tools\mips-ps1\mips\bin\mipsel-none-elf-ld.exe: (.data+0x11c30): undefined reference to `D_8013D578'
C:\Tools\mips-ps1\mips\bin\mipsel-none-elf-ld.exe: (.data+0x11c38): undefined reference to `D_8013D634'
C:\Tools\mips-ps1\mips\bin\mipsel-none-elf-ld.exe: (.data+0x11c3c): undefined reference to `D_8013D578'
C:\Tools\mips-ps1\mips\bin\mipsel-none-elf-ld.exe: (.data+0x11c44): undefined reference to `D_8013D63C'
C:\Tools\mips-ps1\mips\bin\mipsel-none-elf-ld.exe: (.data+0x11c48): undefined reference to `D_8013D578'
C:\Tools\mips-ps1\mips\bin\mipsel-none-elf-ld.exe: (.data+0x11c50): undefined reference to `D_8013D644'
C:\Tools\mips-ps1\mips\bin\mipsel-none-elf-ld.exe: (.data+0x11c54): undefined reference to `D_8013D578'
C:\Tools\mips-ps1\mips\bin\mipsel-none-elf-ld.exe: (.data+0x11c5c): undefined reference to `D_8013D64C'
C:\Tools\mips-ps1\mips\bin\mipsel-none-elf-ld.exe: (.data+0x11c60): undefined reference to `D_8013D578'
C:\Tools\mips-ps1\mips\bin\mipsel-none-elf-ld.exe: (.data+0x11c68): undefined reference to `D_8013D654'
C:\Tools\mips-ps1\mips\bin\mipsel-none-elf-ld.exe: (.data+0x11c6c): undefined reference to `D_8013D578'
C:\Tools\mips-ps1\mips\bin\mipsel-none-elf-ld.exe: (.data+0x11c74): undefined reference to `D_8013D65C'
C:\Tools\mips-ps1\mips\bin\mipsel-none-elf-ld.exe: (.data+0x11c78): undefined reference to `D_8013D578'
C:\Tools\mips-ps1\mips\bin\mipsel-none-elf-ld.exe: (.data+0x11c80): undefined reference to `D_8013D664'
C:\Tools\mips-ps1\mips\bin\mipsel-none-elf-ld.exe: (.data+0x11c84): undefined reference to `D_8013D578'
C:\Tools\mips-ps1\mips\bin\mipsel-none-elf-ld.exe: (.data+0x11c8c): undefined reference to `D_8013D66C'
C:\Tools\mips-ps1\mips\bin\mipsel-none-elf-ld.exe: (.data+0x11c90): undefined reference to `D_8013D578'
C:\Tools\mips-ps1\mips\bin\mipsel-none-elf-ld.exe: (.data+0x11c98): undefined reference to `D_8013D674'
C:\Tools\mips-ps1\mips\bin\mipsel-none-elf-ld.exe: (.data+0x11c9c): undefined reference to `D_8013D578'
C:\Tools\mips-ps1\mips\bin\mipsel-none-elf-ld.exe: (.data+0x11ca4): undefined reference to `D_8013D67C'
C:\Tools\mips-ps1\mips\bin\mipsel-none-elf-ld.exe: (.data+0x11ca8): undefined reference to `D_8013D578'
C:\Tools\mips-ps1\mips\bin\mipsel-none-elf-ld.exe: (.data+0x11cb0): undefined reference to `D_8013D684'
C:\Tools\mips-ps1\mips\bin\mipsel-none-elf-ld.exe: (.data+0x11cb4): undefined reference to `D_8013D578'
C:\Tools\mips-ps1\mips\bin\mipsel-none-elf-ld.exe: (.data+0x11cbc): undefined reference to `D_8013D68C'
C:\Tools\mips-ps1\mips\bin\mipsel-none-elf-ld.exe: (.data+0x11cc0): undefined reference to `D_8013D578'
C:\Tools\mips-ps1\mips\bin\mipsel-none-elf-ld.exe: (.data+0x11cc8): undefined reference to `D_8013D694'
C:\Tools\mips-ps1\mips\bin\mipsel-none-elf-ld.exe: (.data+0x11ccc): undefined reference to `D_8013D578'
C:\Tools\mips-ps1\mips\bin\mipsel-none-elf-ld.exe: (.data+0x11cd4): undefined reference to `D_8013D69C'
C:\Tools\mips-ps1\mips\bin\mipsel-none-elf-ld.exe: (.data+0x11cd8): undefined reference to `D_8013D578'
C:\Tools\mips-ps1\mips\bin\mipsel-none-elf-ld.exe: (.data+0x11ce0): undefined reference to `D_8013D6A4'
C:\Tools\mips-ps1\mips\bin\mipsel-none-elf-ld.exe: (.data+0x11ce4): undefined reference to `D_8013D578'
C:\Tools\mips-ps1\mips\bin\mipsel-none-elf-ld.exe: (.data+0x11cec): undefined reference to `D_8013D6AC'
C:\Tools\mips-ps1\mips\bin\mipsel-none-elf-ld.exe: (.data+0x11cf0): undefined reference to `D_8013D578'
C:\Tools\mips-ps1\mips\bin\mipsel-none-elf-ld.exe: (.data+0x11cf8): undefined reference to `D_8013D6B4'
C:\Tools\mips-ps1\mips\bin\mipsel-none-elf-ld.exe: (.data+0x11cfc): undefined reference to `D_8013D578'
C:\Tools\mips-ps1\mips\bin\mipsel-none-elf-ld.exe: (.data+0x11d04): undefined reference to `D_8013D6BC'
C:\Tools\mips-ps1\mips\bin\mipsel-none-elf-ld.exe: (.data+0x11d08): undefined reference to `D_8013D578'
C:\Tools\mips-ps1\mips\bin\mipsel-none-elf-ld.exe: (.data+0x11d10): undefined reference to `D_8013D6C4'
C:\Tools\mips-ps1\mips\bin\mipsel-none-elf-ld.exe: (.data+0x11d14): undefined reference to `D_8013D578'
C:\Tools\mips-ps1\mips\bin\mipsel-none-elf-ld.exe: (.data+0x11d1c): undefined reference to `D_8013D6CC'
C:\Tools\mips-ps1\mips\bin\mipsel-none-elf-ld.exe: (.data+0x11d20): undefined reference to `D_8013D578'
C:\Tools\mips-ps1\mips\bin\mipsel-none-elf-ld.exe: (.data+0x11d28): undefined reference to `D_8013D6D4'
C:\Tools\mips-ps1\mips\bin\mipsel-none-elf-ld.exe: (.data+0x11d2c): undefined reference to `D_8013D578'
C:\Tools\mips-ps1\mips\bin\mipsel-none-elf-ld.exe: (.data+0x11d34): undefined reference to `D_8013D6DC'
C:\Tools\mips-ps1\mips\bin\mipsel-none-elf-ld.exe: (.data+0x11d38): undefined reference to `D_8013D578'
C:\Tools\mips-ps1\mips\bin\mipsel-none-elf-ld.exe: (.data+0x11d40): undefined reference to `D_8013D6E4'
C:\Tools\mips-ps1\mips\bin\mipsel-none-elf-ld.exe: (.data+0x11d44): undefined reference to `D_8013D578'
C:\Tools\mips-ps1\mips\bin\mipsel-none-elf-ld.exe: (.data+0x11d4c): undefined reference to `D_8013D6EC'
C:\Tools\mips-ps1\mips\bin\mipsel-none-elf-ld.exe: (.data+0x11d50): undefined reference to `D_8013D578'
C:\Tools\mips-ps1\mips\bin\mipsel-none-elf-ld.exe: (.data+0x11d58): undefined reference to `D_8013D6F4'
C:\Tools\mips-ps1\mips\bin\mipsel-none-elf-ld.exe: (.data+0x11d5c): undefined reference to `D_8013D578'
C:\Tools\mips-ps1\mips\bin\mipsel-none-elf-ld.exe: (.data+0x11d64): undefined reference to `D_8013D6FC'
C:\Tools\mips-ps1\mips\bin\mipsel-none-elf-ld.exe: (.data+0x11d68): undefined reference to `D_8013D578'
C:\Tools\mips-ps1\mips\bin\mipsel-none-elf-ld.exe: (.data+0x11d70): undefined reference to `D_8013D704'
C:\Tools\mips-ps1\mips\bin\mipsel-none-elf-ld.exe: (.data+0x11d74): undefined reference to `D_8013D578'
C:\Tools\mips-ps1\mips\bin\mipsel-none-elf-ld.exe: (.data+0x11d7c): undefined reference to `D_8013D70C'
C:\Tools\mips-ps1\mips\bin\mipsel-none-elf-ld.exe: (.data+0x11d80): undefined reference to `D_8013D578'
C:\Tools\mips-ps1\mips\bin\mipsel-none-elf-ld.exe: (.data+0x11d88): undefined reference to `D_8013D714'
C:\Tools\mips-ps1\mips\bin\mipsel-none-elf-ld.exe: (.data+0x11d8c): undefined reference to `D_8013D578'
C:\Tools\mips-ps1\mips\bin\mipsel-none-elf-ld.exe: scratchpad/w65a8/ctl_obj/data_8010CCD4.data.s.o: in function `Device_gDeviceList':
(.data+0x11f44): undefined reference to `D_8013D75C'
C:\Tools\mips-ps1\mips\bin\mipsel-none-elf-ld.exe: (.data+0x11f48): undefined reference to `Device_Null__FUl'
C:\Tools\mips-ps1\mips\bin\mipsel-none-elf-ld.exe: (.data+0x11f50): undefined reference to `D_8013D764'
C:\Tools\mips-ps1\mips\bin\mipsel-none-elf-ld.exe: (.data+0x11f54): undefined reference to `Device_Analog__FUl'
C:\Tools\mips-ps1\mips\bin\mipsel-none-elf-ld.exe: (.data+0x11f5c): undefined reference to `D_8013D76C'
C:\Tools\mips-ps1\mips\bin\mipsel-none-elf-ld.exe: (.data+0x11f60): undefined reference to `Device_PSXPad__FUl'
C:\Tools\mips-ps1\mips\bin\mipsel-none-elf-ld.exe: (.data+0x11f68): undefined reference to `D_8013D770'
C:\Tools\mips-ps1\mips\bin\mipsel-none-elf-ld.exe: (.data+0x11f6c): undefined reference to `Device_PSXPadMulti__FUl'
C:\Tools\mips-ps1\mips\bin\mipsel-none-elf-ld.exe: scratchpad/w65a8/ctl_obj/data_8010CCD4.data.s.o: in function `D_80120D00':
(.data+0x1402c): undefined reference to `D_8013D9A0'
C:\Tools\mips-ps1\mips\bin\mipsel-none-elf-ld.exe: (.data+0x14030): undefined reference to `D_8013D9A8'
C:\Tools\mips-ps1\mips\bin\mipsel-none-elf-ld.exe: (.data+0x14034): undefined reference to `D_8013D9B0'
C:\Tools\mips-ps1\mips\bin\mipsel-none-elf-ld.exe: (.data+0x14038): undefined reference to `D_8013D9B8'
C:\Tools\mips-ps1\mips\bin\mipsel-none-elf-ld.exe: (.data+0x1403c): undefined reference to `D_8013D9C0'
C:\Tools\mips-ps1\mips\bin\mipsel-none-elf-ld.exe: (.data+0x14040): undefined reference to `D_8013D9C8'
C:\Tools\mips-ps1\mips\bin\mipsel-none-elf-ld.exe: scratchpad/w65a8/ctl_obj/data_8010CCD4.data.s.o: in function `D_80123654':
(.data+0x16980): undefined reference to `D_80056CD8'
C:\Tools\mips-ps1\mips\bin\mipsel-none-elf-ld.exe: (.data+0x16984): undefined reference to `_que_ref'
C:\Tools\mips-ps1\mips\bin\mipsel-none-elf-ld.exe: (.data+0x16988): undefined reference to `_gpu_que_push'
C:\Tools\mips-ps1\mips\bin\mipsel-none-elf-ld.exe: (.data+0x1698c): undefined reference to `_BlitClear'
C:\Tools\mips-ps1\mips\bin\mipsel-none-elf-ld.exe: (.data+0x16990): undefined reference to `_send_gp1'
C:\Tools\mips-ps1\mips\bin\mipsel-none-elf-ld.exe: (.data+0x16994): undefined reference to `_send_gp0'
C:\Tools\mips-ps1\mips\bin\mipsel-none-elf-ld.exe: (.data+0x16998): undefined reference to `_gpu_dma_chain'
C:\Tools\mips-ps1\mips\bin\mipsel-none-elf-ld.exe: (.data+0x1699c): undefined reference to `_drs'
C:\Tools\mips-ps1\mips\bin\mipsel-none-elf-ld.exe: (.data+0x169a0): undefined reference to `_dws'
C:\Tools\mips-ps1\mips\bin\mipsel-none-elf-ld.exe: (.data+0x169a4): undefined reference to `_gpu_que_drain'
C:\Tools\mips-ps1\mips\bin\mipsel-none-elf-ld.exe: (.data+0x169a8): undefined reference to `_get_gp1'
C:\Tools\mips-ps1\mips\bin\mipsel-none-elf-ld.exe: (.data+0x169ac): undefined reference to `_clearOTagR_dma'
C:\Tools\mips-ps1\mips\bin\mipsel-none-elf-ld.exe: (.data+0x169b0): undefined reference to `_get_gpuinfo'
C:\Tools\mips-ps1\mips\bin\mipsel-none-elf-ld.exe: (.data+0x169b4): undefined reference to `_reset'
C:\Tools\mips-ps1\mips\bin\mipsel-none-elf-ld.exe: (.data+0x169b8): undefined reference to `_get_status'
C:\Tools\mips-ps1\mips\bin\mipsel-none-elf-ld.exe: (.data+0x169bc): undefined reference to `_sync'
C:\Tools\mips-ps1\mips\bin\mipsel-none-elf-ld.exe: scratchpad/w65a8/ctl_obj/data_8010CCD4.data.s.o: in function `GPU_printf':
(.data+0x169c4): undefined reference to `printf'
C:\Tools\mips-ps1\mips\bin\mipsel-none-elf-ld.exe: scratchpad/w65a8/ctl_obj/data_8010CCD4.data.s.o: in function `D_80135B60':
(.data+0x28e94): undefined reference to `_set_intr_callback'
C:\Tools\mips-ps1\mips\bin\mipsel-none-elf-ld.exe: (.data+0x28e98): undefined reference to `_initIntr'
C:\Tools\mips-ps1\mips\bin\mipsel-none-elf-ld.exe: (.data+0x28e9c): undefined reference to `StopCallback'
C:\Tools\mips-ps1\mips\bin\mipsel-none-elf-ld.exe: (.data+0x28ea4): undefined reference to `RestartCallback'
C:\Tools\mips-ps1\mips\bin\mipsel-none-elf-ld.exe: scratchpad/w65a8/ctl_obj/data_8010CCD4.data.s.o: in function `D_801369E4':
(.data+0x29d10): undefined reference to `D_80057060'
C:\Tools\mips-ps1\mips\bin\mipsel-none-elf-ld.exe: scratchpad/w65a8/ctl_obj/data_8010CCD4.data.s.o: in function `D_8013C228':
(.data+0x2f558): undefined reference to `D_8014899C'
C:\Tools\mips-ps1\mips\bin\mipsel-none-elf-ld.exe: scratchpad/w65a8/ctl_obj/data_8010CCD4.data.s.o: in function `padIntFunc':
(.data+0x2f640): undefined reference to `_padIntInit'
C:\Tools\mips-ps1\mips\bin\mipsel-none-elf-ld.exe: (.data+0x2f644): undefined reference to `_padIntQuery'
C:\Tools\mips-ps1\mips\bin\mipsel-none-elf-ld.exe: (.data+0x2f648): undefined reference to `_padIntRecvId'
C:\Tools\mips-ps1\mips\bin\mipsel-none-elf-ld.exe: (.data+0x2f64c): undefined reference to `_padIntRecvHdr'
C:\Tools\mips-ps1\mips\bin\mipsel-none-elf-ld.exe: (.data+0x2f650): undefined reference to `_padIntRecvData'
