111111111 (2507, 3198, 608)
011111111 (2507, 3198, 608)
211111111 (2200, 3197, None)
311111111 (2232, 3197, None)
101111111 (2507, 3198, 608)
121111111 (2200, 3197, None)
131111111 (2232, 3197, None)
110111111 (2507, 3198, 608)
112111111 (2200, 3197, None)
113111111 (2232, 3197, None)
111011111 (2507, 3198, 608)
111211111 (2200, 3197, None)
111311111 (2232, 3197, None)
111101111 (2507, 3198, 608)
111121111 (2200, 3197, None)
111131111 (2232, 3197, None)
111110111 (1736, 3197, 608)
111112111 (2200, 3197, None)
111113111 (2232, 3197, None)
111111011 (2507, 3198, 608)
111111211 (2200, 3197, None)
111111311 (2200, 3197, None)
111111101 (2507, 3198, 608)
111111121 (2200, 3197, None)
111111131 (2200, 3197, None)
111111110 (2507, 3198, 608)
111111112 (2200, 3197, None)
111111113 (2200, 3197, None)
BEST [((1736, 3197, 608), '111110111'), ((2200, 3197, None), '211111111'), ((2200, 3197, None), '121111111'), ((2200, 3197, None), '112111111'), ((2200, 3197, None), '111211111'), ((2200, 3197, None), '111121111')]
