.. 0 (3086, 3197, 608, '000000000')
.. 32 (1736, 3197, 608, '011110000')
.. 64 (1736, 3197, 608, '001111000')
.. 96 (1736, 3197, 608, '001111000')
.. 128 (1736, 3197, 608, '001111000')
.. 160 (1736, 3197, 608, '001111000')
.. 192 (1736, 3197, 608, '001111000')
.. 224 (1736, 3197, 608, '001111000')
.. 256 (1736, 3197, 608, '001111000')
.. 288 (1736, 3197, 608, '001111000')
.. 320 (1736, 3197, 608, '001111000')
.. 352 (1736, 3197, 608, '001111000')
.. 384 (1736, 3197, 608, '001111000')
.. 416 (1736, 3197, 608, '001111000')
.. 448 (1736, 3197, 608, '001111000')
.. 480 (1736, 3197, 608, '001111000')
(1736, 3197, 608, '001111000')
(1736, 3197, 608, '001111001')
(1736, 3197, 608, '001111011')
(1736, 3197, 608, '001111101')
(1736, 3197, 608, '001111110')
(1736, 3197, 608, '001111111')
(1736, 3197, 608, '010111000')
(1736, 3197, 608, '010111010')
(1736, 3197, 608, '010111011')
(1736, 3197, 608, '010111100')
(1736, 3197, 608, '010111101')
(1736, 3197, 608, '010111110')
(1736, 3197, 608, '010111111')
(1736, 3197, 608, '011001000')
(1736, 3197, 608, '011001001')
(1736, 3197, 608, '011001010')
(1736, 3197, 608, '011001011')
(1736, 3197, 608, '011001100')
(1736, 3197, 608, '011001101')
(1736, 3197, 608, '011001110')
(1736, 3197, 608, '011001111')
(1736, 3197, 608, '011011000')
(1736, 3197, 608, '011011001')
(1736, 3197, 608, '011011010')
(1736, 3197, 608, '011011011')
