A=0   G=0   S=50  000000066 skelnr=41   insns=3196 frame=632 delta=9
A=0   G=5   S=43  000001136 skelnr=38   insns=3197 frame=632 delta=9
A=0   G=9   S=39  000002126 skelnr=38   insns=3197 frame=632 delta=9
A=0   G=13  S=35  000003116 skelnr=38   insns=3197 frame=632 delta=9
A=0   G=17  S=31  000004115 skelnr=35   insns=3196 frame=632 delta=1
A=5   G=0   S=43  000010136 skelnr=38   insns=3197 frame=632 delta=9
A=5   G=5   S=38  000011036 skelnr=38   insns=3197 frame=632 delta=9
A=5   G=9   S=34  000012026 skelnr=38   insns=3197 frame=632 delta=9
A=5   G=13  S=30  000013016 skelnr=35   insns=3196 frame=632 delta=1
A=5   G=17  S=26  000014015 skelnr=2    insns=3197 frame=632 delta=9
A=9   G=0   S=39  000020126 skelnr=38   insns=3197 frame=632 delta=9
A=9   G=5   S=34  000021026 skelnr=38   insns=3197 frame=632 delta=9
A=9   G=9   S=30  000022016 skelnr=35   insns=3196 frame=632 delta=1
A=9   G=13  S=26  000023015 skelnr=2    insns=3197 frame=632 delta=9
A=9   G=17  S=22  000024014 skelnr=2    insns=3197 frame=632 delta=9
A=10  G=0   S=38  000110036 skelnr=116  insns=3199 frame=608 delta=9
A=10  G=5   S=34  000111026 skelnr=38   insns=3197 frame=632 delta=9
A=10  G=9   S=30  000112016 skelnr=35   insns=3196 frame=632 delta=1
A=10  G=13  S=25  000113006 skelnr=80   insns=3199 frame=608 delta=9
A=10  G=17  S=21  000114005 skelnr=80   insns=3199 frame=608 delta=9
A=13  G=0   S=35  000030116 skelnr=38   insns=3197 frame=632 delta=9
A=13  G=5   S=30  000031016 skelnr=35   insns=3196 frame=632 delta=1
A=13  G=9   S=26  000032015 skelnr=2    insns=3197 frame=632 delta=9
A=13  G=13  S=22  000033014 skelnr=2    insns=3197 frame=632 delta=9
A=13  G=17  S=18  000034013 skelnr=2    insns=3197 frame=632 delta=9
A=14  G=0   S=34  000120026 skelnr=116  insns=3199 frame=608 delta=9
A=14  G=5   S=30  000121016 skelnr=35   insns=3196 frame=632 delta=1
A=14  G=9   S=25  000122006 skelnr=80   insns=3199 frame=608 delta=9
A=14  G=13  S=21  000123005 skelnr=80   insns=3199 frame=608 delta=9
A=14  G=17  S=17  000124004 skelnr=80   insns=3199 frame=608 delta=9
A=15  G=0   S=34  001110026 skelnr=117  insns=3198 frame=608 delta=9
A=15  G=5   S=30  001111016 skelnr=35   insns=3196 frame=632 delta=1
A=15  G=9   S=25  001112006 skelnr=81   insns=3198 frame=608 delta=9
A=15  G=13  S=21  001113005 skelnr=81   insns=3198 frame=608 delta=9
A=15  G=17  S=17  001114004 skelnr=81   insns=3198 frame=608 delta=9
A=18  G=0   S=30  000130016 skelnr=115  insns=3198 frame=608 delta=9
A=18  G=5   S=25  000131006 skelnr=80   insns=3199 frame=608 delta=9
A=18  G=9   S=21  000132005 skelnr=80   insns=3199 frame=608 delta=9
A=18  G=13  S=17  000133004 skelnr=80   insns=3199 frame=608 delta=9
A=18  G=17  S=13  000134003 skelnr=80   insns=3199 frame=608 delta=9
A=19  G=0   S=30  001120016 skelnr=114  insns=3197 frame=608 delta=1
A=19  G=5   S=25  001121006 skelnr=81   insns=3198 frame=608 delta=9
A=19  G=9   S=21  001122005 skelnr=81   insns=3198 frame=608 delta=9
A=19  G=13  S=17  001123004 skelnr=81   insns=3198 frame=608 delta=9
A=19  G=17  S=13  001124003 skelnr=81   insns=3198 frame=608 delta=9
A=20  G=0   S=30  011110016 skelnr=35   insns=3196 frame=632 delta=1
A=20  G=5   S=23  011111113 skelnr=2    insns=3197 frame=632 delta=9
A=20  G=9   S=19  011112112 skelnr=2    insns=3197 frame=632 delta=9
A=20  G=13  S=15  011113111 skelnr=2    insns=3197 frame=632 delta=9
A=20  G=17  S=13  011114003 skelnr=2    insns=3197 frame=632 delta=9
A=22  G=0   S=26  000230015 skelnr=113  insns=3198 frame=608 delta=1
A=22  G=5   S=21  000231005 skelnr=80   insns=3199 frame=608 delta=9
A=22  G=9   S=17  000232004 skelnr=80   insns=3199 frame=608 delta=9
A=22  G=13  S=13  000233003 skelnr=80   insns=3199 frame=608 delta=9
A=22  G=17  S=9   000234002 skelnr=86   insns=3199 frame=608 delta=9
A=23  G=0   S=25  001130006 skelnr=114  insns=3197 frame=608 delta=1
A=23  G=5   S=21  001131005 skelnr=81   insns=3198 frame=608 delta=9
A=23  G=9   S=17  001132004 skelnr=81   insns=3198 frame=608 delta=9
A=23  G=13  S=13  001133003 skelnr=81   insns=3198 frame=608 delta=9
A=23  G=17  S=9   001134002 skelnr=87   insns=3198 frame=608 delta=9
A=24  G=0   S=25  011120006 skelnr=114  insns=3197 frame=608 delta=1
A=24  G=5   S=19  011121112 skelnr=2    insns=3197 frame=632 delta=9
A=24  G=9   S=15  011122111 skelnr=2    insns=3197 frame=632 delta=9
A=24  G=13  S=13  011123003 skelnr=2    insns=3197 frame=632 delta=9
A=24  G=17  S=9   011124002 skelnr=8    insns=3197 frame=632 delta=9
A=25  G=0   S=23  111110113 skelnr=35   insns=3196 frame=632 delta=1
A=25  G=5   S=18  111111013 skelnr=2    insns=3197 frame=632 delta=9
A=25  G=9   S=14  111112012 skelnr=2    insns=3197 frame=632 delta=9
A=25  G=13  S=10  111113011 skelnr=8    insns=3197 frame=632 delta=9
A=25  G=17  S=9   111114002 skelnr=8    insns=3197 frame=632 delta=9
A=26  G=0   S=22  000330014 skelnr=80   insns=3199 frame=608 delta=9
A=26  G=5   S=17  000331004 skelnr=80   insns=3199 frame=608 delta=9
A=26  G=9   S=13  000332003 skelnr=80   insns=3199 frame=608 delta=9
A=26  G=13  S=9   000333002 skelnr=86   insns=3199 frame=608 delta=9
A=26  G=17  S=5   000334001 skelnr=86   insns=3199 frame=608 delta=9
A=27  G=0   S=21  001230005 skelnr=81   insns=3198 frame=608 delta=9
A=27  G=5   S=17  001231004 skelnr=81   insns=3198 frame=608 delta=9
A=27  G=9   S=13  001232003 skelnr=81   insns=3198 frame=608 delta=9
A=27  G=13  S=9   001233002 skelnr=87   insns=3198 frame=608 delta=9
A=27  G=17  S=5   001234001 skelnr=87   insns=3198 frame=608 delta=9
A=28  G=0   S=21  011130005 skelnr=81   insns=3198 frame=608 delta=9
A=28  G=5   S=15  011131111 skelnr=2    insns=3197 frame=632 delta=9
A=28  G=9   S=13  011132003 skelnr=2    insns=3197 frame=632 delta=9
A=28  G=13  S=9   011133002 skelnr=8    insns=3197 frame=632 delta=9
A=28  G=17  S=5   011134001 skelnr=8    insns=3197 frame=632 delta=9
A=29  G=0   S=19  111120112 skelnr=2    insns=3197 frame=632 delta=9
A=29  G=5   S=14  111121012 skelnr=2    insns=3197 frame=632 delta=9
A=29  G=9   S=10  111122011 skelnr=8    insns=3197 frame=632 delta=9
A=29  G=13  S=9   111123002 skelnr=8    insns=3197 frame=632 delta=9
A=29  G=17  S=5   111124001 skelnr=8    insns=3197 frame=632 delta=9
A=31  G=0   S=17  001330004 skelnr=81   insns=3198 frame=608 delta=9
A=31  G=5   S=13  001331003 skelnr=81   insns=3198 frame=608 delta=9
A=31  G=9   S=9   001332002 skelnr=87   insns=3198 frame=608 delta=9
A=31  G=13  S=5   001333001 skelnr=87   insns=3198 frame=608 delta=9
A=31  G=17  S=0   001334000 skelnr=86   insns=3199 frame=608 delta=9
A=32  G=0   S=17  011230004 skelnr=81   insns=3198 frame=608 delta=9
A=32  G=5   S=13  011231003 skelnr=2    insns=3197 frame=632 delta=9
A=32  G=9   S=9   011232002 skelnr=8    insns=3197 frame=632 delta=9
A=32  G=13  S=5   011233001 skelnr=8    insns=3197 frame=632 delta=9
A=32  G=17  S=0   011234000 skelnr=8    insns=3197 frame=632 delta=9
A=33  G=0   S=15  111130111 skelnr=2    insns=3197 frame=632 delta=9
A=33  G=5   S=10  111131011 skelnr=8    insns=3197 frame=632 delta=9
A=33  G=9   S=9   111132002 skelnr=8    insns=3197 frame=632 delta=9
A=33  G=13  S=5   111133001 skelnr=8    insns=3197 frame=632 delta=9
A=33  G=17  S=0   111134000 skelnr=8    insns=3197 frame=632 delta=9
A=35  G=0   S=13  002330003 skelnr=81   insns=3198 frame=608 delta=9
A=35  G=5   S=9   002331002 skelnr=87   insns=3198 frame=608 delta=9
A=35  G=9   S=5   002332001 skelnr=87   insns=3198 frame=608 delta=9
A=35  G=13  S=0   002333000 skelnr=86   insns=3199 frame=608 delta=9
A=35  G=17  S=0   002334000 skelnr=8    insns=3197 frame=632 delta=9
A=36  G=0   S=13  011330003 skelnr=81   insns=3198 frame=608 delta=9
A=36  G=5   S=9   011331002 skelnr=8    insns=3197 frame=632 delta=9
A=36  G=9   S=5   011332001 skelnr=8    insns=3197 frame=632 delta=9
A=36  G=13  S=0   011333000 skelnr=8    insns=3197 frame=632 delta=9
A=36  G=17  S=0   011334000 skelnr=8    insns=3197 frame=632 delta=9
A=37  G=0   S=13  111230003 skelnr=2    insns=3197 frame=632 delta=9
A=37  G=5   S=9   111231002 skelnr=8    insns=3197 frame=632 delta=9
A=37  G=9   S=5   111232001 skelnr=8    insns=3197 frame=632 delta=9
A=37  G=13  S=0   111233000 skelnr=8    insns=3197 frame=632 delta=9
A=37  G=17  S=0   111234000 skelnr=8    insns=3197 frame=632 delta=9
A=39  G=0   S=9   003330002 skelnr=81   insns=3198 frame=608 delta=9
A=39  G=5   S=5   003331001 skelnr=87   insns=3198 frame=608 delta=9
A=39  G=9   S=0   003332000 skelnr=86   insns=3199 frame=608 delta=9
A=39  G=13  S=0   003333000 skelnr=8    insns=3197 frame=632 delta=9
A=39  G=17  S=0   003334000 skelnr=8    insns=3197 frame=632 delta=9
A=40  G=0   S=9   012330002 skelnr=87   insns=3198 frame=608 delta=9
A=40  G=5   S=5   012331001 skelnr=8    insns=3197 frame=632 delta=9
A=40  G=9   S=0   012332000 skelnr=8    insns=3197 frame=632 delta=9
A=40  G=13  S=0   012333000 skelnr=8    insns=3197 frame=632 delta=9
A=40  G=17  S=0   012334000 skelnr=8    insns=3197 frame=632 delta=9
A=41  G=0   S=9   111330002 skelnr=8    insns=3197 frame=632 delta=9
A=41  G=5   S=5   111331001 skelnr=8    insns=3197 frame=632 delta=9
A=41  G=9   S=0   111332000 skelnr=8    insns=3197 frame=632 delta=9
A=41  G=13  S=0   111333000 skelnr=8    insns=3197 frame=632 delta=9
A=41  G=17  S=0   111334000 skelnr=8    insns=3197 frame=632 delta=9
A=44  G=0   S=5   013330001 skelnr=87   insns=3198 frame=608 delta=9
A=44  G=5   S=0   013331000 skelnr=8    insns=3197 frame=632 delta=9
A=44  G=9   S=0   013332000 skelnr=8    insns=3197 frame=632 delta=9
A=44  G=13  S=0   013333000 skelnr=8    insns=3197 frame=632 delta=9
A=45  G=0   S=5   112330001 skelnr=8    insns=3197 frame=632 delta=9
A=45  G=5   S=0   112331000 skelnr=8    insns=3197 frame=632 delta=9
A=45  G=9   S=0   112332000 skelnr=8    insns=3197 frame=632 delta=9
A=45  G=13  S=0   112333000 skelnr=8    insns=3197 frame=632 delta=9
A=48  G=0   S=0   023330000 skelnr=86   insns=3199 frame=608 delta=9
A=48  G=5   S=0   023331000 skelnr=8    insns=3197 frame=632 delta=9
A=48  G=9   S=0   023332000 skelnr=8    insns=3197 frame=632 delta=9
A=49  G=0   S=0   113330000 skelnr=8    insns=3197 frame=632 delta=9
A=49  G=5   S=0   113331000 skelnr=8    insns=3197 frame=632 delta=9
A=49  G=9   S=0   113332000 skelnr=8    insns=3197 frame=632 delta=9
A=52  G=0   S=0   033330000 skelnr=8    insns=3197 frame=632 delta=9
A=52  G=5   S=0   033331000 skelnr=8    insns=3197 frame=632 delta=9
A=53  G=0   S=0   123330000 skelnr=8    insns=3197 frame=632 delta=9
A=53  G=5   S=0   123331000 skelnr=8    insns=3197 frame=632 delta=9
A=57  G=0   S=0   133330000 skelnr=8    insns=3197 frame=632 delta=9
BEST: [(2, '000014015', 3197, 632, 9, 5, 17, 26), (2, '000023015', 3197, 632, 9, 9, 13, 26), (2, '000024014', 3197, 632, 9, 9, 17, 22), (2, '000032015', 3197, 632, 9, 13, 9, 26), (2, '000033014', 3197, 632, 9, 13, 13, 22), (2, '000034013', 3197, 632, 9, 13, 17, 18), (2, '011111113', 3197, 632, 9, 20, 5, 23), (2, '011112112', 3197, 632, 9, 20, 9, 19), (2, '011113111', 3197, 632, 9, 20, 13, 15), (2, '011114003', 3197, 632, 9, 20, 17, 13)]
