  ...1/41 recon/frontend/common/feapp.cpp
  ...2/41 recon/frontend/common/femenu.cpp
  ...3/41 recon/frontend/common/fetv.cpp
  ...4/41 recon/frontend/common/screenmain.cpp
  ...5/41 recon/frontend/common/screenpost.cpp
  ...6/41 recon/frontend/common/screenusername.cpp
  ...7/41 recon/frontend/common/statchk.cpp
  ...8/41 recon/frontend/psx/memcard.c
  ...9/41 recon/frontend/psx/psxfront.cpp
  ...10/41 recon/game/common/aih_basicperp.cpp
  ...11/41 recon/game/common/aih_cop.cpp
  ...12/41 recon/game/common/aih_opp.cpp
  ...13/41 recon/game/common/camera.cpp
  ...14/41 recon/game/common/collide.cpp
  ...15/41 recon/game/common/newton.cpp
  ...16/41 recon/game/common/pausemenu.cpp
  ...17/41 recon/game/common/sim.cpp
  ...18/41 recon/game/common/speech.cpp
  ...19/41 recon/game/common/stats.cpp
  ...20/41 recon/game/psx/drawc.cpp
  ...21/41 recon/game/psx/draww.cpp
  ...22/41 recon/game/psx/hrzsku.cpp
  ...23/41 recon/game/psx/hud.cpp
  ...24/41 recon/game/psx/overlays.cpp
  ...25/41 recon/game/psx/psxcontroller.cpp
  ...26/41 recon/syslib/psx/libc/SPRINTF.c
  ...27/41 recon/syslib/psx/libcd/cdread.c
  ...28/41 recon/syslib/psx/libcd/drv.c
  ...29/41 recon/syslib/psx/libcd/iso9660.c
  ...30/41 recon/syslib/psx/libcd/stcdint.c
  ...31/41 recon/syslib/psx/libetc/INTR.c
  ...32/41 recon/syslib/psx/libetc/INTR_DMA.c
  ...33/41 recon/syslib/psx/libgpu/FONT.c
  ...34/41 recon/syslib/psx/libgpu/SYS.c
  ...35/41 recon/syslib/psx/libmath/DIVDF3.c
  ...36/41 recon/syslib/psx/libmath/FIXDFSI.c
  ...37/41 recon/syslib/psx/libmcrd/LIBMCRD.c
  ...38/41 recon/syslib/psx/libpad/PADCMD.c
  ...39/41 recon/syslib/psx/libpad/PADMAIN.c
  ...40/41 recon/syslib/psx/libpad/PADPORTD.c
  ...41/41 recon/syslib/psx/libpad/PADSEQD.c
