ASPSX ok 467 bad 97
('recon/eaclib/psx/eacpsxz/fileroot.c', ['C:\\TEMP\\NFS4-DECOMP\\BUILD\\PSYQ\\FILEROOT.S(866) : Warning : Use of AT register without noat set', ' addiu $1,$0,-0x402', 'C:\\TEMP\\NFS4-DECOMP\\BUILD\\PSYQ\\FILEROOT.S(867) : Warning : Use of AT register without noat set'])
('recon/eaclib/psx/eacpsxz/nasync.c', ['C:\\TEMP\\NFS4-DECOMP\\BUILD\\PSYQ\\NASYNC.S(226) : Warning : Use of AT register without noat set', ' addiu $1,$0,-0x402', 'C:\\TEMP\\NFS4-DECOMP\\BUILD\\PSYQ\\NASYNC.S(227) : Warning : Use of AT register without noat set'])
('recon/eaclib/psx/eacpsxz/nfile.c', ['C:\\TEMP\\NFS4-DECOMP\\BUILD\\PSYQ\\NFILE.S(600) : Warning : Use of AT register without noat set', ' addiu $1,$0,-0x402', 'C:\\TEMP\\NFS4-DECOMP\\BUILD\\PSYQ\\NFILE.S(601) : Warning : Use of AT register without noat set'])
('recon/eaclib/psx/eacpsxz/stream.c', ['C:\\TEMP\\NFS4-DECOMP\\BUILD\\PSYQ\\STREAM.S(297) : Warning : Use of AT register without noat set', ' li $1,-0x402', 'C:\\TEMP\\NFS4-DECOMP\\BUILD\\PSYQ\\STREAM.S(298) : Warning : Use of AT register without noat set'])
('recon/eaclib/psx/eacpsxz/textcode.c', ['C:\\TEMP\\NFS4-DECOMP\\BUILD\\PSYQ\\TEXTCODE.S(11) : Error : Op-code not recognised', 'decodeshiftjis2 = decodeshiftjis', 'C:\\TEMP\\NFS4-DECOMP\\BUILD\\PSYQ\\TEXTCODE.S(13) : Error : Op-code not recognised'])
('recon/eaclib/psx/sndpsxz/sdma.c', ['C:\\TEMP\\NFS4-DECOMP\\BUILD\\PSYQ\\SDMA.S(48) : Warning : Use of AT register without noat set', ' li $1,-1026', 'C:\\TEMP\\NFS4-DECOMP\\BUILD\\PSYQ\\SDMA.S(49) : Warning : Use of AT register without noat set'])
('recon/eaclib/psx/sndpsxz/sdpacket.c', ['C:\\TEMP\\NFS4-DECOMP\\BUILD\\PSYQ\\SDPACKET.S(1553) : Warning : Use of AT register without noat set', ' li $1,-0x402', 'C:\\TEMP\\NFS4-DECOMP\\BUILD\\PSYQ\\SDPACKET.S(1554) : Warning : Use of AT register without noat set'])
('recon/eaclib/psx/sndpsxz/slib.c', ['C:\\TEMP\\NFS4-DECOMP\\BUILD\\PSYQ\\SLIB.S(349) : Warning : Use of AT register without noat set', ' li $1,-1026', 'C:\\TEMP\\NFS4-DECOMP\\BUILD\\PSYQ\\SLIB.S(350) : Warning : Use of AT register without noat set'])
('recon/syslib/psx/2mbyte/2mbyte.c', ['C:\\TEMP\\NFS4-DECOMP\\BUILD\\PSYQ\\2MBYTE.S(6) : Error : Unrecognised .set option', ' .set push', 'C:\\TEMP\\NFS4-DECOMP\\BUILD\\PSYQ\\2MBYTE.S(12) : Error : Illegal addressing mode'])
('recon/syslib/psx/libapi/A07.c', ['C:\\TEMP\\NFS4-DECOMP\\BUILD\\PSYQ\\A07.S(5) : Error : Unrecognised .set option', ' .set push', 'C:\\TEMP\\NFS4-DECOMP\\BUILD\\PSYQ\\A07.S(9) : Error : Destination must be a register'])
('recon/syslib/psx/libapi/A08.c', ['C:\\TEMP\\NFS4-DECOMP\\BUILD\\PSYQ\\A08.S(5) : Error : Unrecognised .set option', ' .set push', 'C:\\TEMP\\NFS4-DECOMP\\BUILD\\PSYQ\\A08.S(9) : Error : Destination must be a register'])
('recon/syslib/psx/libapi/A09.c', ['C:\\TEMP\\NFS4-DECOMP\\BUILD\\PSYQ\\A09.S(5) : Error : Unrecognised .set option', ' .set push', 'C:\\TEMP\\NFS4-DECOMP\\BUILD\\PSYQ\\A09.S(9) : Error : Destination must be a register'])
('recon/syslib/psx/libapi/A11.c', ['C:\\TEMP\\NFS4-DECOMP\\BUILD\\PSYQ\\A11.S(5) : Error : Unrecognised .set option', ' .set push', 'C:\\TEMP\\NFS4-DECOMP\\BUILD\\PSYQ\\A11.S(9) : Error : Destination must be a register'])
('recon/syslib/psx/libapi/A12.c', ['C:\\TEMP\\NFS4-DECOMP\\BUILD\\PSYQ\\A12.S(5) : Error : Unrecognised .set option', ' .set push', 'C:\\TEMP\\NFS4-DECOMP\\BUILD\\PSYQ\\A12.S(9) : Error : Destination must be a register'])
('recon/syslib/psx/libapi/A13.c', ['C:\\TEMP\\NFS4-DECOMP\\BUILD\\PSYQ\\A13.S(5) : Error : Unrecognised .set option', ' .set push', 'C:\\TEMP\\NFS4-DECOMP\\BUILD\\PSYQ\\A13.S(9) : Error : Destination must be a register'])
('recon/syslib/psx/libapi/A23.c', ['C:\\TEMP\\NFS4-DECOMP\\BUILD\\PSYQ\\A23.S(5) : Error : Unrecognised .set option', ' .set push', 'C:\\TEMP\\NFS4-DECOMP\\BUILD\\PSYQ\\A23.S(9) : Error : Destination must be a register'])
('recon/syslib/psx/libapi/A24.c', ['C:\\TEMP\\NFS4-DECOMP\\BUILD\\PSYQ\\A24.S(5) : Error : Unrecognised .set option', ' .set push', 'C:\\TEMP\\NFS4-DECOMP\\BUILD\\PSYQ\\A24.S(9) : Error : Destination must be a register'])
('recon/syslib/psx/libapi/A25.c', ['C:\\TEMP\\NFS4-DECOMP\\BUILD\\PSYQ\\A25.S(5) : Error : Unrecognised .set option', ' .set push', 'C:\\TEMP\\NFS4-DECOMP\\BUILD\\PSYQ\\A25.S(9) : Error : Destination must be a register'])
('recon/syslib/psx/libapi/A36.c', ['C:\\TEMP\\NFS4-DECOMP\\BUILD\\PSYQ\\A36.S(17) : Error : Destination must be a register', ' addiu $a0, $zero, 0x1', 'Errors during pass 1 - pass 2 aborted'])
('recon/syslib/psx/libapi/A37.c', ['C:\\TEMP\\NFS4-DECOMP\\BUILD\\PSYQ\\A37.S(17) : Error : Destination must be a register', ' addiu $a0, $zero, 0x2', 'Errors during pass 1 - pass 2 aborted'])
('recon/syslib/psx/libapi/A39.c', ['C:\\TEMP\\NFS4-DECOMP\\BUILD\\PSYQ\\A39.S(5) : Error : Unrecognised .set option', ' .set push', 'C:\\TEMP\\NFS4-DECOMP\\BUILD\\PSYQ\\A39.S(9) : Error : Destination must be a register'])
('recon/syslib/psx/libapi/A50.c', ['C:\\TEMP\\NFS4-DECOMP\\BUILD\\PSYQ\\A50.S(5) : Error : Unrecognised .set option', ' .set push', 'C:\\TEMP\\NFS4-DECOMP\\BUILD\\PSYQ\\A50.S(9) : Error : Destination must be a register'])
('recon/syslib/psx/libapi/A51.c', ['C:\\TEMP\\NFS4-DECOMP\\BUILD\\PSYQ\\A51.S(5) : Error : Unrecognised .set option', ' .set push', 'C:\\TEMP\\NFS4-DECOMP\\BUILD\\PSYQ\\A51.S(9) : Error : Destination must be a register'])
('recon/syslib/psx/libapi/A52.c', ['C:\\TEMP\\NFS4-DECOMP\\BUILD\\PSYQ\\A52.S(5) : Error : Unrecognised .set option', ' .set push', 'C:\\TEMP\\NFS4-DECOMP\\BUILD\\PSYQ\\A52.S(9) : Error : Destination must be a register'])
('recon/syslib/psx/libapi/A53.c', ['C:\\TEMP\\NFS4-DECOMP\\BUILD\\PSYQ\\A53.S(5) : Error : Unrecognised .set option', ' .set push', 'C:\\TEMP\\NFS4-DECOMP\\BUILD\\PSYQ\\A53.S(9) : Error : Destination must be a register'])
('recon/syslib/psx/libapi/A54.c', ['C:\\TEMP\\NFS4-DECOMP\\BUILD\\PSYQ\\A54.S(5) : Error : Unrecognised .set option', ' .set push', 'C:\\TEMP\\NFS4-DECOMP\\BUILD\\PSYQ\\A54.S(9) : Error : Destination must be a register'])
('recon/syslib/psx/libapi/A65.c', ['C:\\TEMP\\NFS4-DECOMP\\BUILD\\PSYQ\\A65.S(5) : Error : Unrecognised .set option', ' .set push', 'C:\\TEMP\\NFS4-DECOMP\\BUILD\\PSYQ\\A65.S(9) : Error : Destination must be a register'])
('recon/syslib/psx/libapi/A66.c', ['C:\\TEMP\\NFS4-DECOMP\\BUILD\\PSYQ\\A66.S(5) : Error : Unrecognised .set option', ' .set push', 'C:\\TEMP\\NFS4-DECOMP\\BUILD\\PSYQ\\A66.S(9) : Error : Destination must be a register'])
('recon/syslib/psx/libapi/A67.c', ['C:\\TEMP\\NFS4-DECOMP\\BUILD\\PSYQ\\A67.S(5) : Error : Unrecognised .set option', ' .set push', 'C:\\TEMP\\NFS4-DECOMP\\BUILD\\PSYQ\\A67.S(9) : Error : Destination must be a register'])
('recon/syslib/psx/libapi/A69.c', ['C:\\TEMP\\NFS4-DECOMP\\BUILD\\PSYQ\\A69.S(5) : Error : Unrecognised .set option', ' .set push', 'C:\\TEMP\\NFS4-DECOMP\\BUILD\\PSYQ\\A69.S(9) : Error : Destination must be a register'])
('recon/syslib/psx/libapi/A91.c', ['C:\\TEMP\\NFS4-DECOMP\\BUILD\\PSYQ\\A91.S(5) : Error : Unrecognised .set option', ' .set push', 'C:\\TEMP\\NFS4-DECOMP\\BUILD\\PSYQ\\A91.S(9) : Error : Destination must be a register'])
('recon/syslib/psx/libapi/C112.c', ['C:\\TEMP\\NFS4-DECOMP\\BUILD\\PSYQ\\C112.S(5) : Error : Unrecognised .set option', ' .set push', 'C:\\TEMP\\NFS4-DECOMP\\BUILD\\PSYQ\\C112.S(9) : Error : Destination must be a register'])
('recon/syslib/psx/libapi/C114.c', ['C:\\TEMP\\NFS4-DECOMP\\BUILD\\PSYQ\\C114.S(5) : Error : Unrecognised .set option', ' .set push', 'C:\\TEMP\\NFS4-DECOMP\\BUILD\\PSYQ\\C114.S(9) : Error : Destination must be a register'])
('recon/syslib/psx/libapi/C57.c', ['C:\\TEMP\\NFS4-DECOMP\\BUILD\\PSYQ\\C57.S(5) : Error : Unrecognised .set option', ' .set push', 'C:\\TEMP\\NFS4-DECOMP\\BUILD\\PSYQ\\C57.S(9) : Error : Destination must be a register'])
('recon/syslib/psx/libapi/C68.c', ['C:\\TEMP\\NFS4-DECOMP\\BUILD\\PSYQ\\C68.S(5) : Error : Unrecognised .set option', ' .set push', 'C:\\TEMP\\NFS4-DECOMP\\BUILD\\PSYQ\\C68.S(9) : Error : Destination must be a register'])
('recon/syslib/psx/libapi/C73.c', ['C:\\TEMP\\NFS4-DECOMP\\BUILD\\PSYQ\\C73.S(5) : Error : Unrecognised .set option', ' .set push', 'C:\\TEMP\\NFS4-DECOMP\\BUILD\\PSYQ\\C73.S(9) : Error : Destination must be a register'])
('recon/syslib/psx/libapi/FIRST.c', ['C:\\TEMP\\NFS4-DECOMP\\BUILD\\PSYQ\\FIRST.S(9) : Error : Op-code not recognised', ' .local _first_patch', 'C:\\TEMP\\NFS4-DECOMP\\BUILD\\PSYQ\\FIRST.S(10) : Error : Op-code not recognised'])
('recon/syslib/psx/libapi/L02.c', ['C:\\TEMP\\NFS4-DECOMP\\BUILD\\PSYQ\\L02.S(5) : Error : Unrecognised .set option', ' .set push', 'C:\\TEMP\\NFS4-DECOMP\\BUILD\\PSYQ\\L02.S(9) : Error : Destination must be a register'])
('recon/syslib/psx/libapi/L03.c', ['C:\\TEMP\\NFS4-DECOMP\\BUILD\\PSYQ\\L03.S(5) : Error : Unrecognised .set option', ' .set push', 'C:\\TEMP\\NFS4-DECOMP\\BUILD\\PSYQ\\L03.S(9) : Error : Destination must be a register'])
('recon/syslib/psx/libapi/L10.c', ['C:\\TEMP\\NFS4-DECOMP\\BUILD\\PSYQ\\L10.S(5) : Error : Unrecognised .set option', ' .set push', 'C:\\TEMP\\NFS4-DECOMP\\BUILD\\PSYQ\\L10.S(9) : Error : Destination must be a register'])
